[INFO] Start profiling...
[INFO] Start export data in msprof.
Fri 04 Sep 2026 19:39:43 [INFO] [MSVP] [2369206] msprof_common.py: Start analyzing data in "/home/user7/npu-nvme-io-path-v1/results/incremental-observation-20260904/INC1_real_training_pmu/gpt2_xl_seed41/E8_gpt2_xl_seed41_ArithmeticUtilization_20260904_193643/msprof/PROF_000001_20260904193913839_MODABGQCGGGCAAOB/host" ...
Fri 04 Sep 2026 19:39:43 [INFO] [MSVP] [2369206] msprof_common.py: It may take few minutes, please be patient ...
Fri 04 Sep 2026 19:39:57 [INFO] [MSVP] [2369206] msprof_common.py: Analysis data in "/home/user7/npu-nvme-io-path-v1/results/incremental-observation-20260904/INC1_real_training_pmu/gpt2_xl_seed41/E8_gpt2_xl_seed41_ArithmeticUtilization_20260904_193643/msprof/PROF_000001_20260904193913839_MODABGQCGGGCAAOB/host" finished.
Fri 04 Sep 2026 19:39:57 [INFO] [MSVP] [2369206] msprof_common.py: Start analyzing data in "/home/user7/npu-nvme-io-path-v1/results/incremental-observation-20260904/INC1_real_training_pmu/gpt2_xl_seed41/E8_gpt2_xl_seed41_ArithmeticUtilization_20260904_193643/msprof/PROF_000001_20260904193913839_MODABGQCGGGCAAOB/device_2" ...
Fri 04 Sep 2026 19:39:57 [INFO] [MSVP] [2369206] msprof_common.py: It may take few minutes, please be patient ...
Fri 04 Sep 2026 19:39:57 [INFO] [MSVP] [2369206] msprof_common.py: Analysis data in "/home/user7/npu-nvme-io-path-v1/results/incremental-observation-20260904/INC1_real_training_pmu/gpt2_xl_seed41/E8_gpt2_xl_seed41_ArithmeticUtilization_20260904_193643/msprof/PROF_000001_20260904193913839_MODABGQCGGGCAAOB/device_2" finished.
Fri 04 Sep 2026 19:40:05 [INFO] [MSVP] [2369206] msprof_export.py: All collected data will be exported, path is: /home/user7/npu-nvme-io-path-v1/results/incremental-observation-20260904/INC1_real_training_pmu/gpt2_xl_seed41/E8_gpt2_xl_seed41_ArithmeticUtilization_20260904_193643/msprof/PROF_000001_20260904193913839_MODABGQCGGGCAAOB/device_2.
Fri 04 Sep 2026 19:40:18 [INFO] [MSVP] [2369206] msprof_export.py: There is no timeline data to export for "/home/user7/npu-nvme-io-path-v1/results/incremental-observation-20260904/INC1_real_training_pmu/gpt2_xl_seed41/E8_gpt2_xl_seed41_ArithmeticUtilization_20260904_193643/msprof/PROF_000001_20260904193913839_MODABGQCGGGCAAOB/host"
Fri 04 Sep 2026 19:40:18 [INFO] [MSVP] [2369206] msprof_export.py: All collected data will be exported, path is: /home/user7/npu-nvme-io-path-v1/results/incremental-observation-20260904/INC1_real_training_pmu/gpt2_xl_seed41/E8_gpt2_xl_seed41_ArithmeticUtilization_20260904_193643/msprof/PROF_000001_20260904193913839_MODABGQCGGGCAAOB/device_2.
Fri 04 Sep 2026 19:43:02 [INFO] [MSVP] [2369206] msprof_common.py: Start exporting timeline output_file.
Fri 04 Sep 2026 19:43:04 [INFO] [MSVP] [2369206] msprof_common.py: End exporting timeline output_file.The file is stored in the /home/user7/npu-nvme-io-path-v1/results/incremental-observation-20260904/INC1_real_training_pmu/gpt2_xl_seed41/E8_gpt2_xl_seed41_ArithmeticUtilization_20260904_193643/msprof/PROF_000001_20260904193913839_MODABGQCGGGCAAOB/mindstudio_profiler_output path.
Fri 04 Sep 2026 19:43:04 [WARNING] [MSVP] [2369206] msprof_export.py: Invalid parsing dir("/home/user7/npu-nvme-io-path-v1/results/incremental-observation-20260904/INC1_real_training_pmu/gpt2_xl_seed41/E8_gpt2_xl_seed41_ArithmeticUtilization_20260904_193643/msprof"), no valid dir. 
Fri 04 Sep 2026 19:43:21 [INFO] [MSVP] [2370295] msprof_export.py: The data in "/home/user7/npu-nvme-io-path-v1/results/incremental-observation-20260904/INC1_real_training_pmu/gpt2_xl_seed41/E8_gpt2_xl_seed41_ArithmeticUtilization_20260904_193643/msprof/PROF_000001_20260904193913839_MODABGQCGGGCAAOB/host" has been analyzed.
Fri 04 Sep 2026 19:43:21 [INFO] [MSVP] [2370295] msprof_export.py: The data in "/home/user7/npu-nvme-io-path-v1/results/incremental-observation-20260904/INC1_real_training_pmu/gpt2_xl_seed41/E8_gpt2_xl_seed41_ArithmeticUtilization_20260904_193643/msprof/PROF_000001_20260904193913839_MODABGQCGGGCAAOB/device_2" has been analyzed.
Fri 04 Sep 2026 19:43:21 [INFO] [MSVP] [2370295] msprof_export.py: All collected data will be exported, path is: /home/user7/npu-nvme-io-path-v1/results/incremental-observation-20260904/INC1_real_training_pmu/gpt2_xl_seed41/E8_gpt2_xl_seed41_ArithmeticUtilization_20260904_193643/msprof/PROF_000001_20260904193913839_MODABGQCGGGCAAOB/device_2.
Fri 04 Sep 2026 19:43:24 [INFO] [MSVP] [2370295] msprof_export.py: There is no summary data to export for "/home/user7/npu-nvme-io-path-v1/results/incremental-observation-20260904/INC1_real_training_pmu/gpt2_xl_seed41/E8_gpt2_xl_seed41_ArithmeticUtilization_20260904_193643/msprof/PROF_000001_20260904193913839_MODABGQCGGGCAAOB/host"
Fri 04 Sep 2026 19:43:24 [INFO] [MSVP] [2370295] msprof_export.py: All collected data will be exported, path is: /home/user7/npu-nvme-io-path-v1/results/incremental-observation-20260904/INC1_real_training_pmu/gpt2_xl_seed41/E8_gpt2_xl_seed41_ArithmeticUtilization_20260904_193643/msprof/PROF_000001_20260904193913839_MODABGQCGGGCAAOB/device_2.
Fri 04 Sep 2026 19:43:40 [INFO] [MSVP] [2370295] msprof_common.py: Start exporting summary output_file.
Fri 04 Sep 2026 19:43:40 [INFO] [MSVP] [2370295] msprof_common.py: End exporting summary output_file.The file is stored in the /home/user7/npu-nvme-io-path-v1/results/incremental-observation-20260904/INC1_real_training_pmu/gpt2_xl_seed41/E8_gpt2_xl_seed41_ArithmeticUtilization_20260904_193643/msprof/PROF_000001_20260904193913839_MODABGQCGGGCAAOB/mindstudio_profiler_output path.
Fri 04 Sep 2026 19:43:40 [WARNING] [MSVP] [2370295] msprof_export.py: Invalid parsing dir("/home/user7/npu-nvme-io-path-v1/results/incremental-observation-20260904/INC1_real_training_pmu/gpt2_xl_seed41/E8_gpt2_xl_seed41_ArithmeticUtilization_20260904_193643/msprof"), no valid dir. 

Cluster Tuning Report:
1. For slow nodes, pay attention to the data preparation phase (threshold: 20%):
	N/A
2. For slow link, pay attention to the data bandwidth (threshold: 20%):
	N/A


Fri 04 Sep 2026 19:43:40 [WARNING] [MSVP] [2370295] msprof_export.py: Cluster Tuning did not complete!
[INFO] Export all data in msprof done.
[INFO] Profiling finished.
[INFO] Process profiling data complete. Data is saved in results/incremental-observation-20260904/INC1_real_training_pmu/gpt2_xl_seed41/E8_gpt2_xl_seed41_ArithmeticUtilization_20260904_193643/msprof
