/root/miniconda3/envs/ms_2.5/lib/python3.9/site-packages/numpy/core/getlimits.py:549: UserWarning: The value of the smallest subnormal for <class 'numpy.float64'> type is zero.
  setattr(self, word, getattr(machar, word).flat[0])
/root/miniconda3/envs/ms_2.5/lib/python3.9/site-packages/numpy/core/getlimits.py:89: UserWarning: The value of the smallest subnormal for <class 'numpy.float64'> type is zero.
  return self._float_to_str(self.smallest_subnormal)
/root/miniconda3/envs/ms_2.5/lib/python3.9/site-packages/numpy/core/getlimits.py:549: UserWarning: The value of the smallest subnormal for <class 'numpy.float32'> type is zero.
  setattr(self, word, getattr(machar, word).flat[0])
/root/miniconda3/envs/ms_2.5/lib/python3.9/site-packages/numpy/core/getlimits.py:89: UserWarning: The value of the smallest subnormal for <class 'numpy.float32'> type is zero.
  return self._float_to_str(self.smallest_subnormal)
/root/miniconda3/envs/ms_2.5/lib/python3.9/site-packages/jieba/_compat.py:18: UserWarning: pkg_resources is deprecated as an API. See https://setuptools.pypa.io/en/latest/pkg_resources.html. The pkg_resources package is slated for removal as early as 2025-11-30. Refrain from using this package or pin to Setuptools<81.
  import pkg_resources
[WARNING] ME(164686:281473353601056,MainProcess):2026-03-02-10:54:05.632.208 [mindspore/context.py:1335] For 'context.set_context', the parameter 'device_target' will be deprecated and removed in a future version. Please use the api mindspore.set_device() instead.
[WARNING] ME(164686:281473353601056,MainProcess):2026-03-02-10:54:05.632.490 [mindspore/context.py:1335] For 'context.set_context', the parameter 'device_id' will be deprecated and removed in a future version. Please use the api mindspore.set_device() instead.
[WARNING] DISTRIBUTED(164686,ffff9f415020,python):2026-03-02-10:54:05.633.503 [mindspore/ccsrc/distributed/cluster/cluster_context.cc:245] BuildCluster] Topology build timed out., retry(1/1200).
[WARNING] DISTRIBUTED(164686,ffff9f415020,python):2026-03-02-10:54:06.133.620 [mindspore/ccsrc/distributed/cluster/cluster_context.cc:245] BuildCluster] Topology build timed out., retry(2/1200).
[WARNING] DISTRIBUTED(164686,ffff9f415020,python):2026-03-02-10:54:06.633.707 [mindspore/ccsrc/distributed/cluster/cluster_context.cc:245] BuildCluster] Topology build timed out., retry(3/1200).
[WARNING] DISTRIBUTED(164686,ffff9f415020,python):2026-03-02-10:54:07.133.787 [mindspore/ccsrc/distributed/cluster/cluster_context.cc:245] BuildCluster] Topology build timed out., retry(4/1200).
[WARNING] DISTRIBUTED(164686,ffff9f415020,python):2026-03-02-10:54:07.633.865 [mindspore/ccsrc/distributed/cluster/cluster_context.cc:245] BuildCluster] Topology build timed out., retry(5/1200).
[WARNING] DISTRIBUTED(164686,ffff9f415020,python):2026-03-02-10:54:08.133.942 [mindspore/ccsrc/distributed/cluster/cluster_context.cc:245] BuildCluster] Topology build timed out., retry(6/1200).
[WARNING] DISTRIBUTED(164686,ffff9f415020,python):2026-03-02-10:54:08.634.023 [mindspore/ccsrc/distributed/cluster/cluster_context.cc:245] BuildCluster] Topology build timed out., retry(7/1200).
[WARNING] DISTRIBUTED(164686,ffff9f415020,python):2026-03-02-10:54:09.134.100 [mindspore/ccsrc/distributed/cluster/cluster_context.cc:245] BuildCluster] Topology build timed out., retry(8/1200).
[WARNING] DISTRIBUTED(164686,ffff9f415020,python):2026-03-02-10:54:09.634.185 [mindspore/ccsrc/distributed/cluster/cluster_context.cc:245] BuildCluster] Topology build timed out., retry(9/1200).
[WARNING] DISTRIBUTED(164686,ffff9f415020,python):2026-03-02-10:54:10.134.262 [mindspore/ccsrc/distributed/cluster/cluster_context.cc:245] BuildCluster] Topology build timed out., retry(10/1200).
[WARNING] DISTRIBUTED(164686,ffff9f415020,python):2026-03-02-10:54:10.634.339 [mindspore/ccsrc/distributed/cluster/cluster_context.cc:245] BuildCluster] Topology build timed out., retry(11/1200).
[WARNING] DISTRIBUTED(164686,ffff9f415020,python):2026-03-02-10:54:11.134.416 [mindspore/ccsrc/distributed/cluster/cluster_context.cc:245] BuildCluster] Topology build timed out., retry(12/1200).
[WARNING] DISTRIBUTED(164686,ffff9f415020,python):2026-03-02-10:54:11.634.512 [mindspore/ccsrc/distributed/cluster/cluster_context.cc:245] BuildCluster] Topology build timed out., retry(13/1200).
[WARNING] DISTRIBUTED(164686,ffff9f415020,python):2026-03-02-10:54:12.134.590 [mindspore/ccsrc/distributed/cluster/cluster_context.cc:245] BuildCluster] Topology build timed out., retry(14/1200).
[WARNING] DISTRIBUTED(164686,ffff9f415020,python):2026-03-02-10:54:12.634.664 [mindspore/ccsrc/distributed/cluster/cluster_context.cc:245] BuildCluster] Topology build timed out., retry(15/1200).
[WARNING] DISTRIBUTED(164686,ffff9f415020,python):2026-03-02-10:54:13.134.739 [mindspore/ccsrc/distributed/cluster/cluster_context.cc:245] BuildCluster] Topology build timed out., retry(16/1200).
[WARNING] DISTRIBUTED(164686,ffff9f415020,python):2026-03-02-10:54:13.634.837 [mindspore/ccsrc/distributed/cluster/cluster_context.cc:245] BuildCluster] Topology build timed out., retry(17/1200).
[WARNING] DISTRIBUTED(164686,ffff9f415020,python):2026-03-02-10:54:14.134.937 [mindspore/ccsrc/distributed/cluster/cluster_context.cc:245] BuildCluster] Topology build timed out., retry(18/1200).
[WARNING] DISTRIBUTED(164686,ffff9f415020,python):2026-03-02-10:54:14.635.026 [mindspore/ccsrc/distributed/cluster/cluster_context.cc:245] BuildCluster] Topology build timed out., retry(19/1200).
[WARNING] DISTRIBUTED(164686,ffff9f415020,python):2026-03-02-10:54:15.135.115 [mindspore/ccsrc/distributed/cluster/cluster_context.cc:245] BuildCluster] Topology build timed out., retry(20/1200).
[WARNING] DISTRIBUTED(164686,ffff9f415020,python):2026-03-02-10:54:15.635.194 [mindspore/ccsrc/distributed/cluster/cluster_context.cc:245] BuildCluster] Topology build timed out., retry(21/1200).
[WARNING] DISTRIBUTED(164686,ffff9f415020,python):2026-03-02-10:54:16.135.270 [mindspore/ccsrc/distributed/cluster/cluster_context.cc:245] BuildCluster] Topology build timed out., retry(22/1200).
[WARNING] DISTRIBUTED(164686,ffff9f415020,python):2026-03-02-10:54:16.635.347 [mindspore/ccsrc/distributed/cluster/cluster_context.cc:245] BuildCluster] Topology build timed out., retry(23/1200).
[WARNING] DISTRIBUTED(164686,ffff9f415020,python):2026-03-02-10:54:17.135.423 [mindspore/ccsrc/distributed/cluster/cluster_context.cc:245] BuildCluster] Topology build timed out., retry(24/1200).
[WARNING] DISTRIBUTED(164686,ffff9f415020,python):2026-03-02-10:54:17.635.501 [mindspore/ccsrc/distributed/cluster/cluster_context.cc:245] BuildCluster] Topology build timed out., retry(25/1200).
[WARNING] DISTRIBUTED(164686,ffff9f415020,python):2026-03-02-10:54:18.135.577 [mindspore/ccsrc/distributed/cluster/cluster_context.cc:245] BuildCluster] Topology build timed out., retry(26/1200).
[WARNING] DISTRIBUTED(164686,ffff9f415020,python):2026-03-02-10:54:18.635.656 [mindspore/ccsrc/distributed/cluster/cluster_context.cc:245] BuildCluster] Topology build timed out., retry(27/1200).
[WARNING] DISTRIBUTED(164686,ffff9f415020,python):2026-03-02-10:54:19.135.732 [mindspore/ccsrc/distributed/cluster/cluster_context.cc:245] BuildCluster] Topology build timed out., retry(28/1200).
[WARNING] DISTRIBUTED(164686,ffff9f415020,python):2026-03-02-10:54:19.635.809 [mindspore/ccsrc/distributed/cluster/cluster_context.cc:245] BuildCluster] Topology build timed out., retry(29/1200).
[WARNING] DISTRIBUTED(164686,ffff9f415020,python):2026-03-02-10:54:20.135.887 [mindspore/ccsrc/distributed/cluster/cluster_context.cc:245] BuildCluster] Topology build timed out., retry(30/1200).
[WARNING] DISTRIBUTED(164686,ffff9f415020,python):2026-03-02-10:54:20.635.967 [mindspore/ccsrc/distributed/cluster/cluster_context.cc:245] BuildCluster] Topology build timed out., retry(31/1200).
[WARNING] DISTRIBUTED(164686,ffff9f415020,python):2026-03-02-10:54:21.136.043 [mindspore/ccsrc/distributed/cluster/cluster_context.cc:245] BuildCluster] Topology build timed out., retry(32/1200).
[WARNING] DISTRIBUTED(164686,ffff9f415020,python):2026-03-02-10:54:21.636.121 [mindspore/ccsrc/distributed/cluster/cluster_context.cc:245] BuildCluster] Topology build timed out., retry(33/1200).
[WARNING] DISTRIBUTED(164686,ffff9f415020,python):2026-03-02-10:54:22.136.209 [mindspore/ccsrc/distributed/cluster/cluster_context.cc:245] BuildCluster] Topology build timed out., retry(34/1200).
[WARNING] DISTRIBUTED(164686,ffff9f415020,python):2026-03-02-10:54:22.636.286 [mindspore/ccsrc/distributed/cluster/cluster_context.cc:245] BuildCluster] Topology build timed out., retry(35/1200).
[WARNING] DISTRIBUTED(164686,ffff9f415020,python):2026-03-02-10:54:23.136.360 [mindspore/ccsrc/distributed/cluster/cluster_context.cc:245] BuildCluster] Topology build timed out., retry(36/1200).
[WARNING] DISTRIBUTED(164686,ffff9f415020,python):2026-03-02-10:54:23.636.453 [mindspore/ccsrc/distributed/cluster/cluster_context.cc:245] BuildCluster] Topology build timed out., retry(37/1200).
[WARNING] DISTRIBUTED(164686,ffff9f415020,python):2026-03-02-10:54:24.136.544 [mindspore/ccsrc/distributed/cluster/cluster_context.cc:245] BuildCluster] Topology build timed out., retry(38/1200).
[WARNING] DISTRIBUTED(164686,ffff9f415020,python):2026-03-02-10:54:24.636.625 [mindspore/ccsrc/distributed/cluster/cluster_context.cc:245] BuildCluster] Topology build timed out., retry(39/1200).
[WARNING] DISTRIBUTED(164686,ffff9f415020,python):2026-03-02-10:54:25.136.702 [mindspore/ccsrc/distributed/cluster/cluster_context.cc:245] BuildCluster] Topology build timed out., retry(40/1200).
[WARNING] DISTRIBUTED(164686,ffff9f415020,python):2026-03-02-10:54:25.636.787 [mindspore/ccsrc/distributed/cluster/cluster_context.cc:245] BuildCluster] Topology build timed out., retry(41/1200).
[WARNING] DISTRIBUTED(164686,ffff9f415020,python):2026-03-02-10:54:26.136.865 [mindspore/ccsrc/distributed/cluster/cluster_context.cc:245] BuildCluster] Topology build timed out., retry(42/1200).
[WARNING] DISTRIBUTED(164686,ffff9f415020,python):2026-03-02-10:54:26.636.943 [mindspore/ccsrc/distributed/cluster/cluster_context.cc:245] BuildCluster] Topology build timed out., retry(43/1200).
[WARNING] DISTRIBUTED(164686,ffff9f415020,python):2026-03-02-10:54:27.137.019 [mindspore/ccsrc/distributed/cluster/cluster_context.cc:245] BuildCluster] Topology build timed out., retry(44/1200).
[WARNING] DISTRIBUTED(164686,ffff9f415020,python):2026-03-02-10:54:27.637.096 [mindspore/ccsrc/distributed/cluster/cluster_context.cc:245] BuildCluster] Topology build timed out., retry(45/1200).
[WARNING] DISTRIBUTED(164686,ffff9f415020,python):2026-03-02-10:54:28.137.171 [mindspore/ccsrc/distributed/cluster/cluster_context.cc:245] BuildCluster] Topology build timed out., retry(46/1200).
[WARNING] DISTRIBUTED(164686,ffff9f415020,python):2026-03-02-10:54:28.637.252 [mindspore/ccsrc/distributed/cluster/cluster_context.cc:245] BuildCluster] Topology build timed out., retry(47/1200).
[WARNING] DISTRIBUTED(164686,ffff9f415020,python):2026-03-02-10:54:29.137.328 [mindspore/ccsrc/distributed/cluster/cluster_context.cc:245] BuildCluster] Topology build timed out., retry(48/1200).
[WARNING] DISTRIBUTED(164686,ffff9f415020,python):2026-03-02-10:54:29.637.404 [mindspore/ccsrc/distributed/cluster/cluster_context.cc:245] BuildCluster] Topology build timed out., retry(49/1200).
[WARNING] DISTRIBUTED(164686,ffff9f415020,python):2026-03-02-10:54:30.137.479 [mindspore/ccsrc/distributed/cluster/cluster_context.cc:245] BuildCluster] Topology build timed out., retry(50/1200).
[WARNING] DISTRIBUTED(164686,ffff9f415020,python):2026-03-02-10:54:30.637.563 [mindspore/ccsrc/distributed/cluster/cluster_context.cc:245] BuildCluster] Topology build timed out., retry(51/1200).
[WARNING] DISTRIBUTED(164686,ffff9f415020,python):2026-03-02-10:54:31.137.652 [mindspore/ccsrc/distributed/cluster/cluster_context.cc:245] BuildCluster] Topology build timed out., retry(52/1200).
[WARNING] DISTRIBUTED(164686,ffff9f415020,python):2026-03-02-10:54:31.637.730 [mindspore/ccsrc/distributed/cluster/cluster_context.cc:245] BuildCluster] Topology build timed out., retry(53/1200).
[WARNING] DISTRIBUTED(164686,ffff9f415020,python):2026-03-02-10:54:32.137.806 [mindspore/ccsrc/distributed/cluster/cluster_context.cc:245] BuildCluster] Topology build timed out., retry(54/1200).
[WARNING] DISTRIBUTED(164686,ffff9f415020,python):2026-03-02-10:54:32.637.893 [mindspore/ccsrc/distributed/cluster/cluster_context.cc:245] BuildCluster] Topology build timed out., retry(55/1200).
[WARNING] DISTRIBUTED(164686,ffff9f415020,python):2026-03-02-10:54:33.137.969 [mindspore/ccsrc/distributed/cluster/cluster_context.cc:245] BuildCluster] Topology build timed out., retry(56/1200).
[WARNING] DISTRIBUTED(164686,ffff9f415020,python):2026-03-02-10:54:33.638.102 [mindspore/ccsrc/distributed/cluster/cluster_context.cc:245] BuildCluster] Topology build timed out., retry(57/1200).
[WARNING] DISTRIBUTED(164686,ffff9f415020,python):2026-03-02-10:54:34.138.249 [mindspore/ccsrc/distributed/cluster/cluster_context.cc:245] BuildCluster] Topology build timed out., retry(58/1200).
[WARNING] DISTRIBUTED(164686,ffff9f415020,python):2026-03-02-10:54:34.638.339 [mindspore/ccsrc/distributed/cluster/cluster_context.cc:245] BuildCluster] Topology build timed out., retry(59/1200).
[WARNING] DISTRIBUTED(164686,ffff9f415020,python):2026-03-02-10:54:35.138.417 [mindspore/ccsrc/distributed/cluster/cluster_context.cc:245] BuildCluster] Topology build timed out., retry(60/1200).
[WARNING] DISTRIBUTED(164686,ffff9f415020,python):2026-03-02-10:54:35.638.494 [mindspore/ccsrc/distributed/cluster/cluster_context.cc:245] BuildCluster] Topology build timed out., retry(61/1200).
[WARNING] DISTRIBUTED(164686,ffff9f415020,python):2026-03-02-10:54:36.138.572 [mindspore/ccsrc/distributed/cluster/cluster_context.cc:245] BuildCluster] Topology build timed out., retry(62/1200).
[WARNING] DISTRIBUTED(164686,ffff9f415020,python):2026-03-02-10:54:36.638.659 [mindspore/ccsrc/distributed/cluster/cluster_context.cc:245] BuildCluster] Topology build timed out., retry(63/1200).
[WARNING] DISTRIBUTED(164686,ffff9f415020,python):2026-03-02-10:54:37.138.742 [mindspore/ccsrc/distributed/cluster/cluster_context.cc:245] BuildCluster] Topology build timed out., retry(64/1200).
[WARNING] DISTRIBUTED(164686,ffff9f415020,python):2026-03-02-10:54:37.638.821 [mindspore/ccsrc/distributed/cluster/cluster_context.cc:245] BuildCluster] Topology build timed out., retry(65/1200).
[WARNING] DISTRIBUTED(164686,ffff9f415020,python):2026-03-02-10:54:38.138.897 [mindspore/ccsrc/distributed/cluster/cluster_context.cc:245] BuildCluster] Topology build timed out., retry(66/1200).
[WARNING] DISTRIBUTED(164686,ffff9f415020,python):2026-03-02-10:54:38.638.974 [mindspore/ccsrc/distributed/cluster/cluster_context.cc:245] BuildCluster] Topology build timed out., retry(67/1200).
[WARNING] DISTRIBUTED(164686,ffff9f415020,python):2026-03-02-10:54:39.139.101 [mindspore/ccsrc/distributed/cluster/cluster_context.cc:245] BuildCluster] Topology build timed out., retry(68/1200).
[WARNING] DISTRIBUTED(164686,ffff9f415020,python):2026-03-02-10:54:39.639.193 [mindspore/ccsrc/distributed/cluster/cluster_context.cc:245] BuildCluster] Topology build timed out., retry(69/1200).
[WARNING] DISTRIBUTED(164686,ffff9f415020,python):2026-03-02-10:54:40.139.277 [mindspore/ccsrc/distributed/cluster/cluster_context.cc:245] BuildCluster] Topology build timed out., retry(70/1200).
[WARNING] DISTRIBUTED(164686,ffff9f415020,python):2026-03-02-10:54:40.639.356 [mindspore/ccsrc/distributed/cluster/cluster_context.cc:245] BuildCluster] Topology build timed out., retry(71/1200).
[WARNING] DISTRIBUTED(164686,ffff9f415020,python):2026-03-02-10:54:41.139.432 [mindspore/ccsrc/distributed/cluster/cluster_context.cc:245] BuildCluster] Topology build timed out., retry(72/1200).
[WARNING] DISTRIBUTED(164686,ffff9f415020,python):2026-03-02-10:54:41.639.520 [mindspore/ccsrc/distributed/cluster/cluster_context.cc:245] BuildCluster] Topology build timed out., retry(73/1200).
[WARNING] DISTRIBUTED(164686,ffff9f415020,python):2026-03-02-10:54:42.139.603 [mindspore/ccsrc/distributed/cluster/cluster_context.cc:245] BuildCluster] Topology build timed out., retry(74/1200).
[WARNING] DISTRIBUTED(164686,ffff9f415020,python):2026-03-02-10:54:42.639.682 [mindspore/ccsrc/distributed/cluster/cluster_context.cc:245] BuildCluster] Topology build timed out., retry(75/1200).
[WARNING] DISTRIBUTED(164686,ffff9f415020,python):2026-03-02-10:54:43.139.778 [mindspore/ccsrc/distributed/cluster/cluster_context.cc:245] BuildCluster] Topology build timed out., retry(76/1200).
[WARNING] DISTRIBUTED(164686,ffff9f415020,python):2026-03-02-10:54:43.639.867 [mindspore/ccsrc/distributed/cluster/cluster_context.cc:245] BuildCluster] Topology build timed out., retry(77/1200).
[WARNING] DISTRIBUTED(164686,ffff9f415020,python):2026-03-02-10:54:44.139.960 [mindspore/ccsrc/distributed/cluster/cluster_context.cc:245] BuildCluster] Topology build timed out., retry(78/1200).
[WARNING] DISTRIBUTED(164686,ffff9f415020,python):2026-03-02-10:54:44.640.045 [mindspore/ccsrc/distributed/cluster/cluster_context.cc:245] BuildCluster] Topology build timed out., retry(79/1200).
[WARNING] DISTRIBUTED(164686,ffff9f415020,python):2026-03-02-10:54:45.140.121 [mindspore/ccsrc/distributed/cluster/cluster_context.cc:245] BuildCluster] Topology build timed out., retry(80/1200).
[WARNING] DISTRIBUTED(164686,ffff9f415020,python):2026-03-02-10:54:45.640.202 [mindspore/ccsrc/distributed/cluster/cluster_context.cc:245] BuildCluster] Topology build timed out., retry(81/1200).
[WARNING] DISTRIBUTED(164686,ffff9f415020,python):2026-03-02-10:54:46.140.279 [mindspore/ccsrc/distributed/cluster/cluster_context.cc:245] BuildCluster] Topology build timed out., retry(82/1200).
[WARNING] DISTRIBUTED(164686,ffff9f415020,python):2026-03-02-10:54:46.640.356 [mindspore/ccsrc/distributed/cluster/cluster_context.cc:245] BuildCluster] Topology build timed out., retry(83/1200).
[WARNING] DISTRIBUTED(164686,ffff9f415020,python):2026-03-02-10:54:47.140.439 [mindspore/ccsrc/distributed/cluster/cluster_context.cc:245] BuildCluster] Topology build timed out., retry(84/1200).
[WARNING] DISTRIBUTED(164686,ffff9f415020,python):2026-03-02-10:54:47.640.516 [mindspore/ccsrc/distributed/cluster/cluster_context.cc:245] BuildCluster] Topology build timed out., retry(85/1200).
[WARNING] DISTRIBUTED(164686,ffff9f415020,python):2026-03-02-10:54:48.140.592 [mindspore/ccsrc/distributed/cluster/cluster_context.cc:245] BuildCluster] Topology build timed out., retry(86/1200).
[WARNING] DISTRIBUTED(164686,ffff9f415020,python):2026-03-02-10:54:48.640.667 [mindspore/ccsrc/distributed/cluster/cluster_context.cc:245] BuildCluster] Topology build timed out., retry(87/1200).
[WARNING] DISTRIBUTED(164686,ffff9f415020,python):2026-03-02-10:54:49.140.742 [mindspore/ccsrc/distributed/cluster/cluster_context.cc:245] BuildCluster] Topology build timed out., retry(88/1200).
[WARNING] DISTRIBUTED(164686,ffff9f415020,python):2026-03-02-10:54:49.640.823 [mindspore/ccsrc/distributed/cluster/cluster_context.cc:245] BuildCluster] Topology build timed out., retry(89/1200).
[WARNING] DISTRIBUTED(164686,ffff9f415020,python):2026-03-02-10:54:50.140.897 [mindspore/ccsrc/distributed/cluster/cluster_context.cc:245] BuildCluster] Topology build timed out., retry(90/1200).
[WARNING] DISTRIBUTED(164686,ffff9f415020,python):2026-03-02-10:54:50.640.974 [mindspore/ccsrc/distributed/cluster/cluster_context.cc:245] BuildCluster] Topology build timed out., retry(91/1200).
[WARNING] DISTRIBUTED(164686,ffff9f415020,python):2026-03-02-10:54:51.141.048 [mindspore/ccsrc/distributed/cluster/cluster_context.cc:245] BuildCluster] Topology build timed out., retry(92/1200).
[WARNING] DISTRIBUTED(164686,ffff9f415020,python):2026-03-02-10:54:51.641.125 [mindspore/ccsrc/distributed/cluster/cluster_context.cc:245] BuildCluster] Topology build timed out., retry(93/1200).
[WARNING] DISTRIBUTED(164686,ffff9f415020,python):2026-03-02-10:54:52.141.205 [mindspore/ccsrc/distributed/cluster/cluster_context.cc:245] BuildCluster] Topology build timed out., retry(94/1200).
[WARNING] DISTRIBUTED(164686,ffff9f415020,python):2026-03-02-10:54:52.641.281 [mindspore/ccsrc/distributed/cluster/cluster_context.cc:245] BuildCluster] Topology build timed out., retry(95/1200).
[WARNING] DISTRIBUTED(164686,ffff9f415020,python):2026-03-02-10:54:53.141.356 [mindspore/ccsrc/distributed/cluster/cluster_context.cc:245] BuildCluster] Topology build timed out., retry(96/1200).
[WARNING] DISTRIBUTED(164686,ffff9f415020,python):2026-03-02-10:54:53.641.454 [mindspore/ccsrc/distributed/cluster/cluster_context.cc:245] BuildCluster] Topology build timed out., retry(97/1200).
[WARNING] DISTRIBUTED(164686,ffff9f415020,python):2026-03-02-10:54:54.141.546 [mindspore/ccsrc/distributed/cluster/cluster_context.cc:245] BuildCluster] Topology build timed out., retry(98/1200).
[WARNING] DISTRIBUTED(164686,ffff9f415020,python):2026-03-02-10:54:54.641.632 [mindspore/ccsrc/distributed/cluster/cluster_context.cc:245] BuildCluster] Topology build timed out., retry(99/1200).
[WARNING] DISTRIBUTED(164686,ffff9f415020,python):2026-03-02-10:54:55.141.709 [mindspore/ccsrc/distributed/cluster/cluster_context.cc:245] BuildCluster] Topology build timed out., retry(100/1200).
[WARNING] DISTRIBUTED(164686,ffff9f415020,python):2026-03-02-10:54:55.641.786 [mindspore/ccsrc/distributed/cluster/cluster_context.cc:245] BuildCluster] Topology build timed out., retry(101/1200).
[WARNING] DISTRIBUTED(164686,ffff9f415020,python):2026-03-02-10:54:56.141.861 [mindspore/ccsrc/distributed/cluster/cluster_context.cc:245] BuildCluster] Topology build timed out., retry(102/1200).
[WARNING] DISTRIBUTED(164686,ffff9f415020,python):2026-03-02-10:54:56.641.936 [mindspore/ccsrc/distributed/cluster/cluster_context.cc:245] BuildCluster] Topology build timed out., retry(103/1200).
[WARNING] DISTRIBUTED(164686,ffff9f415020,python):2026-03-02-10:54:57.142.012 [mindspore/ccsrc/distributed/cluster/cluster_context.cc:245] BuildCluster] Topology build timed out., retry(104/1200).
[WARNING] DISTRIBUTED(164686,ffff9f415020,python):2026-03-02-10:54:57.642.099 [mindspore/ccsrc/distributed/cluster/cluster_context.cc:245] BuildCluster] Topology build timed out., retry(105/1200).
[WARNING] DISTRIBUTED(164686,ffff9f415020,python):2026-03-02-10:54:58.142.181 [mindspore/ccsrc/distributed/cluster/cluster_context.cc:245] BuildCluster] Topology build timed out., retry(106/1200).
[WARNING] DISTRIBUTED(164686,ffff9f415020,python):2026-03-02-10:54:58.642.258 [mindspore/ccsrc/distributed/cluster/cluster_context.cc:245] BuildCluster] Topology build timed out., retry(107/1200).
[WARNING] DISTRIBUTED(164686,ffff9f415020,python):2026-03-02-10:54:59.142.333 [mindspore/ccsrc/distributed/cluster/cluster_context.cc:245] BuildCluster] Topology build timed out., retry(108/1200).
[WARNING] DISTRIBUTED(164686,ffff9f415020,python):2026-03-02-10:54:59.642.413 [mindspore/ccsrc/distributed/cluster/cluster_context.cc:245] BuildCluster] Topology build timed out., retry(109/1200).
[WARNING] DISTRIBUTED(164686,ffff9f415020,python):2026-03-02-10:55:00.142.489 [mindspore/ccsrc/distributed/cluster/cluster_context.cc:245] BuildCluster] Topology build timed out., retry(110/1200).
[WARNING] DISTRIBUTED(164686,ffff9f415020,python):2026-03-02-10:55:00.642.565 [mindspore/ccsrc/distributed/cluster/cluster_context.cc:245] BuildCluster] Topology build timed out., retry(111/1200).
[WARNING] DISTRIBUTED(164686,ffff9f415020,python):2026-03-02-10:55:01.142.673 [mindspore/ccsrc/distributed/cluster/cluster_context.cc:245] BuildCluster] Topology build timed out., retry(112/1200).
[WARNING] DISTRIBUTED(164686,ffff9f415020,python):2026-03-02-10:55:01.642.803 [mindspore/ccsrc/distributed/cluster/cluster_context.cc:245] BuildCluster] Topology build timed out., retry(113/1200).
[WARNING] DISTRIBUTED(164686,ffff9f415020,python):2026-03-02-10:55:02.142.903 [mindspore/ccsrc/distributed/cluster/cluster_context.cc:245] BuildCluster] Topology build timed out., retry(114/1200).
[WARNING] DISTRIBUTED(164686,ffff9f415020,python):2026-03-02-10:55:02.642.993 [mindspore/ccsrc/distributed/cluster/cluster_context.cc:245] BuildCluster] Topology build timed out., retry(115/1200).
[WARNING] DISTRIBUTED(164686,ffff9f415020,python):2026-03-02-10:55:03.143.070 [mindspore/ccsrc/distributed/cluster/cluster_context.cc:245] BuildCluster] Topology build timed out., retry(116/1200).
[WARNING] DISTRIBUTED(164686,ffff9f415020,python):2026-03-02-10:55:03.643.177 [mindspore/ccsrc/distributed/cluster/cluster_context.cc:245] BuildCluster] Topology build timed out., retry(117/1200).
[WARNING] DISTRIBUTED(164686,ffff9f415020,python):2026-03-02-10:55:04.143.352 [mindspore/ccsrc/distributed/cluster/cluster_context.cc:245] BuildCluster] Topology build timed out., retry(118/1200).
[WARNING] DISTRIBUTED(164686,ffff9f415020,python):2026-03-02-10:55:04.643.467 [mindspore/ccsrc/distributed/cluster/cluster_context.cc:245] BuildCluster] Topology build timed out., retry(119/1200).
[WARNING] DISTRIBUTED(164686,ffff9f415020,python):2026-03-02-10:55:05.143.546 [mindspore/ccsrc/distributed/cluster/cluster_context.cc:245] BuildCluster] Topology build timed out., retry(120/1200).
[WARNING] DISTRIBUTED(164686,ffff9f415020,python):2026-03-02-10:55:05.643.624 [mindspore/ccsrc/distributed/cluster/cluster_context.cc:245] BuildCluster] Topology build timed out., retry(121/1200).
[WARNING] DISTRIBUTED(164686,ffff9f415020,python):2026-03-02-10:55:06.143.700 [mindspore/ccsrc/distributed/cluster/cluster_context.cc:245] BuildCluster] Topology build timed out., retry(122/1200).
[WARNING] DISTRIBUTED(164686,ffff9f415020,python):2026-03-02-10:55:06.643.781 [mindspore/ccsrc/distributed/cluster/cluster_context.cc:245] BuildCluster] Topology build timed out., retry(123/1200).
[WARNING] DISTRIBUTED(164686,ffff9f415020,python):2026-03-02-10:55:07.143.868 [mindspore/ccsrc/distributed/cluster/cluster_context.cc:245] BuildCluster] Topology build timed out., retry(124/1200).
[WARNING] DISTRIBUTED(164686,ffff9f415020,python):2026-03-02-10:55:07.643.954 [mindspore/ccsrc/distributed/cluster/cluster_context.cc:245] BuildCluster] Topology build timed out., retry(125/1200).
[WARNING] DISTRIBUTED(164686,ffff9f415020,python):2026-03-02-10:55:08.144.031 [mindspore/ccsrc/distributed/cluster/cluster_context.cc:245] BuildCluster] Topology build timed out., retry(126/1200).
[WARNING] DISTRIBUTED(164686,ffff9f415020,python):2026-03-02-10:55:08.644.111 [mindspore/ccsrc/distributed/cluster/cluster_context.cc:245] BuildCluster] Topology build timed out., retry(127/1200).
[WARNING] DISTRIBUTED(164686,ffff9f415020,python):2026-03-02-10:55:09.144.195 [mindspore/ccsrc/distributed/cluster/cluster_context.cc:245] BuildCluster] Topology build timed out., retry(128/1200).
[WARNING] DISTRIBUTED(164686,ffff9f415020,python):2026-03-02-10:55:09.644.283 [mindspore/ccsrc/distributed/cluster/cluster_context.cc:245] BuildCluster] Topology build timed out., retry(129/1200).
[WARNING] DISTRIBUTED(164686,ffff9f415020,python):2026-03-02-10:55:10.144.360 [mindspore/ccsrc/distributed/cluster/cluster_context.cc:245] BuildCluster] Topology build timed out., retry(130/1200).
[WARNING] DISTRIBUTED(164686,ffff9f415020,python):2026-03-02-10:55:10.644.437 [mindspore/ccsrc/distributed/cluster/cluster_context.cc:245] BuildCluster] Topology build timed out., retry(131/1200).
[WARNING] DISTRIBUTED(164686,ffff9f415020,python):2026-03-02-10:55:11.144.513 [mindspore/ccsrc/distributed/cluster/cluster_context.cc:245] BuildCluster] Topology build timed out., retry(132/1200).
[WARNING] DISTRIBUTED(164686,ffff9f415020,python):2026-03-02-10:55:11.644.589 [mindspore/ccsrc/distributed/cluster/cluster_context.cc:245] BuildCluster] Topology build timed out., retry(133/1200).
[WARNING] DISTRIBUTED(164686,ffff9f415020,python):2026-03-02-10:55:12.144.668 [mindspore/ccsrc/distributed/cluster/cluster_context.cc:245] BuildCluster] Topology build timed out., retry(134/1200).
[WARNING] DISTRIBUTED(164686,ffff9f415020,python):2026-03-02-10:55:12.644.749 [mindspore/ccsrc/distributed/cluster/cluster_context.cc:245] BuildCluster] Topology build timed out., retry(135/1200).
[WARNING] DISTRIBUTED(164686,ffff9f415020,python):2026-03-02-10:55:13.144.838 [mindspore/ccsrc/distributed/cluster/cluster_context.cc:245] BuildCluster] Topology build timed out., retry(136/1200).
[WARNING] DISTRIBUTED(164686,ffff9f415020,python):2026-03-02-10:55:13.644.929 [mindspore/ccsrc/distributed/cluster/cluster_context.cc:245] BuildCluster] Topology build timed out., retry(137/1200).
[WARNING] DISTRIBUTED(164686,ffff9f415020,python):2026-03-02-10:55:14.145.027 [mindspore/ccsrc/distributed/cluster/cluster_context.cc:245] BuildCluster] Topology build timed out., retry(138/1200).
[WARNING] DISTRIBUTED(164686,ffff9f415020,python):2026-03-02-10:55:14.645.139 [mindspore/ccsrc/distributed/cluster/cluster_context.cc:245] BuildCluster] Topology build timed out., retry(139/1200).
[WARNING] DISTRIBUTED(164686,ffff9f415020,python):2026-03-02-10:55:15.145.217 [mindspore/ccsrc/distributed/cluster/cluster_context.cc:245] BuildCluster] Topology build timed out., retry(140/1200).
[WARNING] DISTRIBUTED(164686,ffff9f415020,python):2026-03-02-10:55:15.645.301 [mindspore/ccsrc/distributed/cluster/cluster_context.cc:245] BuildCluster] Topology build timed out., retry(141/1200).
[WARNING] DISTRIBUTED(164686,ffff9f415020,python):2026-03-02-10:55:16.145.382 [mindspore/ccsrc/distributed/cluster/cluster_context.cc:245] BuildCluster] Topology build timed out., retry(142/1200).
[WARNING] DISTRIBUTED(164686,ffff9f415020,python):2026-03-02-10:55:16.645.459 [mindspore/ccsrc/distributed/cluster/cluster_context.cc:245] BuildCluster] Topology build timed out., retry(143/1200).
[WARNING] DISTRIBUTED(164686,ffff9f415020,python):2026-03-02-10:55:17.145.535 [mindspore/ccsrc/distributed/cluster/cluster_context.cc:245] BuildCluster] Topology build timed out., retry(144/1200).
[WARNING] DISTRIBUTED(164686,ffff9f415020,python):2026-03-02-10:55:17.645.612 [mindspore/ccsrc/distributed/cluster/cluster_context.cc:245] BuildCluster] Topology build timed out., retry(145/1200).
[WARNING] DISTRIBUTED(164686,ffff9f415020,python):2026-03-02-10:55:18.145.694 [mindspore/ccsrc/distributed/cluster/cluster_context.cc:245] BuildCluster] Topology build timed out., retry(146/1200).
[WARNING] DISTRIBUTED(164686,ffff9f415020,python):2026-03-02-10:55:18.645.782 [mindspore/ccsrc/distributed/cluster/cluster_context.cc:245] BuildCluster] Topology build timed out., retry(147/1200).
[WARNING] DISTRIBUTED(164686,ffff9f415020,python):2026-03-02-10:55:19.145.859 [mindspore/ccsrc/distributed/cluster/cluster_context.cc:245] BuildCluster] Topology build timed out., retry(148/1200).
[WARNING] DISTRIBUTED(164686,ffff9f415020,python):2026-03-02-10:55:19.645.940 [mindspore/ccsrc/distributed/cluster/cluster_context.cc:245] BuildCluster] Topology build timed out., retry(149/1200).
[WARNING] DISTRIBUTED(164686,ffff9f415020,python):2026-03-02-10:55:20.146.022 [mindspore/ccsrc/distributed/cluster/cluster_context.cc:245] BuildCluster] Topology build timed out., retry(150/1200).
[WARNING] DISTRIBUTED(164686,ffff9f415020,python):2026-03-02-10:55:20.646.098 [mindspore/ccsrc/distributed/cluster/cluster_context.cc:245] BuildCluster] Topology build timed out., retry(151/1200).
[WARNING] DISTRIBUTED(164686,ffff9f415020,python):2026-03-02-10:55:21.146.174 [mindspore/ccsrc/distributed/cluster/cluster_context.cc:245] BuildCluster] Topology build timed out., retry(152/1200).
[WARNING] DISTRIBUTED(164686,ffff9f415020,python):2026-03-02-10:55:21.646.250 [mindspore/ccsrc/distributed/cluster/cluster_context.cc:245] BuildCluster] Topology build timed out., retry(153/1200).
[WARNING] DISTRIBUTED(164686,ffff9f415020,python):2026-03-02-10:55:22.146.325 [mindspore/ccsrc/distributed/cluster/cluster_context.cc:245] BuildCluster] Topology build timed out., retry(154/1200).
[WARNING] DISTRIBUTED(164686,ffff9f415020,python):2026-03-02-10:55:22.646.402 [mindspore/ccsrc/distributed/cluster/cluster_context.cc:245] BuildCluster] Topology build timed out., retry(155/1200).
[WARNING] DISTRIBUTED(164686,ffff9f415020,python):2026-03-02-10:55:23.146.477 [mindspore/ccsrc/distributed/cluster/cluster_context.cc:245] BuildCluster] Topology build timed out., retry(156/1200).
[WARNING] DISTRIBUTED(164686,ffff9f415020,python):2026-03-02-10:55:23.646.570 [mindspore/ccsrc/distributed/cluster/cluster_context.cc:245] BuildCluster] Topology build timed out., retry(157/1200).
[WARNING] DISTRIBUTED(164686,ffff9f415020,python):2026-03-02-10:55:24.146.661 [mindspore/ccsrc/distributed/cluster/cluster_context.cc:245] BuildCluster] Topology build timed out., retry(158/1200).
[WARNING] DISTRIBUTED(164686,ffff9f415020,python):2026-03-02-10:55:24.646.762 [mindspore/ccsrc/distributed/cluster/cluster_context.cc:245] BuildCluster] Topology build timed out., retry(159/1200).
[WARNING] DISTRIBUTED(164686,ffff9f415020,python):2026-03-02-10:55:25.146.844 [mindspore/ccsrc/distributed/cluster/cluster_context.cc:245] BuildCluster] Topology build timed out., retry(160/1200).
[WARNING] DISTRIBUTED(164686,ffff9f415020,python):2026-03-02-10:55:25.646.925 [mindspore/ccsrc/distributed/cluster/cluster_context.cc:245] BuildCluster] Topology build timed out., retry(161/1200).
[WARNING] DISTRIBUTED(164686,ffff9f415020,python):2026-03-02-10:55:26.147.001 [mindspore/ccsrc/distributed/cluster/cluster_context.cc:245] BuildCluster] Topology build timed out., retry(162/1200).
[WARNING] DISTRIBUTED(164686,ffff9f415020,python):2026-03-02-10:55:26.647.078 [mindspore/ccsrc/distributed/cluster/cluster_context.cc:245] BuildCluster] Topology build timed out., retry(163/1200).
[WARNING] DISTRIBUTED(164686,ffff9f415020,python):2026-03-02-10:55:27.147.153 [mindspore/ccsrc/distributed/cluster/cluster_context.cc:245] BuildCluster] Topology build timed out., retry(164/1200).
[WARNING] DISTRIBUTED(164686,ffff9f415020,python):2026-03-02-10:55:27.647.231 [mindspore/ccsrc/distributed/cluster/cluster_context.cc:245] BuildCluster] Topology build timed out., retry(165/1200).
[WARNING] DISTRIBUTED(164686,ffff9f415020,python):2026-03-02-10:55:28.147.306 [mindspore/ccsrc/distributed/cluster/cluster_context.cc:245] BuildCluster] Topology build timed out., retry(166/1200).
[WARNING] DISTRIBUTED(164686,ffff9f415020,python):2026-03-02-10:55:28.647.385 [mindspore/ccsrc/distributed/cluster/cluster_context.cc:245] BuildCluster] Topology build timed out., retry(167/1200).
[WARNING] DISTRIBUTED(164686,ffff9f415020,python):2026-03-02-10:55:29.147.468 [mindspore/ccsrc/distributed/cluster/cluster_context.cc:245] BuildCluster] Topology build timed out., retry(168/1200).
[WARNING] DISTRIBUTED(164686,ffff9f415020,python):2026-03-02-10:55:29.647.550 [mindspore/ccsrc/distributed/cluster/cluster_context.cc:245] BuildCluster] Topology build timed out., retry(169/1200).
[WARNING] DISTRIBUTED(164686,ffff9f415020,python):2026-03-02-10:55:30.147.633 [mindspore/ccsrc/distributed/cluster/cluster_context.cc:245] BuildCluster] Topology build timed out., retry(170/1200).
[WARNING] DISTRIBUTED(164686,ffff9f415020,python):2026-03-02-10:55:30.647.715 [mindspore/ccsrc/distributed/cluster/cluster_context.cc:245] BuildCluster] Topology build timed out., retry(171/1200).
[WARNING] DISTRIBUTED(164686,ffff9f415020,python):2026-03-02-10:55:31.147.790 [mindspore/ccsrc/distributed/cluster/cluster_context.cc:245] BuildCluster] Topology build timed out., retry(172/1200).
[WARNING] DISTRIBUTED(164686,ffff9f415020,python):2026-03-02-10:55:31.647.874 [mindspore/ccsrc/distributed/cluster/cluster_context.cc:245] BuildCluster] Topology build timed out., retry(173/1200).
[WARNING] DISTRIBUTED(164686,ffff9f415020,python):2026-03-02-10:55:32.147.955 [mindspore/ccsrc/distributed/cluster/cluster_context.cc:245] BuildCluster] Topology build timed out., retry(174/1200).
[WARNING] DISTRIBUTED(164686,ffff9f415020,python):2026-03-02-10:55:32.648.030 [mindspore/ccsrc/distributed/cluster/cluster_context.cc:245] BuildCluster] Topology build timed out., retry(175/1200).
[WARNING] DISTRIBUTED(164686,ffff9f415020,python):2026-03-02-10:55:33.148.105 [mindspore/ccsrc/distributed/cluster/cluster_context.cc:245] BuildCluster] Topology build timed out., retry(176/1200).
[WARNING] DISTRIBUTED(164686,ffff9f415020,python):2026-03-02-10:55:33.648.189 [mindspore/ccsrc/distributed/cluster/cluster_context.cc:245] BuildCluster] Topology build timed out., retry(177/1200).
[WARNING] DISTRIBUTED(164686,ffff9f415020,python):2026-03-02-10:55:34.148.300 [mindspore/ccsrc/distributed/cluster/cluster_context.cc:245] BuildCluster] Topology build timed out., retry(178/1200).
[WARNING] DISTRIBUTED(164686,ffff9f415020,python):2026-03-02-10:55:34.648.410 [mindspore/ccsrc/distributed/cluster/cluster_context.cc:245] BuildCluster] Topology build timed out., retry(179/1200).
[WARNING] DISTRIBUTED(164686,ffff9f415020,python):2026-03-02-10:55:35.148.504 [mindspore/ccsrc/distributed/cluster/cluster_context.cc:245] BuildCluster] Topology build timed out., retry(180/1200).
[WARNING] DISTRIBUTED(164686,ffff9f415020,python):2026-03-02-10:55:35.648.590 [mindspore/ccsrc/distributed/cluster/cluster_context.cc:245] BuildCluster] Topology build timed out., retry(181/1200).
[WARNING] DISTRIBUTED(164686,ffff9f415020,python):2026-03-02-10:55:36.148.666 [mindspore/ccsrc/distributed/cluster/cluster_context.cc:245] BuildCluster] Topology build timed out., retry(182/1200).
[WARNING] DISTRIBUTED(164686,ffff9f415020,python):2026-03-02-10:55:36.648.744 [mindspore/ccsrc/distributed/cluster/cluster_context.cc:245] BuildCluster] Topology build timed out., retry(183/1200).
[WARNING] DISTRIBUTED(164686,ffff9f415020,python):2026-03-02-10:55:37.148.824 [mindspore/ccsrc/distributed/cluster/cluster_context.cc:245] BuildCluster] Topology build timed out., retry(184/1200).
[WARNING] DISTRIBUTED(164686,ffff9f415020,python):2026-03-02-10:55:37.648.911 [mindspore/ccsrc/distributed/cluster/cluster_context.cc:245] BuildCluster] Topology build timed out., retry(185/1200).
[WARNING] DISTRIBUTED(164686,ffff9f415020,python):2026-03-02-10:55:38.148.987 [mindspore/ccsrc/distributed/cluster/cluster_context.cc:245] BuildCluster] Topology build timed out., retry(186/1200).
[WARNING] DISTRIBUTED(164686,ffff9f415020,python):2026-03-02-10:55:38.649.063 [mindspore/ccsrc/distributed/cluster/cluster_context.cc:245] BuildCluster] Topology build timed out., retry(187/1200).
[WARNING] DISTRIBUTED(164686,ffff9f415020,python):2026-03-02-10:55:39.149.138 [mindspore/ccsrc/distributed/cluster/cluster_context.cc:245] BuildCluster] Topology build timed out., retry(188/1200).
[WARNING] DISTRIBUTED(164686,ffff9f415020,python):2026-03-02-10:55:39.649.226 [mindspore/ccsrc/distributed/cluster/cluster_context.cc:245] BuildCluster] Topology build timed out., retry(189/1200).
[WARNING] DISTRIBUTED(164686,ffff9f415020,python):2026-03-02-10:55:40.149.303 [mindspore/ccsrc/distributed/cluster/cluster_context.cc:245] BuildCluster] Topology build timed out., retry(190/1200).
[WARNING] DISTRIBUTED(164686,ffff9f415020,python):2026-03-02-10:55:40.649.382 [mindspore/ccsrc/distributed/cluster/cluster_context.cc:245] BuildCluster] Topology build timed out., retry(191/1200).
[WARNING] DISTRIBUTED(164686,ffff9f415020,python):2026-03-02-10:55:41.149.458 [mindspore/ccsrc/distributed/cluster/cluster_context.cc:245] BuildCluster] Topology build timed out., retry(192/1200).
[WARNING] DISTRIBUTED(164686,ffff9f415020,python):2026-03-02-10:55:41.649.535 [mindspore/ccsrc/distributed/cluster/cluster_context.cc:245] BuildCluster] Topology build timed out., retry(193/1200).
[WARNING] DISTRIBUTED(164686,ffff9f415020,python):2026-03-02-10:55:42.149.612 [mindspore/ccsrc/distributed/cluster/cluster_context.cc:245] BuildCluster] Topology build timed out., retry(194/1200).
[WARNING] DISTRIBUTED(164686,ffff9f415020,python):2026-03-02-10:55:42.649.688 [mindspore/ccsrc/distributed/cluster/cluster_context.cc:245] BuildCluster] Topology build timed out., retry(195/1200).
[WARNING] DISTRIBUTED(164686,ffff9f415020,python):2026-03-02-10:55:43.149.763 [mindspore/ccsrc/distributed/cluster/cluster_context.cc:245] BuildCluster] Topology build timed out., retry(196/1200).
[WARNING] DISTRIBUTED(164686,ffff9f415020,python):2026-03-02-10:55:43.649.849 [mindspore/ccsrc/distributed/cluster/cluster_context.cc:245] BuildCluster] Topology build timed out., retry(197/1200).
[WARNING] DISTRIBUTED(164686,ffff9f415020,python):2026-03-02-10:55:44.149.944 [mindspore/ccsrc/distributed/cluster/cluster_context.cc:245] BuildCluster] Topology build timed out., retry(198/1200).
[WARNING] DISTRIBUTED(164686,ffff9f415020,python):2026-03-02-10:55:44.650.032 [mindspore/ccsrc/distributed/cluster/cluster_context.cc:245] BuildCluster] Topology build timed out., retry(199/1200).
[WARNING] DISTRIBUTED(164686,ffff9f415020,python):2026-03-02-10:55:45.150.121 [mindspore/ccsrc/distributed/cluster/cluster_context.cc:245] BuildCluster] Topology build timed out., retry(200/1200).
[WARNING] DISTRIBUTED(164686,ffff9f415020,python):2026-03-02-10:55:45.650.231 [mindspore/ccsrc/distributed/cluster/cluster_context.cc:245] BuildCluster] Topology build timed out., retry(201/1200).
[WARNING] DISTRIBUTED(164686,ffff9f415020,python):2026-03-02-10:55:46.150.328 [mindspore/ccsrc/distributed/cluster/cluster_context.cc:245] BuildCluster] Topology build timed out., retry(202/1200).
[WARNING] DISTRIBUTED(164686,ffff9f415020,python):2026-03-02-10:55:46.650.410 [mindspore/ccsrc/distributed/cluster/cluster_context.cc:245] BuildCluster] Topology build timed out., retry(203/1200).
[WARNING] DISTRIBUTED(164686,ffff9f415020,python):2026-03-02-10:55:47.150.485 [mindspore/ccsrc/distributed/cluster/cluster_context.cc:245] BuildCluster] Topology build timed out., retry(204/1200).
[WARNING] DISTRIBUTED(164686,ffff9f415020,python):2026-03-02-10:55:47.650.562 [mindspore/ccsrc/distributed/cluster/cluster_context.cc:245] BuildCluster] Topology build timed out., retry(205/1200).
[WARNING] DISTRIBUTED(164686,ffff9f415020,python):2026-03-02-10:55:48.150.637 [mindspore/ccsrc/distributed/cluster/cluster_context.cc:245] BuildCluster] Topology build timed out., retry(206/1200).
[WARNING] DISTRIBUTED(164686,ffff9f415020,python):2026-03-02-10:55:48.650.712 [mindspore/ccsrc/distributed/cluster/cluster_context.cc:245] BuildCluster] Topology build timed out., retry(207/1200).
[WARNING] DISTRIBUTED(164686,ffff9f415020,python):2026-03-02-10:55:49.150.787 [mindspore/ccsrc/distributed/cluster/cluster_context.cc:245] BuildCluster] Topology build timed out., retry(208/1200).
[WARNING] DISTRIBUTED(164686,ffff9f415020,python):2026-03-02-10:55:49.650.862 [mindspore/ccsrc/distributed/cluster/cluster_context.cc:245] BuildCluster] Topology build timed out., retry(209/1200).
[WARNING] DISTRIBUTED(164686,ffff9f415020,python):2026-03-02-10:55:50.150.938 [mindspore/ccsrc/distributed/cluster/cluster_context.cc:245] BuildCluster] Topology build timed out., retry(210/1200).
[WARNING] DISTRIBUTED(164686,ffff9f415020,python):2026-03-02-10:55:50.651.025 [mindspore/ccsrc/distributed/cluster/cluster_context.cc:245] BuildCluster] Topology build timed out., retry(211/1200).
[WARNING] DISTRIBUTED(164686,ffff9f415020,python):2026-03-02-10:55:51.151.105 [mindspore/ccsrc/distributed/cluster/cluster_context.cc:245] BuildCluster] Topology build timed out., retry(212/1200).
[WARNING] DISTRIBUTED(164686,ffff9f415020,python):2026-03-02-10:55:51.651.183 [mindspore/ccsrc/distributed/cluster/cluster_context.cc:245] BuildCluster] Topology build timed out., retry(213/1200).
[WARNING] DISTRIBUTED(164686,ffff9f415020,python):2026-03-02-10:55:52.151.266 [mindspore/ccsrc/distributed/cluster/cluster_context.cc:245] BuildCluster] Topology build timed out., retry(214/1200).
[WARNING] DISTRIBUTED(164686,ffff9f415020,python):2026-03-02-10:55:52.651.347 [mindspore/ccsrc/distributed/cluster/cluster_context.cc:245] BuildCluster] Topology build timed out., retry(215/1200).
[WARNING] DISTRIBUTED(164686,ffff9f415020,python):2026-03-02-10:55:53.151.427 [mindspore/ccsrc/distributed/cluster/cluster_context.cc:245] BuildCluster] Topology build timed out., retry(216/1200).
[WARNING] DISTRIBUTED(164686,ffff9f415020,python):2026-03-02-10:55:53.651.509 [mindspore/ccsrc/distributed/cluster/cluster_context.cc:245] BuildCluster] Topology build timed out., retry(217/1200).
[WARNING] DISTRIBUTED(164686,ffff9f415020,python):2026-03-02-10:55:54.151.595 [mindspore/ccsrc/distributed/cluster/cluster_context.cc:245] BuildCluster] Topology build timed out., retry(218/1200).
[WARNING] DISTRIBUTED(164686,ffff9f415020,python):2026-03-02-10:55:54.651.679 [mindspore/ccsrc/distributed/cluster/cluster_context.cc:245] BuildCluster] Topology build timed out., retry(219/1200).
[WARNING] DISTRIBUTED(164686,ffff9f415020,python):2026-03-02-10:55:55.151.756 [mindspore/ccsrc/distributed/cluster/cluster_context.cc:245] BuildCluster] Topology build timed out., retry(220/1200).
[WARNING] DISTRIBUTED(164686,ffff9f415020,python):2026-03-02-10:55:55.651.843 [mindspore/ccsrc/distributed/cluster/cluster_context.cc:245] BuildCluster] Topology build timed out., retry(221/1200).
[WARNING] DISTRIBUTED(164686,ffff9f415020,python):2026-03-02-10:55:56.151.934 [mindspore/ccsrc/distributed/cluster/cluster_context.cc:245] BuildCluster] Topology build timed out., retry(222/1200).
[WARNING] DISTRIBUTED(164686,ffff9f415020,python):2026-03-02-10:55:56.652.011 [mindspore/ccsrc/distributed/cluster/cluster_context.cc:245] BuildCluster] Topology build timed out., retry(223/1200).
[WARNING] DISTRIBUTED(164686,ffff9f415020,python):2026-03-02-10:55:57.152.087 [mindspore/ccsrc/distributed/cluster/cluster_context.cc:245] BuildCluster] Topology build timed out., retry(224/1200).
[WARNING] DISTRIBUTED(164686,ffff9f415020,python):2026-03-02-10:55:57.652.168 [mindspore/ccsrc/distributed/cluster/cluster_context.cc:245] BuildCluster] Topology build timed out., retry(225/1200).
[WARNING] DISTRIBUTED(164686,ffff9f415020,python):2026-03-02-10:55:58.152.249 [mindspore/ccsrc/distributed/cluster/cluster_context.cc:245] BuildCluster] Topology build timed out., retry(226/1200).
[WARNING] DISTRIBUTED(164686,ffff9f415020,python):2026-03-02-10:55:58.652.326 [mindspore/ccsrc/distributed/cluster/cluster_context.cc:245] BuildCluster] Topology build timed out., retry(227/1200).
[WARNING] DISTRIBUTED(164686,ffff9f415020,python):2026-03-02-10:55:59.152.404 [mindspore/ccsrc/distributed/cluster/cluster_context.cc:245] BuildCluster] Topology build timed out., retry(228/1200).
[WARNING] DISTRIBUTED(164686,ffff9f415020,python):2026-03-02-10:55:59.652.480 [mindspore/ccsrc/distributed/cluster/cluster_context.cc:245] BuildCluster] Topology build timed out., retry(229/1200).
[WARNING] DISTRIBUTED(164686,ffff9f415020,python):2026-03-02-10:56:00.152.555 [mindspore/ccsrc/distributed/cluster/cluster_context.cc:245] BuildCluster] Topology build timed out., retry(230/1200).
[WARNING] DISTRIBUTED(164686,ffff9f415020,python):2026-03-02-10:56:00.652.636 [mindspore/ccsrc/distributed/cluster/cluster_context.cc:245] BuildCluster] Topology build timed out., retry(231/1200).
[WARNING] DISTRIBUTED(164686,ffff9f415020,python):2026-03-02-10:56:01.152.729 [mindspore/ccsrc/distributed/cluster/cluster_context.cc:245] BuildCluster] Topology build timed out., retry(232/1200).
[WARNING] DISTRIBUTED(164686,ffff9f415020,python):2026-03-02-10:56:01.652.815 [mindspore/ccsrc/distributed/cluster/cluster_context.cc:245] BuildCluster] Topology build timed out., retry(233/1200).
[WARNING] DISTRIBUTED(164686,ffff9f415020,python):2026-03-02-10:56:02.152.926 [mindspore/ccsrc/distributed/cluster/cluster_context.cc:245] BuildCluster] Topology build timed out., retry(234/1200).
[WARNING] DISTRIBUTED(164686,ffff9f415020,python):2026-03-02-10:56:02.653.033 [mindspore/ccsrc/distributed/cluster/cluster_context.cc:245] BuildCluster] Topology build timed out., retry(235/1200).
[WARNING] DISTRIBUTED(164686,ffff9f415020,python):2026-03-02-10:56:03.153.110 [mindspore/ccsrc/distributed/cluster/cluster_context.cc:245] BuildCluster] Topology build timed out., retry(236/1200).
[WARNING] DISTRIBUTED(164686,ffff9f415020,python):2026-03-02-10:56:03.653.211 [mindspore/ccsrc/distributed/cluster/cluster_context.cc:245] BuildCluster] Topology build timed out., retry(237/1200).
[WARNING] DISTRIBUTED(164686,ffff9f415020,python):2026-03-02-10:56:04.153.321 [mindspore/ccsrc/distributed/cluster/cluster_context.cc:245] BuildCluster] Topology build timed out., retry(238/1200).
[WARNING] DISTRIBUTED(164686,ffff9f415020,python):2026-03-02-10:56:04.653.432 [mindspore/ccsrc/distributed/cluster/cluster_context.cc:245] BuildCluster] Topology build timed out., retry(239/1200).
[WARNING] DISTRIBUTED(164686,ffff9f415020,python):2026-03-02-10:56:05.153.536 [mindspore/ccsrc/distributed/cluster/cluster_context.cc:245] BuildCluster] Topology build timed out., retry(240/1200).
[WARNING] DISTRIBUTED(164686,ffff9f415020,python):2026-03-02-10:56:05.653.620 [mindspore/ccsrc/distributed/cluster/cluster_context.cc:245] BuildCluster] Topology build timed out., retry(241/1200).
[WARNING] DISTRIBUTED(164686,ffff9f415020,python):2026-03-02-10:56:06.153.728 [mindspore/ccsrc/distributed/cluster/cluster_context.cc:245] BuildCluster] Topology build timed out., retry(242/1200).
[WARNING] DISTRIBUTED(164686,ffff9f415020,python):2026-03-02-10:56:06.653.823 [mindspore/ccsrc/distributed/cluster/cluster_context.cc:245] BuildCluster] Topology build timed out., retry(243/1200).
[WARNING] DISTRIBUTED(164686,ffff9f415020,python):2026-03-02-10:56:07.153.905 [mindspore/ccsrc/distributed/cluster/cluster_context.cc:245] BuildCluster] Topology build timed out., retry(244/1200).
[WARNING] DISTRIBUTED(164686,ffff9f415020,python):2026-03-02-10:56:07.653.982 [mindspore/ccsrc/distributed/cluster/cluster_context.cc:245] BuildCluster] Topology build timed out., retry(245/1200).
[WARNING] DISTRIBUTED(164686,ffff9f415020,python):2026-03-02-10:56:08.154.062 [mindspore/ccsrc/distributed/cluster/cluster_context.cc:245] BuildCluster] Topology build timed out., retry(246/1200).
[WARNING] DISTRIBUTED(164686,ffff9f415020,python):2026-03-02-10:56:08.654.139 [mindspore/ccsrc/distributed/cluster/cluster_context.cc:245] BuildCluster] Topology build timed out., retry(247/1200).
[WARNING] DISTRIBUTED(164686,ffff9f415020,python):2026-03-02-10:56:09.154.215 [mindspore/ccsrc/distributed/cluster/cluster_context.cc:245] BuildCluster] Topology build timed out., retry(248/1200).
[WARNING] DISTRIBUTED(164686,ffff9f415020,python):2026-03-02-10:56:09.654.291 [mindspore/ccsrc/distributed/cluster/cluster_context.cc:245] BuildCluster] Topology build timed out., retry(249/1200).
[WARNING] DISTRIBUTED(164686,ffff9f415020,python):2026-03-02-10:56:10.154.366 [mindspore/ccsrc/distributed/cluster/cluster_context.cc:245] BuildCluster] Topology build timed out., retry(250/1200).
[WARNING] DISTRIBUTED(164686,ffff9f415020,python):2026-03-02-10:56:10.654.446 [mindspore/ccsrc/distributed/cluster/cluster_context.cc:245] BuildCluster] Topology build timed out., retry(251/1200).
[WARNING] DISTRIBUTED(164686,ffff9f415020,python):2026-03-02-10:56:11.154.521 [mindspore/ccsrc/distributed/cluster/cluster_context.cc:245] BuildCluster] Topology build timed out., retry(252/1200).
[WARNING] DISTRIBUTED(164686,ffff9f415020,python):2026-03-02-10:56:11.654.608 [mindspore/ccsrc/distributed/cluster/cluster_context.cc:245] BuildCluster] Topology build timed out., retry(253/1200).
[WARNING] DISTRIBUTED(164686,ffff9f415020,python):2026-03-02-10:56:12.154.685 [mindspore/ccsrc/distributed/cluster/cluster_context.cc:245] BuildCluster] Topology build timed out., retry(254/1200).
[WARNING] DISTRIBUTED(164686,ffff9f415020,python):2026-03-02-10:56:12.654.761 [mindspore/ccsrc/distributed/cluster/cluster_context.cc:245] BuildCluster] Topology build timed out., retry(255/1200).
[WARNING] DISTRIBUTED(164686,ffff9f415020,python):2026-03-02-10:56:13.154.836 [mindspore/ccsrc/distributed/cluster/cluster_context.cc:245] BuildCluster] Topology build timed out., retry(256/1200).
[WARNING] DISTRIBUTED(164686,ffff9f415020,python):2026-03-02-10:56:13.654.932 [mindspore/ccsrc/distributed/cluster/cluster_context.cc:245] BuildCluster] Topology build timed out., retry(257/1200).
[WARNING] DISTRIBUTED(164686,ffff9f415020,python):2026-03-02-10:56:14.155.031 [mindspore/ccsrc/distributed/cluster/cluster_context.cc:245] BuildCluster] Topology build timed out., retry(258/1200).
[WARNING] DISTRIBUTED(164686,ffff9f415020,python):2026-03-02-10:56:14.655.120 [mindspore/ccsrc/distributed/cluster/cluster_context.cc:245] BuildCluster] Topology build timed out., retry(259/1200).
[WARNING] DISTRIBUTED(164686,ffff9f415020,python):2026-03-02-10:56:15.155.198 [mindspore/ccsrc/distributed/cluster/cluster_context.cc:245] BuildCluster] Topology build timed out., retry(260/1200).
[WARNING] DISTRIBUTED(164686,ffff9f415020,python):2026-03-02-10:56:15.655.281 [mindspore/ccsrc/distributed/cluster/cluster_context.cc:245] BuildCluster] Topology build timed out., retry(261/1200).
[WARNING] DISTRIBUTED(164686,ffff9f415020,python):2026-03-02-10:56:16.155.360 [mindspore/ccsrc/distributed/cluster/cluster_context.cc:245] BuildCluster] Topology build timed out., retry(262/1200).
[WARNING] DISTRIBUTED(164686,ffff9f415020,python):2026-03-02-10:56:16.655.453 [mindspore/ccsrc/distributed/cluster/cluster_context.cc:245] BuildCluster] Topology build timed out., retry(263/1200).
[WARNING] DISTRIBUTED(164686,ffff9f415020,python):2026-03-02-10:56:17.155.536 [mindspore/ccsrc/distributed/cluster/cluster_context.cc:245] BuildCluster] Topology build timed out., retry(264/1200).
[WARNING] DISTRIBUTED(164686,ffff9f415020,python):2026-03-02-10:56:17.655.619 [mindspore/ccsrc/distributed/cluster/cluster_context.cc:245] BuildCluster] Topology build timed out., retry(265/1200).
[WARNING] DISTRIBUTED(164686,ffff9f415020,python):2026-03-02-10:56:18.155.700 [mindspore/ccsrc/distributed/cluster/cluster_context.cc:245] BuildCluster] Topology build timed out., retry(266/1200).
[WARNING] DISTRIBUTED(164686,ffff9f415020,python):2026-03-02-10:56:18.655.785 [mindspore/ccsrc/distributed/cluster/cluster_context.cc:245] BuildCluster] Topology build timed out., retry(267/1200).
[WARNING] DISTRIBUTED(164686,ffff9f415020,python):2026-03-02-10:56:19.155.863 [mindspore/ccsrc/distributed/cluster/cluster_context.cc:245] BuildCluster] Topology build timed out., retry(268/1200).
[WARNING] DISTRIBUTED(164686,ffff9f415020,python):2026-03-02-10:56:19.655.943 [mindspore/ccsrc/distributed/cluster/cluster_context.cc:245] BuildCluster] Topology build timed out., retry(269/1200).
[WARNING] DISTRIBUTED(164686,ffff9f415020,python):2026-03-02-10:56:20.156.022 [mindspore/ccsrc/distributed/cluster/cluster_context.cc:245] BuildCluster] Topology build timed out., retry(270/1200).
[WARNING] DISTRIBUTED(164686,ffff9f415020,python):2026-03-02-10:56:20.656.101 [mindspore/ccsrc/distributed/cluster/cluster_context.cc:245] BuildCluster] Topology build timed out., retry(271/1200).
[WARNING] DISTRIBUTED(164686,ffff9f415020,python):2026-03-02-10:56:21.156.177 [mindspore/ccsrc/distributed/cluster/cluster_context.cc:245] BuildCluster] Topology build timed out., retry(272/1200).
[WARNING] DISTRIBUTED(164686,ffff9f415020,python):2026-03-02-10:56:21.656.254 [mindspore/ccsrc/distributed/cluster/cluster_context.cc:245] BuildCluster] Topology build timed out., retry(273/1200).
[WARNING] DISTRIBUTED(164686,ffff9f415020,python):2026-03-02-10:56:22.156.337 [mindspore/ccsrc/distributed/cluster/cluster_context.cc:245] BuildCluster] Topology build timed out., retry(274/1200).
[WARNING] DISTRIBUTED(164686,ffff9f415020,python):2026-03-02-10:56:22.656.420 [mindspore/ccsrc/distributed/cluster/cluster_context.cc:245] BuildCluster] Topology build timed out., retry(275/1200).
[WARNING] DISTRIBUTED(164686,ffff9f415020,python):2026-03-02-10:56:23.156.497 [mindspore/ccsrc/distributed/cluster/cluster_context.cc:245] BuildCluster] Topology build timed out., retry(276/1200).
[WARNING] DISTRIBUTED(164686,ffff9f415020,python):2026-03-02-10:56:23.656.586 [mindspore/ccsrc/distributed/cluster/cluster_context.cc:245] BuildCluster] Topology build timed out., retry(277/1200).
[WARNING] DISTRIBUTED(164686,ffff9f415020,python):2026-03-02-10:56:24.156.682 [mindspore/ccsrc/distributed/cluster/cluster_context.cc:245] BuildCluster] Topology build timed out., retry(278/1200).
[WARNING] DISTRIBUTED(164686,ffff9f415020,python):2026-03-02-10:56:24.656.773 [mindspore/ccsrc/distributed/cluster/cluster_context.cc:245] BuildCluster] Topology build timed out., retry(279/1200).
[WARNING] DISTRIBUTED(164686,ffff9f415020,python):2026-03-02-10:56:25.156.860 [mindspore/ccsrc/distributed/cluster/cluster_context.cc:245] BuildCluster] Topology build timed out., retry(280/1200).
[WARNING] DISTRIBUTED(164686,ffff9f415020,python):2026-03-02-10:56:25.656.958 [mindspore/ccsrc/distributed/cluster/cluster_context.cc:245] BuildCluster] Topology build timed out., retry(281/1200).
[WARNING] DISTRIBUTED(164686,ffff9f415020,python):2026-03-02-10:56:26.157.041 [mindspore/ccsrc/distributed/cluster/cluster_context.cc:245] BuildCluster] Topology build timed out., retry(282/1200).
[WARNING] DISTRIBUTED(164686,ffff9f415020,python):2026-03-02-10:56:26.657.126 [mindspore/ccsrc/distributed/cluster/cluster_context.cc:245] BuildCluster] Topology build timed out., retry(283/1200).
[WARNING] DISTRIBUTED(164686,ffff9f415020,python):2026-03-02-10:56:27.157.231 [mindspore/ccsrc/distributed/cluster/cluster_context.cc:245] BuildCluster] Topology build timed out., retry(284/1200).
[WARNING] DISTRIBUTED(164686,ffff9f415020,python):2026-03-02-10:56:27.657.311 [mindspore/ccsrc/distributed/cluster/cluster_context.cc:245] BuildCluster] Topology build timed out., retry(285/1200).
[WARNING] DISTRIBUTED(164686,ffff9f415020,python):2026-03-02-10:56:28.157.390 [mindspore/ccsrc/distributed/cluster/cluster_context.cc:245] BuildCluster] Topology build timed out., retry(286/1200).
[WARNING] DISTRIBUTED(164686,ffff9f415020,python):2026-03-02-10:56:28.657.478 [mindspore/ccsrc/distributed/cluster/cluster_context.cc:245] BuildCluster] Topology build timed out., retry(287/1200).
[WARNING] DISTRIBUTED(164686,ffff9f415020,python):2026-03-02-10:56:29.157.582 [mindspore/ccsrc/distributed/cluster/cluster_context.cc:245] BuildCluster] Topology build timed out., retry(288/1200).
[WARNING] DISTRIBUTED(164686,ffff9f415020,python):2026-03-02-10:56:29.657.687 [mindspore/ccsrc/distributed/cluster/cluster_context.cc:245] BuildCluster] Topology build timed out., retry(289/1200).
[WARNING] DISTRIBUTED(164686,fffd676bf1a0,python):2026-03-02-10:56:29.872.152 [mindspore/ccsrc/distributed/cluster/topology/meta_server_node.cc:254] ProcessRegister] The new node: 3(role: MS_WORKER), rank id: 3, device id: 3, hostname: train06, ip: 127.0.0.1 is registered successfully. Currently registered node number: 1, expected node number: 4
[WARNING] DISTRIBUTED(164686,fffd676bf1a0,python):2026-03-02-10:56:29.933.374 [mindspore/ccsrc/distributed/cluster/topology/meta_server_node.cc:254] ProcessRegister] The new node: 1(role: MS_WORKER), rank id: 1, device id: 1, hostname: train06, ip: 127.0.0.1 is registered successfully. Currently registered node number: 2, expected node number: 4
[WARNING] DISTRIBUTED(164686,ffff9f415020,python):2026-03-02-10:56:30.157.772 [mindspore/ccsrc/distributed/cluster/cluster_context.cc:245] BuildCluster] Topology build timed out., retry(290/1200).
[WARNING] DISTRIBUTED(164686,fffd676bf1a0,python):2026-03-02-10:56:30.335.293 [mindspore/ccsrc/distributed/cluster/topology/meta_server_node.cc:254] ProcessRegister] The new node: 0(role: MS_WORKER), rank id: 0, device id: 0, hostname: train06, ip: 127.0.0.1 is registered successfully. Currently registered node number: 3, expected node number: 4
[WARNING] DISTRIBUTED(164686,fffd676bf1a0,python):2026-03-02-10:56:30.335.384 [mindspore/ccsrc/distributed/cluster/topology/meta_server_node.cc:772] ReassignNodeRank] Rank ids are already set by numeric node ids. No need to reassign them.
[WARNING] DISTRIBUTED(164686,fffd676bf1a0,python):2026-03-02-10:56:30.335.431 [mindspore/ccsrc/distributed/cluster/topology/meta_server_node.cc:254] ProcessRegister] The new node: 2(role: MS_WORKER), rank id: 2, device id: 2, hostname: train06, ip: 127.0.0.1 is registered successfully. Currently registered node number: 4, expected node number: 4
[WARNING] DISTRIBUTED(164686,ffff9f415020,python):2026-03-02-10:56:30.657.876 [mindspore/ccsrc/distributed/cluster/cluster_context.cc:248] BuildCluster] Cluster is successfully initialized.
[WARNING] DISTRIBUTED(164686,ffff9f415020,python):2026-03-02-10:56:30.657.927 [mindspore/ccsrc/distributed/cluster/topology/meta_server_node.cc:98] Finalize] The meta server node can not be finalized because there are still 4 alive nodes.
[WARNING] DISTRIBUTED(164686,ffff9f415020,python):2026-03-02-10:56:30.657.944 [mindspore/ccsrc/distributed/cluster/cluster_context.cc:153] Finalize] This log means the cluster is successfully created. Retry to finalize the node and exit cluster...
[WARNING] DISTRIBUTED(164686,ffff9f415020,python):2026-03-02-10:56:35.658.076 [mindspore/ccsrc/distributed/cluster/topology/meta_server_node.cc:98] Finalize] The meta server node can not be finalized because there are still 4 alive nodes.
[WARNING] DISTRIBUTED(164686,ffff9f415020,python):2026-03-02-10:56:35.658.151 [mindspore/ccsrc/distributed/cluster/cluster_context.cc:153] Finalize] This log means the cluster is successfully created. Retry to finalize the node and exit cluster...
[WARNING] DISTRIBUTED(164686,ffff9f415020,python):2026-03-02-10:56:40.658.356 [mindspore/ccsrc/distributed/cluster/topology/meta_server_node.cc:98] Finalize] The meta server node can not be finalized because there are still 4 alive nodes.
[WARNING] DISTRIBUTED(164686,ffff9f415020,python):2026-03-02-10:56:40.658.497 [mindspore/ccsrc/distributed/cluster/cluster_context.cc:153] Finalize] This log means the cluster is successfully created. Retry to finalize the node and exit cluster...
[WARNING] DISTRIBUTED(164686,ffff9f415020,python):2026-03-02-10:56:45.658.653 [mindspore/ccsrc/distributed/cluster/topology/meta_server_node.cc:98] Finalize] The meta server node can not be finalized because there are still 4 alive nodes.
[WARNING] DISTRIBUTED(164686,ffff9f415020,python):2026-03-02-10:56:45.658.760 [mindspore/ccsrc/distributed/cluster/cluster_context.cc:153] Finalize] This log means the cluster is successfully created. Retry to finalize the node and exit cluster...
[WARNING] DISTRIBUTED(164686,ffff9f415020,python):2026-03-02-10:56:50.658.911 [mindspore/ccsrc/distributed/cluster/topology/meta_server_node.cc:98] Finalize] The meta server node can not be finalized because there are still 4 alive nodes.
[WARNING] DISTRIBUTED(164686,ffff9f415020,python):2026-03-02-10:56:50.659.017 [mindspore/ccsrc/distributed/cluster/cluster_context.cc:153] Finalize] This log means the cluster is successfully created. Retry to finalize the node and exit cluster...
[WARNING] DISTRIBUTED(164686,ffff9f415020,python):2026-03-02-10:56:55.659.135 [mindspore/ccsrc/distributed/cluster/topology/meta_server_node.cc:98] Finalize] The meta server node can not be finalized because there are still 4 alive nodes.
[WARNING] DISTRIBUTED(164686,ffff9f415020,python):2026-03-02-10:56:55.659.202 [mindspore/ccsrc/distributed/cluster/cluster_context.cc:153] Finalize] This log means the cluster is successfully created. Retry to finalize the node and exit cluster...
[WARNING] DISTRIBUTED(164686,ffff9f415020,python):2026-03-02-10:57:00.659.301 [mindspore/ccsrc/distributed/cluster/topology/meta_server_node.cc:98] Finalize] The meta server node can not be finalized because there are still 4 alive nodes.
[WARNING] DISTRIBUTED(164686,ffff9f415020,python):2026-03-02-10:57:00.659.352 [mindspore/ccsrc/distributed/cluster/cluster_context.cc:153] Finalize] This log means the cluster is successfully created. Retry to finalize the node and exit cluster...
[WARNING] DISTRIBUTED(164686,ffff9f415020,python):2026-03-02-10:57:05.659.500 [mindspore/ccsrc/distributed/cluster/topology/meta_server_node.cc:98] Finalize] The meta server node can not be finalized because there are still 4 alive nodes.
[WARNING] DISTRIBUTED(164686,ffff9f415020,python):2026-03-02-10:57:05.659.605 [mindspore/ccsrc/distributed/cluster/cluster_context.cc:153] Finalize] This log means the cluster is successfully created. Retry to finalize the node and exit cluster...
[WARNING] DISTRIBUTED(164686,ffff9f415020,python):2026-03-02-10:57:10.659.705 [mindspore/ccsrc/distributed/cluster/topology/meta_server_node.cc:98] Finalize] The meta server node can not be finalized because there are still 4 alive nodes.
[WARNING] DISTRIBUTED(164686,ffff9f415020,python):2026-03-02-10:57:10.659.756 [mindspore/ccsrc/distributed/cluster/cluster_context.cc:153] Finalize] This log means the cluster is successfully created. Retry to finalize the node and exit cluster...
[WARNING] DISTRIBUTED(164686,ffff9f415020,python):2026-03-02-10:57:15.659.867 [mindspore/ccsrc/distributed/cluster/topology/meta_server_node.cc:98] Finalize] The meta server node can not be finalized because there are still 4 alive nodes.
[WARNING] DISTRIBUTED(164686,ffff9f415020,python):2026-03-02-10:57:15.659.934 [mindspore/ccsrc/distributed/cluster/cluster_context.cc:153] Finalize] This log means the cluster is successfully created. Retry to finalize the node and exit cluster...
[WARNING] DISTRIBUTED(164686,fffd676bf1a0,python):2026-03-02-10:57:19.928.950 [mindspore/ccsrc/distributed/rpc/tcp/connection.cc:79] SocketEventHandler] Event value fd: 212, events: 8193, state: 4, errcode: 11, errno: 11 Resource temporarily unavailable, remote peer: 127.0.0.1:40412, type:1, remote: 1, count: 1, this peer: 127.0.0.1:8118, please check remote peer address: 127.0.0.1:40412 in worker log to find out which worker disconnected.
[WARNING] DISTRIBUTED(164686,ffff9f415020,python):2026-03-02-10:57:20.660.041 [mindspore/ccsrc/distributed/cluster/topology/meta_server_node.cc:98] Finalize] The meta server node can not be finalized because there are still 4 alive nodes.
[WARNING] DISTRIBUTED(164686,ffff9f415020,python):2026-03-02-10:57:20.660.088 [mindspore/ccsrc/distributed/cluster/cluster_context.cc:153] Finalize] This log means the cluster is successfully created. Retry to finalize the node and exit cluster...
[WARNING] DISTRIBUTED(164686,ffff9f415020,python):2026-03-02-10:57:25.660.215 [mindspore/ccsrc/distributed/cluster/topology/meta_server_node.cc:98] Finalize] The meta server node can not be finalized because there are still 4 alive nodes.
[WARNING] DISTRIBUTED(164686,ffff9f415020,python):2026-03-02-10:57:25.660.297 [mindspore/ccsrc/distributed/cluster/cluster_context.cc:153] Finalize] This log means the cluster is successfully created. Retry to finalize the node and exit cluster...
[WARNING] DISTRIBUTED(164686,ffff9f415020,python):2026-03-02-10:57:30.660.393 [mindspore/ccsrc/distributed/cluster/topology/meta_server_node.cc:98] Finalize] The meta server node can not be finalized because there are still 4 alive nodes.
[WARNING] DISTRIBUTED(164686,ffff9f415020,python):2026-03-02-10:57:30.660.443 [mindspore/ccsrc/distributed/cluster/cluster_context.cc:153] Finalize] This log means the cluster is successfully created. Retry to finalize the node and exit cluster...
[WARNING] DISTRIBUTED(164686,ffff9f415020,python):2026-03-02-10:57:35.660.578 [mindspore/ccsrc/distributed/cluster/topology/meta_server_node.cc:98] Finalize] The meta server node can not be finalized because there are still 4 alive nodes.
[WARNING] DISTRIBUTED(164686,ffff9f415020,python):2026-03-02-10:57:35.660.665 [mindspore/ccsrc/distributed/cluster/cluster_context.cc:153] Finalize] This log means the cluster is successfully created. Retry to finalize the node and exit cluster...
[WARNING] DISTRIBUTED(164686,ffff9f415020,python):2026-03-02-10:57:40.660.762 [mindspore/ccsrc/distributed/cluster/topology/meta_server_node.cc:98] Finalize] The meta server node can not be finalized because there are still 4 alive nodes.
[WARNING] DISTRIBUTED(164686,ffff9f415020,python):2026-03-02-10:57:40.660.852 [mindspore/ccsrc/distributed/cluster/cluster_context.cc:153] Finalize] This log means the cluster is successfully created. Retry to finalize the node and exit cluster...
[WARNING] DISTRIBUTED(164686,ffff9f415020,python):2026-03-02-10:57:45.660.962 [mindspore/ccsrc/distributed/cluster/topology/meta_server_node.cc:98] Finalize] The meta server node can not be finalized because there are still 4 alive nodes.
[WARNING] DISTRIBUTED(164686,ffff9f415020,python):2026-03-02-10:57:45.661.070 [mindspore/ccsrc/distributed/cluster/cluster_context.cc:153] Finalize] This log means the cluster is successfully created. Retry to finalize the node and exit cluster...
[ERROR] DISTRIBUTED(164686,fffd6669f1a0,python):2026-03-02-10:57:47.158.624 [mindspore/ccsrc/distributed/cluster/topology/meta_server_node.cc:511] UpdateTopoState] The node: 1 is timed out. It may exit with exception, please check this node's log.
[ERROR] DISTRIBUTED(164686,ffff9f415020,python):2026-03-02-10:57:50.661.236 [mindspore/ccsrc/distributed/cluster/topology/meta_server_node.cc:103] Finalize] There are 1 abnormal compute graph nodes.
Traceback (most recent call last):
  File "/home/user7/npu-nvme/train_llama2_dist.py", line 280, in <module>
    main()
  File "/home/user7/npu-nvme/train_llama2_dist.py", line 199, in main
    init()
  File "/root/miniconda3/envs/ms_2.5/lib/python3.9/site-packages/mindspore/communication/management.py", line 198, in init
    init_cluster()
RuntimeError: The total number of timed out node is 1. Timed out node list is: [const vector]{1}, worker 1 is the first one timed out, please check its log.

----------------------------------------------------
- C++ Call Stack: (For framework developers)
----------------------------------------------------
mindspore/ccsrc/distributed/cluster/topology/meta_server_node.cc:517 UpdateTopoState

