EAL: '-c <coremask>' option is deprecated, and will be removed in a future release
EAL: 	Use '-l <corelist>' or '--lcores=<corelist>' option instead
[Diag] after spdk_env_init: rte_lcore_count=1 rte_socket_count=8 spdk_core_count=1
[Diag] reactor: rings w=0x2000008fd600 r=0x2000008fd080 m=0x2000008fcb80 pollers s=0xffff78001db0 w=0xffff78001f50 r=0xffff780020f0 m=0xffff78002290
[NPU-NVMe] Found matching controller at 0000:83:00.0
[NPU-NVMe] Attached NS: block_size=512 total_blocks=7501476528
[Init] NPUNVME Fully Initialized! Stream/Events ready. Max Pipe Depth: 2
[Init] Initialisation complete.
[Diag] after spdk_env_init: rte_lcore_count=1 rte_socket_count=8 spdk_core_count=1
[Diag] reactor: rings w=0x2000008fd500 r=0x2000008fcf80 m=0x2000004ff580 pollers s=0xffff78001db0 w=0xffff78001f50 r=0xffff780020f0 m=0xffff78002290
[NPU-NVMe] Found matching controller at 0000:83:00.0
[NPU-NVMe] Attached NS: block_size=512 total_blocks=7501476528
[Init] NPUNVME Fully Initialized! Stream/Events ready. Max Pipe Depth: 2
[Init] Initialisation complete.
[Diag] after spdk_env_init: rte_lcore_count=1 rte_socket_count=8 spdk_core_count=1
[Diag] reactor: rings w=0x2000008fd500 r=0x2000008fcf80 m=0x2000004ff580 pollers s=0xffff60001db0 w=0xffff60001f50 r=0xffff600020f0 m=0xffff60002290
[NPU-NVMe] Found matching controller at 0000:83:00.0
[NPU-NVMe] Attached NS: block_size=512 total_blocks=7501476528
[Init] NPUNVME Fully Initialized! Stream/Events ready. Max Pipe Depth: 2
[Init] Initialisation complete.
[Diag] after spdk_env_init: rte_lcore_count=1 rte_socket_count=8 spdk_core_count=1
[Diag] reactor: rings w=0x2000008fd500 r=0x2000008fcf80 m=0x2000004ff580 pollers s=0xffff60001db0 w=0xffff60001f50 r=0xffff600020f0 m=0xffff60002290
[NPU-NVMe] Found matching controller at 0000:83:00.0
[NPU-NVMe] Attached NS: block_size=512 total_blocks=7501476528
[Init] NPUNVME Fully Initialized! Stream/Events ready. Max Pipe Depth: 2
[Init] Initialisation complete.
[Diag] after spdk_env_init: rte_lcore_count=1 rte_socket_count=8 spdk_core_count=1
[Diag] reactor: rings w=0x2000008fd500 r=0x2000008fcf80 m=0x2000004ff580 pollers s=0xffff60001db0 w=0xffff60001f50 r=0xffff600020f0 m=0xffff60002290
[NPU-NVMe] Found matching controller at 0000:83:00.0
[NPU-NVMe] Attached NS: block_size=512 total_blocks=7501476528
[Init] NPUNVME Fully Initialized! Stream/Events ready. Max Pipe Depth: 2
[Init] Initialisation complete.
[Diag] after spdk_env_init: rte_lcore_count=1 rte_socket_count=8 spdk_core_count=1
[Diag] reactor: rings w=0x2000008fd500 r=0x2000008fcf80 m=0x2000004ff580 pollers s=0xffff60001db0 w=0xffff60001f50 r=0xffff600020f0 m=0xffff60002290
[NPU-NVMe] Found matching controller at 0000:83:00.0
[NPU-NVMe] Attached NS: block_size=512 total_blocks=7501476528
[Init] NPUNVME Fully Initialized! Stream/Events ready. Max Pipe Depth: 2
[Init] Initialisation complete.
[Diag] after spdk_env_init: rte_lcore_count=1 rte_socket_count=8 spdk_core_count=1
[Diag] reactor: rings w=0x2000008fd500 r=0x2000008fcf80 m=0x2000004ff580 pollers s=0xffff60001f50 w=0xffff600020f0 r=0xffff60002290 m=0xffff60002430
[NPU-NVMe] Found matching controller at 0000:83:00.0
[NPU-NVMe] Attached NS: block_size=512 total_blocks=7501476528
[Init] NPUNVME Fully Initialized! Stream/Events ready. Max Pipe Depth: 2
[Init] Initialisation complete.
[Diag] after spdk_env_init: rte_lcore_count=1 rte_socket_count=8 spdk_core_count=1
[Diag] reactor: rings w=0x2000008fd500 r=0x2000008fcf80 m=0x2000004ff580 pollers s=0xffff60001b20 w=0xffff600021e0 r=0xffff60002380 m=0xffff60002640
[NPU-NVMe] Found matching controller at 0000:83:00.0
[NPU-NVMe] Attached NS: block_size=512 total_blocks=7501476528
[Init] NPUNVME Fully Initialized! Stream/Events ready. Max Pipe Depth: 2
[Init] Initialisation complete.
[Diag] after spdk_env_init: rte_lcore_count=1 rte_socket_count=8 spdk_core_count=1
[Diag] reactor: rings w=0x2000008fd500 r=0x2000008fcf80 m=0x2000004ff580 pollers s=0xffff60001b20 w=0xffff600021e0 r=0xffff60002380 m=0xffff60002640
[NPU-NVMe] Found matching controller at 0000:83:00.0
[NPU-NVMe] Attached NS: block_size=512 total_blocks=7501476528
[Init] NPUNVME Fully Initialized! Stream/Events ready. Max Pipe Depth: 2
[Init] Initialisation complete.
[Diag] after spdk_env_init: rte_lcore_count=1 rte_socket_count=8 spdk_core_count=1
[Diag] reactor: rings w=0x2000008fd500 r=0x2000008fcf80 m=0x2000004ff580 pollers s=0xffff600021e0 w=0xffff60002380 r=0xffff60002640 m=0xffff600027e0
[NPU-NVMe] Found matching controller at 0000:83:00.0
[NPU-NVMe] Attached NS: block_size=512 total_blocks=7501476528
[Init] NPUNVME Fully Initialized! Stream/Events ready. Max Pipe Depth: 2
[Init] Initialisation complete.
[Diag] after spdk_env_init: rte_lcore_count=1 rte_socket_count=8 spdk_core_count=1
[Diag] reactor: rings w=0x2000008fd500 r=0x2000008fcf80 m=0x2000004ff580 pollers s=0xffff60002380 w=0xffff60002640 r=0xffff600027e0 m=0xffff60002980
[NPU-NVMe] Found matching controller at 0000:83:00.0
[NPU-NVMe] Attached NS: block_size=512 total_blocks=7501476528
[Init] NPUNVME Fully Initialized! Stream/Events ready. Max Pipe Depth: 2
[Init] Initialisation complete.
[Diag] after spdk_env_init: rte_lcore_count=1 rte_socket_count=8 spdk_core_count=1
[Diag] reactor: rings w=0x2000008fd500 r=0x2000008fcf80 m=0x2000004ff580 pollers s=0xffff60002380 w=0xffff60002640 r=0xffff600027e0 m=0xffff60002980
[NPU-NVMe] Found matching controller at 0000:83:00.0
[NPU-NVMe] Attached NS: block_size=512 total_blocks=7501476528
[Init] NPUNVME Fully Initialized! Stream/Events ready. Max Pipe Depth: 2
[Init] Initialisation complete.
[Diag] after spdk_env_init: rte_lcore_count=1 rte_socket_count=8 spdk_core_count=1
[Diag] reactor: rings w=0x2000008fd500 r=0x2000008fcf80 m=0x2000004ff580 pollers s=0xffff60002640 w=0xffff600027e0 r=0xffff60002980 m=0xffff60002b20
[NPU-NVMe] Found matching controller at 0000:83:00.0
[NPU-NVMe] Attached NS: block_size=512 total_blocks=7501476528
[Init] NPUNVME Fully Initialized! Stream/Events ready. Max Pipe Depth: 2
[Init] Initialisation complete.
[Diag] after spdk_env_init: rte_lcore_count=1 rte_socket_count=8 spdk_core_count=1
[Diag] reactor: rings w=0x2000008fd500 r=0x2000008fcf80 m=0x2000004ff580 pollers s=0xffff60002640 w=0xffff600027e0 r=0xffff60002980 m=0xffff60002b20
[NPU-NVMe] Found matching controller at 0000:83:00.0
[NPU-NVMe] Attached NS: block_size=512 total_blocks=7501476528
[Init] NPUNVME Fully Initialized! Stream/Events ready. Max Pipe Depth: 2
[Init] Initialisation complete.
[Diag] after spdk_env_init: rte_lcore_count=1 rte_socket_count=8 spdk_core_count=1
[Diag] reactor: rings w=0x2000008fd500 r=0x2000008fcf80 m=0x2000004ff580 pollers s=0xffff60002640 w=0xffff600027e0 r=0xffff60002980 m=0xffff60002b20
[NPU-NVMe] Found matching controller at 0000:83:00.0
[NPU-NVMe] Attached NS: block_size=512 total_blocks=7501476528
[Init] NPUNVME Fully Initialized! Stream/Events ready. Max Pipe Depth: 2
[Init] Initialisation complete.
[Diag] after spdk_env_init: rte_lcore_count=1 rte_socket_count=8 spdk_core_count=1
[Diag] reactor: rings w=0x2000008fd500 r=0x2000008fcf80 m=0x2000004ff580 pollers s=0xffff60002640 w=0xffff600027e0 r=0xffff60002980 m=0xffff60002b20
[NPU-NVMe] Found matching controller at 0000:83:00.0
[NPU-NVMe] Attached NS: block_size=512 total_blocks=7501476528
[Init] NPUNVME Fully Initialized! Stream/Events ready. Max Pipe Depth: 2
[Init] Initialisation complete.
[Diag] after spdk_env_init: rte_lcore_count=1 rte_socket_count=8 spdk_core_count=1
[Diag] reactor: rings w=0x2000008fd500 r=0x2000008fcf80 m=0x2000004ff580 pollers s=0xffff60002640 w=0xffff600027e0 r=0xffff60002980 m=0xffff60002b20
[NPU-NVMe] Found matching controller at 0000:83:00.0
[NPU-NVMe] Attached NS: block_size=512 total_blocks=7501476528
[Init] NPUNVME Fully Initialized! Stream/Events ready. Max Pipe Depth: 2
[Init] Initialisation complete.
[Diag] after spdk_env_init: rte_lcore_count=1 rte_socket_count=8 spdk_core_count=1
[Diag] reactor: rings w=0x2000008fd500 r=0x2000008fcf80 m=0x2000004ff580 pollers s=0xffff60002620 w=0xffff600027c0 r=0xffff60002960 m=0xffff60002b00
[NPU-NVMe] Found matching controller at 0000:83:00.0
[NPU-NVMe] Attached NS: block_size=512 total_blocks=7501476528
[Init] NPUNVME Fully Initialized! Stream/Events ready. Max Pipe Depth: 2
[Init] Initialisation complete.
[Diag] after spdk_env_init: rte_lcore_count=1 rte_socket_count=8 spdk_core_count=1
[Diag] reactor: rings w=0x2000008fd500 r=0x2000008fcf80 m=0x2000004ff580 pollers s=0xffff60002620 w=0xffff600027c0 r=0xffff60002960 m=0xffff60002b00
[NPU-NVMe] Found matching controller at 0000:83:00.0
[NPU-NVMe] Attached NS: block_size=512 total_blocks=7501476528
[Init] NPUNVME Fully Initialized! Stream/Events ready. Max Pipe Depth: 2
[Init] Initialisation complete.
[Diag] after spdk_env_init: rte_lcore_count=1 rte_socket_count=8 spdk_core_count=1
[Diag] reactor: rings w=0x2000008fd500 r=0x2000008fcf80 m=0x2000004ff580 pollers s=0xffff60002620 w=0xffff600027c0 r=0xffff60002960 m=0xffff60002b00
[NPU-NVMe] Found matching controller at 0000:83:00.0
[NPU-NVMe] Attached NS: block_size=512 total_blocks=7501476528
[Init] NPUNVME Fully Initialized! Stream/Events ready. Max Pipe Depth: 2
[Init] Initialisation complete.
[Diag] after spdk_env_init: rte_lcore_count=1 rte_socket_count=8 spdk_core_count=1
[Diag] reactor: rings w=0x2000008fd500 r=0x2000008fcf80 m=0x2000004ff580 pollers s=0xffff60002620 w=0xffff600027c0 r=0xffff60002960 m=0xffff60002b00
[NPU-NVMe] Found matching controller at 0000:83:00.0
[NPU-NVMe] Attached NS: block_size=512 total_blocks=7501476528
[Init] NPUNVME Fully Initialized! Stream/Events ready. Max Pipe Depth: 2
[Init] Initialisation complete.
[Diag] after spdk_env_init: rte_lcore_count=1 rte_socket_count=8 spdk_core_count=1
[Diag] reactor: rings w=0x2000008fd500 r=0x2000008fcf80 m=0x2000004ff580 pollers s=0xffff60002620 w=0xffff600027c0 r=0xffff60002960 m=0xffff60002b00
[NPU-NVMe] Found matching controller at 0000:83:00.0
[NPU-NVMe] Attached NS: block_size=512 total_blocks=7501476528
[Init] NPUNVME Fully Initialized! Stream/Events ready. Max Pipe Depth: 2
[Init] Initialisation complete.
[Diag] after spdk_env_init: rte_lcore_count=1 rte_socket_count=8 spdk_core_count=1
[Diag] reactor: rings w=0x2000008fd500 r=0x2000008fcf80 m=0x2000004ff580 pollers s=0xffff60002620 w=0xffff600027c0 r=0xffff60002960 m=0xffff60002b00
[NPU-NVMe] Found matching controller at 0000:83:00.0
[NPU-NVMe] Attached NS: block_size=512 total_blocks=7501476528
[Init] NPUNVME Fully Initialized! Stream/Events ready. Max Pipe Depth: 2
[Init] Initialisation complete.
[Diag] after spdk_env_init: rte_lcore_count=1 rte_socket_count=8 spdk_core_count=1
[Diag] reactor: rings w=0x2000008fd500 r=0x2000008fcf80 m=0x2000004ff580 pollers s=0xffff60002620 w=0xffff600027c0 r=0xffff60002960 m=0xffff60002b00
[NPU-NVMe] Found matching controller at 0000:83:00.0
[NPU-NVMe] Attached NS: block_size=512 total_blocks=7501476528
[Init] NPUNVME Fully Initialized! Stream/Events ready. Max Pipe Depth: 2
[Init] Initialisation complete.
[Diag] after spdk_env_init: rte_lcore_count=1 rte_socket_count=8 spdk_core_count=1
[Diag] reactor: rings w=0x2000008fd500 r=0x2000008fcf80 m=0x2000004ff580 pollers s=0xffff60002620 w=0xffff600027c0 r=0xffff60002960 m=0xffff60002b00
[NPU-NVMe] Found matching controller at 0000:83:00.0
[NPU-NVMe] Attached NS: block_size=512 total_blocks=7501476528
[Init] NPUNVME Fully Initialized! Stream/Events ready. Max Pipe Depth: 2
[Init] Initialisation complete.
[Diag] after spdk_env_init: rte_lcore_count=1 rte_socket_count=8 spdk_core_count=1
[Diag] reactor: rings w=0x2000008fd500 r=0x2000008fcf80 m=0x2000004ff580 pollers s=0xffff60002620 w=0xffff600027c0 r=0xffff60002960 m=0xffff60002b00
[NPU-NVMe] Found matching controller at 0000:83:00.0
[NPU-NVMe] Attached NS: block_size=512 total_blocks=7501476528
[Init] NPUNVME Fully Initialized! Stream/Events ready. Max Pipe Depth: 2
[Init] Initialisation complete.
[Diag] after spdk_env_init: rte_lcore_count=1 rte_socket_count=8 spdk_core_count=1
[Diag] reactor: rings w=0x2000008fd500 r=0x2000008fcf80 m=0x2000004ff580 pollers s=0xffff60002620 w=0xffff600027c0 r=0xffff60002960 m=0xffff60002b00
[NPU-NVMe] Found matching controller at 0000:83:00.0
[NPU-NVMe] Attached NS: block_size=512 total_blocks=7501476528
[Init] NPUNVME Fully Initialized! Stream/Events ready. Max Pipe Depth: 2
[Init] Initialisation complete.
[Diag] after spdk_env_init: rte_lcore_count=1 rte_socket_count=8 spdk_core_count=1
[Diag] reactor: rings w=0x2000008fd500 r=0x2000008fcf80 m=0x2000004ff580 pollers s=0xffff60002620 w=0xffff600027c0 r=0xffff60002960 m=0xffff60002b00
[NPU-NVMe] Found matching controller at 0000:83:00.0
[NPU-NVMe] Attached NS: block_size=512 total_blocks=7501476528
[Init] NPUNVME Fully Initialized! Stream/Events ready. Max Pipe Depth: 2
[Init] Initialisation complete.
[Diag] after spdk_env_init: rte_lcore_count=1 rte_socket_count=8 spdk_core_count=1
[Diag] reactor: rings w=0x2000008fd500 r=0x2000008fcf80 m=0x2000004ff580 pollers s=0xffff60002620 w=0xffff600027c0 r=0xffff60002960 m=0xffff60002b00
[NPU-NVMe] Found matching controller at 0000:83:00.0
[NPU-NVMe] Attached NS: block_size=512 total_blocks=7501476528
[Init] NPUNVME Fully Initialized! Stream/Events ready. Max Pipe Depth: 2
[Init] Initialisation complete.
[Diag] after spdk_env_init: rte_lcore_count=1 rte_socket_count=8 spdk_core_count=1
[Diag] reactor: rings w=0x2000008fd500 r=0x2000008fcf80 m=0x2000004ff580 pollers s=0xffff60002620 w=0xffff600027c0 r=0xffff60002960 m=0xffff60002b00
[NPU-NVMe] Found matching controller at 0000:83:00.0
[NPU-NVMe] Attached NS: block_size=512 total_blocks=7501476528
[Init] NPUNVME Fully Initialized! Stream/Events ready. Max Pipe Depth: 2
[Init] Initialisation complete.
[Diag] after spdk_env_init: rte_lcore_count=1 rte_socket_count=8 spdk_core_count=1
[Diag] reactor: rings w=0x2000008fd500 r=0x2000008fcf80 m=0x2000004ff580 pollers s=0xffff60002620 w=0xffff600027c0 r=0xffff60002960 m=0xffff60002b00
[NPU-NVMe] Found matching controller at 0000:83:00.0
[NPU-NVMe] Attached NS: block_size=512 total_blocks=7501476528
[Init] NPUNVME Fully Initialized! Stream/Events ready. Max Pipe Depth: 2
[Init] Initialisation complete.
[Diag] after spdk_env_init: rte_lcore_count=1 rte_socket_count=8 spdk_core_count=1
[Diag] reactor: rings w=0x2000008fd500 r=0x2000008fcf80 m=0x2000004ff580 pollers s=0xffff60002620 w=0xffff600027c0 r=0xffff60002960 m=0xffff60002b00
[NPU-NVMe] Found matching controller at 0000:83:00.0
[NPU-NVMe] Attached NS: block_size=512 total_blocks=7501476528
[Init] NPUNVME Fully Initialized! Stream/Events ready. Max Pipe Depth: 2
[Init] Initialisation complete.
[Diag] after spdk_env_init: rte_lcore_count=1 rte_socket_count=8 spdk_core_count=1
[Diag] reactor: rings w=0x2000008fd500 r=0x2000008fcf80 m=0x2000004ff580 pollers s=0xffff60002620 w=0xffff600027c0 r=0xffff60002960 m=0xffff60002b00
[NPU-NVMe] Found matching controller at 0000:83:00.0
[NPU-NVMe] Attached NS: block_size=512 total_blocks=7501476528
[Init] NPUNVME Fully Initialized! Stream/Events ready. Max Pipe Depth: 2
[Init] Initialisation complete.
[Diag] after spdk_env_init: rte_lcore_count=1 rte_socket_count=8 spdk_core_count=1
[Diag] reactor: rings w=0x2000008fd500 r=0x2000008fcf80 m=0x2000004ff580 pollers s=0xffff60002620 w=0xffff600027c0 r=0xffff60002960 m=0xffff60002b00
[NPU-NVMe] Found matching controller at 0000:83:00.0
[NPU-NVMe] Attached NS: block_size=512 total_blocks=7501476528
[Init] NPUNVME Fully Initialized! Stream/Events ready. Max Pipe Depth: 2
[Init] Initialisation complete.
