/home/user7/miniconda3/envs/ms_2.5/lib/python3.9/site-packages/numpy/core/getlimits.py:549: UserWarning: The value of the smallest subnormal for <class 'numpy.float64'> type is zero.
  setattr(self, word, getattr(machar, word).flat[0])
/home/user7/miniconda3/envs/ms_2.5/lib/python3.9/site-packages/numpy/core/getlimits.py:89: UserWarning: The value of the smallest subnormal for <class 'numpy.float64'> type is zero.
  return self._float_to_str(self.smallest_subnormal)
/home/user7/miniconda3/envs/ms_2.5/lib/python3.9/site-packages/numpy/core/getlimits.py:549: UserWarning: The value of the smallest subnormal for <class 'numpy.float32'> type is zero.
  setattr(self, word, getattr(machar, word).flat[0])
/home/user7/miniconda3/envs/ms_2.5/lib/python3.9/site-packages/numpy/core/getlimits.py:89: UserWarning: The value of the smallest subnormal for <class 'numpy.float32'> type is zero.
  return self._float_to_str(self.smallest_subnormal)
[WARNING] ME(852719:281473692819488,MainProcess):2026-09-14-17:40:57.421.536 [mindspore/context.py:1335] For 'context.set_context', the parameter 'deterministic' will be deprecated and removed in a future version. Please use the api mindspore.set_deterministic() instead.
[WARNING] ME(852719:281473692819488,MainProcess):2026-09-14-17:40:57.422.888 [mindspore/context.py:1335] For 'context.set_context', the parameter 'deterministic' will be deprecated and removed in a future version. Please use the api mindspore.set_deterministic() instead.
[WARNING] ME(852719:281473692819488,MainProcess):2026-09-14-17:40:57.423.819 [mindspore/context.py:1335] For 'context.set_context', the parameter 'device_target' will be deprecated and removed in a future version. Please use the api mindspore.set_device() instead.
[WARNING] ME(852719:281473692819488,MainProcess):2026-09-14-17:40:57.424.566 [mindspore/context.py:1335] For 'context.set_context', the parameter 'device_id' will be deprecated and removed in a future version. Please use the api mindspore.set_device() instead.
/home/user7/miniconda3/envs/ms_2.5/lib/python3.9/site-packages/jieba/_compat.py:18: UserWarning: pkg_resources is deprecated as an API. See https://setuptools.pypa.io/en/latest/pkg_resources.html. The pkg_resources package is slated for removal as early as 2025-11-30. Refrain from using this package or pin to Setuptools<81.
  import pkg_resources
[WARNING] ME(852719:281473692819488,MainProcess):2026-09-14-17:40:58.613.034 [mindspore/ops/primitive.py:217] The in_strategy/in_layout of the operator in your network will not take effect in stand_alone mode. This means the the shard function called in the network is ignored. 
If you want to enable it, please use semi auto or auto parallel mode by context.set_auto_parallel_context(parallel_mode=ParallelMode.SEMI_AUTO_PARALLEL or context.set_auto_parallel_context(parallel_mode=ParallelMode.AUTO_PARALLEL)
[WARNING] ME(852719:281473692819488,MainProcess):2026-09-14-17:40:59.119.31 [mindspore/common/parameter.py:851] This interface may be deleted in the future.
[WARNING] ME(852719:281473692819488,MainProcess):2026-09-14-17:41:27.267.480 [mindspore/hal/stream.py:272] WARN_DEPRECATED: The usage of mindspore.hal.synchronize() is deprecated. Please use mindspore.runtime.synchronize()
[ERROR] COMMON(852719,ffffb3796020,python):2026-09-14-17:41:35.878.282 [mindspore/ccsrc/pybind_api/ir/tensor_py.cc:730] DataPtr] Tensor device address is null
[ERROR] COMMON(852719,ffffb3796020,python):2026-09-14-17:41:35.934.471 [mindspore/ccsrc/pybind_api/ir/tensor_py.cc:730] DataPtr] Tensor device address is null
[ERROR] COMMON(852719,ffffb3796020,python):2026-09-14-17:41:35.942.697 [mindspore/ccsrc/pybind_api/ir/tensor_py.cc:730] DataPtr] Tensor device address is null
[ERROR] COMMON(852719,ffffb3796020,python):2026-09-14-17:41:35.949.755 [mindspore/ccsrc/pybind_api/ir/tensor_py.cc:730] DataPtr] Tensor device address is null
[ERROR] COMMON(852719,ffffb3796020,python):2026-09-14-17:41:35.950.504 [mindspore/ccsrc/pybind_api/ir/tensor_py.cc:730] DataPtr] Tensor device address is null
[ERROR] COMMON(852719,ffffb3796020,python):2026-09-14-17:41:35.951.170 [mindspore/ccsrc/pybind_api/ir/tensor_py.cc:730] DataPtr] Tensor device address is null
[ERROR] COMMON(852719,ffffb3796020,python):2026-09-14-17:41:35.951.866 [mindspore/ccsrc/pybind_api/ir/tensor_py.cc:730] DataPtr] Tensor device address is null
[ERROR] COMMON(852719,ffffb3796020,python):2026-09-14-17:41:35.952.545 [mindspore/ccsrc/pybind_api/ir/tensor_py.cc:730] DataPtr] Tensor device address is null
[ERROR] COMMON(852719,ffffb3796020,python):2026-09-14-17:41:35.953.253 [mindspore/ccsrc/pybind_api/ir/tensor_py.cc:730] DataPtr] Tensor device address is null
[ERROR] COMMON(852719,ffffb3796020,python):2026-09-14-17:41:35.964.198 [mindspore/ccsrc/pybind_api/ir/tensor_py.cc:730] DataPtr] Tensor device address is null
[ERROR] COMMON(852719,ffffb3796020,python):2026-09-14-17:41:35.965.032 [mindspore/ccsrc/pybind_api/ir/tensor_py.cc:730] DataPtr] Tensor device address is null
[ERROR] COMMON(852719,ffffb3796020,python):2026-09-14-17:41:35.966.925 [mindspore/ccsrc/pybind_api/ir/tensor_py.cc:730] DataPtr] Tensor device address is null
[ERROR] COMMON(852719,ffffb3796020,python):2026-09-14-17:41:35.967.646 [mindspore/ccsrc/pybind_api/ir/tensor_py.cc:730] DataPtr] Tensor device address is null
[ERROR] COMMON(852719,ffffb3796020,python):2026-09-14-17:41:35.969.473 [mindspore/ccsrc/pybind_api/ir/tensor_py.cc:730] DataPtr] Tensor device address is null
[ERROR] COMMON(852719,ffffb3796020,python):2026-09-14-17:41:35.970.189 [mindspore/ccsrc/pybind_api/ir/tensor_py.cc:730] DataPtr] Tensor device address is null
[ERROR] COMMON(852719,ffffb3796020,python):2026-09-14-17:41:35.971.960 [mindspore/ccsrc/pybind_api/ir/tensor_py.cc:730] DataPtr] Tensor device address is null
[ERROR] COMMON(852719,ffffb3796020,python):2026-09-14-17:41:35.972.686 [mindspore/ccsrc/pybind_api/ir/tensor_py.cc:730] DataPtr] Tensor device address is null
[ERROR] COMMON(852719,ffffb3796020,python):2026-09-14-17:41:35.984.184 [mindspore/ccsrc/pybind_api/ir/tensor_py.cc:730] DataPtr] Tensor device address is null
[ERROR] COMMON(852719,ffffb3796020,python):2026-09-14-17:41:35.991.658 [mindspore/ccsrc/pybind_api/ir/tensor_py.cc:730] DataPtr] Tensor device address is null
[ERROR] COMMON(852719,ffffb3796020,python):2026-09-14-17:41:36.002.344 [mindspore/ccsrc/pybind_api/ir/tensor_py.cc:730] DataPtr] Tensor device address is null
[ERROR] COMMON(852719,ffffb3796020,python):2026-09-14-17:41:36.003.131 [mindspore/ccsrc/pybind_api/ir/tensor_py.cc:730] DataPtr] Tensor device address is null
[ERROR] COMMON(852719,ffffb3796020,python):2026-09-14-17:41:36.003.822 [mindspore/ccsrc/pybind_api/ir/tensor_py.cc:730] DataPtr] Tensor device address is null
[ERROR] COMMON(852719,ffffb3796020,python):2026-09-14-17:41:36.004.545 [mindspore/ccsrc/pybind_api/ir/tensor_py.cc:730] DataPtr] Tensor device address is null
[ERROR] COMMON(852719,ffffb3796020,python):2026-09-14-17:41:36.005.258 [mindspore/ccsrc/pybind_api/ir/tensor_py.cc:730] DataPtr] Tensor device address is null
[ERROR] COMMON(852719,ffffb3796020,python):2026-09-14-17:41:36.005.965 [mindspore/ccsrc/pybind_api/ir/tensor_py.cc:730] DataPtr] Tensor device address is null
[ERROR] COMMON(852719,ffffb3796020,python):2026-09-14-17:41:36.007.721 [mindspore/ccsrc/pybind_api/ir/tensor_py.cc:730] DataPtr] Tensor device address is null
[ERROR] COMMON(852719,ffffb3796020,python):2026-09-14-17:41:36.008.444 [mindspore/ccsrc/pybind_api/ir/tensor_py.cc:730] DataPtr] Tensor device address is null
[ERROR] COMMON(852719,ffffb3796020,python):2026-09-14-17:41:36.010.308 [mindspore/ccsrc/pybind_api/ir/tensor_py.cc:730] DataPtr] Tensor device address is null
[ERROR] COMMON(852719,ffffb3796020,python):2026-09-14-17:41:36.011.025 [mindspore/ccsrc/pybind_api/ir/tensor_py.cc:730] DataPtr] Tensor device address is null
[ERROR] COMMON(852719,ffffb3796020,python):2026-09-14-17:41:36.012.963 [mindspore/ccsrc/pybind_api/ir/tensor_py.cc:730] DataPtr] Tensor device address is null
[ERROR] COMMON(852719,ffffb3796020,python):2026-09-14-17:41:36.013.673 [mindspore/ccsrc/pybind_api/ir/tensor_py.cc:730] DataPtr] Tensor device address is null
[ERROR] COMMON(852719,ffffb3796020,python):2026-09-14-17:41:36.015.452 [mindspore/ccsrc/pybind_api/ir/tensor_py.cc:730] DataPtr] Tensor device address is null
[ERROR] COMMON(852719,ffffb3796020,python):2026-09-14-17:41:36.016.171 [mindspore/ccsrc/pybind_api/ir/tensor_py.cc:730] DataPtr] Tensor device address is null
[ERROR] COMMON(852719,ffffb3796020,python):2026-09-14-17:41:36.020.917 [mindspore/ccsrc/pybind_api/ir/tensor_py.cc:730] DataPtr] Tensor device address is null
[ERROR] COMMON(852719,ffffb3796020,python):2026-09-14-17:41:36.021.645 [mindspore/ccsrc/pybind_api/ir/tensor_py.cc:730] DataPtr] Tensor device address is null
[ERROR] COMMON(852719,ffffb3796020,python):2026-09-14-17:41:36.025.992 [mindspore/ccsrc/pybind_api/ir/tensor_py.cc:730] DataPtr] Tensor device address is null
[ERROR] COMMON(852719,ffffb3796020,python):2026-09-14-17:41:36.026.718 [mindspore/ccsrc/pybind_api/ir/tensor_py.cc:730] DataPtr] Tensor device address is null
[ERROR] COMMON(852719,ffffb3796020,python):2026-09-14-17:41:36.027.403 [mindspore/ccsrc/pybind_api/ir/tensor_py.cc:730] DataPtr] Tensor device address is null
[ERROR] COMMON(852719,ffffb3796020,python):2026-09-14-17:41:36.028.086 [mindspore/ccsrc/pybind_api/ir/tensor_py.cc:730] DataPtr] Tensor device address is null
[ERROR] COMMON(852719,ffffb3796020,python):2026-09-14-17:41:36.028.766 [mindspore/ccsrc/pybind_api/ir/tensor_py.cc:730] DataPtr] Tensor device address is null
[ERROR] COMMON(852719,ffffb3796020,python):2026-09-14-17:41:36.029.474 [mindspore/ccsrc/pybind_api/ir/tensor_py.cc:730] DataPtr] Tensor device address is null
[ERROR] COMMON(852719,ffffb3796020,python):2026-09-14-17:41:36.031.253 [mindspore/ccsrc/pybind_api/ir/tensor_py.cc:730] DataPtr] Tensor device address is null
[ERROR] COMMON(852719,ffffb3796020,python):2026-09-14-17:41:36.031.962 [mindspore/ccsrc/pybind_api/ir/tensor_py.cc:730] DataPtr] Tensor device address is null
[ERROR] COMMON(852719,ffffb3796020,python):2026-09-14-17:41:36.033.713 [mindspore/ccsrc/pybind_api/ir/tensor_py.cc:730] DataPtr] Tensor device address is null
[ERROR] COMMON(852719,ffffb3796020,python):2026-09-14-17:41:36.034.419 [mindspore/ccsrc/pybind_api/ir/tensor_py.cc:730] DataPtr] Tensor device address is null
[ERROR] COMMON(852719,ffffb3796020,python):2026-09-14-17:41:36.036.178 [mindspore/ccsrc/pybind_api/ir/tensor_py.cc:730] DataPtr] Tensor device address is null
[ERROR] COMMON(852719,ffffb3796020,python):2026-09-14-17:41:36.036.891 [mindspore/ccsrc/pybind_api/ir/tensor_py.cc:730] DataPtr] Tensor device address is null
[ERROR] COMMON(852719,ffffb3796020,python):2026-09-14-17:41:36.038.701 [mindspore/ccsrc/pybind_api/ir/tensor_py.cc:730] DataPtr] Tensor device address is null
[ERROR] COMMON(852719,ffffb3796020,python):2026-09-14-17:41:36.039.393 [mindspore/ccsrc/pybind_api/ir/tensor_py.cc:730] DataPtr] Tensor device address is null
[ERROR] COMMON(852719,ffffb3796020,python):2026-09-14-17:41:36.043.372 [mindspore/ccsrc/pybind_api/ir/tensor_py.cc:730] DataPtr] Tensor device address is null
[ERROR] COMMON(852719,ffffb3796020,python):2026-09-14-17:41:36.044.080 [mindspore/ccsrc/pybind_api/ir/tensor_py.cc:730] DataPtr] Tensor device address is null
[ERROR] COMMON(852719,ffffb3796020,python):2026-09-14-17:41:36.047.971 [mindspore/ccsrc/pybind_api/ir/tensor_py.cc:730] DataPtr] Tensor device address is null
[ERROR] COMMON(852719,ffffb3796020,python):2026-09-14-17:41:36.048.725 [mindspore/ccsrc/pybind_api/ir/tensor_py.cc:730] DataPtr] Tensor device address is null
[ERROR] COMMON(852719,ffffb3796020,python):2026-09-14-17:41:36.049.417 [mindspore/ccsrc/pybind_api/ir/tensor_py.cc:730] DataPtr] Tensor device address is null
[ERROR] COMMON(852719,ffffb3796020,python):2026-09-14-17:41:36.050.104 [mindspore/ccsrc/pybind_api/ir/tensor_py.cc:730] DataPtr] Tensor device address is null
[ERROR] COMMON(852719,ffffb3796020,python):2026-09-14-17:41:36.050.790 [mindspore/ccsrc/pybind_api/ir/tensor_py.cc:730] DataPtr] Tensor device address is null
[ERROR] COMMON(852719,ffffb3796020,python):2026-09-14-17:41:36.051.497 [mindspore/ccsrc/pybind_api/ir/tensor_py.cc:730] DataPtr] Tensor device address is null
[ERROR] COMMON(852719,ffffb3796020,python):2026-09-14-17:41:36.053.224 [mindspore/ccsrc/pybind_api/ir/tensor_py.cc:730] DataPtr] Tensor device address is null
[ERROR] COMMON(852719,ffffb3796020,python):2026-09-14-17:41:36.053.952 [mindspore/ccsrc/pybind_api/ir/tensor_py.cc:730] DataPtr] Tensor device address is null
[ERROR] COMMON(852719,ffffb3796020,python):2026-09-14-17:41:36.055.756 [mindspore/ccsrc/pybind_api/ir/tensor_py.cc:730] DataPtr] Tensor device address is null
[ERROR] COMMON(852719,ffffb3796020,python):2026-09-14-17:41:36.056.459 [mindspore/ccsrc/pybind_api/ir/tensor_py.cc:730] DataPtr] Tensor device address is null
[ERROR] COMMON(852719,ffffb3796020,python):2026-09-14-17:41:36.058.230 [mindspore/ccsrc/pybind_api/ir/tensor_py.cc:730] DataPtr] Tensor device address is null
[ERROR] COMMON(852719,ffffb3796020,python):2026-09-14-17:41:36.058.951 [mindspore/ccsrc/pybind_api/ir/tensor_py.cc:730] DataPtr] Tensor device address is null
[ERROR] COMMON(852719,ffffb3796020,python):2026-09-14-17:41:36.060.736 [mindspore/ccsrc/pybind_api/ir/tensor_py.cc:730] DataPtr] Tensor device address is null
[ERROR] COMMON(852719,ffffb3796020,python):2026-09-14-17:41:36.061.453 [mindspore/ccsrc/pybind_api/ir/tensor_py.cc:730] DataPtr] Tensor device address is null
[ERROR] COMMON(852719,ffffb3796020,python):2026-09-14-17:41:36.065.213 [mindspore/ccsrc/pybind_api/ir/tensor_py.cc:730] DataPtr] Tensor device address is null
[ERROR] COMMON(852719,ffffb3796020,python):2026-09-14-17:41:36.065.933 [mindspore/ccsrc/pybind_api/ir/tensor_py.cc:730] DataPtr] Tensor device address is null
[ERROR] COMMON(852719,ffffb3796020,python):2026-09-14-17:41:36.069.871 [mindspore/ccsrc/pybind_api/ir/tensor_py.cc:730] DataPtr] Tensor device address is null
[ERROR] COMMON(852719,ffffb3796020,python):2026-09-14-17:41:36.070.610 [mindspore/ccsrc/pybind_api/ir/tensor_py.cc:730] DataPtr] Tensor device address is null
[ERROR] COMMON(852719,ffffb3796020,python):2026-09-14-17:41:36.071.301 [mindspore/ccsrc/pybind_api/ir/tensor_py.cc:730] DataPtr] Tensor device address is null
[ERROR] COMMON(852719,ffffb3796020,python):2026-09-14-17:41:36.072.012 [mindspore/ccsrc/pybind_api/ir/tensor_py.cc:730] DataPtr] Tensor device address is null
[ERROR] COMMON(852719,ffffb3796020,python):2026-09-14-17:41:36.072.702 [mindspore/ccsrc/pybind_api/ir/tensor_py.cc:730] DataPtr] Tensor device address is null
[ERROR] COMMON(852719,ffffb3796020,python):2026-09-14-17:41:36.073.414 [mindspore/ccsrc/pybind_api/ir/tensor_py.cc:730] DataPtr] Tensor device address is null
[ERROR] COMMON(852719,ffffb3796020,python):2026-09-14-17:41:36.075.161 [mindspore/ccsrc/pybind_api/ir/tensor_py.cc:730] DataPtr] Tensor device address is null
[ERROR] COMMON(852719,ffffb3796020,python):2026-09-14-17:41:36.075.875 [mindspore/ccsrc/pybind_api/ir/tensor_py.cc:730] DataPtr] Tensor device address is null
[ERROR] COMMON(852719,ffffb3796020,python):2026-09-14-17:41:36.077.642 [mindspore/ccsrc/pybind_api/ir/tensor_py.cc:730] DataPtr] Tensor device address is null
[ERROR] COMMON(852719,ffffb3796020,python):2026-09-14-17:41:36.078.380 [mindspore/ccsrc/pybind_api/ir/tensor_py.cc:730] DataPtr] Tensor device address is null
[ERROR] COMMON(852719,ffffb3796020,python):2026-09-14-17:41:36.080.945 [mindspore/ccsrc/pybind_api/ir/tensor_py.cc:730] DataPtr] Tensor device address is null
[ERROR] COMMON(852719,ffffb3796020,python):2026-09-14-17:41:36.081.649 [mindspore/ccsrc/pybind_api/ir/tensor_py.cc:730] DataPtr] Tensor device address is null
[ERROR] COMMON(852719,ffffb3796020,python):2026-09-14-17:41:36.083.450 [mindspore/ccsrc/pybind_api/ir/tensor_py.cc:730] DataPtr] Tensor device address is null
[ERROR] COMMON(852719,ffffb3796020,python):2026-09-14-17:41:36.084.152 [mindspore/ccsrc/pybind_api/ir/tensor_py.cc:730] DataPtr] Tensor device address is null
[ERROR] COMMON(852719,ffffb3796020,python):2026-09-14-17:41:36.088.176 [mindspore/ccsrc/pybind_api/ir/tensor_py.cc:730] DataPtr] Tensor device address is null
[ERROR] COMMON(852719,ffffb3796020,python):2026-09-14-17:41:36.088.930 [mindspore/ccsrc/pybind_api/ir/tensor_py.cc:730] DataPtr] Tensor device address is null
[ERROR] COMMON(852719,ffffb3796020,python):2026-09-14-17:41:36.092.712 [mindspore/ccsrc/pybind_api/ir/tensor_py.cc:730] DataPtr] Tensor device address is null
[ERROR] COMMON(852719,ffffb3796020,python):2026-09-14-17:41:36.093.437 [mindspore/ccsrc/pybind_api/ir/tensor_py.cc:730] DataPtr] Tensor device address is null
[ERROR] COMMON(852719,ffffb3796020,python):2026-09-14-17:41:36.094.134 [mindspore/ccsrc/pybind_api/ir/tensor_py.cc:730] DataPtr] Tensor device address is null
[ERROR] COMMON(852719,ffffb3796020,python):2026-09-14-17:41:36.094.847 [mindspore/ccsrc/pybind_api/ir/tensor_py.cc:730] DataPtr] Tensor device address is null
[ERROR] COMMON(852719,ffffb3796020,python):2026-09-14-17:41:36.095.543 [mindspore/ccsrc/pybind_api/ir/tensor_py.cc:730] DataPtr] Tensor device address is null
[ERROR] COMMON(852719,ffffb3796020,python):2026-09-14-17:41:36.096.250 [mindspore/ccsrc/pybind_api/ir/tensor_py.cc:730] DataPtr] Tensor device address is null
[ERROR] COMMON(852719,ffffb3796020,python):2026-09-14-17:41:36.098.023 [mindspore/ccsrc/pybind_api/ir/tensor_py.cc:730] DataPtr] Tensor device address is null
[ERROR] COMMON(852719,ffffb3796020,python):2026-09-14-17:41:36.098.744 [mindspore/ccsrc/pybind_api/ir/tensor_py.cc:730] DataPtr] Tensor device address is null
[ERROR] COMMON(852719,ffffb3796020,python):2026-09-14-17:41:36.100.577 [mindspore/ccsrc/pybind_api/ir/tensor_py.cc:730] DataPtr] Tensor device address is null
[ERROR] COMMON(852719,ffffb3796020,python):2026-09-14-17:41:36.101.286 [mindspore/ccsrc/pybind_api/ir/tensor_py.cc:730] DataPtr] Tensor device address is null
[ERROR] COMMON(852719,ffffb3796020,python):2026-09-14-17:41:36.103.057 [mindspore/ccsrc/pybind_api/ir/tensor_py.cc:730] DataPtr] Tensor device address is null
[ERROR] COMMON(852719,ffffb3796020,python):2026-09-14-17:41:36.103.765 [mindspore/ccsrc/pybind_api/ir/tensor_py.cc:730] DataPtr] Tensor device address is null
[ERROR] COMMON(852719,ffffb3796020,python):2026-09-14-17:41:36.105.580 [mindspore/ccsrc/pybind_api/ir/tensor_py.cc:730] DataPtr] Tensor device address is null
[ERROR] COMMON(852719,ffffb3796020,python):2026-09-14-17:41:36.106.291 [mindspore/ccsrc/pybind_api/ir/tensor_py.cc:730] DataPtr] Tensor device address is null
[ERROR] COMMON(852719,ffffb3796020,python):2026-09-14-17:41:36.110.065 [mindspore/ccsrc/pybind_api/ir/tensor_py.cc:730] DataPtr] Tensor device address is null
[ERROR] COMMON(852719,ffffb3796020,python):2026-09-14-17:41:36.110.782 [mindspore/ccsrc/pybind_api/ir/tensor_py.cc:730] DataPtr] Tensor device address is null
[ERROR] COMMON(852719,ffffb3796020,python):2026-09-14-17:41:36.114.732 [mindspore/ccsrc/pybind_api/ir/tensor_py.cc:730] DataPtr] Tensor device address is null
[ERROR] COMMON(852719,ffffb3796020,python):2026-09-14-17:41:36.115.476 [mindspore/ccsrc/pybind_api/ir/tensor_py.cc:730] DataPtr] Tensor device address is null
[ERROR] COMMON(852719,ffffb3796020,python):2026-09-14-17:41:36.116.164 [mindspore/ccsrc/pybind_api/ir/tensor_py.cc:730] DataPtr] Tensor device address is null
[ERROR] COMMON(852719,ffffb3796020,python):2026-09-14-17:41:36.116.940 [mindspore/ccsrc/pybind_api/ir/tensor_py.cc:730] DataPtr] Tensor device address is null
[ERROR] COMMON(852719,ffffb3796020,python):2026-09-14-17:41:36.117.640 [mindspore/ccsrc/pybind_api/ir/tensor_py.cc:730] DataPtr] Tensor device address is null
[ERROR] COMMON(852719,ffffb3796020,python):2026-09-14-17:41:36.118.326 [mindspore/ccsrc/pybind_api/ir/tensor_py.cc:730] DataPtr] Tensor device address is null
[ERROR] COMMON(852719,ffffb3796020,python):2026-09-14-17:41:36.120.055 [mindspore/ccsrc/pybind_api/ir/tensor_py.cc:730] DataPtr] Tensor device address is null
[ERROR] COMMON(852719,ffffb3796020,python):2026-09-14-17:41:36.120.786 [mindspore/ccsrc/pybind_api/ir/tensor_py.cc:730] DataPtr] Tensor device address is null
[ERROR] COMMON(852719,ffffb3796020,python):2026-09-14-17:41:36.123.361 [mindspore/ccsrc/pybind_api/ir/tensor_py.cc:730] DataPtr] Tensor device address is null
[ERROR] COMMON(852719,ffffb3796020,python):2026-09-14-17:41:36.124.050 [mindspore/ccsrc/pybind_api/ir/tensor_py.cc:730] DataPtr] Tensor device address is null
[ERROR] COMMON(852719,ffffb3796020,python):2026-09-14-17:41:36.126.056 [mindspore/ccsrc/pybind_api/ir/tensor_py.cc:730] DataPtr] Tensor device address is null
[ERROR] COMMON(852719,ffffb3796020,python):2026-09-14-17:41:36.126.760 [mindspore/ccsrc/pybind_api/ir/tensor_py.cc:730] DataPtr] Tensor device address is null
[ERROR] COMMON(852719,ffffb3796020,python):2026-09-14-17:41:36.128.795 [mindspore/ccsrc/pybind_api/ir/tensor_py.cc:730] DataPtr] Tensor device address is null
[ERROR] COMMON(852719,ffffb3796020,python):2026-09-14-17:41:36.129.514 [mindspore/ccsrc/pybind_api/ir/tensor_py.cc:730] DataPtr] Tensor device address is null
[ERROR] COMMON(852719,ffffb3796020,python):2026-09-14-17:41:36.135.193 [mindspore/ccsrc/pybind_api/ir/tensor_py.cc:730] DataPtr] Tensor device address is null
[ERROR] COMMON(852719,ffffb3796020,python):2026-09-14-17:41:36.135.927 [mindspore/ccsrc/pybind_api/ir/tensor_py.cc:730] DataPtr] Tensor device address is null
[ERROR] COMMON(852719,ffffb3796020,python):2026-09-14-17:41:36.141.097 [mindspore/ccsrc/pybind_api/ir/tensor_py.cc:730] DataPtr] Tensor device address is null
[ERROR] COMMON(852719,ffffb3796020,python):2026-09-14-17:41:36.141.843 [mindspore/ccsrc/pybind_api/ir/tensor_py.cc:730] DataPtr] Tensor device address is null
[ERROR] COMMON(852719,ffffb3796020,python):2026-09-14-17:41:36.142.529 [mindspore/ccsrc/pybind_api/ir/tensor_py.cc:730] DataPtr] Tensor device address is null
[ERROR] COMMON(852719,ffffb3796020,python):2026-09-14-17:41:36.143.227 [mindspore/ccsrc/pybind_api/ir/tensor_py.cc:730] DataPtr] Tensor device address is null
[ERROR] COMMON(852719,ffffb3796020,python):2026-09-14-17:41:36.143.910 [mindspore/ccsrc/pybind_api/ir/tensor_py.cc:730] DataPtr] Tensor device address is null
[ERROR] COMMON(852719,ffffb3796020,python):2026-09-14-17:41:36.144.622 [mindspore/ccsrc/pybind_api/ir/tensor_py.cc:730] DataPtr] Tensor device address is null
[ERROR] COMMON(852719,ffffb3796020,python):2026-09-14-17:41:36.147.205 [mindspore/ccsrc/pybind_api/ir/tensor_py.cc:730] DataPtr] Tensor device address is null
[ERROR] COMMON(852719,ffffb3796020,python):2026-09-14-17:41:36.147.918 [mindspore/ccsrc/pybind_api/ir/tensor_py.cc:730] DataPtr] Tensor device address is null
[ERROR] COMMON(852719,ffffb3796020,python):2026-09-14-17:41:36.150.565 [mindspore/ccsrc/pybind_api/ir/tensor_py.cc:730] DataPtr] Tensor device address is null
[ERROR] COMMON(852719,ffffb3796020,python):2026-09-14-17:41:36.151.286 [mindspore/ccsrc/pybind_api/ir/tensor_py.cc:730] DataPtr] Tensor device address is null
[ERROR] COMMON(852719,ffffb3796020,python):2026-09-14-17:41:36.153.872 [mindspore/ccsrc/pybind_api/ir/tensor_py.cc:730] DataPtr] Tensor device address is null
[ERROR] COMMON(852719,ffffb3796020,python):2026-09-14-17:41:36.154.584 [mindspore/ccsrc/pybind_api/ir/tensor_py.cc:730] DataPtr] Tensor device address is null
[ERROR] COMMON(852719,ffffb3796020,python):2026-09-14-17:41:36.157.193 [mindspore/ccsrc/pybind_api/ir/tensor_py.cc:730] DataPtr] Tensor device address is null
[ERROR] COMMON(852719,ffffb3796020,python):2026-09-14-17:41:36.157.906 [mindspore/ccsrc/pybind_api/ir/tensor_py.cc:730] DataPtr] Tensor device address is null
[ERROR] COMMON(852719,ffffb3796020,python):2026-09-14-17:41:36.163.157 [mindspore/ccsrc/pybind_api/ir/tensor_py.cc:730] DataPtr] Tensor device address is null
[ERROR] COMMON(852719,ffffb3796020,python):2026-09-14-17:41:36.163.927 [mindspore/ccsrc/pybind_api/ir/tensor_py.cc:730] DataPtr] Tensor device address is null
[ERROR] COMMON(852719,ffffb3796020,python):2026-09-14-17:41:36.169.802 [mindspore/ccsrc/pybind_api/ir/tensor_py.cc:730] DataPtr] Tensor device address is null
[ERROR] COMMON(852719,ffffb3796020,python):2026-09-14-17:41:36.170.563 [mindspore/ccsrc/pybind_api/ir/tensor_py.cc:730] DataPtr] Tensor device address is null
[ERROR] COMMON(852719,ffffb3796020,python):2026-09-14-17:41:36.171.262 [mindspore/ccsrc/pybind_api/ir/tensor_py.cc:730] DataPtr] Tensor device address is null
[ERROR] COMMON(852719,ffffb3796020,python):2026-09-14-17:41:36.171.965 [mindspore/ccsrc/pybind_api/ir/tensor_py.cc:730] DataPtr] Tensor device address is null
[ERROR] COMMON(852719,ffffb3796020,python):2026-09-14-17:41:36.172.674 [mindspore/ccsrc/pybind_api/ir/tensor_py.cc:730] DataPtr] Tensor device address is null
[ERROR] COMMON(852719,ffffb3796020,python):2026-09-14-17:41:36.173.392 [mindspore/ccsrc/pybind_api/ir/tensor_py.cc:730] DataPtr] Tensor device address is null
[ERROR] COMMON(852719,ffffb3796020,python):2026-09-14-17:41:36.175.989 [mindspore/ccsrc/pybind_api/ir/tensor_py.cc:730] DataPtr] Tensor device address is null
[ERROR] COMMON(852719,ffffb3796020,python):2026-09-14-17:41:36.176.724 [mindspore/ccsrc/pybind_api/ir/tensor_py.cc:730] DataPtr] Tensor device address is null
[ERROR] COMMON(852719,ffffb3796020,python):2026-09-14-17:41:36.179.358 [mindspore/ccsrc/pybind_api/ir/tensor_py.cc:730] DataPtr] Tensor device address is null
[ERROR] COMMON(852719,ffffb3796020,python):2026-09-14-17:41:36.180.067 [mindspore/ccsrc/pybind_api/ir/tensor_py.cc:730] DataPtr] Tensor device address is null
[ERROR] COMMON(852719,ffffb3796020,python):2026-09-14-17:41:36.182.213 [mindspore/ccsrc/pybind_api/ir/tensor_py.cc:730] DataPtr] Tensor device address is null
[ERROR] COMMON(852719,ffffb3796020,python):2026-09-14-17:41:36.182.927 [mindspore/ccsrc/pybind_api/ir/tensor_py.cc:730] DataPtr] Tensor device address is null
[ERROR] COMMON(852719,ffffb3796020,python):2026-09-14-17:41:36.184.961 [mindspore/ccsrc/pybind_api/ir/tensor_py.cc:730] DataPtr] Tensor device address is null
[ERROR] COMMON(852719,ffffb3796020,python):2026-09-14-17:41:36.185.686 [mindspore/ccsrc/pybind_api/ir/tensor_py.cc:730] DataPtr] Tensor device address is null
[ERROR] COMMON(852719,ffffb3796020,python):2026-09-14-17:41:36.191.342 [mindspore/ccsrc/pybind_api/ir/tensor_py.cc:730] DataPtr] Tensor device address is null
[ERROR] COMMON(852719,ffffb3796020,python):2026-09-14-17:41:36.192.092 [mindspore/ccsrc/pybind_api/ir/tensor_py.cc:730] DataPtr] Tensor device address is null
[ERROR] COMMON(852719,ffffb3796020,python):2026-09-14-17:41:36.197.273 [mindspore/ccsrc/pybind_api/ir/tensor_py.cc:730] DataPtr] Tensor device address is null
[ERROR] COMMON(852719,ffffb3796020,python):2026-09-14-17:41:36.198.031 [mindspore/ccsrc/pybind_api/ir/tensor_py.cc:730] DataPtr] Tensor device address is null
[ERROR] COMMON(852719,ffffb3796020,python):2026-09-14-17:41:36.198.743 [mindspore/ccsrc/pybind_api/ir/tensor_py.cc:730] DataPtr] Tensor device address is null
[ERROR] COMMON(852719,ffffb3796020,python):2026-09-14-17:41:36.199.452 [mindspore/ccsrc/pybind_api/ir/tensor_py.cc:730] DataPtr] Tensor device address is null
[ERROR] COMMON(852719,ffffb3796020,python):2026-09-14-17:41:36.200.138 [mindspore/ccsrc/pybind_api/ir/tensor_py.cc:730] DataPtr] Tensor device address is null
[ERROR] COMMON(852719,ffffb3796020,python):2026-09-14-17:41:36.200.846 [mindspore/ccsrc/pybind_api/ir/tensor_py.cc:730] DataPtr] Tensor device address is null
[ERROR] COMMON(852719,ffffb3796020,python):2026-09-14-17:41:36.203.345 [mindspore/ccsrc/pybind_api/ir/tensor_py.cc:730] DataPtr] Tensor device address is null
[ERROR] COMMON(852719,ffffb3796020,python):2026-09-14-17:41:36.204.077 [mindspore/ccsrc/pybind_api/ir/tensor_py.cc:730] DataPtr] Tensor device address is null
[ERROR] COMMON(852719,ffffb3796020,python):2026-09-14-17:41:36.206.713 [mindspore/ccsrc/pybind_api/ir/tensor_py.cc:730] DataPtr] Tensor device address is null
[ERROR] COMMON(852719,ffffb3796020,python):2026-09-14-17:41:36.207.443 [mindspore/ccsrc/pybind_api/ir/tensor_py.cc:730] DataPtr] Tensor device address is null
[ERROR] COMMON(852719,ffffb3796020,python):2026-09-14-17:41:36.210.045 [mindspore/ccsrc/pybind_api/ir/tensor_py.cc:730] DataPtr] Tensor device address is null
[ERROR] COMMON(852719,ffffb3796020,python):2026-09-14-17:41:36.210.762 [mindspore/ccsrc/pybind_api/ir/tensor_py.cc:730] DataPtr] Tensor device address is null
[ERROR] COMMON(852719,ffffb3796020,python):2026-09-14-17:41:36.213.330 [mindspore/ccsrc/pybind_api/ir/tensor_py.cc:730] DataPtr] Tensor device address is null
[ERROR] COMMON(852719,ffffb3796020,python):2026-09-14-17:41:36.214.076 [mindspore/ccsrc/pybind_api/ir/tensor_py.cc:730] DataPtr] Tensor device address is null
[ERROR] COMMON(852719,ffffb3796020,python):2026-09-14-17:41:36.219.347 [mindspore/ccsrc/pybind_api/ir/tensor_py.cc:730] DataPtr] Tensor device address is null
[ERROR] COMMON(852719,ffffb3796020,python):2026-09-14-17:41:36.220.082 [mindspore/ccsrc/pybind_api/ir/tensor_py.cc:730] DataPtr] Tensor device address is null
[ERROR] COMMON(852719,ffffb3796020,python):2026-09-14-17:41:36.225.952 [mindspore/ccsrc/pybind_api/ir/tensor_py.cc:730] DataPtr] Tensor device address is null
[ERROR] COMMON(852719,ffffb3796020,python):2026-09-14-17:41:36.226.700 [mindspore/ccsrc/pybind_api/ir/tensor_py.cc:730] DataPtr] Tensor device address is null
[ERROR] COMMON(852719,ffffb3796020,python):2026-09-14-17:41:36.227.392 [mindspore/ccsrc/pybind_api/ir/tensor_py.cc:730] DataPtr] Tensor device address is null
[ERROR] COMMON(852719,ffffb3796020,python):2026-09-14-17:41:36.228.084 [mindspore/ccsrc/pybind_api/ir/tensor_py.cc:730] DataPtr] Tensor device address is null
[ERROR] COMMON(852719,ffffb3796020,python):2026-09-14-17:41:36.228.770 [mindspore/ccsrc/pybind_api/ir/tensor_py.cc:730] DataPtr] Tensor device address is null
[ERROR] COMMON(852719,ffffb3796020,python):2026-09-14-17:41:36.229.472 [mindspore/ccsrc/pybind_api/ir/tensor_py.cc:730] DataPtr] Tensor device address is null
[ERROR] COMMON(852719,ffffb3796020,python):2026-09-14-17:41:36.232.104 [mindspore/ccsrc/pybind_api/ir/tensor_py.cc:730] DataPtr] Tensor device address is null
[ERROR] COMMON(852719,ffffb3796020,python):2026-09-14-17:41:36.232.835 [mindspore/ccsrc/pybind_api/ir/tensor_py.cc:730] DataPtr] Tensor device address is null
[ERROR] COMMON(852719,ffffb3796020,python):2026-09-14-17:41:36.235.553 [mindspore/ccsrc/pybind_api/ir/tensor_py.cc:730] DataPtr] Tensor device address is null
[ERROR] COMMON(852719,ffffb3796020,python):2026-09-14-17:41:36.236.301 [mindspore/ccsrc/pybind_api/ir/tensor_py.cc:730] DataPtr] Tensor device address is null
[ERROR] COMMON(852719,ffffb3796020,python):2026-09-14-17:41:36.238.315 [mindspore/ccsrc/pybind_api/ir/tensor_py.cc:730] DataPtr] Tensor device address is null
[ERROR] COMMON(852719,ffffb3796020,python):2026-09-14-17:41:36.239.028 [mindspore/ccsrc/pybind_api/ir/tensor_py.cc:730] DataPtr] Tensor device address is null
[ERROR] COMMON(852719,ffffb3796020,python):2026-09-14-17:41:36.241.138 [mindspore/ccsrc/pybind_api/ir/tensor_py.cc:730] DataPtr] Tensor device address is null
[ERROR] COMMON(852719,ffffb3796020,python):2026-09-14-17:41:36.241.841 [mindspore/ccsrc/pybind_api/ir/tensor_py.cc:730] DataPtr] Tensor device address is null
[ERROR] COMMON(852719,ffffb3796020,python):2026-09-14-17:41:36.247.722 [mindspore/ccsrc/pybind_api/ir/tensor_py.cc:730] DataPtr] Tensor device address is null
[ERROR] COMMON(852719,ffffb3796020,python):2026-09-14-17:41:36.248.465 [mindspore/ccsrc/pybind_api/ir/tensor_py.cc:730] DataPtr] Tensor device address is null
[ERROR] COMMON(852719,ffffb3796020,python):2026-09-14-17:41:36.253.848 [mindspore/ccsrc/pybind_api/ir/tensor_py.cc:730] DataPtr] Tensor device address is null
[ERROR] COMMON(852719,ffffb3796020,python):2026-09-14-17:41:36.254.606 [mindspore/ccsrc/pybind_api/ir/tensor_py.cc:730] DataPtr] Tensor device address is null
[ERROR] COMMON(852719,ffffb3796020,python):2026-09-14-17:41:36.255.293 [mindspore/ccsrc/pybind_api/ir/tensor_py.cc:730] DataPtr] Tensor device address is null
[ERROR] COMMON(852719,ffffb3796020,python):2026-09-14-17:41:36.255.978 [mindspore/ccsrc/pybind_api/ir/tensor_py.cc:730] DataPtr] Tensor device address is null
[ERROR] COMMON(852719,ffffb3796020,python):2026-09-14-17:41:36.256.671 [mindspore/ccsrc/pybind_api/ir/tensor_py.cc:730] DataPtr] Tensor device address is null
[ERROR] COMMON(852719,ffffb3796020,python):2026-09-14-17:41:36.257.384 [mindspore/ccsrc/pybind_api/ir/tensor_py.cc:730] DataPtr] Tensor device address is null
[ERROR] COMMON(852719,ffffb3796020,python):2026-09-14-17:41:36.259.987 [mindspore/ccsrc/pybind_api/ir/tensor_py.cc:730] DataPtr] Tensor device address is null
[ERROR] COMMON(852719,ffffb3796020,python):2026-09-14-17:41:36.260.726 [mindspore/ccsrc/pybind_api/ir/tensor_py.cc:730] DataPtr] Tensor device address is null
[ERROR] COMMON(852719,ffffb3796020,python):2026-09-14-17:41:36.263.284 [mindspore/ccsrc/pybind_api/ir/tensor_py.cc:730] DataPtr] Tensor device address is null
[ERROR] COMMON(852719,ffffb3796020,python):2026-09-14-17:41:36.263.997 [mindspore/ccsrc/pybind_api/ir/tensor_py.cc:730] DataPtr] Tensor device address is null
[ERROR] COMMON(852719,ffffb3796020,python):2026-09-14-17:41:36.266.618 [mindspore/ccsrc/pybind_api/ir/tensor_py.cc:730] DataPtr] Tensor device address is null
[ERROR] COMMON(852719,ffffb3796020,python):2026-09-14-17:41:36.267.331 [mindspore/ccsrc/pybind_api/ir/tensor_py.cc:730] DataPtr] Tensor device address is null
[ERROR] COMMON(852719,ffffb3796020,python):2026-09-14-17:41:36.269.951 [mindspore/ccsrc/pybind_api/ir/tensor_py.cc:730] DataPtr] Tensor device address is null
[ERROR] COMMON(852719,ffffb3796020,python):2026-09-14-17:41:36.270.673 [mindspore/ccsrc/pybind_api/ir/tensor_py.cc:730] DataPtr] Tensor device address is null
[ERROR] COMMON(852719,ffffb3796020,python):2026-09-14-17:41:36.275.874 [mindspore/ccsrc/pybind_api/ir/tensor_py.cc:730] DataPtr] Tensor device address is null
[ERROR] COMMON(852719,ffffb3796020,python):2026-09-14-17:41:36.276.623 [mindspore/ccsrc/pybind_api/ir/tensor_py.cc:730] DataPtr] Tensor device address is null
[ERROR] COMMON(852719,ffffb3796020,python):2026-09-14-17:41:36.282.401 [mindspore/ccsrc/pybind_api/ir/tensor_py.cc:730] DataPtr] Tensor device address is null
[ERROR] COMMON(852719,ffffb3796020,python):2026-09-14-17:41:36.283.218 [mindspore/ccsrc/pybind_api/ir/tensor_py.cc:730] DataPtr] Tensor device address is null
[ERROR] COMMON(852719,ffffb3796020,python):2026-09-14-17:41:36.290.986 [mindspore/ccsrc/pybind_api/ir/tensor_py.cc:730] DataPtr] Tensor device address is null
[ERROR] COMMON(852719,ffffb3796020,python):2026-09-14-17:41:36.298.078 [mindspore/ccsrc/pybind_api/ir/tensor_py.cc:730] DataPtr] Tensor device address is null
[ERROR] COMMON(852719,ffffb3796020,python):2026-09-14-17:41:36.367.494 [mindspore/ccsrc/pybind_api/ir/tensor_py.cc:730] DataPtr] Tensor device address is null
[ERROR] COMMON(852719,ffffb3796020,python):2026-09-14-17:41:36.368.615 [mindspore/ccsrc/pybind_api/ir/tensor_py.cc:730] DataPtr] Tensor device address is null
[ERROR] COMMON(852719,ffffb3796020,python):2026-09-14-17:41:36.369.439 [mindspore/ccsrc/pybind_api/ir/tensor_py.cc:730] DataPtr] Tensor device address is null
[ERROR] COMMON(852719,ffffb3796020,python):2026-09-14-17:41:36.370.140 [mindspore/ccsrc/pybind_api/ir/tensor_py.cc:730] DataPtr] Tensor device address is null
[ERROR] COMMON(852719,ffffb3796020,python):2026-09-14-17:41:36.370.820 [mindspore/ccsrc/pybind_api/ir/tensor_py.cc:730] DataPtr] Tensor device address is null
[ERROR] COMMON(852719,ffffb3796020,python):2026-09-14-17:41:36.371.487 [mindspore/ccsrc/pybind_api/ir/tensor_py.cc:730] DataPtr] Tensor device address is null
[ERROR] COMMON(852719,ffffb3796020,python):2026-09-14-17:41:36.372.156 [mindspore/ccsrc/pybind_api/ir/tensor_py.cc:730] DataPtr] Tensor device address is null
[ERROR] COMMON(852719,ffffb3796020,python):2026-09-14-17:41:36.372.821 [mindspore/ccsrc/pybind_api/ir/tensor_py.cc:730] DataPtr] Tensor device address is null
[ERROR] COMMON(852719,ffffb3796020,python):2026-09-14-17:41:36.375.463 [mindspore/ccsrc/pybind_api/ir/tensor_py.cc:730] DataPtr] Tensor device address is null
[ERROR] COMMON(852719,ffffb3796020,python):2026-09-14-17:41:36.376.144 [mindspore/ccsrc/pybind_api/ir/tensor_py.cc:730] DataPtr] Tensor device address is null
[ERROR] COMMON(852719,ffffb3796020,python):2026-09-14-17:41:36.378.779 [mindspore/ccsrc/pybind_api/ir/tensor_py.cc:730] DataPtr] Tensor device address is null
[ERROR] COMMON(852719,ffffb3796020,python):2026-09-14-17:41:36.379.486 [mindspore/ccsrc/pybind_api/ir/tensor_py.cc:730] DataPtr] Tensor device address is null
[ERROR] COMMON(852719,ffffb3796020,python):2026-09-14-17:41:36.381.353 [mindspore/ccsrc/pybind_api/ir/tensor_py.cc:730] DataPtr] Tensor device address is null
[ERROR] COMMON(852719,ffffb3796020,python):2026-09-14-17:41:36.382.062 [mindspore/ccsrc/pybind_api/ir/tensor_py.cc:730] DataPtr] Tensor device address is null
[ERROR] COMMON(852719,ffffb3796020,python):2026-09-14-17:41:36.383.974 [mindspore/ccsrc/pybind_api/ir/tensor_py.cc:730] DataPtr] Tensor device address is null
[ERROR] COMMON(852719,ffffb3796020,python):2026-09-14-17:41:36.384.655 [mindspore/ccsrc/pybind_api/ir/tensor_py.cc:730] DataPtr] Tensor device address is null
[ERROR] COMMON(852719,ffffb3796020,python):2026-09-14-17:41:36.390.540 [mindspore/ccsrc/pybind_api/ir/tensor_py.cc:730] DataPtr] Tensor device address is null
[ERROR] COMMON(852719,ffffb3796020,python):2026-09-14-17:41:36.391.276 [mindspore/ccsrc/pybind_api/ir/tensor_py.cc:730] DataPtr] Tensor device address is null
[ERROR] COMMON(852719,ffffb3796020,python):2026-09-14-17:41:36.397.445 [mindspore/ccsrc/pybind_api/ir/tensor_py.cc:730] DataPtr] Tensor device address is null
[ERROR] COMMON(852719,ffffb3796020,python):2026-09-14-17:41:36.398.162 [mindspore/ccsrc/pybind_api/ir/tensor_py.cc:730] DataPtr] Tensor device address is null
[ERROR] COMMON(852719,ffffb3796020,python):2026-09-14-17:41:36.398.864 [mindspore/ccsrc/pybind_api/ir/tensor_py.cc:730] DataPtr] Tensor device address is null
[ERROR] COMMON(852719,ffffb3796020,python):2026-09-14-17:41:36.399.556 [mindspore/ccsrc/pybind_api/ir/tensor_py.cc:730] DataPtr] Tensor device address is null
[ERROR] COMMON(852719,ffffb3796020,python):2026-09-14-17:41:36.400.238 [mindspore/ccsrc/pybind_api/ir/tensor_py.cc:730] DataPtr] Tensor device address is null
[ERROR] COMMON(852719,ffffb3796020,python):2026-09-14-17:41:36.400.941 [mindspore/ccsrc/pybind_api/ir/tensor_py.cc:730] DataPtr] Tensor device address is null
[ERROR] COMMON(852719,ffffb3796020,python):2026-09-14-17:41:36.403.564 [mindspore/ccsrc/pybind_api/ir/tensor_py.cc:730] DataPtr] Tensor device address is null
[ERROR] COMMON(852719,ffffb3796020,python):2026-09-14-17:41:36.404.264 [mindspore/ccsrc/pybind_api/ir/tensor_py.cc:730] DataPtr] Tensor device address is null
[ERROR] COMMON(852719,ffffb3796020,python):2026-09-14-17:41:36.407.077 [mindspore/ccsrc/pybind_api/ir/tensor_py.cc:730] DataPtr] Tensor device address is null
[ERROR] COMMON(852719,ffffb3796020,python):2026-09-14-17:41:36.407.788 [mindspore/ccsrc/pybind_api/ir/tensor_py.cc:730] DataPtr] Tensor device address is null
[ERROR] COMMON(852719,ffffb3796020,python):2026-09-14-17:41:36.410.198 [mindspore/ccsrc/pybind_api/ir/tensor_py.cc:730] DataPtr] Tensor device address is null
[ERROR] COMMON(852719,ffffb3796020,python):2026-09-14-17:41:36.410.914 [mindspore/ccsrc/pybind_api/ir/tensor_py.cc:730] DataPtr] Tensor device address is null
[ERROR] COMMON(852719,ffffb3796020,python):2026-09-14-17:41:36.413.306 [mindspore/ccsrc/pybind_api/ir/tensor_py.cc:730] DataPtr] Tensor device address is null
[ERROR] COMMON(852719,ffffb3796020,python):2026-09-14-17:41:36.414.004 [mindspore/ccsrc/pybind_api/ir/tensor_py.cc:730] DataPtr] Tensor device address is null
[ERROR] COMMON(852719,ffffb3796020,python):2026-09-14-17:41:36.419.909 [mindspore/ccsrc/pybind_api/ir/tensor_py.cc:730] DataPtr] Tensor device address is null
[ERROR] COMMON(852719,ffffb3796020,python):2026-09-14-17:41:36.420.632 [mindspore/ccsrc/pybind_api/ir/tensor_py.cc:730] DataPtr] Tensor device address is null
[ERROR] COMMON(852719,ffffb3796020,python):2026-09-14-17:41:36.428.065 [mindspore/ccsrc/pybind_api/ir/tensor_py.cc:730] DataPtr] Tensor device address is null
[ERROR] COMMON(852719,ffffb3796020,python):2026-09-14-17:41:36.428.821 [mindspore/ccsrc/pybind_api/ir/tensor_py.cc:730] DataPtr] Tensor device address is null
[ERROR] COMMON(852719,ffffb3796020,python):2026-09-14-17:41:36.429.523 [mindspore/ccsrc/pybind_api/ir/tensor_py.cc:730] DataPtr] Tensor device address is null
[ERROR] COMMON(852719,ffffb3796020,python):2026-09-14-17:41:36.430.210 [mindspore/ccsrc/pybind_api/ir/tensor_py.cc:730] DataPtr] Tensor device address is null
[ERROR] COMMON(852719,ffffb3796020,python):2026-09-14-17:41:36.430.882 [mindspore/ccsrc/pybind_api/ir/tensor_py.cc:730] DataPtr] Tensor device address is null
[ERROR] COMMON(852719,ffffb3796020,python):2026-09-14-17:41:36.431.567 [mindspore/ccsrc/pybind_api/ir/tensor_py.cc:730] DataPtr] Tensor device address is null
[ERROR] COMMON(852719,ffffb3796020,python):2026-09-14-17:41:36.434.273 [mindspore/ccsrc/pybind_api/ir/tensor_py.cc:730] DataPtr] Tensor device address is null
[ERROR] COMMON(852719,ffffb3796020,python):2026-09-14-17:41:36.434.974 [mindspore/ccsrc/pybind_api/ir/tensor_py.cc:730] DataPtr] Tensor device address is null
[ERROR] COMMON(852719,ffffb3796020,python):2026-09-14-17:41:36.437.674 [mindspore/ccsrc/pybind_api/ir/tensor_py.cc:730] DataPtr] Tensor device address is null
[ERROR] COMMON(852719,ffffb3796020,python):2026-09-14-17:41:36.438.370 [mindspore/ccsrc/pybind_api/ir/tensor_py.cc:730] DataPtr] Tensor device address is null
[ERROR] COMMON(852719,ffffb3796020,python):2026-09-14-17:41:36.440.218 [mindspore/ccsrc/pybind_api/ir/tensor_py.cc:730] DataPtr] Tensor device address is null
[ERROR] COMMON(852719,ffffb3796020,python):2026-09-14-17:41:36.440.911 [mindspore/ccsrc/pybind_api/ir/tensor_py.cc:730] DataPtr] Tensor device address is null
[ERROR] COMMON(852719,ffffb3796020,python):2026-09-14-17:41:36.442.795 [mindspore/ccsrc/pybind_api/ir/tensor_py.cc:730] DataPtr] Tensor device address is null
[ERROR] COMMON(852719,ffffb3796020,python):2026-09-14-17:41:36.443.484 [mindspore/ccsrc/pybind_api/ir/tensor_py.cc:730] DataPtr] Tensor device address is null
[ERROR] COMMON(852719,ffffb3796020,python):2026-09-14-17:41:36.449.875 [mindspore/ccsrc/pybind_api/ir/tensor_py.cc:730] DataPtr] Tensor device address is null
[ERROR] COMMON(852719,ffffb3796020,python):2026-09-14-17:41:36.450.602 [mindspore/ccsrc/pybind_api/ir/tensor_py.cc:730] DataPtr] Tensor device address is null
[ERROR] COMMON(852719,ffffb3796020,python):2026-09-14-17:41:36.456.260 [mindspore/ccsrc/pybind_api/ir/tensor_py.cc:730] DataPtr] Tensor device address is null
[ERROR] COMMON(852719,ffffb3796020,python):2026-09-14-17:41:36.456.990 [mindspore/ccsrc/pybind_api/ir/tensor_py.cc:730] DataPtr] Tensor device address is null
[ERROR] COMMON(852719,ffffb3796020,python):2026-09-14-17:41:36.457.684 [mindspore/ccsrc/pybind_api/ir/tensor_py.cc:730] DataPtr] Tensor device address is null
[ERROR] COMMON(852719,ffffb3796020,python):2026-09-14-17:41:36.458.369 [mindspore/ccsrc/pybind_api/ir/tensor_py.cc:730] DataPtr] Tensor device address is null
[ERROR] COMMON(852719,ffffb3796020,python):2026-09-14-17:41:36.459.052 [mindspore/ccsrc/pybind_api/ir/tensor_py.cc:730] DataPtr] Tensor device address is null
[ERROR] COMMON(852719,ffffb3796020,python):2026-09-14-17:41:36.459.743 [mindspore/ccsrc/pybind_api/ir/tensor_py.cc:730] DataPtr] Tensor device address is null
[ERROR] COMMON(852719,ffffb3796020,python):2026-09-14-17:41:36.462.132 [mindspore/ccsrc/pybind_api/ir/tensor_py.cc:730] DataPtr] Tensor device address is null
[ERROR] COMMON(852719,ffffb3796020,python):2026-09-14-17:41:36.462.826 [mindspore/ccsrc/pybind_api/ir/tensor_py.cc:730] DataPtr] Tensor device address is null
[ERROR] COMMON(852719,ffffb3796020,python):2026-09-14-17:41:36.465.621 [mindspore/ccsrc/pybind_api/ir/tensor_py.cc:730] DataPtr] Tensor device address is null
[ERROR] COMMON(852719,ffffb3796020,python):2026-09-14-17:41:36.466.332 [mindspore/ccsrc/pybind_api/ir/tensor_py.cc:730] DataPtr] Tensor device address is null
[ERROR] COMMON(852719,ffffb3796020,python):2026-09-14-17:41:36.468.922 [mindspore/ccsrc/pybind_api/ir/tensor_py.cc:730] DataPtr] Tensor device address is null
[ERROR] COMMON(852719,ffffb3796020,python):2026-09-14-17:41:36.469.623 [mindspore/ccsrc/pybind_api/ir/tensor_py.cc:730] DataPtr] Tensor device address is null
[ERROR] COMMON(852719,ffffb3796020,python):2026-09-14-17:41:36.472.003 [mindspore/ccsrc/pybind_api/ir/tensor_py.cc:730] DataPtr] Tensor device address is null
[ERROR] COMMON(852719,ffffb3796020,python):2026-09-14-17:41:36.472.703 [mindspore/ccsrc/pybind_api/ir/tensor_py.cc:730] DataPtr] Tensor device address is null
[ERROR] COMMON(852719,ffffb3796020,python):2026-09-14-17:41:36.478.394 [mindspore/ccsrc/pybind_api/ir/tensor_py.cc:730] DataPtr] Tensor device address is null
[ERROR] COMMON(852719,ffffb3796020,python):2026-09-14-17:41:36.479.115 [mindspore/ccsrc/pybind_api/ir/tensor_py.cc:730] DataPtr] Tensor device address is null
[ERROR] COMMON(852719,ffffb3796020,python):2026-09-14-17:41:36.485.661 [mindspore/ccsrc/pybind_api/ir/tensor_py.cc:730] DataPtr] Tensor device address is null
[ERROR] COMMON(852719,ffffb3796020,python):2026-09-14-17:41:36.486.386 [mindspore/ccsrc/pybind_api/ir/tensor_py.cc:730] DataPtr] Tensor device address is null
[ERROR] COMMON(852719,ffffb3796020,python):2026-09-14-17:41:36.487.071 [mindspore/ccsrc/pybind_api/ir/tensor_py.cc:730] DataPtr] Tensor device address is null
[ERROR] COMMON(852719,ffffb3796020,python):2026-09-14-17:41:36.487.748 [mindspore/ccsrc/pybind_api/ir/tensor_py.cc:730] DataPtr] Tensor device address is null
[ERROR] COMMON(852719,ffffb3796020,python):2026-09-14-17:41:36.488.433 [mindspore/ccsrc/pybind_api/ir/tensor_py.cc:730] DataPtr] Tensor device address is null
[ERROR] COMMON(852719,ffffb3796020,python):2026-09-14-17:41:36.489.139 [mindspore/ccsrc/pybind_api/ir/tensor_py.cc:730] DataPtr] Tensor device address is null
[ERROR] COMMON(852719,ffffb3796020,python):2026-09-14-17:41:36.491.532 [mindspore/ccsrc/pybind_api/ir/tensor_py.cc:730] DataPtr] Tensor device address is null
[ERROR] COMMON(852719,ffffb3796020,python):2026-09-14-17:41:36.492.222 [mindspore/ccsrc/pybind_api/ir/tensor_py.cc:730] DataPtr] Tensor device address is null
[ERROR] COMMON(852719,ffffb3796020,python):2026-09-14-17:41:36.494.642 [mindspore/ccsrc/pybind_api/ir/tensor_py.cc:730] DataPtr] Tensor device address is null
[ERROR] COMMON(852719,ffffb3796020,python):2026-09-14-17:41:36.495.344 [mindspore/ccsrc/pybind_api/ir/tensor_py.cc:730] DataPtr] Tensor device address is null
[ERROR] COMMON(852719,ffffb3796020,python):2026-09-14-17:41:36.497.465 [mindspore/ccsrc/pybind_api/ir/tensor_py.cc:730] DataPtr] Tensor device address is null
[ERROR] COMMON(852719,ffffb3796020,python):2026-09-14-17:41:36.498.166 [mindspore/ccsrc/pybind_api/ir/tensor_py.cc:730] DataPtr] Tensor device address is null
[ERROR] COMMON(852719,ffffb3796020,python):2026-09-14-17:41:36.500.026 [mindspore/ccsrc/pybind_api/ir/tensor_py.cc:730] DataPtr] Tensor device address is null
[ERROR] COMMON(852719,ffffb3796020,python):2026-09-14-17:41:36.500.730 [mindspore/ccsrc/pybind_api/ir/tensor_py.cc:730] DataPtr] Tensor device address is null
[ERROR] COMMON(852719,ffffb3796020,python):2026-09-14-17:41:36.507.090 [mindspore/ccsrc/pybind_api/ir/tensor_py.cc:730] DataPtr] Tensor device address is null
[ERROR] COMMON(852719,ffffb3796020,python):2026-09-14-17:41:36.507.818 [mindspore/ccsrc/pybind_api/ir/tensor_py.cc:730] DataPtr] Tensor device address is null
[ERROR] COMMON(852719,ffffb3796020,python):2026-09-14-17:41:36.513.716 [mindspore/ccsrc/pybind_api/ir/tensor_py.cc:730] DataPtr] Tensor device address is null
[ERROR] COMMON(852719,ffffb3796020,python):2026-09-14-17:41:36.514.435 [mindspore/ccsrc/pybind_api/ir/tensor_py.cc:730] DataPtr] Tensor device address is null
[ERROR] COMMON(852719,ffffb3796020,python):2026-09-14-17:41:36.515.122 [mindspore/ccsrc/pybind_api/ir/tensor_py.cc:730] DataPtr] Tensor device address is null
[ERROR] COMMON(852719,ffffb3796020,python):2026-09-14-17:41:36.515.809 [mindspore/ccsrc/pybind_api/ir/tensor_py.cc:730] DataPtr] Tensor device address is null
[ERROR] COMMON(852719,ffffb3796020,python):2026-09-14-17:41:36.516.493 [mindspore/ccsrc/pybind_api/ir/tensor_py.cc:730] DataPtr] Tensor device address is null
[ERROR] COMMON(852719,ffffb3796020,python):2026-09-14-17:41:36.517.192 [mindspore/ccsrc/pybind_api/ir/tensor_py.cc:730] DataPtr] Tensor device address is null
[ERROR] COMMON(852719,ffffb3796020,python):2026-09-14-17:41:36.519.549 [mindspore/ccsrc/pybind_api/ir/tensor_py.cc:730] DataPtr] Tensor device address is null
[ERROR] COMMON(852719,ffffb3796020,python):2026-09-14-17:41:36.520.233 [mindspore/ccsrc/pybind_api/ir/tensor_py.cc:730] DataPtr] Tensor device address is null
[ERROR] COMMON(852719,ffffb3796020,python):2026-09-14-17:41:36.522.999 [mindspore/ccsrc/pybind_api/ir/tensor_py.cc:730] DataPtr] Tensor device address is null
[ERROR] COMMON(852719,ffffb3796020,python):2026-09-14-17:41:36.523.704 [mindspore/ccsrc/pybind_api/ir/tensor_py.cc:730] DataPtr] Tensor device address is null
[ERROR] COMMON(852719,ffffb3796020,python):2026-09-14-17:41:36.526.163 [mindspore/ccsrc/pybind_api/ir/tensor_py.cc:730] DataPtr] Tensor device address is null
[ERROR] COMMON(852719,ffffb3796020,python):2026-09-14-17:41:36.526.867 [mindspore/ccsrc/pybind_api/ir/tensor_py.cc:730] DataPtr] Tensor device address is null
[ERROR] COMMON(852719,ffffb3796020,python):2026-09-14-17:41:36.529.251 [mindspore/ccsrc/pybind_api/ir/tensor_py.cc:730] DataPtr] Tensor device address is null
[ERROR] COMMON(852719,ffffb3796020,python):2026-09-14-17:41:36.529.951 [mindspore/ccsrc/pybind_api/ir/tensor_py.cc:730] DataPtr] Tensor device address is null
[ERROR] COMMON(852719,ffffb3796020,python):2026-09-14-17:41:36.535.993 [mindspore/ccsrc/pybind_api/ir/tensor_py.cc:730] DataPtr] Tensor device address is null
[ERROR] COMMON(852719,ffffb3796020,python):2026-09-14-17:41:36.536.715 [mindspore/ccsrc/pybind_api/ir/tensor_py.cc:730] DataPtr] Tensor device address is null
[ERROR] COMMON(852719,ffffb3796020,python):2026-09-14-17:41:36.543.260 [mindspore/ccsrc/pybind_api/ir/tensor_py.cc:730] DataPtr] Tensor device address is null
[ERROR] COMMON(852719,ffffb3796020,python):2026-09-14-17:41:36.543.984 [mindspore/ccsrc/pybind_api/ir/tensor_py.cc:730] DataPtr] Tensor device address is null
[ERROR] COMMON(852719,ffffb3796020,python):2026-09-14-17:41:36.544.687 [mindspore/ccsrc/pybind_api/ir/tensor_py.cc:730] DataPtr] Tensor device address is null
[ERROR] COMMON(852719,ffffb3796020,python):2026-09-14-17:41:36.545.374 [mindspore/ccsrc/pybind_api/ir/tensor_py.cc:730] DataPtr] Tensor device address is null
[ERROR] COMMON(852719,ffffb3796020,python):2026-09-14-17:41:36.546.041 [mindspore/ccsrc/pybind_api/ir/tensor_py.cc:730] DataPtr] Tensor device address is null
[ERROR] COMMON(852719,ffffb3796020,python):2026-09-14-17:41:36.546.716 [mindspore/ccsrc/pybind_api/ir/tensor_py.cc:730] DataPtr] Tensor device address is null
[ERROR] COMMON(852719,ffffb3796020,python):2026-09-14-17:41:36.549.145 [mindspore/ccsrc/pybind_api/ir/tensor_py.cc:730] DataPtr] Tensor device address is null
[ERROR] COMMON(852719,ffffb3796020,python):2026-09-14-17:41:36.549.840 [mindspore/ccsrc/pybind_api/ir/tensor_py.cc:730] DataPtr] Tensor device address is null
[ERROR] COMMON(852719,ffffb3796020,python):2026-09-14-17:41:36.552.609 [mindspore/ccsrc/pybind_api/ir/tensor_py.cc:730] DataPtr] Tensor device address is null
[ERROR] COMMON(852719,ffffb3796020,python):2026-09-14-17:41:36.553.360 [mindspore/ccsrc/pybind_api/ir/tensor_py.cc:730] DataPtr] Tensor device address is null
[ERROR] COMMON(852719,ffffb3796020,python):2026-09-14-17:41:36.555.353 [mindspore/ccsrc/pybind_api/ir/tensor_py.cc:730] DataPtr] Tensor device address is null
[ERROR] COMMON(852719,ffffb3796020,python):2026-09-14-17:41:36.556.040 [mindspore/ccsrc/pybind_api/ir/tensor_py.cc:730] DataPtr] Tensor device address is null
[ERROR] COMMON(852719,ffffb3796020,python):2026-09-14-17:41:36.557.940 [mindspore/ccsrc/pybind_api/ir/tensor_py.cc:730] DataPtr] Tensor device address is null
[ERROR] COMMON(852719,ffffb3796020,python):2026-09-14-17:41:36.558.644 [mindspore/ccsrc/pybind_api/ir/tensor_py.cc:730] DataPtr] Tensor device address is null
[ERROR] COMMON(852719,ffffb3796020,python):2026-09-14-17:41:36.565.137 [mindspore/ccsrc/pybind_api/ir/tensor_py.cc:730] DataPtr] Tensor device address is null
[ERROR] COMMON(852719,ffffb3796020,python):2026-09-14-17:41:36.565.869 [mindspore/ccsrc/pybind_api/ir/tensor_py.cc:730] DataPtr] Tensor device address is null
[ERROR] COMMON(852719,ffffb3796020,python):2026-09-14-17:41:36.571.746 [mindspore/ccsrc/pybind_api/ir/tensor_py.cc:730] DataPtr] Tensor device address is null
[ERROR] COMMON(852719,ffffb3796020,python):2026-09-14-17:41:36.572.476 [mindspore/ccsrc/pybind_api/ir/tensor_py.cc:730] DataPtr] Tensor device address is null
[ERROR] COMMON(852719,ffffb3796020,python):2026-09-14-17:41:36.573.202 [mindspore/ccsrc/pybind_api/ir/tensor_py.cc:730] DataPtr] Tensor device address is null
[ERROR] COMMON(852719,ffffb3796020,python):2026-09-14-17:41:36.573.915 [mindspore/ccsrc/pybind_api/ir/tensor_py.cc:730] DataPtr] Tensor device address is null
[ERROR] COMMON(852719,ffffb3796020,python):2026-09-14-17:41:36.574.604 [mindspore/ccsrc/pybind_api/ir/tensor_py.cc:730] DataPtr] Tensor device address is null
[ERROR] COMMON(852719,ffffb3796020,python):2026-09-14-17:41:36.575.291 [mindspore/ccsrc/pybind_api/ir/tensor_py.cc:730] DataPtr] Tensor device address is null
[ERROR] COMMON(852719,ffffb3796020,python):2026-09-14-17:41:36.577.857 [mindspore/ccsrc/pybind_api/ir/tensor_py.cc:730] DataPtr] Tensor device address is null
[ERROR] COMMON(852719,ffffb3796020,python):2026-09-14-17:41:36.578.576 [mindspore/ccsrc/pybind_api/ir/tensor_py.cc:730] DataPtr] Tensor device address is null
[ERROR] COMMON(852719,ffffb3796020,python):2026-09-14-17:41:36.581.083 [mindspore/ccsrc/pybind_api/ir/tensor_py.cc:730] DataPtr] Tensor device address is null
[ERROR] COMMON(852719,ffffb3796020,python):2026-09-14-17:41:36.581.791 [mindspore/ccsrc/pybind_api/ir/tensor_py.cc:730] DataPtr] Tensor device address is null
[ERROR] COMMON(852719,ffffb3796020,python):2026-09-14-17:41:36.584.228 [mindspore/ccsrc/pybind_api/ir/tensor_py.cc:730] DataPtr] Tensor device address is null
[ERROR] COMMON(852719,ffffb3796020,python):2026-09-14-17:41:36.584.937 [mindspore/ccsrc/pybind_api/ir/tensor_py.cc:730] DataPtr] Tensor device address is null
[ERROR] COMMON(852719,ffffb3796020,python):2026-09-14-17:41:36.587.341 [mindspore/ccsrc/pybind_api/ir/tensor_py.cc:730] DataPtr] Tensor device address is null
[ERROR] COMMON(852719,ffffb3796020,python):2026-09-14-17:41:36.588.055 [mindspore/ccsrc/pybind_api/ir/tensor_py.cc:730] DataPtr] Tensor device address is null
[ERROR] COMMON(852719,ffffb3796020,python):2026-09-14-17:41:36.593.959 [mindspore/ccsrc/pybind_api/ir/tensor_py.cc:730] DataPtr] Tensor device address is null
[ERROR] COMMON(852719,ffffb3796020,python):2026-09-14-17:41:36.594.685 [mindspore/ccsrc/pybind_api/ir/tensor_py.cc:730] DataPtr] Tensor device address is null
[ERROR] COMMON(852719,ffffb3796020,python):2026-09-14-17:41:36.601.152 [mindspore/ccsrc/pybind_api/ir/tensor_py.cc:730] DataPtr] Tensor device address is null
[ERROR] COMMON(852719,ffffb3796020,python):2026-09-14-17:41:36.601.888 [mindspore/ccsrc/pybind_api/ir/tensor_py.cc:730] DataPtr] Tensor device address is null
[ERROR] COMMON(852719,ffffb3796020,python):2026-09-14-17:41:36.602.584 [mindspore/ccsrc/pybind_api/ir/tensor_py.cc:730] DataPtr] Tensor device address is null
[ERROR] COMMON(852719,ffffb3796020,python):2026-09-14-17:41:36.603.287 [mindspore/ccsrc/pybind_api/ir/tensor_py.cc:730] DataPtr] Tensor device address is null
[ERROR] COMMON(852719,ffffb3796020,python):2026-09-14-17:41:36.603.983 [mindspore/ccsrc/pybind_api/ir/tensor_py.cc:730] DataPtr] Tensor device address is null
[ERROR] COMMON(852719,ffffb3796020,python):2026-09-14-17:41:36.604.683 [mindspore/ccsrc/pybind_api/ir/tensor_py.cc:730] DataPtr] Tensor device address is null
[ERROR] COMMON(852719,ffffb3796020,python):2026-09-14-17:41:36.607.106 [mindspore/ccsrc/pybind_api/ir/tensor_py.cc:730] DataPtr] Tensor device address is null
[ERROR] COMMON(852719,ffffb3796020,python):2026-09-14-17:41:36.607.804 [mindspore/ccsrc/pybind_api/ir/tensor_py.cc:730] DataPtr] Tensor device address is null
[ERROR] COMMON(852719,ffffb3796020,python):2026-09-14-17:41:36.610.581 [mindspore/ccsrc/pybind_api/ir/tensor_py.cc:730] DataPtr] Tensor device address is null
[ERROR] COMMON(852719,ffffb3796020,python):2026-09-14-17:41:36.611.305 [mindspore/ccsrc/pybind_api/ir/tensor_py.cc:730] DataPtr] Tensor device address is null
[ERROR] COMMON(852719,ffffb3796020,python):2026-09-14-17:41:36.613.266 [mindspore/ccsrc/pybind_api/ir/tensor_py.cc:730] DataPtr] Tensor device address is null
[ERROR] COMMON(852719,ffffb3796020,python):2026-09-14-17:41:36.613.978 [mindspore/ccsrc/pybind_api/ir/tensor_py.cc:730] DataPtr] Tensor device address is null
[ERROR] COMMON(852719,ffffb3796020,python):2026-09-14-17:41:36.615.909 [mindspore/ccsrc/pybind_api/ir/tensor_py.cc:730] DataPtr] Tensor device address is null
[ERROR] COMMON(852719,ffffb3796020,python):2026-09-14-17:41:36.616.681 [mindspore/ccsrc/pybind_api/ir/tensor_py.cc:730] DataPtr] Tensor device address is null
[ERROR] COMMON(852719,ffffb3796020,python):2026-09-14-17:41:36.623.282 [mindspore/ccsrc/pybind_api/ir/tensor_py.cc:730] DataPtr] Tensor device address is null
[ERROR] COMMON(852719,ffffb3796020,python):2026-09-14-17:41:36.624.018 [mindspore/ccsrc/pybind_api/ir/tensor_py.cc:730] DataPtr] Tensor device address is null
[ERROR] COMMON(852719,ffffb3796020,python):2026-09-14-17:41:36.630.132 [mindspore/ccsrc/pybind_api/ir/tensor_py.cc:730] DataPtr] Tensor device address is null
[ERROR] COMMON(852719,ffffb3796020,python):2026-09-14-17:41:36.630.847 [mindspore/ccsrc/pybind_api/ir/tensor_py.cc:730] DataPtr] Tensor device address is null
[ERROR] COMMON(852719,ffffb3796020,python):2026-09-14-17:41:36.631.539 [mindspore/ccsrc/pybind_api/ir/tensor_py.cc:730] DataPtr] Tensor device address is null
[ERROR] COMMON(852719,ffffb3796020,python):2026-09-14-17:41:36.632.209 [mindspore/ccsrc/pybind_api/ir/tensor_py.cc:730] DataPtr] Tensor device address is null
[ERROR] COMMON(852719,ffffb3796020,python):2026-09-14-17:41:36.632.905 [mindspore/ccsrc/pybind_api/ir/tensor_py.cc:730] DataPtr] Tensor device address is null
[ERROR] COMMON(852719,ffffb3796020,python):2026-09-14-17:41:36.633.601 [mindspore/ccsrc/pybind_api/ir/tensor_py.cc:730] DataPtr] Tensor device address is null
[ERROR] COMMON(852719,ffffb3796020,python):2026-09-14-17:41:36.636.029 [mindspore/ccsrc/pybind_api/ir/tensor_py.cc:730] DataPtr] Tensor device address is null
[ERROR] COMMON(852719,ffffb3796020,python):2026-09-14-17:41:36.636.734 [mindspore/ccsrc/pybind_api/ir/tensor_py.cc:730] DataPtr] Tensor device address is null
[ERROR] COMMON(852719,ffffb3796020,python):2026-09-14-17:41:36.639.471 [mindspore/ccsrc/pybind_api/ir/tensor_py.cc:730] DataPtr] Tensor device address is null
[ERROR] COMMON(852719,ffffb3796020,python):2026-09-14-17:41:36.640.171 [mindspore/ccsrc/pybind_api/ir/tensor_py.cc:730] DataPtr] Tensor device address is null
[ERROR] COMMON(852719,ffffb3796020,python):2026-09-14-17:41:36.642.820 [mindspore/ccsrc/pybind_api/ir/tensor_py.cc:730] DataPtr] Tensor device address is null
[ERROR] COMMON(852719,ffffb3796020,python):2026-09-14-17:41:36.643.530 [mindspore/ccsrc/pybind_api/ir/tensor_py.cc:730] DataPtr] Tensor device address is null
[ERROR] COMMON(852719,ffffb3796020,python):2026-09-14-17:41:36.645.922 [mindspore/ccsrc/pybind_api/ir/tensor_py.cc:730] DataPtr] Tensor device address is null
[ERROR] COMMON(852719,ffffb3796020,python):2026-09-14-17:41:36.646.625 [mindspore/ccsrc/pybind_api/ir/tensor_py.cc:730] DataPtr] Tensor device address is null
[ERROR] COMMON(852719,ffffb3796020,python):2026-09-14-17:41:36.652.662 [mindspore/ccsrc/pybind_api/ir/tensor_py.cc:730] DataPtr] Tensor device address is null
[ERROR] COMMON(852719,ffffb3796020,python):2026-09-14-17:41:36.653.385 [mindspore/ccsrc/pybind_api/ir/tensor_py.cc:730] DataPtr] Tensor device address is null
[ERROR] COMMON(852719,ffffb3796020,python):2026-09-14-17:41:36.659.810 [mindspore/ccsrc/pybind_api/ir/tensor_py.cc:730] DataPtr] Tensor device address is null
[ERROR] COMMON(852719,ffffb3796020,python):2026-09-14-17:41:36.660.531 [mindspore/ccsrc/pybind_api/ir/tensor_py.cc:730] DataPtr] Tensor device address is null
[ERROR] COMMON(852719,ffffb3796020,python):2026-09-14-17:41:36.661.235 [mindspore/ccsrc/pybind_api/ir/tensor_py.cc:730] DataPtr] Tensor device address is null
[ERROR] COMMON(852719,ffffb3796020,python):2026-09-14-17:41:36.661.935 [mindspore/ccsrc/pybind_api/ir/tensor_py.cc:730] DataPtr] Tensor device address is null
[ERROR] COMMON(852719,ffffb3796020,python):2026-09-14-17:41:36.662.628 [mindspore/ccsrc/pybind_api/ir/tensor_py.cc:730] DataPtr] Tensor device address is null
[ERROR] COMMON(852719,ffffb3796020,python):2026-09-14-17:41:36.663.330 [mindspore/ccsrc/pybind_api/ir/tensor_py.cc:730] DataPtr] Tensor device address is null
[ERROR] COMMON(852719,ffffb3796020,python):2026-09-14-17:41:36.665.663 [mindspore/ccsrc/pybind_api/ir/tensor_py.cc:730] DataPtr] Tensor device address is null
[ERROR] COMMON(852719,ffffb3796020,python):2026-09-14-17:41:36.666.359 [mindspore/ccsrc/pybind_api/ir/tensor_py.cc:730] DataPtr] Tensor device address is null
[ERROR] COMMON(852719,ffffb3796020,python):2026-09-14-17:41:36.669.074 [mindspore/ccsrc/pybind_api/ir/tensor_py.cc:730] DataPtr] Tensor device address is null
[ERROR] COMMON(852719,ffffb3796020,python):2026-09-14-17:41:36.669.786 [mindspore/ccsrc/pybind_api/ir/tensor_py.cc:730] DataPtr] Tensor device address is null
[ERROR] COMMON(852719,ffffb3796020,python):2026-09-14-17:41:36.671.653 [mindspore/ccsrc/pybind_api/ir/tensor_py.cc:730] DataPtr] Tensor device address is null
[ERROR] COMMON(852719,ffffb3796020,python):2026-09-14-17:41:36.672.346 [mindspore/ccsrc/pybind_api/ir/tensor_py.cc:730] DataPtr] Tensor device address is null
[ERROR] COMMON(852719,ffffb3796020,python):2026-09-14-17:41:36.674.238 [mindspore/ccsrc/pybind_api/ir/tensor_py.cc:730] DataPtr] Tensor device address is null
[ERROR] COMMON(852719,ffffb3796020,python):2026-09-14-17:41:36.674.942 [mindspore/ccsrc/pybind_api/ir/tensor_py.cc:730] DataPtr] Tensor device address is null
[ERROR] COMMON(852719,ffffb3796020,python):2026-09-14-17:41:36.681.363 [mindspore/ccsrc/pybind_api/ir/tensor_py.cc:730] DataPtr] Tensor device address is null
[ERROR] COMMON(852719,ffffb3796020,python):2026-09-14-17:41:36.682.088 [mindspore/ccsrc/pybind_api/ir/tensor_py.cc:730] DataPtr] Tensor device address is null
[ERROR] COMMON(852719,ffffb3796020,python):2026-09-14-17:41:36.687.795 [mindspore/ccsrc/pybind_api/ir/tensor_py.cc:730] DataPtr] Tensor device address is null
[ERROR] COMMON(852719,ffffb3796020,python):2026-09-14-17:41:36.688.520 [mindspore/ccsrc/pybind_api/ir/tensor_py.cc:730] DataPtr] Tensor device address is null
[ERROR] COMMON(852719,ffffb3796020,python):2026-09-14-17:41:36.689.220 [mindspore/ccsrc/pybind_api/ir/tensor_py.cc:730] DataPtr] Tensor device address is null
[ERROR] COMMON(852719,ffffb3796020,python):2026-09-14-17:41:36.689.919 [mindspore/ccsrc/pybind_api/ir/tensor_py.cc:730] DataPtr] Tensor device address is null
[ERROR] COMMON(852719,ffffb3796020,python):2026-09-14-17:41:36.690.706 [mindspore/ccsrc/pybind_api/ir/tensor_py.cc:730] DataPtr] Tensor device address is null
[ERROR] COMMON(852719,ffffb3796020,python):2026-09-14-17:41:36.691.398 [mindspore/ccsrc/pybind_api/ir/tensor_py.cc:730] DataPtr] Tensor device address is null
[ERROR] COMMON(852719,ffffb3796020,python):2026-09-14-17:41:36.693.768 [mindspore/ccsrc/pybind_api/ir/tensor_py.cc:730] DataPtr] Tensor device address is null
[ERROR] COMMON(852719,ffffb3796020,python):2026-09-14-17:41:36.694.476 [mindspore/ccsrc/pybind_api/ir/tensor_py.cc:730] DataPtr] Tensor device address is null
[ERROR] COMMON(852719,ffffb3796020,python):2026-09-14-17:41:36.697.223 [mindspore/ccsrc/pybind_api/ir/tensor_py.cc:730] DataPtr] Tensor device address is null
[ERROR] COMMON(852719,ffffb3796020,python):2026-09-14-17:41:36.697.926 [mindspore/ccsrc/pybind_api/ir/tensor_py.cc:730] DataPtr] Tensor device address is null
[ERROR] COMMON(852719,ffffb3796020,python):2026-09-14-17:41:36.700.566 [mindspore/ccsrc/pybind_api/ir/tensor_py.cc:730] DataPtr] Tensor device address is null
[ERROR] COMMON(852719,ffffb3796020,python):2026-09-14-17:41:36.701.279 [mindspore/ccsrc/pybind_api/ir/tensor_py.cc:730] DataPtr] Tensor device address is null
[ERROR] COMMON(852719,ffffb3796020,python):2026-09-14-17:41:36.703.683 [mindspore/ccsrc/pybind_api/ir/tensor_py.cc:730] DataPtr] Tensor device address is null
[ERROR] COMMON(852719,ffffb3796020,python):2026-09-14-17:41:36.704.380 [mindspore/ccsrc/pybind_api/ir/tensor_py.cc:730] DataPtr] Tensor device address is null
[ERROR] COMMON(852719,ffffb3796020,python):2026-09-14-17:41:36.710.187 [mindspore/ccsrc/pybind_api/ir/tensor_py.cc:730] DataPtr] Tensor device address is null
[ERROR] COMMON(852719,ffffb3796020,python):2026-09-14-17:41:36.710.940 [mindspore/ccsrc/pybind_api/ir/tensor_py.cc:730] DataPtr] Tensor device address is null
[ERROR] COMMON(852719,ffffb3796020,python):2026-09-14-17:41:36.717.445 [mindspore/ccsrc/pybind_api/ir/tensor_py.cc:730] DataPtr] Tensor device address is null
[ERROR] COMMON(852719,ffffb3796020,python):2026-09-14-17:41:36.718.163 [mindspore/ccsrc/pybind_api/ir/tensor_py.cc:730] DataPtr] Tensor device address is null
[ERROR] COMMON(852719,ffffb3796020,python):2026-09-14-17:41:36.787.464 [mindspore/ccsrc/pybind_api/ir/tensor_py.cc:730] DataPtr] Tensor device address is null
[ERROR] COMMON(852719,ffffb3796020,python):2026-09-14-17:41:36.788.633 [mindspore/ccsrc/pybind_api/ir/tensor_py.cc:730] DataPtr] Tensor device address is null
[ERROR] COMMON(852719,ffffb3796020,python):2026-09-14-17:41:36.789.333 [mindspore/ccsrc/pybind_api/ir/tensor_py.cc:730] DataPtr] Tensor device address is null
[ERROR] COMMON(852719,ffffb3796020,python):2026-09-14-17:41:36.790.018 [mindspore/ccsrc/pybind_api/ir/tensor_py.cc:730] DataPtr] Tensor device address is null
[ERROR] COMMON(852719,ffffb3796020,python):2026-09-14-17:41:36.790.692 [mindspore/ccsrc/pybind_api/ir/tensor_py.cc:730] DataPtr] Tensor device address is null
[ERROR] COMMON(852719,ffffb3796020,python):2026-09-14-17:41:36.791.376 [mindspore/ccsrc/pybind_api/ir/tensor_py.cc:730] DataPtr] Tensor device address is null
[ERROR] COMMON(852719,ffffb3796020,python):2026-09-14-17:41:36.792.055 [mindspore/ccsrc/pybind_api/ir/tensor_py.cc:730] DataPtr] Tensor device address is null
[ERROR] COMMON(852719,ffffb3796020,python):2026-09-14-17:41:36.792.753 [mindspore/ccsrc/pybind_api/ir/tensor_py.cc:730] DataPtr] Tensor device address is null
[ERROR] COMMON(852719,ffffb3796020,python):2026-09-14-17:41:36.795.203 [mindspore/ccsrc/pybind_api/ir/tensor_py.cc:730] DataPtr] Tensor device address is null
[ERROR] COMMON(852719,ffffb3796020,python):2026-09-14-17:41:36.795.902 [mindspore/ccsrc/pybind_api/ir/tensor_py.cc:730] DataPtr] Tensor device address is null
[ERROR] COMMON(852719,ffffb3796020,python):2026-09-14-17:41:36.798.580 [mindspore/ccsrc/pybind_api/ir/tensor_py.cc:730] DataPtr] Tensor device address is null
[ERROR] COMMON(852719,ffffb3796020,python):2026-09-14-17:41:36.799.280 [mindspore/ccsrc/pybind_api/ir/tensor_py.cc:730] DataPtr] Tensor device address is null
[ERROR] COMMON(852719,ffffb3796020,python):2026-09-14-17:41:36.801.058 [mindspore/ccsrc/pybind_api/ir/tensor_py.cc:730] DataPtr] Tensor device address is null
[ERROR] COMMON(852719,ffffb3796020,python):2026-09-14-17:41:36.801.751 [mindspore/ccsrc/pybind_api/ir/tensor_py.cc:730] DataPtr] Tensor device address is null
[ERROR] COMMON(852719,ffffb3796020,python):2026-09-14-17:41:36.803.598 [mindspore/ccsrc/pybind_api/ir/tensor_py.cc:730] DataPtr] Tensor device address is null
[ERROR] COMMON(852719,ffffb3796020,python):2026-09-14-17:41:36.804.293 [mindspore/ccsrc/pybind_api/ir/tensor_py.cc:730] DataPtr] Tensor device address is null
[ERROR] COMMON(852719,ffffb3796020,python):2026-09-14-17:41:36.810.805 [mindspore/ccsrc/pybind_api/ir/tensor_py.cc:730] DataPtr] Tensor device address is null
[ERROR] COMMON(852719,ffffb3796020,python):2026-09-14-17:41:36.811.540 [mindspore/ccsrc/pybind_api/ir/tensor_py.cc:730] DataPtr] Tensor device address is null
[ERROR] COMMON(852719,ffffb3796020,python):2026-09-14-17:41:36.817.445 [mindspore/ccsrc/pybind_api/ir/tensor_py.cc:730] DataPtr] Tensor device address is null
[ERROR] COMMON(852719,ffffb3796020,python):2026-09-14-17:41:36.818.164 [mindspore/ccsrc/pybind_api/ir/tensor_py.cc:730] DataPtr] Tensor device address is null
[ERROR] COMMON(852719,ffffb3796020,python):2026-09-14-17:41:36.819.068 [mindspore/ccsrc/pybind_api/ir/tensor_py.cc:730] DataPtr] Tensor device address is null
[ERROR] COMMON(852719,ffffb3796020,python):2026-09-14-17:41:36.819.756 [mindspore/ccsrc/pybind_api/ir/tensor_py.cc:730] DataPtr] Tensor device address is null
[ERROR] COMMON(852719,ffffb3796020,python):2026-09-14-17:41:36.820.437 [mindspore/ccsrc/pybind_api/ir/tensor_py.cc:730] DataPtr] Tensor device address is null
[ERROR] COMMON(852719,ffffb3796020,python):2026-09-14-17:41:36.821.146 [mindspore/ccsrc/pybind_api/ir/tensor_py.cc:730] DataPtr] Tensor device address is null
[ERROR] COMMON(852719,ffffb3796020,python):2026-09-14-17:41:36.823.573 [mindspore/ccsrc/pybind_api/ir/tensor_py.cc:730] DataPtr] Tensor device address is null
[ERROR] COMMON(852719,ffffb3796020,python):2026-09-14-17:41:36.824.274 [mindspore/ccsrc/pybind_api/ir/tensor_py.cc:730] DataPtr] Tensor device address is null
[ERROR] COMMON(852719,ffffb3796020,python):2026-09-14-17:41:36.826.794 [mindspore/ccsrc/pybind_api/ir/tensor_py.cc:730] DataPtr] Tensor device address is null
[ERROR] COMMON(852719,ffffb3796020,python):2026-09-14-17:41:36.827.505 [mindspore/ccsrc/pybind_api/ir/tensor_py.cc:730] DataPtr] Tensor device address is null
[ERROR] COMMON(852719,ffffb3796020,python):2026-09-14-17:41:36.830.246 [mindspore/ccsrc/pybind_api/ir/tensor_py.cc:730] DataPtr] Tensor device address is null
[ERROR] COMMON(852719,ffffb3796020,python):2026-09-14-17:41:36.830.951 [mindspore/ccsrc/pybind_api/ir/tensor_py.cc:730] DataPtr] Tensor device address is null
[ERROR] COMMON(852719,ffffb3796020,python):2026-09-14-17:41:36.833.405 [mindspore/ccsrc/pybind_api/ir/tensor_py.cc:730] DataPtr] Tensor device address is null
[ERROR] COMMON(852719,ffffb3796020,python):2026-09-14-17:41:36.834.129 [mindspore/ccsrc/pybind_api/ir/tensor_py.cc:730] DataPtr] Tensor device address is null
[ERROR] COMMON(852719,ffffb3796020,python):2026-09-14-17:41:36.840.179 [mindspore/ccsrc/pybind_api/ir/tensor_py.cc:730] DataPtr] Tensor device address is null
[ERROR] COMMON(852719,ffffb3796020,python):2026-09-14-17:41:36.840.917 [mindspore/ccsrc/pybind_api/ir/tensor_py.cc:730] DataPtr] Tensor device address is null
[ERROR] COMMON(852719,ffffb3796020,python):2026-09-14-17:41:36.847.435 [mindspore/ccsrc/pybind_api/ir/tensor_py.cc:730] DataPtr] Tensor device address is null
[ERROR] COMMON(852719,ffffb3796020,python):2026-09-14-17:41:36.848.163 [mindspore/ccsrc/pybind_api/ir/tensor_py.cc:730] DataPtr] Tensor device address is null
[ERROR] COMMON(852719,ffffb3796020,python):2026-09-14-17:41:36.848.862 [mindspore/ccsrc/pybind_api/ir/tensor_py.cc:730] DataPtr] Tensor device address is null
[ERROR] COMMON(852719,ffffb3796020,python):2026-09-14-17:41:36.849.564 [mindspore/ccsrc/pybind_api/ir/tensor_py.cc:730] DataPtr] Tensor device address is null
[ERROR] COMMON(852719,ffffb3796020,python):2026-09-14-17:41:36.850.250 [mindspore/ccsrc/pybind_api/ir/tensor_py.cc:730] DataPtr] Tensor device address is null
[ERROR] COMMON(852719,ffffb3796020,python):2026-09-14-17:41:36.850.945 [mindspore/ccsrc/pybind_api/ir/tensor_py.cc:730] DataPtr] Tensor device address is null
[ERROR] COMMON(852719,ffffb3796020,python):2026-09-14-17:41:36.853.457 [mindspore/ccsrc/pybind_api/ir/tensor_py.cc:730] DataPtr] Tensor device address is null
[ERROR] COMMON(852719,ffffb3796020,python):2026-09-14-17:41:36.854.170 [mindspore/ccsrc/pybind_api/ir/tensor_py.cc:730] DataPtr] Tensor device address is null
[ERROR] COMMON(852719,ffffb3796020,python):2026-09-14-17:41:36.856.862 [mindspore/ccsrc/pybind_api/ir/tensor_py.cc:730] DataPtr] Tensor device address is null
[ERROR] COMMON(852719,ffffb3796020,python):2026-09-14-17:41:36.857.589 [mindspore/ccsrc/pybind_api/ir/tensor_py.cc:730] DataPtr] Tensor device address is null
[ERROR] COMMON(852719,ffffb3796020,python):2026-09-14-17:41:36.859.358 [mindspore/ccsrc/pybind_api/ir/tensor_py.cc:730] DataPtr] Tensor device address is null
[ERROR] COMMON(852719,ffffb3796020,python):2026-09-14-17:41:36.860.054 [mindspore/ccsrc/pybind_api/ir/tensor_py.cc:730] DataPtr] Tensor device address is null
[ERROR] COMMON(852719,ffffb3796020,python):2026-09-14-17:41:36.861.960 [mindspore/ccsrc/pybind_api/ir/tensor_py.cc:730] DataPtr] Tensor device address is null
[ERROR] COMMON(852719,ffffb3796020,python):2026-09-14-17:41:36.862.664 [mindspore/ccsrc/pybind_api/ir/tensor_py.cc:730] DataPtr] Tensor device address is null
[ERROR] COMMON(852719,ffffb3796020,python):2026-09-14-17:41:36.869.322 [mindspore/ccsrc/pybind_api/ir/tensor_py.cc:730] DataPtr] Tensor device address is null
[ERROR] COMMON(852719,ffffb3796020,python):2026-09-14-17:41:36.870.069 [mindspore/ccsrc/pybind_api/ir/tensor_py.cc:730] DataPtr] Tensor device address is null
[ERROR] COMMON(852719,ffffb3796020,python):2026-09-14-17:41:36.875.993 [mindspore/ccsrc/pybind_api/ir/tensor_py.cc:730] DataPtr] Tensor device address is null
[ERROR] COMMON(852719,ffffb3796020,python):2026-09-14-17:41:36.876.724 [mindspore/ccsrc/pybind_api/ir/tensor_py.cc:730] DataPtr] Tensor device address is null
[ERROR] COMMON(852719,ffffb3796020,python):2026-09-14-17:41:36.877.421 [mindspore/ccsrc/pybind_api/ir/tensor_py.cc:730] DataPtr] Tensor device address is null
[ERROR] COMMON(852719,ffffb3796020,python):2026-09-14-17:41:36.878.100 [mindspore/ccsrc/pybind_api/ir/tensor_py.cc:730] DataPtr] Tensor device address is null
[ERROR] COMMON(852719,ffffb3796020,python):2026-09-14-17:41:36.878.791 [mindspore/ccsrc/pybind_api/ir/tensor_py.cc:730] DataPtr] Tensor device address is null
[ERROR] COMMON(852719,ffffb3796020,python):2026-09-14-17:41:36.879.474 [mindspore/ccsrc/pybind_api/ir/tensor_py.cc:730] DataPtr] Tensor device address is null
[ERROR] COMMON(852719,ffffb3796020,python):2026-09-14-17:41:36.881.972 [mindspore/ccsrc/pybind_api/ir/tensor_py.cc:730] DataPtr] Tensor device address is null
[ERROR] COMMON(852719,ffffb3796020,python):2026-09-14-17:41:36.882.683 [mindspore/ccsrc/pybind_api/ir/tensor_py.cc:730] DataPtr] Tensor device address is null
[ERROR] COMMON(852719,ffffb3796020,python):2026-09-14-17:41:36.885.078 [mindspore/ccsrc/pybind_api/ir/tensor_py.cc:730] DataPtr] Tensor device address is null
[ERROR] COMMON(852719,ffffb3796020,python):2026-09-14-17:41:36.885.791 [mindspore/ccsrc/pybind_api/ir/tensor_py.cc:730] DataPtr] Tensor device address is null
[ERROR] COMMON(852719,ffffb3796020,python):2026-09-14-17:41:36.888.134 [mindspore/ccsrc/pybind_api/ir/tensor_py.cc:730] DataPtr] Tensor device address is null
[ERROR] COMMON(852719,ffffb3796020,python):2026-09-14-17:41:36.888.844 [mindspore/ccsrc/pybind_api/ir/tensor_py.cc:730] DataPtr] Tensor device address is null
[ERROR] COMMON(852719,ffffb3796020,python):2026-09-14-17:41:36.891.208 [mindspore/ccsrc/pybind_api/ir/tensor_py.cc:730] DataPtr] Tensor device address is null
[ERROR] COMMON(852719,ffffb3796020,python):2026-09-14-17:41:36.891.942 [mindspore/ccsrc/pybind_api/ir/tensor_py.cc:730] DataPtr] Tensor device address is null
[ERROR] COMMON(852719,ffffb3796020,python):2026-09-14-17:41:36.898.744 [mindspore/ccsrc/pybind_api/ir/tensor_py.cc:730] DataPtr] Tensor device address is null
[ERROR] COMMON(852719,ffffb3796020,python):2026-09-14-17:41:36.899.479 [mindspore/ccsrc/pybind_api/ir/tensor_py.cc:730] DataPtr] Tensor device address is null
[ERROR] COMMON(852719,ffffb3796020,python):2026-09-14-17:41:36.905.832 [mindspore/ccsrc/pybind_api/ir/tensor_py.cc:730] DataPtr] Tensor device address is null
[ERROR] COMMON(852719,ffffb3796020,python):2026-09-14-17:41:36.906.565 [mindspore/ccsrc/pybind_api/ir/tensor_py.cc:730] DataPtr] Tensor device address is null
[ERROR] COMMON(852719,ffffb3796020,python):2026-09-14-17:41:36.907.258 [mindspore/ccsrc/pybind_api/ir/tensor_py.cc:730] DataPtr] Tensor device address is null
[ERROR] COMMON(852719,ffffb3796020,python):2026-09-14-17:41:36.907.959 [mindspore/ccsrc/pybind_api/ir/tensor_py.cc:730] DataPtr] Tensor device address is null
[ERROR] COMMON(852719,ffffb3796020,python):2026-09-14-17:41:36.908.650 [mindspore/ccsrc/pybind_api/ir/tensor_py.cc:730] DataPtr] Tensor device address is null
[ERROR] COMMON(852719,ffffb3796020,python):2026-09-14-17:41:36.909.350 [mindspore/ccsrc/pybind_api/ir/tensor_py.cc:730] DataPtr] Tensor device address is null
[ERROR] COMMON(852719,ffffb3796020,python):2026-09-14-17:41:36.912.056 [mindspore/ccsrc/pybind_api/ir/tensor_py.cc:730] DataPtr] Tensor device address is null
[ERROR] COMMON(852719,ffffb3796020,python):2026-09-14-17:41:36.912.751 [mindspore/ccsrc/pybind_api/ir/tensor_py.cc:730] DataPtr] Tensor device address is null
[ERROR] COMMON(852719,ffffb3796020,python):2026-09-14-17:41:36.915.293 [mindspore/ccsrc/pybind_api/ir/tensor_py.cc:730] DataPtr] Tensor device address is null
[ERROR] COMMON(852719,ffffb3796020,python):2026-09-14-17:41:36.916.001 [mindspore/ccsrc/pybind_api/ir/tensor_py.cc:730] DataPtr] Tensor device address is null
[ERROR] COMMON(852719,ffffb3796020,python):2026-09-14-17:41:36.917.841 [mindspore/ccsrc/pybind_api/ir/tensor_py.cc:730] DataPtr] Tensor device address is null
[ERROR] COMMON(852719,ffffb3796020,python):2026-09-14-17:41:36.918.536 [mindspore/ccsrc/pybind_api/ir/tensor_py.cc:730] DataPtr] Tensor device address is null
[ERROR] COMMON(852719,ffffb3796020,python):2026-09-14-17:41:36.920.439 [mindspore/ccsrc/pybind_api/ir/tensor_py.cc:730] DataPtr] Tensor device address is null
[ERROR] COMMON(852719,ffffb3796020,python):2026-09-14-17:41:36.921.124 [mindspore/ccsrc/pybind_api/ir/tensor_py.cc:730] DataPtr] Tensor device address is null
[ERROR] COMMON(852719,ffffb3796020,python):2026-09-14-17:41:36.927.693 [mindspore/ccsrc/pybind_api/ir/tensor_py.cc:730] DataPtr] Tensor device address is null
[ERROR] COMMON(852719,ffffb3796020,python):2026-09-14-17:41:36.928.420 [mindspore/ccsrc/pybind_api/ir/tensor_py.cc:730] DataPtr] Tensor device address is null
[ERROR] COMMON(852719,ffffb3796020,python):2026-09-14-17:41:36.934.596 [mindspore/ccsrc/pybind_api/ir/tensor_py.cc:730] DataPtr] Tensor device address is null
[ERROR] COMMON(852719,ffffb3796020,python):2026-09-14-17:41:36.935.306 [mindspore/ccsrc/pybind_api/ir/tensor_py.cc:730] DataPtr] Tensor device address is null
[ERROR] COMMON(852719,ffffb3796020,python):2026-09-14-17:41:36.935.988 [mindspore/ccsrc/pybind_api/ir/tensor_py.cc:730] DataPtr] Tensor device address is null
[ERROR] COMMON(852719,ffffb3796020,python):2026-09-14-17:41:36.936.670 [mindspore/ccsrc/pybind_api/ir/tensor_py.cc:730] DataPtr] Tensor device address is null
[ERROR] COMMON(852719,ffffb3796020,python):2026-09-14-17:41:36.937.344 [mindspore/ccsrc/pybind_api/ir/tensor_py.cc:730] DataPtr] Tensor device address is null
[ERROR] COMMON(852719,ffffb3796020,python):2026-09-14-17:41:36.938.026 [mindspore/ccsrc/pybind_api/ir/tensor_py.cc:730] DataPtr] Tensor device address is null
[ERROR] COMMON(852719,ffffb3796020,python):2026-09-14-17:41:36.940.784 [mindspore/ccsrc/pybind_api/ir/tensor_py.cc:730] DataPtr] Tensor device address is null
[ERROR] COMMON(852719,ffffb3796020,python):2026-09-14-17:41:36.941.472 [mindspore/ccsrc/pybind_api/ir/tensor_py.cc:730] DataPtr] Tensor device address is null
[ERROR] COMMON(852719,ffffb3796020,python):2026-09-14-17:41:36.944.129 [mindspore/ccsrc/pybind_api/ir/tensor_py.cc:730] DataPtr] Tensor device address is null
[ERROR] COMMON(852719,ffffb3796020,python):2026-09-14-17:41:36.944.815 [mindspore/ccsrc/pybind_api/ir/tensor_py.cc:730] DataPtr] Tensor device address is null
[ERROR] COMMON(852719,ffffb3796020,python):2026-09-14-17:41:36.947.203 [mindspore/ccsrc/pybind_api/ir/tensor_py.cc:730] DataPtr] Tensor device address is null
[ERROR] COMMON(852719,ffffb3796020,python):2026-09-14-17:41:36.947.899 [mindspore/ccsrc/pybind_api/ir/tensor_py.cc:730] DataPtr] Tensor device address is null
[ERROR] COMMON(852719,ffffb3796020,python):2026-09-14-17:41:36.950.282 [mindspore/ccsrc/pybind_api/ir/tensor_py.cc:730] DataPtr] Tensor device address is null
[ERROR] COMMON(852719,ffffb3796020,python):2026-09-14-17:41:36.950.973 [mindspore/ccsrc/pybind_api/ir/tensor_py.cc:730] DataPtr] Tensor device address is null
[ERROR] COMMON(852719,ffffb3796020,python):2026-09-14-17:41:36.956.944 [mindspore/ccsrc/pybind_api/ir/tensor_py.cc:730] DataPtr] Tensor device address is null
[ERROR] COMMON(852719,ffffb3796020,python):2026-09-14-17:41:36.957.667 [mindspore/ccsrc/pybind_api/ir/tensor_py.cc:730] DataPtr] Tensor device address is null
[ERROR] COMMON(852719,ffffb3796020,python):2026-09-14-17:41:36.964.086 [mindspore/ccsrc/pybind_api/ir/tensor_py.cc:730] DataPtr] Tensor device address is null
[ERROR] COMMON(852719,ffffb3796020,python):2026-09-14-17:41:36.964.811 [mindspore/ccsrc/pybind_api/ir/tensor_py.cc:730] DataPtr] Tensor device address is null
[ERROR] COMMON(852719,ffffb3796020,python):2026-09-14-17:41:36.965.521 [mindspore/ccsrc/pybind_api/ir/tensor_py.cc:730] DataPtr] Tensor device address is null
[ERROR] COMMON(852719,ffffb3796020,python):2026-09-14-17:41:36.966.210 [mindspore/ccsrc/pybind_api/ir/tensor_py.cc:730] DataPtr] Tensor device address is null
[ERROR] COMMON(852719,ffffb3796020,python):2026-09-14-17:41:36.966.889 [mindspore/ccsrc/pybind_api/ir/tensor_py.cc:730] DataPtr] Tensor device address is null
[ERROR] COMMON(852719,ffffb3796020,python):2026-09-14-17:41:36.967.568 [mindspore/ccsrc/pybind_api/ir/tensor_py.cc:730] DataPtr] Tensor device address is null
[ERROR] COMMON(852719,ffffb3796020,python):2026-09-14-17:41:36.970.294 [mindspore/ccsrc/pybind_api/ir/tensor_py.cc:730] DataPtr] Tensor device address is null
[ERROR] COMMON(852719,ffffb3796020,python):2026-09-14-17:41:36.970.999 [mindspore/ccsrc/pybind_api/ir/tensor_py.cc:730] DataPtr] Tensor device address is null
[ERROR] COMMON(852719,ffffb3796020,python):2026-09-14-17:41:36.973.438 [mindspore/ccsrc/pybind_api/ir/tensor_py.cc:730] DataPtr] Tensor device address is null
[ERROR] COMMON(852719,ffffb3796020,python):2026-09-14-17:41:36.974.140 [mindspore/ccsrc/pybind_api/ir/tensor_py.cc:730] DataPtr] Tensor device address is null
[ERROR] COMMON(852719,ffffb3796020,python):2026-09-14-17:41:36.975.942 [mindspore/ccsrc/pybind_api/ir/tensor_py.cc:730] DataPtr] Tensor device address is null
[ERROR] COMMON(852719,ffffb3796020,python):2026-09-14-17:41:36.976.636 [mindspore/ccsrc/pybind_api/ir/tensor_py.cc:730] DataPtr] Tensor device address is null
[ERROR] COMMON(852719,ffffb3796020,python):2026-09-14-17:41:36.978.499 [mindspore/ccsrc/pybind_api/ir/tensor_py.cc:730] DataPtr] Tensor device address is null
[ERROR] COMMON(852719,ffffb3796020,python):2026-09-14-17:41:36.979.200 [mindspore/ccsrc/pybind_api/ir/tensor_py.cc:730] DataPtr] Tensor device address is null
[ERROR] COMMON(852719,ffffb3796020,python):2026-09-14-17:41:36.985.599 [mindspore/ccsrc/pybind_api/ir/tensor_py.cc:730] DataPtr] Tensor device address is null
[ERROR] COMMON(852719,ffffb3796020,python):2026-09-14-17:41:36.986.327 [mindspore/ccsrc/pybind_api/ir/tensor_py.cc:730] DataPtr] Tensor device address is null
[ERROR] COMMON(852719,ffffb3796020,python):2026-09-14-17:41:36.992.045 [mindspore/ccsrc/pybind_api/ir/tensor_py.cc:730] DataPtr] Tensor device address is null
[ERROR] COMMON(852719,ffffb3796020,python):2026-09-14-17:41:36.992.766 [mindspore/ccsrc/pybind_api/ir/tensor_py.cc:730] DataPtr] Tensor device address is null
[ERROR] COMMON(852719,ffffb3796020,python):2026-09-14-17:41:36.993.475 [mindspore/ccsrc/pybind_api/ir/tensor_py.cc:730] DataPtr] Tensor device address is null
[ERROR] COMMON(852719,ffffb3796020,python):2026-09-14-17:41:36.994.153 [mindspore/ccsrc/pybind_api/ir/tensor_py.cc:730] DataPtr] Tensor device address is null
[ERROR] COMMON(852719,ffffb3796020,python):2026-09-14-17:41:36.994.828 [mindspore/ccsrc/pybind_api/ir/tensor_py.cc:730] DataPtr] Tensor device address is null
[ERROR] COMMON(852719,ffffb3796020,python):2026-09-14-17:41:36.995.511 [mindspore/ccsrc/pybind_api/ir/tensor_py.cc:730] DataPtr] Tensor device address is null
[ERROR] COMMON(852719,ffffb3796020,python):2026-09-14-17:41:36.998.291 [mindspore/ccsrc/pybind_api/ir/tensor_py.cc:730] DataPtr] Tensor device address is null
[ERROR] COMMON(852719,ffffb3796020,python):2026-09-14-17:41:36.998.988 [mindspore/ccsrc/pybind_api/ir/tensor_py.cc:730] DataPtr] Tensor device address is null
[ERROR] COMMON(852719,ffffb3796020,python):2026-09-14-17:41:37.001.570 [mindspore/ccsrc/pybind_api/ir/tensor_py.cc:730] DataPtr] Tensor device address is null
[ERROR] COMMON(852719,ffffb3796020,python):2026-09-14-17:41:37.002.272 [mindspore/ccsrc/pybind_api/ir/tensor_py.cc:730] DataPtr] Tensor device address is null
[ERROR] COMMON(852719,ffffb3796020,python):2026-09-14-17:41:37.004.651 [mindspore/ccsrc/pybind_api/ir/tensor_py.cc:730] DataPtr] Tensor device address is null
[ERROR] COMMON(852719,ffffb3796020,python):2026-09-14-17:41:37.005.362 [mindspore/ccsrc/pybind_api/ir/tensor_py.cc:730] DataPtr] Tensor device address is null
[ERROR] COMMON(852719,ffffb3796020,python):2026-09-14-17:41:37.007.820 [mindspore/ccsrc/pybind_api/ir/tensor_py.cc:730] DataPtr] Tensor device address is null
[ERROR] COMMON(852719,ffffb3796020,python):2026-09-14-17:41:37.008.556 [mindspore/ccsrc/pybind_api/ir/tensor_py.cc:730] DataPtr] Tensor device address is null
[ERROR] COMMON(852719,ffffb3796020,python):2026-09-14-17:41:37.014.326 [mindspore/ccsrc/pybind_api/ir/tensor_py.cc:730] DataPtr] Tensor device address is null
[ERROR] COMMON(852719,ffffb3796020,python):2026-09-14-17:41:37.015.052 [mindspore/ccsrc/pybind_api/ir/tensor_py.cc:730] DataPtr] Tensor device address is null
[ERROR] COMMON(852719,ffffb3796020,python):2026-09-14-17:41:37.021.630 [mindspore/ccsrc/pybind_api/ir/tensor_py.cc:730] DataPtr] Tensor device address is null
[ERROR] COMMON(852719,ffffb3796020,python):2026-09-14-17:41:37.022.361 [mindspore/ccsrc/pybind_api/ir/tensor_py.cc:730] DataPtr] Tensor device address is null
[ERROR] COMMON(852719,ffffb3796020,python):2026-09-14-17:41:37.023.043 [mindspore/ccsrc/pybind_api/ir/tensor_py.cc:730] DataPtr] Tensor device address is null
[ERROR] COMMON(852719,ffffb3796020,python):2026-09-14-17:41:37.023.727 [mindspore/ccsrc/pybind_api/ir/tensor_py.cc:730] DataPtr] Tensor device address is null
[ERROR] COMMON(852719,ffffb3796020,python):2026-09-14-17:41:37.024.401 [mindspore/ccsrc/pybind_api/ir/tensor_py.cc:730] DataPtr] Tensor device address is null
[ERROR] COMMON(852719,ffffb3796020,python):2026-09-14-17:41:37.025.091 [mindspore/ccsrc/pybind_api/ir/tensor_py.cc:730] DataPtr] Tensor device address is null
[ERROR] COMMON(852719,ffffb3796020,python):2026-09-14-17:41:37.027.592 [mindspore/ccsrc/pybind_api/ir/tensor_py.cc:730] DataPtr] Tensor device address is null
[ERROR] COMMON(852719,ffffb3796020,python):2026-09-14-17:41:37.028.265 [mindspore/ccsrc/pybind_api/ir/tensor_py.cc:730] DataPtr] Tensor device address is null
[ERROR] COMMON(852719,ffffb3796020,python):2026-09-14-17:41:37.031.391 [mindspore/ccsrc/pybind_api/ir/tensor_py.cc:730] DataPtr] Tensor device address is null
[ERROR] COMMON(852719,ffffb3796020,python):2026-09-14-17:41:37.032.090 [mindspore/ccsrc/pybind_api/ir/tensor_py.cc:730] DataPtr] Tensor device address is null
[ERROR] COMMON(852719,ffffb3796020,python):2026-09-14-17:41:37.033.904 [mindspore/ccsrc/pybind_api/ir/tensor_py.cc:730] DataPtr] Tensor device address is null
[ERROR] COMMON(852719,ffffb3796020,python):2026-09-14-17:41:37.034.598 [mindspore/ccsrc/pybind_api/ir/tensor_py.cc:730] DataPtr] Tensor device address is null
[ERROR] COMMON(852719,ffffb3796020,python):2026-09-14-17:41:37.036.592 [mindspore/ccsrc/pybind_api/ir/tensor_py.cc:730] DataPtr] Tensor device address is null
[ERROR] COMMON(852719,ffffb3796020,python):2026-09-14-17:41:37.037.283 [mindspore/ccsrc/pybind_api/ir/tensor_py.cc:730] DataPtr] Tensor device address is null
[ERROR] COMMON(852719,ffffb3796020,python):2026-09-14-17:41:37.043.623 [mindspore/ccsrc/pybind_api/ir/tensor_py.cc:730] DataPtr] Tensor device address is null
[ERROR] COMMON(852719,ffffb3796020,python):2026-09-14-17:41:37.044.358 [mindspore/ccsrc/pybind_api/ir/tensor_py.cc:730] DataPtr] Tensor device address is null
[ERROR] COMMON(852719,ffffb3796020,python):2026-09-14-17:41:37.050.335 [mindspore/ccsrc/pybind_api/ir/tensor_py.cc:730] DataPtr] Tensor device address is null
[ERROR] COMMON(852719,ffffb3796020,python):2026-09-14-17:41:37.051.055 [mindspore/ccsrc/pybind_api/ir/tensor_py.cc:730] DataPtr] Tensor device address is null
[ERROR] COMMON(852719,ffffb3796020,python):2026-09-14-17:41:37.051.738 [mindspore/ccsrc/pybind_api/ir/tensor_py.cc:730] DataPtr] Tensor device address is null
[ERROR] COMMON(852719,ffffb3796020,python):2026-09-14-17:41:37.052.408 [mindspore/ccsrc/pybind_api/ir/tensor_py.cc:730] DataPtr] Tensor device address is null
[ERROR] COMMON(852719,ffffb3796020,python):2026-09-14-17:41:37.053.098 [mindspore/ccsrc/pybind_api/ir/tensor_py.cc:730] DataPtr] Tensor device address is null
[ERROR] COMMON(852719,ffffb3796020,python):2026-09-14-17:41:37.053.788 [mindspore/ccsrc/pybind_api/ir/tensor_py.cc:730] DataPtr] Tensor device address is null
[ERROR] COMMON(852719,ffffb3796020,python):2026-09-14-17:41:37.056.484 [mindspore/ccsrc/pybind_api/ir/tensor_py.cc:730] DataPtr] Tensor device address is null
[ERROR] COMMON(852719,ffffb3796020,python):2026-09-14-17:41:37.057.190 [mindspore/ccsrc/pybind_api/ir/tensor_py.cc:730] DataPtr] Tensor device address is null
[ERROR] COMMON(852719,ffffb3796020,python):2026-09-14-17:41:37.059.656 [mindspore/ccsrc/pybind_api/ir/tensor_py.cc:730] DataPtr] Tensor device address is null
[ERROR] COMMON(852719,ffffb3796020,python):2026-09-14-17:41:37.060.339 [mindspore/ccsrc/pybind_api/ir/tensor_py.cc:730] DataPtr] Tensor device address is null
[ERROR] COMMON(852719,ffffb3796020,python):2026-09-14-17:41:37.062.709 [mindspore/ccsrc/pybind_api/ir/tensor_py.cc:730] DataPtr] Tensor device address is null
[ERROR] COMMON(852719,ffffb3796020,python):2026-09-14-17:41:37.063.407 [mindspore/ccsrc/pybind_api/ir/tensor_py.cc:730] DataPtr] Tensor device address is null
[ERROR] COMMON(852719,ffffb3796020,python):2026-09-14-17:41:37.065.801 [mindspore/ccsrc/pybind_api/ir/tensor_py.cc:730] DataPtr] Tensor device address is null
[ERROR] COMMON(852719,ffffb3796020,python):2026-09-14-17:41:37.066.494 [mindspore/ccsrc/pybind_api/ir/tensor_py.cc:730] DataPtr] Tensor device address is null
[ERROR] COMMON(852719,ffffb3796020,python):2026-09-14-17:41:37.072.556 [mindspore/ccsrc/pybind_api/ir/tensor_py.cc:730] DataPtr] Tensor device address is null
[ERROR] COMMON(852719,ffffb3796020,python):2026-09-14-17:41:37.073.279 [mindspore/ccsrc/pybind_api/ir/tensor_py.cc:730] DataPtr] Tensor device address is null
[ERROR] COMMON(852719,ffffb3796020,python):2026-09-14-17:41:37.079.791 [mindspore/ccsrc/pybind_api/ir/tensor_py.cc:730] DataPtr] Tensor device address is null
[ERROR] COMMON(852719,ffffb3796020,python):2026-09-14-17:41:37.080.510 [mindspore/ccsrc/pybind_api/ir/tensor_py.cc:730] DataPtr] Tensor device address is null
[ERROR] COMMON(852719,ffffb3796020,python):2026-09-14-17:41:37.081.213 [mindspore/ccsrc/pybind_api/ir/tensor_py.cc:730] DataPtr] Tensor device address is null
[ERROR] COMMON(852719,ffffb3796020,python):2026-09-14-17:41:37.081.912 [mindspore/ccsrc/pybind_api/ir/tensor_py.cc:730] DataPtr] Tensor device address is null
[ERROR] COMMON(852719,ffffb3796020,python):2026-09-14-17:41:37.082.588 [mindspore/ccsrc/pybind_api/ir/tensor_py.cc:730] DataPtr] Tensor device address is null
[ERROR] COMMON(852719,ffffb3796020,python):2026-09-14-17:41:37.083.274 [mindspore/ccsrc/pybind_api/ir/tensor_py.cc:730] DataPtr] Tensor device address is null
[ERROR] COMMON(852719,ffffb3796020,python):2026-09-14-17:41:37.086.015 [mindspore/ccsrc/pybind_api/ir/tensor_py.cc:730] DataPtr] Tensor device address is null
[ERROR] COMMON(852719,ffffb3796020,python):2026-09-14-17:41:37.086.713 [mindspore/ccsrc/pybind_api/ir/tensor_py.cc:730] DataPtr] Tensor device address is null
[ERROR] COMMON(852719,ffffb3796020,python):2026-09-14-17:41:37.089.351 [mindspore/ccsrc/pybind_api/ir/tensor_py.cc:730] DataPtr] Tensor device address is null
[ERROR] COMMON(852719,ffffb3796020,python):2026-09-14-17:41:37.090.054 [mindspore/ccsrc/pybind_api/ir/tensor_py.cc:730] DataPtr] Tensor device address is null
[ERROR] COMMON(852719,ffffb3796020,python):2026-09-14-17:41:37.091.852 [mindspore/ccsrc/pybind_api/ir/tensor_py.cc:730] DataPtr] Tensor device address is null
[ERROR] COMMON(852719,ffffb3796020,python):2026-09-14-17:41:37.092.550 [mindspore/ccsrc/pybind_api/ir/tensor_py.cc:730] DataPtr] Tensor device address is null
[ERROR] COMMON(852719,ffffb3796020,python):2026-09-14-17:41:37.094.502 [mindspore/ccsrc/pybind_api/ir/tensor_py.cc:730] DataPtr] Tensor device address is null
[ERROR] COMMON(852719,ffffb3796020,python):2026-09-14-17:41:37.095.188 [mindspore/ccsrc/pybind_api/ir/tensor_py.cc:730] DataPtr] Tensor device address is null
[ERROR] COMMON(852719,ffffb3796020,python):2026-09-14-17:41:37.101.693 [mindspore/ccsrc/pybind_api/ir/tensor_py.cc:730] DataPtr] Tensor device address is null
[ERROR] COMMON(852719,ffffb3796020,python):2026-09-14-17:41:37.102.425 [mindspore/ccsrc/pybind_api/ir/tensor_py.cc:730] DataPtr] Tensor device address is null
[ERROR] COMMON(852719,ffffb3796020,python):2026-09-14-17:41:37.108.378 [mindspore/ccsrc/pybind_api/ir/tensor_py.cc:730] DataPtr] Tensor device address is null
[ERROR] COMMON(852719,ffffb3796020,python):2026-09-14-17:41:37.109.097 [mindspore/ccsrc/pybind_api/ir/tensor_py.cc:730] DataPtr] Tensor device address is null
[ERROR] COMMON(852719,ffffb3796020,python):2026-09-14-17:41:37.109.787 [mindspore/ccsrc/pybind_api/ir/tensor_py.cc:730] DataPtr] Tensor device address is null
[ERROR] COMMON(852719,ffffb3796020,python):2026-09-14-17:41:37.110.463 [mindspore/ccsrc/pybind_api/ir/tensor_py.cc:730] DataPtr] Tensor device address is null
[ERROR] COMMON(852719,ffffb3796020,python):2026-09-14-17:41:37.111.140 [mindspore/ccsrc/pybind_api/ir/tensor_py.cc:730] DataPtr] Tensor device address is null
[ERROR] COMMON(852719,ffffb3796020,python):2026-09-14-17:41:37.111.818 [mindspore/ccsrc/pybind_api/ir/tensor_py.cc:730] DataPtr] Tensor device address is null
[ERROR] COMMON(852719,ffffb3796020,python):2026-09-14-17:41:37.114.273 [mindspore/ccsrc/pybind_api/ir/tensor_py.cc:730] DataPtr] Tensor device address is null
[ERROR] COMMON(852719,ffffb3796020,python):2026-09-14-17:41:37.114.969 [mindspore/ccsrc/pybind_api/ir/tensor_py.cc:730] DataPtr] Tensor device address is null
[ERROR] COMMON(852719,ffffb3796020,python):2026-09-14-17:41:37.117.339 [mindspore/ccsrc/pybind_api/ir/tensor_py.cc:730] DataPtr] Tensor device address is null
[ERROR] COMMON(852719,ffffb3796020,python):2026-09-14-17:41:37.118.051 [mindspore/ccsrc/pybind_api/ir/tensor_py.cc:730] DataPtr] Tensor device address is null
[ERROR] COMMON(852719,ffffb3796020,python):2026-09-14-17:41:37.120.374 [mindspore/ccsrc/pybind_api/ir/tensor_py.cc:730] DataPtr] Tensor device address is null
[ERROR] COMMON(852719,ffffb3796020,python):2026-09-14-17:41:37.121.064 [mindspore/ccsrc/pybind_api/ir/tensor_py.cc:730] DataPtr] Tensor device address is null
[ERROR] COMMON(852719,ffffb3796020,python):2026-09-14-17:41:37.123.398 [mindspore/ccsrc/pybind_api/ir/tensor_py.cc:730] DataPtr] Tensor device address is null
[ERROR] COMMON(852719,ffffb3796020,python):2026-09-14-17:41:37.124.082 [mindspore/ccsrc/pybind_api/ir/tensor_py.cc:730] DataPtr] Tensor device address is null
[ERROR] COMMON(852719,ffffb3796020,python):2026-09-14-17:41:37.129.907 [mindspore/ccsrc/pybind_api/ir/tensor_py.cc:730] DataPtr] Tensor device address is null
[ERROR] COMMON(852719,ffffb3796020,python):2026-09-14-17:41:37.130.622 [mindspore/ccsrc/pybind_api/ir/tensor_py.cc:730] DataPtr] Tensor device address is null
[ERROR] COMMON(852719,ffffb3796020,python):2026-09-14-17:41:37.136.939 [mindspore/ccsrc/pybind_api/ir/tensor_py.cc:730] DataPtr] Tensor device address is null
