/home/user7/miniconda3/envs/ms_2.5/lib/python3.9/site-packages/numpy/core/getlimits.py:549: UserWarning: The value of the smallest subnormal for <class 'numpy.float64'> type is zero.
  setattr(self, word, getattr(machar, word).flat[0])
/home/user7/miniconda3/envs/ms_2.5/lib/python3.9/site-packages/numpy/core/getlimits.py:89: UserWarning: The value of the smallest subnormal for <class 'numpy.float64'> type is zero.
  return self._float_to_str(self.smallest_subnormal)
/home/user7/miniconda3/envs/ms_2.5/lib/python3.9/site-packages/numpy/core/getlimits.py:549: UserWarning: The value of the smallest subnormal for <class 'numpy.float32'> type is zero.
  setattr(self, word, getattr(machar, word).flat[0])
/home/user7/miniconda3/envs/ms_2.5/lib/python3.9/site-packages/numpy/core/getlimits.py:89: UserWarning: The value of the smallest subnormal for <class 'numpy.float32'> type is zero.
  return self._float_to_str(self.smallest_subnormal)
[WARNING] ME(890953:281473880887328,MainProcess):2026-09-14-17:54:34.168.959 [mindspore/context.py:1335] For 'context.set_context', the parameter 'deterministic' will be deprecated and removed in a future version. Please use the api mindspore.set_deterministic() instead.
[WARNING] ME(890953:281473880887328,MainProcess):2026-09-14-17:54:34.170.321 [mindspore/context.py:1335] For 'context.set_context', the parameter 'deterministic' will be deprecated and removed in a future version. Please use the api mindspore.set_deterministic() instead.
[WARNING] ME(890953:281473880887328,MainProcess):2026-09-14-17:54:34.171.895 [mindspore/context.py:1335] For 'context.set_context', the parameter 'device_target' will be deprecated and removed in a future version. Please use the api mindspore.set_device() instead.
[WARNING] ME(890953:281473880887328,MainProcess):2026-09-14-17:54:34.172.668 [mindspore/context.py:1335] For 'context.set_context', the parameter 'device_id' will be deprecated and removed in a future version. Please use the api mindspore.set_device() instead.
/home/user7/miniconda3/envs/ms_2.5/lib/python3.9/site-packages/jieba/_compat.py:18: UserWarning: pkg_resources is deprecated as an API. See https://setuptools.pypa.io/en/latest/pkg_resources.html. The pkg_resources package is slated for removal as early as 2025-11-30. Refrain from using this package or pin to Setuptools<81.
  import pkg_resources
[WARNING] ME(890953:281473880887328,MainProcess):2026-09-14-17:54:35.312.696 [mindspore/ops/primitive.py:217] The in_strategy/in_layout of the operator in your network will not take effect in stand_alone mode. This means the the shard function called in the network is ignored. 
If you want to enable it, please use semi auto or auto parallel mode by context.set_auto_parallel_context(parallel_mode=ParallelMode.SEMI_AUTO_PARALLEL or context.set_auto_parallel_context(parallel_mode=ParallelMode.AUTO_PARALLEL)
[WARNING] ME(890953:281473880887328,MainProcess):2026-09-14-17:54:35.710.630 [mindspore/common/parameter.py:851] This interface may be deleted in the future.
[WARNING] ME(890953:281473880887328,MainProcess):2026-09-14-17:55:03.881.300 [mindspore/hal/stream.py:272] WARN_DEPRECATED: The usage of mindspore.hal.synchronize() is deprecated. Please use mindspore.runtime.synchronize()
[ERROR] COMMON(890953,ffffbeaf1020,python):2026-09-14-17:55:20.532.631 [mindspore/ccsrc/pybind_api/ir/tensor_py.cc:730] DataPtr] Tensor device address is null
[ERROR] COMMON(890953,ffffbeaf1020,python):2026-09-14-17:55:20.609.764 [mindspore/ccsrc/pybind_api/ir/tensor_py.cc:730] DataPtr] Tensor device address is null
[ERROR] COMMON(890953,ffffbeaf1020,python):2026-09-14-17:55:20.617.222 [mindspore/ccsrc/pybind_api/ir/tensor_py.cc:730] DataPtr] Tensor device address is null
[ERROR] COMMON(890953,ffffbeaf1020,python):2026-09-14-17:55:20.623.567 [mindspore/ccsrc/pybind_api/ir/tensor_py.cc:730] DataPtr] Tensor device address is null
[ERROR] COMMON(890953,ffffbeaf1020,python):2026-09-14-17:55:20.624.307 [mindspore/ccsrc/pybind_api/ir/tensor_py.cc:730] DataPtr] Tensor device address is null
[ERROR] COMMON(890953,ffffbeaf1020,python):2026-09-14-17:55:20.624.975 [mindspore/ccsrc/pybind_api/ir/tensor_py.cc:730] DataPtr] Tensor device address is null
[ERROR] COMMON(890953,ffffbeaf1020,python):2026-09-14-17:55:20.625.669 [mindspore/ccsrc/pybind_api/ir/tensor_py.cc:730] DataPtr] Tensor device address is null
[ERROR] COMMON(890953,ffffbeaf1020,python):2026-09-14-17:55:20.626.341 [mindspore/ccsrc/pybind_api/ir/tensor_py.cc:730] DataPtr] Tensor device address is null
[ERROR] COMMON(890953,ffffbeaf1020,python):2026-09-14-17:55:20.627.018 [mindspore/ccsrc/pybind_api/ir/tensor_py.cc:730] DataPtr] Tensor device address is null
[ERROR] COMMON(890953,ffffbeaf1020,python):2026-09-14-17:55:20.634.570 [mindspore/ccsrc/pybind_api/ir/tensor_py.cc:730] DataPtr] Tensor device address is null
[ERROR] COMMON(890953,ffffbeaf1020,python):2026-09-14-17:55:20.635.324 [mindspore/ccsrc/pybind_api/ir/tensor_py.cc:730] DataPtr] Tensor device address is null
[ERROR] COMMON(890953,ffffbeaf1020,python):2026-09-14-17:55:20.637.189 [mindspore/ccsrc/pybind_api/ir/tensor_py.cc:730] DataPtr] Tensor device address is null
[ERROR] COMMON(890953,ffffbeaf1020,python):2026-09-14-17:55:20.637.876 [mindspore/ccsrc/pybind_api/ir/tensor_py.cc:730] DataPtr] Tensor device address is null
[ERROR] COMMON(890953,ffffbeaf1020,python):2026-09-14-17:55:20.639.866 [mindspore/ccsrc/pybind_api/ir/tensor_py.cc:730] DataPtr] Tensor device address is null
[ERROR] COMMON(890953,ffffbeaf1020,python):2026-09-14-17:55:20.640.542 [mindspore/ccsrc/pybind_api/ir/tensor_py.cc:730] DataPtr] Tensor device address is null
[ERROR] COMMON(890953,ffffbeaf1020,python):2026-09-14-17:55:20.643.060 [mindspore/ccsrc/pybind_api/ir/tensor_py.cc:730] DataPtr] Tensor device address is null
[ERROR] COMMON(890953,ffffbeaf1020,python):2026-09-14-17:55:20.643.749 [mindspore/ccsrc/pybind_api/ir/tensor_py.cc:730] DataPtr] Tensor device address is null
[ERROR] COMMON(890953,ffffbeaf1020,python):2026-09-14-17:55:20.662.019 [mindspore/ccsrc/pybind_api/ir/tensor_py.cc:730] DataPtr] Tensor device address is null
[ERROR] COMMON(890953,ffffbeaf1020,python):2026-09-14-17:55:20.668.468 [mindspore/ccsrc/pybind_api/ir/tensor_py.cc:730] DataPtr] Tensor device address is null
[ERROR] COMMON(890953,ffffbeaf1020,python):2026-09-14-17:55:20.679.188 [mindspore/ccsrc/pybind_api/ir/tensor_py.cc:730] DataPtr] Tensor device address is null
[ERROR] COMMON(890953,ffffbeaf1020,python):2026-09-14-17:55:20.679.926 [mindspore/ccsrc/pybind_api/ir/tensor_py.cc:730] DataPtr] Tensor device address is null
[ERROR] COMMON(890953,ffffbeaf1020,python):2026-09-14-17:55:20.680.605 [mindspore/ccsrc/pybind_api/ir/tensor_py.cc:730] DataPtr] Tensor device address is null
[ERROR] COMMON(890953,ffffbeaf1020,python):2026-09-14-17:55:20.681.303 [mindspore/ccsrc/pybind_api/ir/tensor_py.cc:730] DataPtr] Tensor device address is null
[ERROR] COMMON(890953,ffffbeaf1020,python):2026-09-14-17:55:20.681.968 [mindspore/ccsrc/pybind_api/ir/tensor_py.cc:730] DataPtr] Tensor device address is null
[ERROR] COMMON(890953,ffffbeaf1020,python):2026-09-14-17:55:20.682.643 [mindspore/ccsrc/pybind_api/ir/tensor_py.cc:730] DataPtr] Tensor device address is null
[ERROR] COMMON(890953,ffffbeaf1020,python):2026-09-14-17:55:20.684.379 [mindspore/ccsrc/pybind_api/ir/tensor_py.cc:730] DataPtr] Tensor device address is null
[ERROR] COMMON(890953,ffffbeaf1020,python):2026-09-14-17:55:20.685.079 [mindspore/ccsrc/pybind_api/ir/tensor_py.cc:730] DataPtr] Tensor device address is null
[ERROR] COMMON(890953,ffffbeaf1020,python):2026-09-14-17:55:20.687.746 [mindspore/ccsrc/pybind_api/ir/tensor_py.cc:730] DataPtr] Tensor device address is null
[ERROR] COMMON(890953,ffffbeaf1020,python):2026-09-14-17:55:20.688.449 [mindspore/ccsrc/pybind_api/ir/tensor_py.cc:730] DataPtr] Tensor device address is null
[ERROR] COMMON(890953,ffffbeaf1020,python):2026-09-14-17:55:20.691.336 [mindspore/ccsrc/pybind_api/ir/tensor_py.cc:730] DataPtr] Tensor device address is null
[ERROR] COMMON(890953,ffffbeaf1020,python):2026-09-14-17:55:20.692.032 [mindspore/ccsrc/pybind_api/ir/tensor_py.cc:730] DataPtr] Tensor device address is null
[ERROR] COMMON(890953,ffffbeaf1020,python):2026-09-14-17:55:20.694.717 [mindspore/ccsrc/pybind_api/ir/tensor_py.cc:730] DataPtr] Tensor device address is null
[ERROR] COMMON(890953,ffffbeaf1020,python):2026-09-14-17:55:20.695.432 [mindspore/ccsrc/pybind_api/ir/tensor_py.cc:730] DataPtr] Tensor device address is null
[ERROR] COMMON(890953,ffffbeaf1020,python):2026-09-14-17:55:20.700.842 [mindspore/ccsrc/pybind_api/ir/tensor_py.cc:730] DataPtr] Tensor device address is null
[ERROR] COMMON(890953,ffffbeaf1020,python):2026-09-14-17:55:20.701.573 [mindspore/ccsrc/pybind_api/ir/tensor_py.cc:730] DataPtr] Tensor device address is null
[ERROR] COMMON(890953,ffffbeaf1020,python):2026-09-14-17:55:20.707.486 [mindspore/ccsrc/pybind_api/ir/tensor_py.cc:730] DataPtr] Tensor device address is null
[ERROR] COMMON(890953,ffffbeaf1020,python):2026-09-14-17:55:20.708.226 [mindspore/ccsrc/pybind_api/ir/tensor_py.cc:730] DataPtr] Tensor device address is null
[ERROR] COMMON(890953,ffffbeaf1020,python):2026-09-14-17:55:20.708.920 [mindspore/ccsrc/pybind_api/ir/tensor_py.cc:730] DataPtr] Tensor device address is null
[ERROR] COMMON(890953,ffffbeaf1020,python):2026-09-14-17:55:20.709.605 [mindspore/ccsrc/pybind_api/ir/tensor_py.cc:730] DataPtr] Tensor device address is null
[ERROR] COMMON(890953,ffffbeaf1020,python):2026-09-14-17:55:20.710.271 [mindspore/ccsrc/pybind_api/ir/tensor_py.cc:730] DataPtr] Tensor device address is null
[ERROR] COMMON(890953,ffffbeaf1020,python):2026-09-14-17:55:20.710.960 [mindspore/ccsrc/pybind_api/ir/tensor_py.cc:730] DataPtr] Tensor device address is null
[ERROR] COMMON(890953,ffffbeaf1020,python):2026-09-14-17:55:20.713.410 [mindspore/ccsrc/pybind_api/ir/tensor_py.cc:730] DataPtr] Tensor device address is null
[ERROR] COMMON(890953,ffffbeaf1020,python):2026-09-14-17:55:20.714.125 [mindspore/ccsrc/pybind_api/ir/tensor_py.cc:730] DataPtr] Tensor device address is null
[ERROR] COMMON(890953,ffffbeaf1020,python):2026-09-14-17:55:20.715.923 [mindspore/ccsrc/pybind_api/ir/tensor_py.cc:730] DataPtr] Tensor device address is null
[ERROR] COMMON(890953,ffffbeaf1020,python):2026-09-14-17:55:20.716.625 [mindspore/ccsrc/pybind_api/ir/tensor_py.cc:730] DataPtr] Tensor device address is null
[ERROR] COMMON(890953,ffffbeaf1020,python):2026-09-14-17:55:20.718.478 [mindspore/ccsrc/pybind_api/ir/tensor_py.cc:730] DataPtr] Tensor device address is null
[ERROR] COMMON(890953,ffffbeaf1020,python):2026-09-14-17:55:20.719.196 [mindspore/ccsrc/pybind_api/ir/tensor_py.cc:730] DataPtr] Tensor device address is null
[ERROR] COMMON(890953,ffffbeaf1020,python):2026-09-14-17:55:20.721.553 [mindspore/ccsrc/pybind_api/ir/tensor_py.cc:730] DataPtr] Tensor device address is null
[ERROR] COMMON(890953,ffffbeaf1020,python):2026-09-14-17:55:20.722.256 [mindspore/ccsrc/pybind_api/ir/tensor_py.cc:730] DataPtr] Tensor device address is null
[ERROR] COMMON(890953,ffffbeaf1020,python):2026-09-14-17:55:20.727.976 [mindspore/ccsrc/pybind_api/ir/tensor_py.cc:730] DataPtr] Tensor device address is null
[ERROR] COMMON(890953,ffffbeaf1020,python):2026-09-14-17:55:20.728.732 [mindspore/ccsrc/pybind_api/ir/tensor_py.cc:730] DataPtr] Tensor device address is null
[ERROR] COMMON(890953,ffffbeaf1020,python):2026-09-14-17:55:20.733.923 [mindspore/ccsrc/pybind_api/ir/tensor_py.cc:730] DataPtr] Tensor device address is null
[ERROR] COMMON(890953,ffffbeaf1020,python):2026-09-14-17:55:20.734.674 [mindspore/ccsrc/pybind_api/ir/tensor_py.cc:730] DataPtr] Tensor device address is null
[ERROR] COMMON(890953,ffffbeaf1020,python):2026-09-14-17:55:20.735.336 [mindspore/ccsrc/pybind_api/ir/tensor_py.cc:730] DataPtr] Tensor device address is null
[ERROR] COMMON(890953,ffffbeaf1020,python):2026-09-14-17:55:20.736.018 [mindspore/ccsrc/pybind_api/ir/tensor_py.cc:730] DataPtr] Tensor device address is null
[ERROR] COMMON(890953,ffffbeaf1020,python):2026-09-14-17:55:20.736.705 [mindspore/ccsrc/pybind_api/ir/tensor_py.cc:730] DataPtr] Tensor device address is null
[ERROR] COMMON(890953,ffffbeaf1020,python):2026-09-14-17:55:20.737.394 [mindspore/ccsrc/pybind_api/ir/tensor_py.cc:730] DataPtr] Tensor device address is null
[ERROR] COMMON(890953,ffffbeaf1020,python):2026-09-14-17:55:20.739.769 [mindspore/ccsrc/pybind_api/ir/tensor_py.cc:730] DataPtr] Tensor device address is null
[ERROR] COMMON(890953,ffffbeaf1020,python):2026-09-14-17:55:20.740.487 [mindspore/ccsrc/pybind_api/ir/tensor_py.cc:730] DataPtr] Tensor device address is null
[ERROR] COMMON(890953,ffffbeaf1020,python):2026-09-14-17:55:20.742.893 [mindspore/ccsrc/pybind_api/ir/tensor_py.cc:730] DataPtr] Tensor device address is null
[ERROR] COMMON(890953,ffffbeaf1020,python):2026-09-14-17:55:20.743.599 [mindspore/ccsrc/pybind_api/ir/tensor_py.cc:730] DataPtr] Tensor device address is null
[ERROR] COMMON(890953,ffffbeaf1020,python):2026-09-14-17:55:20.746.059 [mindspore/ccsrc/pybind_api/ir/tensor_py.cc:730] DataPtr] Tensor device address is null
[ERROR] COMMON(890953,ffffbeaf1020,python):2026-09-14-17:55:20.746.761 [mindspore/ccsrc/pybind_api/ir/tensor_py.cc:730] DataPtr] Tensor device address is null
[ERROR] COMMON(890953,ffffbeaf1020,python):2026-09-14-17:55:20.749.212 [mindspore/ccsrc/pybind_api/ir/tensor_py.cc:730] DataPtr] Tensor device address is null
[ERROR] COMMON(890953,ffffbeaf1020,python):2026-09-14-17:55:20.749.932 [mindspore/ccsrc/pybind_api/ir/tensor_py.cc:730] DataPtr] Tensor device address is null
[ERROR] COMMON(890953,ffffbeaf1020,python):2026-09-14-17:55:20.755.297 [mindspore/ccsrc/pybind_api/ir/tensor_py.cc:730] DataPtr] Tensor device address is null
[ERROR] COMMON(890953,ffffbeaf1020,python):2026-09-14-17:55:20.756.024 [mindspore/ccsrc/pybind_api/ir/tensor_py.cc:730] DataPtr] Tensor device address is null
[ERROR] COMMON(890953,ffffbeaf1020,python):2026-09-14-17:55:20.761.958 [mindspore/ccsrc/pybind_api/ir/tensor_py.cc:730] DataPtr] Tensor device address is null
[ERROR] COMMON(890953,ffffbeaf1020,python):2026-09-14-17:55:20.762.705 [mindspore/ccsrc/pybind_api/ir/tensor_py.cc:730] DataPtr] Tensor device address is null
[ERROR] COMMON(890953,ffffbeaf1020,python):2026-09-14-17:55:20.763.364 [mindspore/ccsrc/pybind_api/ir/tensor_py.cc:730] DataPtr] Tensor device address is null
[ERROR] COMMON(890953,ffffbeaf1020,python):2026-09-14-17:55:20.764.063 [mindspore/ccsrc/pybind_api/ir/tensor_py.cc:730] DataPtr] Tensor device address is null
[ERROR] COMMON(890953,ffffbeaf1020,python):2026-09-14-17:55:20.764.739 [mindspore/ccsrc/pybind_api/ir/tensor_py.cc:730] DataPtr] Tensor device address is null
[ERROR] COMMON(890953,ffffbeaf1020,python):2026-09-14-17:55:20.765.430 [mindspore/ccsrc/pybind_api/ir/tensor_py.cc:730] DataPtr] Tensor device address is null
[ERROR] COMMON(890953,ffffbeaf1020,python):2026-09-14-17:55:20.767.875 [mindspore/ccsrc/pybind_api/ir/tensor_py.cc:730] DataPtr] Tensor device address is null
[ERROR] COMMON(890953,ffffbeaf1020,python):2026-09-14-17:55:20.768.585 [mindspore/ccsrc/pybind_api/ir/tensor_py.cc:730] DataPtr] Tensor device address is null
[ERROR] COMMON(890953,ffffbeaf1020,python):2026-09-14-17:55:20.770.437 [mindspore/ccsrc/pybind_api/ir/tensor_py.cc:730] DataPtr] Tensor device address is null
[ERROR] COMMON(890953,ffffbeaf1020,python):2026-09-14-17:55:20.771.147 [mindspore/ccsrc/pybind_api/ir/tensor_py.cc:730] DataPtr] Tensor device address is null
[ERROR] COMMON(890953,ffffbeaf1020,python):2026-09-14-17:55:20.773.058 [mindspore/ccsrc/pybind_api/ir/tensor_py.cc:730] DataPtr] Tensor device address is null
[ERROR] COMMON(890953,ffffbeaf1020,python):2026-09-14-17:55:20.773.758 [mindspore/ccsrc/pybind_api/ir/tensor_py.cc:730] DataPtr] Tensor device address is null
[ERROR] COMMON(890953,ffffbeaf1020,python):2026-09-14-17:55:20.776.148 [mindspore/ccsrc/pybind_api/ir/tensor_py.cc:730] DataPtr] Tensor device address is null
[ERROR] COMMON(890953,ffffbeaf1020,python):2026-09-14-17:55:20.776.853 [mindspore/ccsrc/pybind_api/ir/tensor_py.cc:730] DataPtr] Tensor device address is null
[ERROR] COMMON(890953,ffffbeaf1020,python):2026-09-14-17:55:20.782.711 [mindspore/ccsrc/pybind_api/ir/tensor_py.cc:730] DataPtr] Tensor device address is null
[ERROR] COMMON(890953,ffffbeaf1020,python):2026-09-14-17:55:20.783.466 [mindspore/ccsrc/pybind_api/ir/tensor_py.cc:730] DataPtr] Tensor device address is null
[ERROR] COMMON(890953,ffffbeaf1020,python):2026-09-14-17:55:20.788.647 [mindspore/ccsrc/pybind_api/ir/tensor_py.cc:730] DataPtr] Tensor device address is null
[ERROR] COMMON(890953,ffffbeaf1020,python):2026-09-14-17:55:20.789.381 [mindspore/ccsrc/pybind_api/ir/tensor_py.cc:730] DataPtr] Tensor device address is null
[ERROR] COMMON(890953,ffffbeaf1020,python):2026-09-14-17:55:20.790.068 [mindspore/ccsrc/pybind_api/ir/tensor_py.cc:730] DataPtr] Tensor device address is null
[ERROR] COMMON(890953,ffffbeaf1020,python):2026-09-14-17:55:20.790.758 [mindspore/ccsrc/pybind_api/ir/tensor_py.cc:730] DataPtr] Tensor device address is null
[ERROR] COMMON(890953,ffffbeaf1020,python):2026-09-14-17:55:20.791.425 [mindspore/ccsrc/pybind_api/ir/tensor_py.cc:730] DataPtr] Tensor device address is null
[ERROR] COMMON(890953,ffffbeaf1020,python):2026-09-14-17:55:20.792.135 [mindspore/ccsrc/pybind_api/ir/tensor_py.cc:730] DataPtr] Tensor device address is null
[ERROR] COMMON(890953,ffffbeaf1020,python):2026-09-14-17:55:20.794.561 [mindspore/ccsrc/pybind_api/ir/tensor_py.cc:730] DataPtr] Tensor device address is null
[ERROR] COMMON(890953,ffffbeaf1020,python):2026-09-14-17:55:20.795.261 [mindspore/ccsrc/pybind_api/ir/tensor_py.cc:730] DataPtr] Tensor device address is null
[ERROR] COMMON(890953,ffffbeaf1020,python):2026-09-14-17:55:20.797.785 [mindspore/ccsrc/pybind_api/ir/tensor_py.cc:730] DataPtr] Tensor device address is null
[ERROR] COMMON(890953,ffffbeaf1020,python):2026-09-14-17:55:20.798.489 [mindspore/ccsrc/pybind_api/ir/tensor_py.cc:730] DataPtr] Tensor device address is null
[ERROR] COMMON(890953,ffffbeaf1020,python):2026-09-14-17:55:20.800.938 [mindspore/ccsrc/pybind_api/ir/tensor_py.cc:730] DataPtr] Tensor device address is null
[ERROR] COMMON(890953,ffffbeaf1020,python):2026-09-14-17:55:20.801.642 [mindspore/ccsrc/pybind_api/ir/tensor_py.cc:730] DataPtr] Tensor device address is null
[ERROR] COMMON(890953,ffffbeaf1020,python):2026-09-14-17:55:20.804.046 [mindspore/ccsrc/pybind_api/ir/tensor_py.cc:730] DataPtr] Tensor device address is null
[ERROR] COMMON(890953,ffffbeaf1020,python):2026-09-14-17:55:20.804.768 [mindspore/ccsrc/pybind_api/ir/tensor_py.cc:730] DataPtr] Tensor device address is null
[ERROR] COMMON(890953,ffffbeaf1020,python):2026-09-14-17:55:20.810.007 [mindspore/ccsrc/pybind_api/ir/tensor_py.cc:730] DataPtr] Tensor device address is null
[ERROR] COMMON(890953,ffffbeaf1020,python):2026-09-14-17:55:20.810.733 [mindspore/ccsrc/pybind_api/ir/tensor_py.cc:730] DataPtr] Tensor device address is null
[ERROR] COMMON(890953,ffffbeaf1020,python):2026-09-14-17:55:20.816.414 [mindspore/ccsrc/pybind_api/ir/tensor_py.cc:730] DataPtr] Tensor device address is null
[ERROR] COMMON(890953,ffffbeaf1020,python):2026-09-14-17:55:20.817.180 [mindspore/ccsrc/pybind_api/ir/tensor_py.cc:730] DataPtr] Tensor device address is null
[ERROR] COMMON(890953,ffffbeaf1020,python):2026-09-14-17:55:20.817.864 [mindspore/ccsrc/pybind_api/ir/tensor_py.cc:730] DataPtr] Tensor device address is null
[ERROR] COMMON(890953,ffffbeaf1020,python):2026-09-14-17:55:20.818.544 [mindspore/ccsrc/pybind_api/ir/tensor_py.cc:730] DataPtr] Tensor device address is null
[ERROR] COMMON(890953,ffffbeaf1020,python):2026-09-14-17:55:20.819.216 [mindspore/ccsrc/pybind_api/ir/tensor_py.cc:730] DataPtr] Tensor device address is null
[ERROR] COMMON(890953,ffffbeaf1020,python):2026-09-14-17:55:20.819.905 [mindspore/ccsrc/pybind_api/ir/tensor_py.cc:730] DataPtr] Tensor device address is null
[ERROR] COMMON(890953,ffffbeaf1020,python):2026-09-14-17:55:20.822.296 [mindspore/ccsrc/pybind_api/ir/tensor_py.cc:730] DataPtr] Tensor device address is null
[ERROR] COMMON(890953,ffffbeaf1020,python):2026-09-14-17:55:20.823.029 [mindspore/ccsrc/pybind_api/ir/tensor_py.cc:730] DataPtr] Tensor device address is null
[ERROR] COMMON(890953,ffffbeaf1020,python):2026-09-14-17:55:20.824.884 [mindspore/ccsrc/pybind_api/ir/tensor_py.cc:730] DataPtr] Tensor device address is null
[ERROR] COMMON(890953,ffffbeaf1020,python):2026-09-14-17:55:20.825.577 [mindspore/ccsrc/pybind_api/ir/tensor_py.cc:730] DataPtr] Tensor device address is null
[ERROR] COMMON(890953,ffffbeaf1020,python):2026-09-14-17:55:20.827.505 [mindspore/ccsrc/pybind_api/ir/tensor_py.cc:730] DataPtr] Tensor device address is null
[ERROR] COMMON(890953,ffffbeaf1020,python):2026-09-14-17:55:20.828.206 [mindspore/ccsrc/pybind_api/ir/tensor_py.cc:730] DataPtr] Tensor device address is null
[ERROR] COMMON(890953,ffffbeaf1020,python):2026-09-14-17:55:20.830.591 [mindspore/ccsrc/pybind_api/ir/tensor_py.cc:730] DataPtr] Tensor device address is null
[ERROR] COMMON(890953,ffffbeaf1020,python):2026-09-14-17:55:20.831.299 [mindspore/ccsrc/pybind_api/ir/tensor_py.cc:730] DataPtr] Tensor device address is null
[ERROR] COMMON(890953,ffffbeaf1020,python):2026-09-14-17:55:20.836.924 [mindspore/ccsrc/pybind_api/ir/tensor_py.cc:730] DataPtr] Tensor device address is null
[ERROR] COMMON(890953,ffffbeaf1020,python):2026-09-14-17:55:20.837.658 [mindspore/ccsrc/pybind_api/ir/tensor_py.cc:730] DataPtr] Tensor device address is null
[ERROR] COMMON(890953,ffffbeaf1020,python):2026-09-14-17:55:20.843.034 [mindspore/ccsrc/pybind_api/ir/tensor_py.cc:730] DataPtr] Tensor device address is null
[ERROR] COMMON(890953,ffffbeaf1020,python):2026-09-14-17:55:20.843.766 [mindspore/ccsrc/pybind_api/ir/tensor_py.cc:730] DataPtr] Tensor device address is null
[ERROR] COMMON(890953,ffffbeaf1020,python):2026-09-14-17:55:20.844.435 [mindspore/ccsrc/pybind_api/ir/tensor_py.cc:730] DataPtr] Tensor device address is null
[ERROR] COMMON(890953,ffffbeaf1020,python):2026-09-14-17:55:20.845.146 [mindspore/ccsrc/pybind_api/ir/tensor_py.cc:730] DataPtr] Tensor device address is null
[ERROR] COMMON(890953,ffffbeaf1020,python):2026-09-14-17:55:20.845.826 [mindspore/ccsrc/pybind_api/ir/tensor_py.cc:730] DataPtr] Tensor device address is null
[ERROR] COMMON(890953,ffffbeaf1020,python):2026-09-14-17:55:20.846.504 [mindspore/ccsrc/pybind_api/ir/tensor_py.cc:730] DataPtr] Tensor device address is null
[ERROR] COMMON(890953,ffffbeaf1020,python):2026-09-14-17:55:20.848.941 [mindspore/ccsrc/pybind_api/ir/tensor_py.cc:730] DataPtr] Tensor device address is null
[ERROR] COMMON(890953,ffffbeaf1020,python):2026-09-14-17:55:20.849.655 [mindspore/ccsrc/pybind_api/ir/tensor_py.cc:730] DataPtr] Tensor device address is null
[ERROR] COMMON(890953,ffffbeaf1020,python):2026-09-14-17:55:20.852.119 [mindspore/ccsrc/pybind_api/ir/tensor_py.cc:730] DataPtr] Tensor device address is null
[ERROR] COMMON(890953,ffffbeaf1020,python):2026-09-14-17:55:20.852.830 [mindspore/ccsrc/pybind_api/ir/tensor_py.cc:730] DataPtr] Tensor device address is null
[ERROR] COMMON(890953,ffffbeaf1020,python):2026-09-14-17:55:20.855.285 [mindspore/ccsrc/pybind_api/ir/tensor_py.cc:730] DataPtr] Tensor device address is null
[ERROR] COMMON(890953,ffffbeaf1020,python):2026-09-14-17:55:20.855.977 [mindspore/ccsrc/pybind_api/ir/tensor_py.cc:730] DataPtr] Tensor device address is null
[ERROR] COMMON(890953,ffffbeaf1020,python):2026-09-14-17:55:20.858.421 [mindspore/ccsrc/pybind_api/ir/tensor_py.cc:730] DataPtr] Tensor device address is null
[ERROR] COMMON(890953,ffffbeaf1020,python):2026-09-14-17:55:20.859.138 [mindspore/ccsrc/pybind_api/ir/tensor_py.cc:730] DataPtr] Tensor device address is null
[ERROR] COMMON(890953,ffffbeaf1020,python):2026-09-14-17:55:20.864.316 [mindspore/ccsrc/pybind_api/ir/tensor_py.cc:730] DataPtr] Tensor device address is null
[ERROR] COMMON(890953,ffffbeaf1020,python):2026-09-14-17:55:20.865.075 [mindspore/ccsrc/pybind_api/ir/tensor_py.cc:730] DataPtr] Tensor device address is null
[ERROR] COMMON(890953,ffffbeaf1020,python):2026-09-14-17:55:20.870.776 [mindspore/ccsrc/pybind_api/ir/tensor_py.cc:730] DataPtr] Tensor device address is null
[ERROR] COMMON(890953,ffffbeaf1020,python):2026-09-14-17:55:20.871.510 [mindspore/ccsrc/pybind_api/ir/tensor_py.cc:730] DataPtr] Tensor device address is null
[ERROR] COMMON(890953,ffffbeaf1020,python):2026-09-14-17:55:20.872.194 [mindspore/ccsrc/pybind_api/ir/tensor_py.cc:730] DataPtr] Tensor device address is null
[ERROR] COMMON(890953,ffffbeaf1020,python):2026-09-14-17:55:20.872.883 [mindspore/ccsrc/pybind_api/ir/tensor_py.cc:730] DataPtr] Tensor device address is null
[ERROR] COMMON(890953,ffffbeaf1020,python):2026-09-14-17:55:20.873.579 [mindspore/ccsrc/pybind_api/ir/tensor_py.cc:730] DataPtr] Tensor device address is null
[ERROR] COMMON(890953,ffffbeaf1020,python):2026-09-14-17:55:20.874.283 [mindspore/ccsrc/pybind_api/ir/tensor_py.cc:730] DataPtr] Tensor device address is null
[ERROR] COMMON(890953,ffffbeaf1020,python):2026-09-14-17:55:20.876.735 [mindspore/ccsrc/pybind_api/ir/tensor_py.cc:730] DataPtr] Tensor device address is null
[ERROR] COMMON(890953,ffffbeaf1020,python):2026-09-14-17:55:20.877.445 [mindspore/ccsrc/pybind_api/ir/tensor_py.cc:730] DataPtr] Tensor device address is null
[ERROR] COMMON(890953,ffffbeaf1020,python):2026-09-14-17:55:20.879.264 [mindspore/ccsrc/pybind_api/ir/tensor_py.cc:730] DataPtr] Tensor device address is null
[ERROR] COMMON(890953,ffffbeaf1020,python):2026-09-14-17:55:20.879.959 [mindspore/ccsrc/pybind_api/ir/tensor_py.cc:730] DataPtr] Tensor device address is null
[ERROR] COMMON(890953,ffffbeaf1020,python):2026-09-14-17:55:20.881.823 [mindspore/ccsrc/pybind_api/ir/tensor_py.cc:730] DataPtr] Tensor device address is null
[ERROR] COMMON(890953,ffffbeaf1020,python):2026-09-14-17:55:20.882.535 [mindspore/ccsrc/pybind_api/ir/tensor_py.cc:730] DataPtr] Tensor device address is null
[ERROR] COMMON(890953,ffffbeaf1020,python):2026-09-14-17:55:20.884.889 [mindspore/ccsrc/pybind_api/ir/tensor_py.cc:730] DataPtr] Tensor device address is null
[ERROR] COMMON(890953,ffffbeaf1020,python):2026-09-14-17:55:20.885.596 [mindspore/ccsrc/pybind_api/ir/tensor_py.cc:730] DataPtr] Tensor device address is null
[ERROR] COMMON(890953,ffffbeaf1020,python):2026-09-14-17:55:20.891.421 [mindspore/ccsrc/pybind_api/ir/tensor_py.cc:730] DataPtr] Tensor device address is null
[ERROR] COMMON(890953,ffffbeaf1020,python):2026-09-14-17:55:20.892.156 [mindspore/ccsrc/pybind_api/ir/tensor_py.cc:730] DataPtr] Tensor device address is null
[ERROR] COMMON(890953,ffffbeaf1020,python):2026-09-14-17:55:20.897.507 [mindspore/ccsrc/pybind_api/ir/tensor_py.cc:730] DataPtr] Tensor device address is null
[ERROR] COMMON(890953,ffffbeaf1020,python):2026-09-14-17:55:20.898.256 [mindspore/ccsrc/pybind_api/ir/tensor_py.cc:730] DataPtr] Tensor device address is null
[ERROR] COMMON(890953,ffffbeaf1020,python):2026-09-14-17:55:20.898.949 [mindspore/ccsrc/pybind_api/ir/tensor_py.cc:730] DataPtr] Tensor device address is null
[ERROR] COMMON(890953,ffffbeaf1020,python):2026-09-14-17:55:20.899.629 [mindspore/ccsrc/pybind_api/ir/tensor_py.cc:730] DataPtr] Tensor device address is null
[ERROR] COMMON(890953,ffffbeaf1020,python):2026-09-14-17:55:20.900.311 [mindspore/ccsrc/pybind_api/ir/tensor_py.cc:730] DataPtr] Tensor device address is null
[ERROR] COMMON(890953,ffffbeaf1020,python):2026-09-14-17:55:20.901.009 [mindspore/ccsrc/pybind_api/ir/tensor_py.cc:730] DataPtr] Tensor device address is null
[ERROR] COMMON(890953,ffffbeaf1020,python):2026-09-14-17:55:20.903.500 [mindspore/ccsrc/pybind_api/ir/tensor_py.cc:730] DataPtr] Tensor device address is null
[ERROR] COMMON(890953,ffffbeaf1020,python):2026-09-14-17:55:20.904.215 [mindspore/ccsrc/pybind_api/ir/tensor_py.cc:730] DataPtr] Tensor device address is null
[ERROR] COMMON(890953,ffffbeaf1020,python):2026-09-14-17:55:20.906.753 [mindspore/ccsrc/pybind_api/ir/tensor_py.cc:730] DataPtr] Tensor device address is null
[ERROR] COMMON(890953,ffffbeaf1020,python):2026-09-14-17:55:20.907.475 [mindspore/ccsrc/pybind_api/ir/tensor_py.cc:730] DataPtr] Tensor device address is null
[ERROR] COMMON(890953,ffffbeaf1020,python):2026-09-14-17:55:20.911.912 [mindspore/ccsrc/pybind_api/ir/tensor_py.cc:730] DataPtr] Tensor device address is null
[ERROR] COMMON(890953,ffffbeaf1020,python):2026-09-14-17:55:20.912.735 [mindspore/ccsrc/pybind_api/ir/tensor_py.cc:730] DataPtr] Tensor device address is null
[ERROR] COMMON(890953,ffffbeaf1020,python):2026-09-14-17:55:20.915.381 [mindspore/ccsrc/pybind_api/ir/tensor_py.cc:730] DataPtr] Tensor device address is null
[ERROR] COMMON(890953,ffffbeaf1020,python):2026-09-14-17:55:20.916.122 [mindspore/ccsrc/pybind_api/ir/tensor_py.cc:730] DataPtr] Tensor device address is null
[ERROR] COMMON(890953,ffffbeaf1020,python):2026-09-14-17:55:20.921.501 [mindspore/ccsrc/pybind_api/ir/tensor_py.cc:730] DataPtr] Tensor device address is null
[ERROR] COMMON(890953,ffffbeaf1020,python):2026-09-14-17:55:20.922.255 [mindspore/ccsrc/pybind_api/ir/tensor_py.cc:730] DataPtr] Tensor device address is null
[ERROR] COMMON(890953,ffffbeaf1020,python):2026-09-14-17:55:20.928.128 [mindspore/ccsrc/pybind_api/ir/tensor_py.cc:730] DataPtr] Tensor device address is null
[ERROR] COMMON(890953,ffffbeaf1020,python):2026-09-14-17:55:20.928.891 [mindspore/ccsrc/pybind_api/ir/tensor_py.cc:730] DataPtr] Tensor device address is null
[ERROR] COMMON(890953,ffffbeaf1020,python):2026-09-14-17:55:20.929.589 [mindspore/ccsrc/pybind_api/ir/tensor_py.cc:730] DataPtr] Tensor device address is null
[ERROR] COMMON(890953,ffffbeaf1020,python):2026-09-14-17:55:20.930.295 [mindspore/ccsrc/pybind_api/ir/tensor_py.cc:730] DataPtr] Tensor device address is null
[ERROR] COMMON(890953,ffffbeaf1020,python):2026-09-14-17:55:20.930.975 [mindspore/ccsrc/pybind_api/ir/tensor_py.cc:730] DataPtr] Tensor device address is null
[ERROR] COMMON(890953,ffffbeaf1020,python):2026-09-14-17:55:20.931.687 [mindspore/ccsrc/pybind_api/ir/tensor_py.cc:730] DataPtr] Tensor device address is null
[ERROR] COMMON(890953,ffffbeaf1020,python):2026-09-14-17:55:20.934.335 [mindspore/ccsrc/pybind_api/ir/tensor_py.cc:730] DataPtr] Tensor device address is null
[ERROR] COMMON(890953,ffffbeaf1020,python):2026-09-14-17:55:20.935.060 [mindspore/ccsrc/pybind_api/ir/tensor_py.cc:730] DataPtr] Tensor device address is null
[ERROR] COMMON(890953,ffffbeaf1020,python):2026-09-14-17:55:20.937.066 [mindspore/ccsrc/pybind_api/ir/tensor_py.cc:730] DataPtr] Tensor device address is null
[ERROR] COMMON(890953,ffffbeaf1020,python):2026-09-14-17:55:20.937.805 [mindspore/ccsrc/pybind_api/ir/tensor_py.cc:730] DataPtr] Tensor device address is null
[ERROR] COMMON(890953,ffffbeaf1020,python):2026-09-14-17:55:20.939.844 [mindspore/ccsrc/pybind_api/ir/tensor_py.cc:730] DataPtr] Tensor device address is null
[ERROR] COMMON(890953,ffffbeaf1020,python):2026-09-14-17:55:20.940.562 [mindspore/ccsrc/pybind_api/ir/tensor_py.cc:730] DataPtr] Tensor device address is null
[ERROR] COMMON(890953,ffffbeaf1020,python):2026-09-14-17:55:20.943.097 [mindspore/ccsrc/pybind_api/ir/tensor_py.cc:730] DataPtr] Tensor device address is null
[ERROR] COMMON(890953,ffffbeaf1020,python):2026-09-14-17:55:20.943.813 [mindspore/ccsrc/pybind_api/ir/tensor_py.cc:730] DataPtr] Tensor device address is null
[ERROR] COMMON(890953,ffffbeaf1020,python):2026-09-14-17:55:20.949.519 [mindspore/ccsrc/pybind_api/ir/tensor_py.cc:730] DataPtr] Tensor device address is null
[ERROR] COMMON(890953,ffffbeaf1020,python):2026-09-14-17:55:20.950.286 [mindspore/ccsrc/pybind_api/ir/tensor_py.cc:730] DataPtr] Tensor device address is null
[ERROR] COMMON(890953,ffffbeaf1020,python):2026-09-14-17:55:20.955.521 [mindspore/ccsrc/pybind_api/ir/tensor_py.cc:730] DataPtr] Tensor device address is null
[ERROR] COMMON(890953,ffffbeaf1020,python):2026-09-14-17:55:20.956.267 [mindspore/ccsrc/pybind_api/ir/tensor_py.cc:730] DataPtr] Tensor device address is null
[ERROR] COMMON(890953,ffffbeaf1020,python):2026-09-14-17:55:20.956.978 [mindspore/ccsrc/pybind_api/ir/tensor_py.cc:730] DataPtr] Tensor device address is null
[ERROR] COMMON(890953,ffffbeaf1020,python):2026-09-14-17:55:20.957.676 [mindspore/ccsrc/pybind_api/ir/tensor_py.cc:730] DataPtr] Tensor device address is null
[ERROR] COMMON(890953,ffffbeaf1020,python):2026-09-14-17:55:20.958.358 [mindspore/ccsrc/pybind_api/ir/tensor_py.cc:730] DataPtr] Tensor device address is null
[ERROR] COMMON(890953,ffffbeaf1020,python):2026-09-14-17:55:20.959.078 [mindspore/ccsrc/pybind_api/ir/tensor_py.cc:730] DataPtr] Tensor device address is null
[ERROR] COMMON(890953,ffffbeaf1020,python):2026-09-14-17:55:20.961.758 [mindspore/ccsrc/pybind_api/ir/tensor_py.cc:730] DataPtr] Tensor device address is null
[ERROR] COMMON(890953,ffffbeaf1020,python):2026-09-14-17:55:20.962.501 [mindspore/ccsrc/pybind_api/ir/tensor_py.cc:730] DataPtr] Tensor device address is null
[ERROR] COMMON(890953,ffffbeaf1020,python):2026-09-14-17:55:20.965.082 [mindspore/ccsrc/pybind_api/ir/tensor_py.cc:730] DataPtr] Tensor device address is null
[ERROR] COMMON(890953,ffffbeaf1020,python):2026-09-14-17:55:20.965.815 [mindspore/ccsrc/pybind_api/ir/tensor_py.cc:730] DataPtr] Tensor device address is null
[ERROR] COMMON(890953,ffffbeaf1020,python):2026-09-14-17:55:20.968.391 [mindspore/ccsrc/pybind_api/ir/tensor_py.cc:730] DataPtr] Tensor device address is null
[ERROR] COMMON(890953,ffffbeaf1020,python):2026-09-14-17:55:20.969.110 [mindspore/ccsrc/pybind_api/ir/tensor_py.cc:730] DataPtr] Tensor device address is null
[ERROR] COMMON(890953,ffffbeaf1020,python):2026-09-14-17:55:20.971.705 [mindspore/ccsrc/pybind_api/ir/tensor_py.cc:730] DataPtr] Tensor device address is null
[ERROR] COMMON(890953,ffffbeaf1020,python):2026-09-14-17:55:20.972.419 [mindspore/ccsrc/pybind_api/ir/tensor_py.cc:730] DataPtr] Tensor device address is null
[ERROR] COMMON(890953,ffffbeaf1020,python):2026-09-14-17:55:20.977.817 [mindspore/ccsrc/pybind_api/ir/tensor_py.cc:730] DataPtr] Tensor device address is null
[ERROR] COMMON(890953,ffffbeaf1020,python):2026-09-14-17:55:20.978.569 [mindspore/ccsrc/pybind_api/ir/tensor_py.cc:730] DataPtr] Tensor device address is null
[ERROR] COMMON(890953,ffffbeaf1020,python):2026-09-14-17:55:20.984.438 [mindspore/ccsrc/pybind_api/ir/tensor_py.cc:730] DataPtr] Tensor device address is null
[ERROR] COMMON(890953,ffffbeaf1020,python):2026-09-14-17:55:20.985.305 [mindspore/ccsrc/pybind_api/ir/tensor_py.cc:730] DataPtr] Tensor device address is null
[ERROR] COMMON(890953,ffffbeaf1020,python):2026-09-14-17:55:20.992.456 [mindspore/ccsrc/pybind_api/ir/tensor_py.cc:730] DataPtr] Tensor device address is null
[ERROR] COMMON(890953,ffffbeaf1020,python):2026-09-14-17:55:20.998.825 [mindspore/ccsrc/pybind_api/ir/tensor_py.cc:730] DataPtr] Tensor device address is null
[ERROR] COMMON(890953,ffffbeaf1020,python):2026-09-14-17:55:21.068.270 [mindspore/ccsrc/pybind_api/ir/tensor_py.cc:730] DataPtr] Tensor device address is null
[ERROR] COMMON(890953,ffffbeaf1020,python):2026-09-14-17:55:21.069.322 [mindspore/ccsrc/pybind_api/ir/tensor_py.cc:730] DataPtr] Tensor device address is null
[ERROR] COMMON(890953,ffffbeaf1020,python):2026-09-14-17:55:21.070.755 [mindspore/ccsrc/pybind_api/ir/tensor_py.cc:730] DataPtr] Tensor device address is null
[ERROR] COMMON(890953,ffffbeaf1020,python):2026-09-14-17:55:21.071.426 [mindspore/ccsrc/pybind_api/ir/tensor_py.cc:730] DataPtr] Tensor device address is null
[ERROR] COMMON(890953,ffffbeaf1020,python):2026-09-14-17:55:21.072.104 [mindspore/ccsrc/pybind_api/ir/tensor_py.cc:730] DataPtr] Tensor device address is null
[ERROR] COMMON(890953,ffffbeaf1020,python):2026-09-14-17:55:21.072.792 [mindspore/ccsrc/pybind_api/ir/tensor_py.cc:730] DataPtr] Tensor device address is null
[ERROR] COMMON(890953,ffffbeaf1020,python):2026-09-14-17:55:21.073.466 [mindspore/ccsrc/pybind_api/ir/tensor_py.cc:730] DataPtr] Tensor device address is null
[ERROR] COMMON(890953,ffffbeaf1020,python):2026-09-14-17:55:21.074.136 [mindspore/ccsrc/pybind_api/ir/tensor_py.cc:730] DataPtr] Tensor device address is null
[ERROR] COMMON(890953,ffffbeaf1020,python):2026-09-14-17:55:21.076.843 [mindspore/ccsrc/pybind_api/ir/tensor_py.cc:730] DataPtr] Tensor device address is null
[ERROR] COMMON(890953,ffffbeaf1020,python):2026-09-14-17:55:21.077.535 [mindspore/ccsrc/pybind_api/ir/tensor_py.cc:730] DataPtr] Tensor device address is null
[ERROR] COMMON(890953,ffffbeaf1020,python):2026-09-14-17:55:21.079.385 [mindspore/ccsrc/pybind_api/ir/tensor_py.cc:730] DataPtr] Tensor device address is null
[ERROR] COMMON(890953,ffffbeaf1020,python):2026-09-14-17:55:21.080.078 [mindspore/ccsrc/pybind_api/ir/tensor_py.cc:730] DataPtr] Tensor device address is null
[ERROR] COMMON(890953,ffffbeaf1020,python):2026-09-14-17:55:21.081.989 [mindspore/ccsrc/pybind_api/ir/tensor_py.cc:730] DataPtr] Tensor device address is null
[ERROR] COMMON(890953,ffffbeaf1020,python):2026-09-14-17:55:21.082.690 [mindspore/ccsrc/pybind_api/ir/tensor_py.cc:730] DataPtr] Tensor device address is null
[ERROR] COMMON(890953,ffffbeaf1020,python):2026-09-14-17:55:21.085.100 [mindspore/ccsrc/pybind_api/ir/tensor_py.cc:730] DataPtr] Tensor device address is null
[ERROR] COMMON(890953,ffffbeaf1020,python):2026-09-14-17:55:21.085.807 [mindspore/ccsrc/pybind_api/ir/tensor_py.cc:730] DataPtr] Tensor device address is null
[ERROR] COMMON(890953,ffffbeaf1020,python):2026-09-14-17:55:21.091.617 [mindspore/ccsrc/pybind_api/ir/tensor_py.cc:730] DataPtr] Tensor device address is null
[ERROR] COMMON(890953,ffffbeaf1020,python):2026-09-14-17:55:21.092.368 [mindspore/ccsrc/pybind_api/ir/tensor_py.cc:730] DataPtr] Tensor device address is null
[ERROR] COMMON(890953,ffffbeaf1020,python):2026-09-14-17:55:21.097.554 [mindspore/ccsrc/pybind_api/ir/tensor_py.cc:730] DataPtr] Tensor device address is null
[ERROR] COMMON(890953,ffffbeaf1020,python):2026-09-14-17:55:21.098.282 [mindspore/ccsrc/pybind_api/ir/tensor_py.cc:730] DataPtr] Tensor device address is null
[ERROR] COMMON(890953,ffffbeaf1020,python):2026-09-14-17:55:21.098.968 [mindspore/ccsrc/pybind_api/ir/tensor_py.cc:730] DataPtr] Tensor device address is null
[ERROR] COMMON(890953,ffffbeaf1020,python):2026-09-14-17:55:21.099.666 [mindspore/ccsrc/pybind_api/ir/tensor_py.cc:730] DataPtr] Tensor device address is null
[ERROR] COMMON(890953,ffffbeaf1020,python):2026-09-14-17:55:21.100.346 [mindspore/ccsrc/pybind_api/ir/tensor_py.cc:730] DataPtr] Tensor device address is null
[ERROR] COMMON(890953,ffffbeaf1020,python):2026-09-14-17:55:21.101.033 [mindspore/ccsrc/pybind_api/ir/tensor_py.cc:730] DataPtr] Tensor device address is null
[ERROR] COMMON(890953,ffffbeaf1020,python):2026-09-14-17:55:21.103.398 [mindspore/ccsrc/pybind_api/ir/tensor_py.cc:730] DataPtr] Tensor device address is null
[ERROR] COMMON(890953,ffffbeaf1020,python):2026-09-14-17:55:21.104.081 [mindspore/ccsrc/pybind_api/ir/tensor_py.cc:730] DataPtr] Tensor device address is null
[ERROR] COMMON(890953,ffffbeaf1020,python):2026-09-14-17:55:21.106.562 [mindspore/ccsrc/pybind_api/ir/tensor_py.cc:730] DataPtr] Tensor device address is null
[ERROR] COMMON(890953,ffffbeaf1020,python):2026-09-14-17:55:21.107.253 [mindspore/ccsrc/pybind_api/ir/tensor_py.cc:730] DataPtr] Tensor device address is null
[ERROR] COMMON(890953,ffffbeaf1020,python):2026-09-14-17:55:21.109.608 [mindspore/ccsrc/pybind_api/ir/tensor_py.cc:730] DataPtr] Tensor device address is null
[ERROR] COMMON(890953,ffffbeaf1020,python):2026-09-14-17:55:21.110.306 [mindspore/ccsrc/pybind_api/ir/tensor_py.cc:730] DataPtr] Tensor device address is null
[ERROR] COMMON(890953,ffffbeaf1020,python):2026-09-14-17:55:21.112.710 [mindspore/ccsrc/pybind_api/ir/tensor_py.cc:730] DataPtr] Tensor device address is null
[ERROR] COMMON(890953,ffffbeaf1020,python):2026-09-14-17:55:21.113.420 [mindspore/ccsrc/pybind_api/ir/tensor_py.cc:730] DataPtr] Tensor device address is null
[ERROR] COMMON(890953,ffffbeaf1020,python):2026-09-14-17:55:21.118.645 [mindspore/ccsrc/pybind_api/ir/tensor_py.cc:730] DataPtr] Tensor device address is null
[ERROR] COMMON(890953,ffffbeaf1020,python):2026-09-14-17:55:21.119.369 [mindspore/ccsrc/pybind_api/ir/tensor_py.cc:730] DataPtr] Tensor device address is null
[ERROR] COMMON(890953,ffffbeaf1020,python):2026-09-14-17:55:21.125.115 [mindspore/ccsrc/pybind_api/ir/tensor_py.cc:730] DataPtr] Tensor device address is null
[ERROR] COMMON(890953,ffffbeaf1020,python):2026-09-14-17:55:21.125.855 [mindspore/ccsrc/pybind_api/ir/tensor_py.cc:730] DataPtr] Tensor device address is null
[ERROR] COMMON(890953,ffffbeaf1020,python):2026-09-14-17:55:21.126.547 [mindspore/ccsrc/pybind_api/ir/tensor_py.cc:730] DataPtr] Tensor device address is null
[ERROR] COMMON(890953,ffffbeaf1020,python):2026-09-14-17:55:21.127.235 [mindspore/ccsrc/pybind_api/ir/tensor_py.cc:730] DataPtr] Tensor device address is null
[ERROR] COMMON(890953,ffffbeaf1020,python):2026-09-14-17:55:21.127.909 [mindspore/ccsrc/pybind_api/ir/tensor_py.cc:730] DataPtr] Tensor device address is null
[ERROR] COMMON(890953,ffffbeaf1020,python):2026-09-14-17:55:21.128.623 [mindspore/ccsrc/pybind_api/ir/tensor_py.cc:730] DataPtr] Tensor device address is null
[ERROR] COMMON(890953,ffffbeaf1020,python):2026-09-14-17:55:21.131.096 [mindspore/ccsrc/pybind_api/ir/tensor_py.cc:730] DataPtr] Tensor device address is null
[ERROR] COMMON(890953,ffffbeaf1020,python):2026-09-14-17:55:21.131.789 [mindspore/ccsrc/pybind_api/ir/tensor_py.cc:730] DataPtr] Tensor device address is null
[ERROR] COMMON(890953,ffffbeaf1020,python):2026-09-14-17:55:21.133.667 [mindspore/ccsrc/pybind_api/ir/tensor_py.cc:730] DataPtr] Tensor device address is null
[ERROR] COMMON(890953,ffffbeaf1020,python):2026-09-14-17:55:21.134.360 [mindspore/ccsrc/pybind_api/ir/tensor_py.cc:730] DataPtr] Tensor device address is null
[ERROR] COMMON(890953,ffffbeaf1020,python):2026-09-14-17:55:21.136.267 [mindspore/ccsrc/pybind_api/ir/tensor_py.cc:730] DataPtr] Tensor device address is null
[ERROR] COMMON(890953,ffffbeaf1020,python):2026-09-14-17:55:21.136.976 [mindspore/ccsrc/pybind_api/ir/tensor_py.cc:730] DataPtr] Tensor device address is null
[ERROR] COMMON(890953,ffffbeaf1020,python):2026-09-14-17:55:21.139.381 [mindspore/ccsrc/pybind_api/ir/tensor_py.cc:730] DataPtr] Tensor device address is null
[ERROR] COMMON(890953,ffffbeaf1020,python):2026-09-14-17:55:21.140.091 [mindspore/ccsrc/pybind_api/ir/tensor_py.cc:730] DataPtr] Tensor device address is null
[ERROR] COMMON(890953,ffffbeaf1020,python):2026-09-14-17:55:21.145.773 [mindspore/ccsrc/pybind_api/ir/tensor_py.cc:730] DataPtr] Tensor device address is null
[ERROR] COMMON(890953,ffffbeaf1020,python):2026-09-14-17:55:21.146.501 [mindspore/ccsrc/pybind_api/ir/tensor_py.cc:730] DataPtr] Tensor device address is null
[ERROR] COMMON(890953,ffffbeaf1020,python):2026-09-14-17:55:21.151.883 [mindspore/ccsrc/pybind_api/ir/tensor_py.cc:730] DataPtr] Tensor device address is null
[ERROR] COMMON(890953,ffffbeaf1020,python):2026-09-14-17:55:21.152.607 [mindspore/ccsrc/pybind_api/ir/tensor_py.cc:730] DataPtr] Tensor device address is null
[ERROR] COMMON(890953,ffffbeaf1020,python):2026-09-14-17:55:21.153.284 [mindspore/ccsrc/pybind_api/ir/tensor_py.cc:730] DataPtr] Tensor device address is null
[ERROR] COMMON(890953,ffffbeaf1020,python):2026-09-14-17:55:21.153.972 [mindspore/ccsrc/pybind_api/ir/tensor_py.cc:730] DataPtr] Tensor device address is null
[ERROR] COMMON(890953,ffffbeaf1020,python):2026-09-14-17:55:21.154.652 [mindspore/ccsrc/pybind_api/ir/tensor_py.cc:730] DataPtr] Tensor device address is null
[ERROR] COMMON(890953,ffffbeaf1020,python):2026-09-14-17:55:21.155.341 [mindspore/ccsrc/pybind_api/ir/tensor_py.cc:730] DataPtr] Tensor device address is null
[ERROR] COMMON(890953,ffffbeaf1020,python):2026-09-14-17:55:21.157.789 [mindspore/ccsrc/pybind_api/ir/tensor_py.cc:730] DataPtr] Tensor device address is null
[ERROR] COMMON(890953,ffffbeaf1020,python):2026-09-14-17:55:21.158.479 [mindspore/ccsrc/pybind_api/ir/tensor_py.cc:730] DataPtr] Tensor device address is null
[ERROR] COMMON(890953,ffffbeaf1020,python):2026-09-14-17:55:21.161.041 [mindspore/ccsrc/pybind_api/ir/tensor_py.cc:730] DataPtr] Tensor device address is null
[ERROR] COMMON(890953,ffffbeaf1020,python):2026-09-14-17:55:21.161.745 [mindspore/ccsrc/pybind_api/ir/tensor_py.cc:730] DataPtr] Tensor device address is null
[ERROR] COMMON(890953,ffffbeaf1020,python):2026-09-14-17:55:21.164.161 [mindspore/ccsrc/pybind_api/ir/tensor_py.cc:730] DataPtr] Tensor device address is null
[ERROR] COMMON(890953,ffffbeaf1020,python):2026-09-14-17:55:21.164.873 [mindspore/ccsrc/pybind_api/ir/tensor_py.cc:730] DataPtr] Tensor device address is null
[ERROR] COMMON(890953,ffffbeaf1020,python):2026-09-14-17:55:21.167.293 [mindspore/ccsrc/pybind_api/ir/tensor_py.cc:730] DataPtr] Tensor device address is null
[ERROR] COMMON(890953,ffffbeaf1020,python):2026-09-14-17:55:21.168.021 [mindspore/ccsrc/pybind_api/ir/tensor_py.cc:730] DataPtr] Tensor device address is null
[ERROR] COMMON(890953,ffffbeaf1020,python):2026-09-14-17:55:21.173.300 [mindspore/ccsrc/pybind_api/ir/tensor_py.cc:730] DataPtr] Tensor device address is null
[ERROR] COMMON(890953,ffffbeaf1020,python):2026-09-14-17:55:21.174.042 [mindspore/ccsrc/pybind_api/ir/tensor_py.cc:730] DataPtr] Tensor device address is null
[ERROR] COMMON(890953,ffffbeaf1020,python):2026-09-14-17:55:21.179.806 [mindspore/ccsrc/pybind_api/ir/tensor_py.cc:730] DataPtr] Tensor device address is null
[ERROR] COMMON(890953,ffffbeaf1020,python):2026-09-14-17:55:21.180.542 [mindspore/ccsrc/pybind_api/ir/tensor_py.cc:730] DataPtr] Tensor device address is null
[ERROR] COMMON(890953,ffffbeaf1020,python):2026-09-14-17:55:21.181.238 [mindspore/ccsrc/pybind_api/ir/tensor_py.cc:730] DataPtr] Tensor device address is null
[ERROR] COMMON(890953,ffffbeaf1020,python):2026-09-14-17:55:21.181.936 [mindspore/ccsrc/pybind_api/ir/tensor_py.cc:730] DataPtr] Tensor device address is null
[ERROR] COMMON(890953,ffffbeaf1020,python):2026-09-14-17:55:21.182.613 [mindspore/ccsrc/pybind_api/ir/tensor_py.cc:730] DataPtr] Tensor device address is null
[ERROR] COMMON(890953,ffffbeaf1020,python):2026-09-14-17:55:21.183.323 [mindspore/ccsrc/pybind_api/ir/tensor_py.cc:730] DataPtr] Tensor device address is null
[ERROR] COMMON(890953,ffffbeaf1020,python):2026-09-14-17:55:21.185.706 [mindspore/ccsrc/pybind_api/ir/tensor_py.cc:730] DataPtr] Tensor device address is null
[ERROR] COMMON(890953,ffffbeaf1020,python):2026-09-14-17:55:21.186.393 [mindspore/ccsrc/pybind_api/ir/tensor_py.cc:730] DataPtr] Tensor device address is null
[ERROR] COMMON(890953,ffffbeaf1020,python):2026-09-14-17:55:21.188.186 [mindspore/ccsrc/pybind_api/ir/tensor_py.cc:730] DataPtr] Tensor device address is null
[ERROR] COMMON(890953,ffffbeaf1020,python):2026-09-14-17:55:21.188.885 [mindspore/ccsrc/pybind_api/ir/tensor_py.cc:730] DataPtr] Tensor device address is null
[ERROR] COMMON(890953,ffffbeaf1020,python):2026-09-14-17:55:21.190.741 [mindspore/ccsrc/pybind_api/ir/tensor_py.cc:730] DataPtr] Tensor device address is null
[ERROR] COMMON(890953,ffffbeaf1020,python):2026-09-14-17:55:21.191.455 [mindspore/ccsrc/pybind_api/ir/tensor_py.cc:730] DataPtr] Tensor device address is null
[ERROR] COMMON(890953,ffffbeaf1020,python):2026-09-14-17:55:21.193.800 [mindspore/ccsrc/pybind_api/ir/tensor_py.cc:730] DataPtr] Tensor device address is null
[ERROR] COMMON(890953,ffffbeaf1020,python):2026-09-14-17:55:21.194.496 [mindspore/ccsrc/pybind_api/ir/tensor_py.cc:730] DataPtr] Tensor device address is null
[ERROR] COMMON(890953,ffffbeaf1020,python):2026-09-14-17:55:21.200.283 [mindspore/ccsrc/pybind_api/ir/tensor_py.cc:730] DataPtr] Tensor device address is null
[ERROR] COMMON(890953,ffffbeaf1020,python):2026-09-14-17:55:21.201.018 [mindspore/ccsrc/pybind_api/ir/tensor_py.cc:730] DataPtr] Tensor device address is null
[ERROR] COMMON(890953,ffffbeaf1020,python):2026-09-14-17:55:21.206.439 [mindspore/ccsrc/pybind_api/ir/tensor_py.cc:730] DataPtr] Tensor device address is null
[ERROR] COMMON(890953,ffffbeaf1020,python):2026-09-14-17:55:21.207.174 [mindspore/ccsrc/pybind_api/ir/tensor_py.cc:730] DataPtr] Tensor device address is null
[ERROR] COMMON(890953,ffffbeaf1020,python):2026-09-14-17:55:21.207.865 [mindspore/ccsrc/pybind_api/ir/tensor_py.cc:730] DataPtr] Tensor device address is null
[ERROR] COMMON(890953,ffffbeaf1020,python):2026-09-14-17:55:21.208.569 [mindspore/ccsrc/pybind_api/ir/tensor_py.cc:730] DataPtr] Tensor device address is null
[ERROR] COMMON(890953,ffffbeaf1020,python):2026-09-14-17:55:21.209.283 [mindspore/ccsrc/pybind_api/ir/tensor_py.cc:730] DataPtr] Tensor device address is null
[ERROR] COMMON(890953,ffffbeaf1020,python):2026-09-14-17:55:21.209.974 [mindspore/ccsrc/pybind_api/ir/tensor_py.cc:730] DataPtr] Tensor device address is null
[ERROR] COMMON(890953,ffffbeaf1020,python):2026-09-14-17:55:21.212.358 [mindspore/ccsrc/pybind_api/ir/tensor_py.cc:730] DataPtr] Tensor device address is null
[ERROR] COMMON(890953,ffffbeaf1020,python):2026-09-14-17:55:21.213.069 [mindspore/ccsrc/pybind_api/ir/tensor_py.cc:730] DataPtr] Tensor device address is null
[ERROR] COMMON(890953,ffffbeaf1020,python):2026-09-14-17:55:21.215.655 [mindspore/ccsrc/pybind_api/ir/tensor_py.cc:730] DataPtr] Tensor device address is null
[ERROR] COMMON(890953,ffffbeaf1020,python):2026-09-14-17:55:21.216.350 [mindspore/ccsrc/pybind_api/ir/tensor_py.cc:730] DataPtr] Tensor device address is null
[ERROR] COMMON(890953,ffffbeaf1020,python):2026-09-14-17:55:21.218.774 [mindspore/ccsrc/pybind_api/ir/tensor_py.cc:730] DataPtr] Tensor device address is null
[ERROR] COMMON(890953,ffffbeaf1020,python):2026-09-14-17:55:21.219.490 [mindspore/ccsrc/pybind_api/ir/tensor_py.cc:730] DataPtr] Tensor device address is null
[ERROR] COMMON(890953,ffffbeaf1020,python):2026-09-14-17:55:21.221.918 [mindspore/ccsrc/pybind_api/ir/tensor_py.cc:730] DataPtr] Tensor device address is null
[ERROR] COMMON(890953,ffffbeaf1020,python):2026-09-14-17:55:21.222.638 [mindspore/ccsrc/pybind_api/ir/tensor_py.cc:730] DataPtr] Tensor device address is null
[ERROR] COMMON(890953,ffffbeaf1020,python):2026-09-14-17:55:21.228.002 [mindspore/ccsrc/pybind_api/ir/tensor_py.cc:730] DataPtr] Tensor device address is null
[ERROR] COMMON(890953,ffffbeaf1020,python):2026-09-14-17:55:21.228.729 [mindspore/ccsrc/pybind_api/ir/tensor_py.cc:730] DataPtr] Tensor device address is null
[ERROR] COMMON(890953,ffffbeaf1020,python):2026-09-14-17:55:21.234.653 [mindspore/ccsrc/pybind_api/ir/tensor_py.cc:730] DataPtr] Tensor device address is null
[ERROR] COMMON(890953,ffffbeaf1020,python):2026-09-14-17:55:21.235.365 [mindspore/ccsrc/pybind_api/ir/tensor_py.cc:730] DataPtr] Tensor device address is null
[ERROR] COMMON(890953,ffffbeaf1020,python):2026-09-14-17:55:21.236.050 [mindspore/ccsrc/pybind_api/ir/tensor_py.cc:730] DataPtr] Tensor device address is null
[ERROR] COMMON(890953,ffffbeaf1020,python):2026-09-14-17:55:21.236.766 [mindspore/ccsrc/pybind_api/ir/tensor_py.cc:730] DataPtr] Tensor device address is null
[ERROR] COMMON(890953,ffffbeaf1020,python):2026-09-14-17:55:21.237.435 [mindspore/ccsrc/pybind_api/ir/tensor_py.cc:730] DataPtr] Tensor device address is null
[ERROR] COMMON(890953,ffffbeaf1020,python):2026-09-14-17:55:21.238.135 [mindspore/ccsrc/pybind_api/ir/tensor_py.cc:730] DataPtr] Tensor device address is null
[ERROR] COMMON(890953,ffffbeaf1020,python):2026-09-14-17:55:21.240.518 [mindspore/ccsrc/pybind_api/ir/tensor_py.cc:730] DataPtr] Tensor device address is null
[ERROR] COMMON(890953,ffffbeaf1020,python):2026-09-14-17:55:21.241.219 [mindspore/ccsrc/pybind_api/ir/tensor_py.cc:730] DataPtr] Tensor device address is null
[ERROR] COMMON(890953,ffffbeaf1020,python):2026-09-14-17:55:21.243.040 [mindspore/ccsrc/pybind_api/ir/tensor_py.cc:730] DataPtr] Tensor device address is null
[ERROR] COMMON(890953,ffffbeaf1020,python):2026-09-14-17:55:21.243.788 [mindspore/ccsrc/pybind_api/ir/tensor_py.cc:730] DataPtr] Tensor device address is null
[ERROR] COMMON(890953,ffffbeaf1020,python):2026-09-14-17:55:21.245.642 [mindspore/ccsrc/pybind_api/ir/tensor_py.cc:730] DataPtr] Tensor device address is null
[ERROR] COMMON(890953,ffffbeaf1020,python):2026-09-14-17:55:21.246.349 [mindspore/ccsrc/pybind_api/ir/tensor_py.cc:730] DataPtr] Tensor device address is null
[ERROR] COMMON(890953,ffffbeaf1020,python):2026-09-14-17:55:21.248.702 [mindspore/ccsrc/pybind_api/ir/tensor_py.cc:730] DataPtr] Tensor device address is null
[ERROR] COMMON(890953,ffffbeaf1020,python):2026-09-14-17:55:21.249.403 [mindspore/ccsrc/pybind_api/ir/tensor_py.cc:730] DataPtr] Tensor device address is null
[ERROR] COMMON(890953,ffffbeaf1020,python):2026-09-14-17:55:21.255.168 [mindspore/ccsrc/pybind_api/ir/tensor_py.cc:730] DataPtr] Tensor device address is null
[ERROR] COMMON(890953,ffffbeaf1020,python):2026-09-14-17:55:21.255.910 [mindspore/ccsrc/pybind_api/ir/tensor_py.cc:730] DataPtr] Tensor device address is null
[ERROR] COMMON(890953,ffffbeaf1020,python):2026-09-14-17:55:21.261.112 [mindspore/ccsrc/pybind_api/ir/tensor_py.cc:730] DataPtr] Tensor device address is null
[ERROR] COMMON(890953,ffffbeaf1020,python):2026-09-14-17:55:21.261.821 [mindspore/ccsrc/pybind_api/ir/tensor_py.cc:730] DataPtr] Tensor device address is null
[ERROR] COMMON(890953,ffffbeaf1020,python):2026-09-14-17:55:21.262.539 [mindspore/ccsrc/pybind_api/ir/tensor_py.cc:730] DataPtr] Tensor device address is null
[ERROR] COMMON(890953,ffffbeaf1020,python):2026-09-14-17:55:21.263.231 [mindspore/ccsrc/pybind_api/ir/tensor_py.cc:730] DataPtr] Tensor device address is null
[ERROR] COMMON(890953,ffffbeaf1020,python):2026-09-14-17:55:21.263.902 [mindspore/ccsrc/pybind_api/ir/tensor_py.cc:730] DataPtr] Tensor device address is null
[ERROR] COMMON(890953,ffffbeaf1020,python):2026-09-14-17:55:21.264.612 [mindspore/ccsrc/pybind_api/ir/tensor_py.cc:730] DataPtr] Tensor device address is null
[ERROR] COMMON(890953,ffffbeaf1020,python):2026-09-14-17:55:21.267.054 [mindspore/ccsrc/pybind_api/ir/tensor_py.cc:730] DataPtr] Tensor device address is null
[ERROR] COMMON(890953,ffffbeaf1020,python):2026-09-14-17:55:21.267.750 [mindspore/ccsrc/pybind_api/ir/tensor_py.cc:730] DataPtr] Tensor device address is null
[ERROR] COMMON(890953,ffffbeaf1020,python):2026-09-14-17:55:21.270.145 [mindspore/ccsrc/pybind_api/ir/tensor_py.cc:730] DataPtr] Tensor device address is null
[ERROR] COMMON(890953,ffffbeaf1020,python):2026-09-14-17:55:21.270.844 [mindspore/ccsrc/pybind_api/ir/tensor_py.cc:730] DataPtr] Tensor device address is null
[ERROR] COMMON(890953,ffffbeaf1020,python):2026-09-14-17:55:21.273.227 [mindspore/ccsrc/pybind_api/ir/tensor_py.cc:730] DataPtr] Tensor device address is null
[ERROR] COMMON(890953,ffffbeaf1020,python):2026-09-14-17:55:21.273.944 [mindspore/ccsrc/pybind_api/ir/tensor_py.cc:730] DataPtr] Tensor device address is null
[ERROR] COMMON(890953,ffffbeaf1020,python):2026-09-14-17:55:21.276.324 [mindspore/ccsrc/pybind_api/ir/tensor_py.cc:730] DataPtr] Tensor device address is null
[ERROR] COMMON(890953,ffffbeaf1020,python):2026-09-14-17:55:21.277.031 [mindspore/ccsrc/pybind_api/ir/tensor_py.cc:730] DataPtr] Tensor device address is null
[ERROR] COMMON(890953,ffffbeaf1020,python):2026-09-14-17:55:21.282.395 [mindspore/ccsrc/pybind_api/ir/tensor_py.cc:730] DataPtr] Tensor device address is null
[ERROR] COMMON(890953,ffffbeaf1020,python):2026-09-14-17:55:21.283.120 [mindspore/ccsrc/pybind_api/ir/tensor_py.cc:730] DataPtr] Tensor device address is null
[ERROR] COMMON(890953,ffffbeaf1020,python):2026-09-14-17:55:21.288.940 [mindspore/ccsrc/pybind_api/ir/tensor_py.cc:730] DataPtr] Tensor device address is null
[ERROR] COMMON(890953,ffffbeaf1020,python):2026-09-14-17:55:21.289.677 [mindspore/ccsrc/pybind_api/ir/tensor_py.cc:730] DataPtr] Tensor device address is null
[ERROR] COMMON(890953,ffffbeaf1020,python):2026-09-14-17:55:21.290.373 [mindspore/ccsrc/pybind_api/ir/tensor_py.cc:730] DataPtr] Tensor device address is null
[ERROR] COMMON(890953,ffffbeaf1020,python):2026-09-14-17:55:21.291.053 [mindspore/ccsrc/pybind_api/ir/tensor_py.cc:730] DataPtr] Tensor device address is null
[ERROR] COMMON(890953,ffffbeaf1020,python):2026-09-14-17:55:21.291.752 [mindspore/ccsrc/pybind_api/ir/tensor_py.cc:730] DataPtr] Tensor device address is null
[ERROR] COMMON(890953,ffffbeaf1020,python):2026-09-14-17:55:21.292.427 [mindspore/ccsrc/pybind_api/ir/tensor_py.cc:730] DataPtr] Tensor device address is null
[ERROR] COMMON(890953,ffffbeaf1020,python):2026-09-14-17:55:21.294.869 [mindspore/ccsrc/pybind_api/ir/tensor_py.cc:730] DataPtr] Tensor device address is null
[ERROR] COMMON(890953,ffffbeaf1020,python):2026-09-14-17:55:21.295.576 [mindspore/ccsrc/pybind_api/ir/tensor_py.cc:730] DataPtr] Tensor device address is null
[ERROR] COMMON(890953,ffffbeaf1020,python):2026-09-14-17:55:21.297.440 [mindspore/ccsrc/pybind_api/ir/tensor_py.cc:730] DataPtr] Tensor device address is null
[ERROR] COMMON(890953,ffffbeaf1020,python):2026-09-14-17:55:21.298.133 [mindspore/ccsrc/pybind_api/ir/tensor_py.cc:730] DataPtr] Tensor device address is null
[ERROR] COMMON(890953,ffffbeaf1020,python):2026-09-14-17:55:21.300.060 [mindspore/ccsrc/pybind_api/ir/tensor_py.cc:730] DataPtr] Tensor device address is null
[ERROR] COMMON(890953,ffffbeaf1020,python):2026-09-14-17:55:21.300.757 [mindspore/ccsrc/pybind_api/ir/tensor_py.cc:730] DataPtr] Tensor device address is null
[ERROR] COMMON(890953,ffffbeaf1020,python):2026-09-14-17:55:21.303.156 [mindspore/ccsrc/pybind_api/ir/tensor_py.cc:730] DataPtr] Tensor device address is null
[ERROR] COMMON(890953,ffffbeaf1020,python):2026-09-14-17:55:21.303.892 [mindspore/ccsrc/pybind_api/ir/tensor_py.cc:730] DataPtr] Tensor device address is null
[ERROR] COMMON(890953,ffffbeaf1020,python):2026-09-14-17:55:21.309.712 [mindspore/ccsrc/pybind_api/ir/tensor_py.cc:730] DataPtr] Tensor device address is null
[ERROR] COMMON(890953,ffffbeaf1020,python):2026-09-14-17:55:21.310.453 [mindspore/ccsrc/pybind_api/ir/tensor_py.cc:730] DataPtr] Tensor device address is null
[ERROR] COMMON(890953,ffffbeaf1020,python):2026-09-14-17:55:21.315.635 [mindspore/ccsrc/pybind_api/ir/tensor_py.cc:730] DataPtr] Tensor device address is null
[ERROR] COMMON(890953,ffffbeaf1020,python):2026-09-14-17:55:21.316.353 [mindspore/ccsrc/pybind_api/ir/tensor_py.cc:730] DataPtr] Tensor device address is null
[ERROR] COMMON(890953,ffffbeaf1020,python):2026-09-14-17:55:21.317.042 [mindspore/ccsrc/pybind_api/ir/tensor_py.cc:730] DataPtr] Tensor device address is null
[ERROR] COMMON(890953,ffffbeaf1020,python):2026-09-14-17:55:21.317.741 [mindspore/ccsrc/pybind_api/ir/tensor_py.cc:730] DataPtr] Tensor device address is null
[ERROR] COMMON(890953,ffffbeaf1020,python):2026-09-14-17:55:21.318.410 [mindspore/ccsrc/pybind_api/ir/tensor_py.cc:730] DataPtr] Tensor device address is null
[ERROR] COMMON(890953,ffffbeaf1020,python):2026-09-14-17:55:21.319.086 [mindspore/ccsrc/pybind_api/ir/tensor_py.cc:730] DataPtr] Tensor device address is null
[ERROR] COMMON(890953,ffffbeaf1020,python):2026-09-14-17:55:21.321.534 [mindspore/ccsrc/pybind_api/ir/tensor_py.cc:730] DataPtr] Tensor device address is null
[ERROR] COMMON(890953,ffffbeaf1020,python):2026-09-14-17:55:21.322.224 [mindspore/ccsrc/pybind_api/ir/tensor_py.cc:730] DataPtr] Tensor device address is null
[ERROR] COMMON(890953,ffffbeaf1020,python):2026-09-14-17:55:21.324.618 [mindspore/ccsrc/pybind_api/ir/tensor_py.cc:730] DataPtr] Tensor device address is null
[ERROR] COMMON(890953,ffffbeaf1020,python):2026-09-14-17:55:21.325.324 [mindspore/ccsrc/pybind_api/ir/tensor_py.cc:730] DataPtr] Tensor device address is null
[ERROR] COMMON(890953,ffffbeaf1020,python):2026-09-14-17:55:21.327.671 [mindspore/ccsrc/pybind_api/ir/tensor_py.cc:730] DataPtr] Tensor device address is null
[ERROR] COMMON(890953,ffffbeaf1020,python):2026-09-14-17:55:21.328.374 [mindspore/ccsrc/pybind_api/ir/tensor_py.cc:730] DataPtr] Tensor device address is null
[ERROR] COMMON(890953,ffffbeaf1020,python):2026-09-14-17:55:21.330.790 [mindspore/ccsrc/pybind_api/ir/tensor_py.cc:730] DataPtr] Tensor device address is null
[ERROR] COMMON(890953,ffffbeaf1020,python):2026-09-14-17:55:21.331.515 [mindspore/ccsrc/pybind_api/ir/tensor_py.cc:730] DataPtr] Tensor device address is null
[ERROR] COMMON(890953,ffffbeaf1020,python):2026-09-14-17:55:21.336.696 [mindspore/ccsrc/pybind_api/ir/tensor_py.cc:730] DataPtr] Tensor device address is null
[ERROR] COMMON(890953,ffffbeaf1020,python):2026-09-14-17:55:21.337.427 [mindspore/ccsrc/pybind_api/ir/tensor_py.cc:730] DataPtr] Tensor device address is null
[ERROR] COMMON(890953,ffffbeaf1020,python):2026-09-14-17:55:21.343.121 [mindspore/ccsrc/pybind_api/ir/tensor_py.cc:730] DataPtr] Tensor device address is null
[ERROR] COMMON(890953,ffffbeaf1020,python):2026-09-14-17:55:21.343.832 [mindspore/ccsrc/pybind_api/ir/tensor_py.cc:730] DataPtr] Tensor device address is null
[ERROR] COMMON(890953,ffffbeaf1020,python):2026-09-14-17:55:21.344.517 [mindspore/ccsrc/pybind_api/ir/tensor_py.cc:730] DataPtr] Tensor device address is null
[ERROR] COMMON(890953,ffffbeaf1020,python):2026-09-14-17:55:21.345.217 [mindspore/ccsrc/pybind_api/ir/tensor_py.cc:730] DataPtr] Tensor device address is null
[ERROR] COMMON(890953,ffffbeaf1020,python):2026-09-14-17:55:21.345.905 [mindspore/ccsrc/pybind_api/ir/tensor_py.cc:730] DataPtr] Tensor device address is null
[ERROR] COMMON(890953,ffffbeaf1020,python):2026-09-14-17:55:21.346.624 [mindspore/ccsrc/pybind_api/ir/tensor_py.cc:730] DataPtr] Tensor device address is null
[ERROR] COMMON(890953,ffffbeaf1020,python):2026-09-14-17:55:21.349.054 [mindspore/ccsrc/pybind_api/ir/tensor_py.cc:730] DataPtr] Tensor device address is null
[ERROR] COMMON(890953,ffffbeaf1020,python):2026-09-14-17:55:21.349.740 [mindspore/ccsrc/pybind_api/ir/tensor_py.cc:730] DataPtr] Tensor device address is null
[ERROR] COMMON(890953,ffffbeaf1020,python):2026-09-14-17:55:21.351.590 [mindspore/ccsrc/pybind_api/ir/tensor_py.cc:730] DataPtr] Tensor device address is null
[ERROR] COMMON(890953,ffffbeaf1020,python):2026-09-14-17:55:21.352.288 [mindspore/ccsrc/pybind_api/ir/tensor_py.cc:730] DataPtr] Tensor device address is null
[ERROR] COMMON(890953,ffffbeaf1020,python):2026-09-14-17:55:21.354.181 [mindspore/ccsrc/pybind_api/ir/tensor_py.cc:730] DataPtr] Tensor device address is null
[ERROR] COMMON(890953,ffffbeaf1020,python):2026-09-14-17:55:21.354.889 [mindspore/ccsrc/pybind_api/ir/tensor_py.cc:730] DataPtr] Tensor device address is null
[ERROR] COMMON(890953,ffffbeaf1020,python):2026-09-14-17:55:21.357.271 [mindspore/ccsrc/pybind_api/ir/tensor_py.cc:730] DataPtr] Tensor device address is null
[ERROR] COMMON(890953,ffffbeaf1020,python):2026-09-14-17:55:21.357.985 [mindspore/ccsrc/pybind_api/ir/tensor_py.cc:730] DataPtr] Tensor device address is null
[ERROR] COMMON(890953,ffffbeaf1020,python):2026-09-14-17:55:21.363.711 [mindspore/ccsrc/pybind_api/ir/tensor_py.cc:730] DataPtr] Tensor device address is null
[ERROR] COMMON(890953,ffffbeaf1020,python):2026-09-14-17:55:21.364.439 [mindspore/ccsrc/pybind_api/ir/tensor_py.cc:730] DataPtr] Tensor device address is null
[ERROR] COMMON(890953,ffffbeaf1020,python):2026-09-14-17:55:21.369.828 [mindspore/ccsrc/pybind_api/ir/tensor_py.cc:730] DataPtr] Tensor device address is null
[ERROR] COMMON(890953,ffffbeaf1020,python):2026-09-14-17:55:21.370.559 [mindspore/ccsrc/pybind_api/ir/tensor_py.cc:730] DataPtr] Tensor device address is null
[ERROR] COMMON(890953,ffffbeaf1020,python):2026-09-14-17:55:21.371.228 [mindspore/ccsrc/pybind_api/ir/tensor_py.cc:730] DataPtr] Tensor device address is null
[ERROR] COMMON(890953,ffffbeaf1020,python):2026-09-14-17:55:21.371.919 [mindspore/ccsrc/pybind_api/ir/tensor_py.cc:730] DataPtr] Tensor device address is null
[ERROR] COMMON(890953,ffffbeaf1020,python):2026-09-14-17:55:21.372.710 [mindspore/ccsrc/pybind_api/ir/tensor_py.cc:730] DataPtr] Tensor device address is null
[ERROR] COMMON(890953,ffffbeaf1020,python):2026-09-14-17:55:21.373.420 [mindspore/ccsrc/pybind_api/ir/tensor_py.cc:730] DataPtr] Tensor device address is null
[ERROR] COMMON(890953,ffffbeaf1020,python):2026-09-14-17:55:21.375.829 [mindspore/ccsrc/pybind_api/ir/tensor_py.cc:730] DataPtr] Tensor device address is null
[ERROR] COMMON(890953,ffffbeaf1020,python):2026-09-14-17:55:21.376.513 [mindspore/ccsrc/pybind_api/ir/tensor_py.cc:730] DataPtr] Tensor device address is null
[ERROR] COMMON(890953,ffffbeaf1020,python):2026-09-14-17:55:21.379.001 [mindspore/ccsrc/pybind_api/ir/tensor_py.cc:730] DataPtr] Tensor device address is null
[ERROR] COMMON(890953,ffffbeaf1020,python):2026-09-14-17:55:21.379.696 [mindspore/ccsrc/pybind_api/ir/tensor_py.cc:730] DataPtr] Tensor device address is null
[ERROR] COMMON(890953,ffffbeaf1020,python):2026-09-14-17:55:21.382.142 [mindspore/ccsrc/pybind_api/ir/tensor_py.cc:730] DataPtr] Tensor device address is null
[ERROR] COMMON(890953,ffffbeaf1020,python):2026-09-14-17:55:21.382.840 [mindspore/ccsrc/pybind_api/ir/tensor_py.cc:730] DataPtr] Tensor device address is null
[ERROR] COMMON(890953,ffffbeaf1020,python):2026-09-14-17:55:21.385.192 [mindspore/ccsrc/pybind_api/ir/tensor_py.cc:730] DataPtr] Tensor device address is null
[ERROR] COMMON(890953,ffffbeaf1020,python):2026-09-14-17:55:21.385.887 [mindspore/ccsrc/pybind_api/ir/tensor_py.cc:730] DataPtr] Tensor device address is null
[ERROR] COMMON(890953,ffffbeaf1020,python):2026-09-14-17:55:21.391.108 [mindspore/ccsrc/pybind_api/ir/tensor_py.cc:730] DataPtr] Tensor device address is null
[ERROR] COMMON(890953,ffffbeaf1020,python):2026-09-14-17:55:21.391.846 [mindspore/ccsrc/pybind_api/ir/tensor_py.cc:730] DataPtr] Tensor device address is null
[ERROR] COMMON(890953,ffffbeaf1020,python):2026-09-14-17:55:21.397.488 [mindspore/ccsrc/pybind_api/ir/tensor_py.cc:730] DataPtr] Tensor device address is null
[ERROR] COMMON(890953,ffffbeaf1020,python):2026-09-14-17:55:21.398.193 [mindspore/ccsrc/pybind_api/ir/tensor_py.cc:730] DataPtr] Tensor device address is null
[ERROR] COMMON(890953,ffffbeaf1020,python):2026-09-14-17:55:21.468.165 [mindspore/ccsrc/pybind_api/ir/tensor_py.cc:730] DataPtr] Tensor device address is null
[ERROR] COMMON(890953,ffffbeaf1020,python):2026-09-14-17:55:21.469.253 [mindspore/ccsrc/pybind_api/ir/tensor_py.cc:730] DataPtr] Tensor device address is null
[ERROR] COMMON(890953,ffffbeaf1020,python):2026-09-14-17:55:21.469.970 [mindspore/ccsrc/pybind_api/ir/tensor_py.cc:730] DataPtr] Tensor device address is null
[ERROR] COMMON(890953,ffffbeaf1020,python):2026-09-14-17:55:21.470.661 [mindspore/ccsrc/pybind_api/ir/tensor_py.cc:730] DataPtr] Tensor device address is null
[ERROR] COMMON(890953,ffffbeaf1020,python):2026-09-14-17:55:21.471.336 [mindspore/ccsrc/pybind_api/ir/tensor_py.cc:730] DataPtr] Tensor device address is null
[ERROR] COMMON(890953,ffffbeaf1020,python):2026-09-14-17:55:21.472.003 [mindspore/ccsrc/pybind_api/ir/tensor_py.cc:730] DataPtr] Tensor device address is null
[ERROR] COMMON(890953,ffffbeaf1020,python):2026-09-14-17:55:21.472.675 [mindspore/ccsrc/pybind_api/ir/tensor_py.cc:730] DataPtr] Tensor device address is null
[ERROR] COMMON(890953,ffffbeaf1020,python):2026-09-14-17:55:21.473.361 [mindspore/ccsrc/pybind_api/ir/tensor_py.cc:730] DataPtr] Tensor device address is null
[ERROR] COMMON(890953,ffffbeaf1020,python):2026-09-14-17:55:21.475.730 [mindspore/ccsrc/pybind_api/ir/tensor_py.cc:730] DataPtr] Tensor device address is null
[ERROR] COMMON(890953,ffffbeaf1020,python):2026-09-14-17:55:21.476.425 [mindspore/ccsrc/pybind_api/ir/tensor_py.cc:730] DataPtr] Tensor device address is null
[ERROR] COMMON(890953,ffffbeaf1020,python):2026-09-14-17:55:21.478.220 [mindspore/ccsrc/pybind_api/ir/tensor_py.cc:730] DataPtr] Tensor device address is null
[ERROR] COMMON(890953,ffffbeaf1020,python):2026-09-14-17:55:21.478.913 [mindspore/ccsrc/pybind_api/ir/tensor_py.cc:730] DataPtr] Tensor device address is null
[ERROR] COMMON(890953,ffffbeaf1020,python):2026-09-14-17:55:21.480.733 [mindspore/ccsrc/pybind_api/ir/tensor_py.cc:730] DataPtr] Tensor device address is null
[ERROR] COMMON(890953,ffffbeaf1020,python):2026-09-14-17:55:21.481.410 [mindspore/ccsrc/pybind_api/ir/tensor_py.cc:730] DataPtr] Tensor device address is null
[ERROR] COMMON(890953,ffffbeaf1020,python):2026-09-14-17:55:21.483.745 [mindspore/ccsrc/pybind_api/ir/tensor_py.cc:730] DataPtr] Tensor device address is null
[ERROR] COMMON(890953,ffffbeaf1020,python):2026-09-14-17:55:21.484.427 [mindspore/ccsrc/pybind_api/ir/tensor_py.cc:730] DataPtr] Tensor device address is null
[ERROR] COMMON(890953,ffffbeaf1020,python):2026-09-14-17:55:21.490.158 [mindspore/ccsrc/pybind_api/ir/tensor_py.cc:730] DataPtr] Tensor device address is null
[ERROR] COMMON(890953,ffffbeaf1020,python):2026-09-14-17:55:21.490.909 [mindspore/ccsrc/pybind_api/ir/tensor_py.cc:730] DataPtr] Tensor device address is null
[ERROR] COMMON(890953,ffffbeaf1020,python):2026-09-14-17:55:21.496.285 [mindspore/ccsrc/pybind_api/ir/tensor_py.cc:730] DataPtr] Tensor device address is null
[ERROR] COMMON(890953,ffffbeaf1020,python):2026-09-14-17:55:21.497.027 [mindspore/ccsrc/pybind_api/ir/tensor_py.cc:730] DataPtr] Tensor device address is null
[ERROR] COMMON(890953,ffffbeaf1020,python):2026-09-14-17:55:21.497.711 [mindspore/ccsrc/pybind_api/ir/tensor_py.cc:730] DataPtr] Tensor device address is null
[ERROR] COMMON(890953,ffffbeaf1020,python):2026-09-14-17:55:21.498.386 [mindspore/ccsrc/pybind_api/ir/tensor_py.cc:730] DataPtr] Tensor device address is null
[ERROR] COMMON(890953,ffffbeaf1020,python):2026-09-14-17:55:21.499.050 [mindspore/ccsrc/pybind_api/ir/tensor_py.cc:730] DataPtr] Tensor device address is null
[ERROR] COMMON(890953,ffffbeaf1020,python):2026-09-14-17:55:21.499.725 [mindspore/ccsrc/pybind_api/ir/tensor_py.cc:730] DataPtr] Tensor device address is null
[ERROR] COMMON(890953,ffffbeaf1020,python):2026-09-14-17:55:21.502.135 [mindspore/ccsrc/pybind_api/ir/tensor_py.cc:730] DataPtr] Tensor device address is null
[ERROR] COMMON(890953,ffffbeaf1020,python):2026-09-14-17:55:21.502.820 [mindspore/ccsrc/pybind_api/ir/tensor_py.cc:730] DataPtr] Tensor device address is null
[ERROR] COMMON(890953,ffffbeaf1020,python):2026-09-14-17:55:21.505.287 [mindspore/ccsrc/pybind_api/ir/tensor_py.cc:730] DataPtr] Tensor device address is null
[ERROR] COMMON(890953,ffffbeaf1020,python):2026-09-14-17:55:21.505.997 [mindspore/ccsrc/pybind_api/ir/tensor_py.cc:730] DataPtr] Tensor device address is null
[ERROR] COMMON(890953,ffffbeaf1020,python):2026-09-14-17:55:21.508.403 [mindspore/ccsrc/pybind_api/ir/tensor_py.cc:730] DataPtr] Tensor device address is null
[ERROR] COMMON(890953,ffffbeaf1020,python):2026-09-14-17:55:21.509.095 [mindspore/ccsrc/pybind_api/ir/tensor_py.cc:730] DataPtr] Tensor device address is null
[ERROR] COMMON(890953,ffffbeaf1020,python):2026-09-14-17:55:21.511.566 [mindspore/ccsrc/pybind_api/ir/tensor_py.cc:730] DataPtr] Tensor device address is null
[ERROR] COMMON(890953,ffffbeaf1020,python):2026-09-14-17:55:21.512.249 [mindspore/ccsrc/pybind_api/ir/tensor_py.cc:730] DataPtr] Tensor device address is null
[ERROR] COMMON(890953,ffffbeaf1020,python):2026-09-14-17:55:21.517.622 [mindspore/ccsrc/pybind_api/ir/tensor_py.cc:730] DataPtr] Tensor device address is null
[ERROR] COMMON(890953,ffffbeaf1020,python):2026-09-14-17:55:21.518.355 [mindspore/ccsrc/pybind_api/ir/tensor_py.cc:730] DataPtr] Tensor device address is null
[ERROR] COMMON(890953,ffffbeaf1020,python):2026-09-14-17:55:21.524.259 [mindspore/ccsrc/pybind_api/ir/tensor_py.cc:730] DataPtr] Tensor device address is null
[ERROR] COMMON(890953,ffffbeaf1020,python):2026-09-14-17:55:21.524.979 [mindspore/ccsrc/pybind_api/ir/tensor_py.cc:730] DataPtr] Tensor device address is null
[ERROR] COMMON(890953,ffffbeaf1020,python):2026-09-14-17:55:21.525.663 [mindspore/ccsrc/pybind_api/ir/tensor_py.cc:730] DataPtr] Tensor device address is null
[ERROR] COMMON(890953,ffffbeaf1020,python):2026-09-14-17:55:21.526.338 [mindspore/ccsrc/pybind_api/ir/tensor_py.cc:730] DataPtr] Tensor device address is null
[ERROR] COMMON(890953,ffffbeaf1020,python):2026-09-14-17:55:21.527.001 [mindspore/ccsrc/pybind_api/ir/tensor_py.cc:730] DataPtr] Tensor device address is null
[ERROR] COMMON(890953,ffffbeaf1020,python):2026-09-14-17:55:21.527.676 [mindspore/ccsrc/pybind_api/ir/tensor_py.cc:730] DataPtr] Tensor device address is null
[ERROR] COMMON(890953,ffffbeaf1020,python):2026-09-14-17:55:21.530.143 [mindspore/ccsrc/pybind_api/ir/tensor_py.cc:730] DataPtr] Tensor device address is null
[ERROR] COMMON(890953,ffffbeaf1020,python):2026-09-14-17:55:21.530.838 [mindspore/ccsrc/pybind_api/ir/tensor_py.cc:730] DataPtr] Tensor device address is null
[ERROR] COMMON(890953,ffffbeaf1020,python):2026-09-14-17:55:21.532.644 [mindspore/ccsrc/pybind_api/ir/tensor_py.cc:730] DataPtr] Tensor device address is null
[ERROR] COMMON(890953,ffffbeaf1020,python):2026-09-14-17:55:21.533.337 [mindspore/ccsrc/pybind_api/ir/tensor_py.cc:730] DataPtr] Tensor device address is null
[ERROR] COMMON(890953,ffffbeaf1020,python):2026-09-14-17:55:21.535.182 [mindspore/ccsrc/pybind_api/ir/tensor_py.cc:730] DataPtr] Tensor device address is null
[ERROR] COMMON(890953,ffffbeaf1020,python):2026-09-14-17:55:21.535.863 [mindspore/ccsrc/pybind_api/ir/tensor_py.cc:730] DataPtr] Tensor device address is null
[ERROR] COMMON(890953,ffffbeaf1020,python):2026-09-14-17:55:21.538.202 [mindspore/ccsrc/pybind_api/ir/tensor_py.cc:730] DataPtr] Tensor device address is null
[ERROR] COMMON(890953,ffffbeaf1020,python):2026-09-14-17:55:21.538.909 [mindspore/ccsrc/pybind_api/ir/tensor_py.cc:730] DataPtr] Tensor device address is null
[ERROR] COMMON(890953,ffffbeaf1020,python):2026-09-14-17:55:21.544.614 [mindspore/ccsrc/pybind_api/ir/tensor_py.cc:730] DataPtr] Tensor device address is null
[ERROR] COMMON(890953,ffffbeaf1020,python):2026-09-14-17:55:21.545.350 [mindspore/ccsrc/pybind_api/ir/tensor_py.cc:730] DataPtr] Tensor device address is null
[ERROR] COMMON(890953,ffffbeaf1020,python):2026-09-14-17:55:21.550.552 [mindspore/ccsrc/pybind_api/ir/tensor_py.cc:730] DataPtr] Tensor device address is null
[ERROR] COMMON(890953,ffffbeaf1020,python):2026-09-14-17:55:21.551.275 [mindspore/ccsrc/pybind_api/ir/tensor_py.cc:730] DataPtr] Tensor device address is null
[ERROR] COMMON(890953,ffffbeaf1020,python):2026-09-14-17:55:21.551.950 [mindspore/ccsrc/pybind_api/ir/tensor_py.cc:730] DataPtr] Tensor device address is null
[ERROR] COMMON(890953,ffffbeaf1020,python):2026-09-14-17:55:21.552.629 [mindspore/ccsrc/pybind_api/ir/tensor_py.cc:730] DataPtr] Tensor device address is null
[ERROR] COMMON(890953,ffffbeaf1020,python):2026-09-14-17:55:21.553.313 [mindspore/ccsrc/pybind_api/ir/tensor_py.cc:730] DataPtr] Tensor device address is null
[ERROR] COMMON(890953,ffffbeaf1020,python):2026-09-14-17:55:21.553.981 [mindspore/ccsrc/pybind_api/ir/tensor_py.cc:730] DataPtr] Tensor device address is null
[ERROR] COMMON(890953,ffffbeaf1020,python):2026-09-14-17:55:21.556.383 [mindspore/ccsrc/pybind_api/ir/tensor_py.cc:730] DataPtr] Tensor device address is null
[ERROR] COMMON(890953,ffffbeaf1020,python):2026-09-14-17:55:21.557.074 [mindspore/ccsrc/pybind_api/ir/tensor_py.cc:730] DataPtr] Tensor device address is null
[ERROR] COMMON(890953,ffffbeaf1020,python):2026-09-14-17:55:21.559.418 [mindspore/ccsrc/pybind_api/ir/tensor_py.cc:730] DataPtr] Tensor device address is null
[ERROR] COMMON(890953,ffffbeaf1020,python):2026-09-14-17:55:21.560.110 [mindspore/ccsrc/pybind_api/ir/tensor_py.cc:730] DataPtr] Tensor device address is null
[ERROR] COMMON(890953,ffffbeaf1020,python):2026-09-14-17:55:21.562.501 [mindspore/ccsrc/pybind_api/ir/tensor_py.cc:730] DataPtr] Tensor device address is null
[ERROR] COMMON(890953,ffffbeaf1020,python):2026-09-14-17:55:21.563.201 [mindspore/ccsrc/pybind_api/ir/tensor_py.cc:730] DataPtr] Tensor device address is null
[ERROR] COMMON(890953,ffffbeaf1020,python):2026-09-14-17:55:21.565.593 [mindspore/ccsrc/pybind_api/ir/tensor_py.cc:730] DataPtr] Tensor device address is null
[ERROR] COMMON(890953,ffffbeaf1020,python):2026-09-14-17:55:21.566.289 [mindspore/ccsrc/pybind_api/ir/tensor_py.cc:730] DataPtr] Tensor device address is null
[ERROR] COMMON(890953,ffffbeaf1020,python):2026-09-14-17:55:21.571.682 [mindspore/ccsrc/pybind_api/ir/tensor_py.cc:730] DataPtr] Tensor device address is null
[ERROR] COMMON(890953,ffffbeaf1020,python):2026-09-14-17:55:21.572.401 [mindspore/ccsrc/pybind_api/ir/tensor_py.cc:730] DataPtr] Tensor device address is null
[ERROR] COMMON(890953,ffffbeaf1020,python):2026-09-14-17:55:21.578.238 [mindspore/ccsrc/pybind_api/ir/tensor_py.cc:730] DataPtr] Tensor device address is null
[ERROR] COMMON(890953,ffffbeaf1020,python):2026-09-14-17:55:21.578.950 [mindspore/ccsrc/pybind_api/ir/tensor_py.cc:730] DataPtr] Tensor device address is null
[ERROR] COMMON(890953,ffffbeaf1020,python):2026-09-14-17:55:21.579.629 [mindspore/ccsrc/pybind_api/ir/tensor_py.cc:730] DataPtr] Tensor device address is null
[ERROR] COMMON(890953,ffffbeaf1020,python):2026-09-14-17:55:21.580.299 [mindspore/ccsrc/pybind_api/ir/tensor_py.cc:730] DataPtr] Tensor device address is null
[ERROR] COMMON(890953,ffffbeaf1020,python):2026-09-14-17:55:21.580.997 [mindspore/ccsrc/pybind_api/ir/tensor_py.cc:730] DataPtr] Tensor device address is null
[ERROR] COMMON(890953,ffffbeaf1020,python):2026-09-14-17:55:21.581.669 [mindspore/ccsrc/pybind_api/ir/tensor_py.cc:730] DataPtr] Tensor device address is null
[ERROR] COMMON(890953,ffffbeaf1020,python):2026-09-14-17:55:21.584.011 [mindspore/ccsrc/pybind_api/ir/tensor_py.cc:730] DataPtr] Tensor device address is null
[ERROR] COMMON(890953,ffffbeaf1020,python):2026-09-14-17:55:21.584.718 [mindspore/ccsrc/pybind_api/ir/tensor_py.cc:730] DataPtr] Tensor device address is null
[ERROR] COMMON(890953,ffffbeaf1020,python):2026-09-14-17:55:21.586.553 [mindspore/ccsrc/pybind_api/ir/tensor_py.cc:730] DataPtr] Tensor device address is null
[ERROR] COMMON(890953,ffffbeaf1020,python):2026-09-14-17:55:21.587.248 [mindspore/ccsrc/pybind_api/ir/tensor_py.cc:730] DataPtr] Tensor device address is null
[ERROR] COMMON(890953,ffffbeaf1020,python):2026-09-14-17:55:21.589.156 [mindspore/ccsrc/pybind_api/ir/tensor_py.cc:730] DataPtr] Tensor device address is null
[ERROR] COMMON(890953,ffffbeaf1020,python):2026-09-14-17:55:21.589.836 [mindspore/ccsrc/pybind_api/ir/tensor_py.cc:730] DataPtr] Tensor device address is null
[ERROR] COMMON(890953,ffffbeaf1020,python):2026-09-14-17:55:21.592.198 [mindspore/ccsrc/pybind_api/ir/tensor_py.cc:730] DataPtr] Tensor device address is null
[ERROR] COMMON(890953,ffffbeaf1020,python):2026-09-14-17:55:21.592.888 [mindspore/ccsrc/pybind_api/ir/tensor_py.cc:730] DataPtr] Tensor device address is null
[ERROR] COMMON(890953,ffffbeaf1020,python):2026-09-14-17:55:21.598.846 [mindspore/ccsrc/pybind_api/ir/tensor_py.cc:730] DataPtr] Tensor device address is null
[ERROR] COMMON(890953,ffffbeaf1020,python):2026-09-14-17:55:21.599.577 [mindspore/ccsrc/pybind_api/ir/tensor_py.cc:730] DataPtr] Tensor device address is null
[ERROR] COMMON(890953,ffffbeaf1020,python):2026-09-14-17:55:21.604.801 [mindspore/ccsrc/pybind_api/ir/tensor_py.cc:730] DataPtr] Tensor device address is null
[ERROR] COMMON(890953,ffffbeaf1020,python):2026-09-14-17:55:21.605.494 [mindspore/ccsrc/pybind_api/ir/tensor_py.cc:730] DataPtr] Tensor device address is null
[ERROR] COMMON(890953,ffffbeaf1020,python):2026-09-14-17:55:21.606.183 [mindspore/ccsrc/pybind_api/ir/tensor_py.cc:730] DataPtr] Tensor device address is null
[ERROR] COMMON(890953,ffffbeaf1020,python):2026-09-14-17:55:21.606.870 [mindspore/ccsrc/pybind_api/ir/tensor_py.cc:730] DataPtr] Tensor device address is null
[ERROR] COMMON(890953,ffffbeaf1020,python):2026-09-14-17:55:21.607.552 [mindspore/ccsrc/pybind_api/ir/tensor_py.cc:730] DataPtr] Tensor device address is null
[ERROR] COMMON(890953,ffffbeaf1020,python):2026-09-14-17:55:21.608.231 [mindspore/ccsrc/pybind_api/ir/tensor_py.cc:730] DataPtr] Tensor device address is null
[ERROR] COMMON(890953,ffffbeaf1020,python):2026-09-14-17:55:21.610.652 [mindspore/ccsrc/pybind_api/ir/tensor_py.cc:730] DataPtr] Tensor device address is null
[ERROR] COMMON(890953,ffffbeaf1020,python):2026-09-14-17:55:21.611.356 [mindspore/ccsrc/pybind_api/ir/tensor_py.cc:730] DataPtr] Tensor device address is null
[ERROR] COMMON(890953,ffffbeaf1020,python):2026-09-14-17:55:21.613.752 [mindspore/ccsrc/pybind_api/ir/tensor_py.cc:730] DataPtr] Tensor device address is null
[ERROR] COMMON(890953,ffffbeaf1020,python):2026-09-14-17:55:21.614.449 [mindspore/ccsrc/pybind_api/ir/tensor_py.cc:730] DataPtr] Tensor device address is null
[ERROR] COMMON(890953,ffffbeaf1020,python):2026-09-14-17:55:21.616.819 [mindspore/ccsrc/pybind_api/ir/tensor_py.cc:730] DataPtr] Tensor device address is null
[ERROR] COMMON(890953,ffffbeaf1020,python):2026-09-14-17:55:21.617.506 [mindspore/ccsrc/pybind_api/ir/tensor_py.cc:730] DataPtr] Tensor device address is null
[ERROR] COMMON(890953,ffffbeaf1020,python):2026-09-14-17:55:21.619.837 [mindspore/ccsrc/pybind_api/ir/tensor_py.cc:730] DataPtr] Tensor device address is null
[ERROR] COMMON(890953,ffffbeaf1020,python):2026-09-14-17:55:21.620.525 [mindspore/ccsrc/pybind_api/ir/tensor_py.cc:730] DataPtr] Tensor device address is null
[ERROR] COMMON(890953,ffffbeaf1020,python):2026-09-14-17:55:21.625.763 [mindspore/ccsrc/pybind_api/ir/tensor_py.cc:730] DataPtr] Tensor device address is null
[ERROR] COMMON(890953,ffffbeaf1020,python):2026-09-14-17:55:21.626.507 [mindspore/ccsrc/pybind_api/ir/tensor_py.cc:730] DataPtr] Tensor device address is null
[ERROR] COMMON(890953,ffffbeaf1020,python):2026-09-14-17:55:21.632.204 [mindspore/ccsrc/pybind_api/ir/tensor_py.cc:730] DataPtr] Tensor device address is null
[ERROR] COMMON(890953,ffffbeaf1020,python):2026-09-14-17:55:21.632.938 [mindspore/ccsrc/pybind_api/ir/tensor_py.cc:730] DataPtr] Tensor device address is null
[ERROR] COMMON(890953,ffffbeaf1020,python):2026-09-14-17:55:21.633.638 [mindspore/ccsrc/pybind_api/ir/tensor_py.cc:730] DataPtr] Tensor device address is null
[ERROR] COMMON(890953,ffffbeaf1020,python):2026-09-14-17:55:21.634.320 [mindspore/ccsrc/pybind_api/ir/tensor_py.cc:730] DataPtr] Tensor device address is null
[ERROR] COMMON(890953,ffffbeaf1020,python):2026-09-14-17:55:21.635.021 [mindspore/ccsrc/pybind_api/ir/tensor_py.cc:730] DataPtr] Tensor device address is null
[ERROR] COMMON(890953,ffffbeaf1020,python):2026-09-14-17:55:21.635.709 [mindspore/ccsrc/pybind_api/ir/tensor_py.cc:730] DataPtr] Tensor device address is null
[ERROR] COMMON(890953,ffffbeaf1020,python):2026-09-14-17:55:21.638.180 [mindspore/ccsrc/pybind_api/ir/tensor_py.cc:730] DataPtr] Tensor device address is null
[ERROR] COMMON(890953,ffffbeaf1020,python):2026-09-14-17:55:21.638.881 [mindspore/ccsrc/pybind_api/ir/tensor_py.cc:730] DataPtr] Tensor device address is null
[ERROR] COMMON(890953,ffffbeaf1020,python):2026-09-14-17:55:21.640.727 [mindspore/ccsrc/pybind_api/ir/tensor_py.cc:730] DataPtr] Tensor device address is null
[ERROR] COMMON(890953,ffffbeaf1020,python):2026-09-14-17:55:21.641.434 [mindspore/ccsrc/pybind_api/ir/tensor_py.cc:730] DataPtr] Tensor device address is null
[ERROR] COMMON(890953,ffffbeaf1020,python):2026-09-14-17:55:21.643.336 [mindspore/ccsrc/pybind_api/ir/tensor_py.cc:730] DataPtr] Tensor device address is null
[ERROR] COMMON(890953,ffffbeaf1020,python):2026-09-14-17:55:21.644.039 [mindspore/ccsrc/pybind_api/ir/tensor_py.cc:730] DataPtr] Tensor device address is null
[ERROR] COMMON(890953,ffffbeaf1020,python):2026-09-14-17:55:21.646.517 [mindspore/ccsrc/pybind_api/ir/tensor_py.cc:730] DataPtr] Tensor device address is null
[ERROR] COMMON(890953,ffffbeaf1020,python):2026-09-14-17:55:21.647.213 [mindspore/ccsrc/pybind_api/ir/tensor_py.cc:730] DataPtr] Tensor device address is null
[ERROR] COMMON(890953,ffffbeaf1020,python):2026-09-14-17:55:21.652.908 [mindspore/ccsrc/pybind_api/ir/tensor_py.cc:730] DataPtr] Tensor device address is null
[ERROR] COMMON(890953,ffffbeaf1020,python):2026-09-14-17:55:21.653.645 [mindspore/ccsrc/pybind_api/ir/tensor_py.cc:730] DataPtr] Tensor device address is null
[ERROR] COMMON(890953,ffffbeaf1020,python):2026-09-14-17:55:21.659.028 [mindspore/ccsrc/pybind_api/ir/tensor_py.cc:730] DataPtr] Tensor device address is null
[ERROR] COMMON(890953,ffffbeaf1020,python):2026-09-14-17:55:21.659.743 [mindspore/ccsrc/pybind_api/ir/tensor_py.cc:730] DataPtr] Tensor device address is null
[ERROR] COMMON(890953,ffffbeaf1020,python):2026-09-14-17:55:21.660.436 [mindspore/ccsrc/pybind_api/ir/tensor_py.cc:730] DataPtr] Tensor device address is null
[ERROR] COMMON(890953,ffffbeaf1020,python):2026-09-14-17:55:21.661.120 [mindspore/ccsrc/pybind_api/ir/tensor_py.cc:730] DataPtr] Tensor device address is null
[ERROR] COMMON(890953,ffffbeaf1020,python):2026-09-14-17:55:21.661.812 [mindspore/ccsrc/pybind_api/ir/tensor_py.cc:730] DataPtr] Tensor device address is null
[ERROR] COMMON(890953,ffffbeaf1020,python):2026-09-14-17:55:21.662.480 [mindspore/ccsrc/pybind_api/ir/tensor_py.cc:730] DataPtr] Tensor device address is null
[ERROR] COMMON(890953,ffffbeaf1020,python):2026-09-14-17:55:21.664.975 [mindspore/ccsrc/pybind_api/ir/tensor_py.cc:730] DataPtr] Tensor device address is null
[ERROR] COMMON(890953,ffffbeaf1020,python):2026-09-14-17:55:21.665.688 [mindspore/ccsrc/pybind_api/ir/tensor_py.cc:730] DataPtr] Tensor device address is null
[ERROR] COMMON(890953,ffffbeaf1020,python):2026-09-14-17:55:21.668.093 [mindspore/ccsrc/pybind_api/ir/tensor_py.cc:730] DataPtr] Tensor device address is null
[ERROR] COMMON(890953,ffffbeaf1020,python):2026-09-14-17:55:21.668.811 [mindspore/ccsrc/pybind_api/ir/tensor_py.cc:730] DataPtr] Tensor device address is null
[ERROR] COMMON(890953,ffffbeaf1020,python):2026-09-14-17:55:21.671.190 [mindspore/ccsrc/pybind_api/ir/tensor_py.cc:730] DataPtr] Tensor device address is null
[ERROR] COMMON(890953,ffffbeaf1020,python):2026-09-14-17:55:21.671.878 [mindspore/ccsrc/pybind_api/ir/tensor_py.cc:730] DataPtr] Tensor device address is null
[ERROR] COMMON(890953,ffffbeaf1020,python):2026-09-14-17:55:21.674.326 [mindspore/ccsrc/pybind_api/ir/tensor_py.cc:730] DataPtr] Tensor device address is null
[ERROR] COMMON(890953,ffffbeaf1020,python):2026-09-14-17:55:21.675.038 [mindspore/ccsrc/pybind_api/ir/tensor_py.cc:730] DataPtr] Tensor device address is null
[ERROR] COMMON(890953,ffffbeaf1020,python):2026-09-14-17:55:21.680.267 [mindspore/ccsrc/pybind_api/ir/tensor_py.cc:730] DataPtr] Tensor device address is null
[ERROR] COMMON(890953,ffffbeaf1020,python):2026-09-14-17:55:21.681.023 [mindspore/ccsrc/pybind_api/ir/tensor_py.cc:730] DataPtr] Tensor device address is null
[ERROR] COMMON(890953,ffffbeaf1020,python):2026-09-14-17:55:21.686.704 [mindspore/ccsrc/pybind_api/ir/tensor_py.cc:730] DataPtr] Tensor device address is null
[ERROR] COMMON(890953,ffffbeaf1020,python):2026-09-14-17:55:21.687.435 [mindspore/ccsrc/pybind_api/ir/tensor_py.cc:730] DataPtr] Tensor device address is null
[ERROR] COMMON(890953,ffffbeaf1020,python):2026-09-14-17:55:21.688.125 [mindspore/ccsrc/pybind_api/ir/tensor_py.cc:730] DataPtr] Tensor device address is null
[ERROR] COMMON(890953,ffffbeaf1020,python):2026-09-14-17:55:21.688.809 [mindspore/ccsrc/pybind_api/ir/tensor_py.cc:730] DataPtr] Tensor device address is null
[ERROR] COMMON(890953,ffffbeaf1020,python):2026-09-14-17:55:21.689.502 [mindspore/ccsrc/pybind_api/ir/tensor_py.cc:730] DataPtr] Tensor device address is null
[ERROR] COMMON(890953,ffffbeaf1020,python):2026-09-14-17:55:21.690.179 [mindspore/ccsrc/pybind_api/ir/tensor_py.cc:730] DataPtr] Tensor device address is null
[ERROR] COMMON(890953,ffffbeaf1020,python):2026-09-14-17:55:21.692.617 [mindspore/ccsrc/pybind_api/ir/tensor_py.cc:730] DataPtr] Tensor device address is null
[ERROR] COMMON(890953,ffffbeaf1020,python):2026-09-14-17:55:21.693.324 [mindspore/ccsrc/pybind_api/ir/tensor_py.cc:730] DataPtr] Tensor device address is null
[ERROR] COMMON(890953,ffffbeaf1020,python):2026-09-14-17:55:21.695.119 [mindspore/ccsrc/pybind_api/ir/tensor_py.cc:730] DataPtr] Tensor device address is null
[ERROR] COMMON(890953,ffffbeaf1020,python):2026-09-14-17:55:21.695.808 [mindspore/ccsrc/pybind_api/ir/tensor_py.cc:730] DataPtr] Tensor device address is null
[ERROR] COMMON(890953,ffffbeaf1020,python):2026-09-14-17:55:21.697.686 [mindspore/ccsrc/pybind_api/ir/tensor_py.cc:730] DataPtr] Tensor device address is null
[ERROR] COMMON(890953,ffffbeaf1020,python):2026-09-14-17:55:21.698.388 [mindspore/ccsrc/pybind_api/ir/tensor_py.cc:730] DataPtr] Tensor device address is null
[ERROR] COMMON(890953,ffffbeaf1020,python):2026-09-14-17:55:21.700.813 [mindspore/ccsrc/pybind_api/ir/tensor_py.cc:730] DataPtr] Tensor device address is null
[ERROR] COMMON(890953,ffffbeaf1020,python):2026-09-14-17:55:21.701.639 [mindspore/ccsrc/pybind_api/ir/tensor_py.cc:730] DataPtr] Tensor device address is null
[ERROR] COMMON(890953,ffffbeaf1020,python):2026-09-14-17:55:21.707.355 [mindspore/ccsrc/pybind_api/ir/tensor_py.cc:730] DataPtr] Tensor device address is null
[ERROR] COMMON(890953,ffffbeaf1020,python):2026-09-14-17:55:21.708.091 [mindspore/ccsrc/pybind_api/ir/tensor_py.cc:730] DataPtr] Tensor device address is null
[ERROR] COMMON(890953,ffffbeaf1020,python):2026-09-14-17:55:21.713.533 [mindspore/ccsrc/pybind_api/ir/tensor_py.cc:730] DataPtr] Tensor device address is null
[ERROR] COMMON(890953,ffffbeaf1020,python):2026-09-14-17:55:21.714.256 [mindspore/ccsrc/pybind_api/ir/tensor_py.cc:730] DataPtr] Tensor device address is null
[ERROR] COMMON(890953,ffffbeaf1020,python):2026-09-14-17:55:21.714.929 [mindspore/ccsrc/pybind_api/ir/tensor_py.cc:730] DataPtr] Tensor device address is null
[ERROR] COMMON(890953,ffffbeaf1020,python):2026-09-14-17:55:21.715.606 [mindspore/ccsrc/pybind_api/ir/tensor_py.cc:730] DataPtr] Tensor device address is null
[ERROR] COMMON(890953,ffffbeaf1020,python):2026-09-14-17:55:21.716.269 [mindspore/ccsrc/pybind_api/ir/tensor_py.cc:730] DataPtr] Tensor device address is null
[ERROR] COMMON(890953,ffffbeaf1020,python):2026-09-14-17:55:21.716.944 [mindspore/ccsrc/pybind_api/ir/tensor_py.cc:730] DataPtr] Tensor device address is null
[ERROR] COMMON(890953,ffffbeaf1020,python):2026-09-14-17:55:21.719.354 [mindspore/ccsrc/pybind_api/ir/tensor_py.cc:730] DataPtr] Tensor device address is null
[ERROR] COMMON(890953,ffffbeaf1020,python):2026-09-14-17:55:21.720.044 [mindspore/ccsrc/pybind_api/ir/tensor_py.cc:730] DataPtr] Tensor device address is null
[ERROR] COMMON(890953,ffffbeaf1020,python):2026-09-14-17:55:21.722.451 [mindspore/ccsrc/pybind_api/ir/tensor_py.cc:730] DataPtr] Tensor device address is null
[ERROR] COMMON(890953,ffffbeaf1020,python):2026-09-14-17:55:21.723.149 [mindspore/ccsrc/pybind_api/ir/tensor_py.cc:730] DataPtr] Tensor device address is null
[ERROR] COMMON(890953,ffffbeaf1020,python):2026-09-14-17:55:21.725.496 [mindspore/ccsrc/pybind_api/ir/tensor_py.cc:730] DataPtr] Tensor device address is null
[ERROR] COMMON(890953,ffffbeaf1020,python):2026-09-14-17:55:21.726.194 [mindspore/ccsrc/pybind_api/ir/tensor_py.cc:730] DataPtr] Tensor device address is null
[ERROR] COMMON(890953,ffffbeaf1020,python):2026-09-14-17:55:21.728.604 [mindspore/ccsrc/pybind_api/ir/tensor_py.cc:730] DataPtr] Tensor device address is null
[ERROR] COMMON(890953,ffffbeaf1020,python):2026-09-14-17:55:21.729.295 [mindspore/ccsrc/pybind_api/ir/tensor_py.cc:730] DataPtr] Tensor device address is null
[ERROR] COMMON(890953,ffffbeaf1020,python):2026-09-14-17:55:21.734.739 [mindspore/ccsrc/pybind_api/ir/tensor_py.cc:730] DataPtr] Tensor device address is null
[ERROR] COMMON(890953,ffffbeaf1020,python):2026-09-14-17:55:21.735.468 [mindspore/ccsrc/pybind_api/ir/tensor_py.cc:730] DataPtr] Tensor device address is null
[ERROR] COMMON(890953,ffffbeaf1020,python):2026-09-14-17:55:21.741.298 [mindspore/ccsrc/pybind_api/ir/tensor_py.cc:730] DataPtr] Tensor device address is null
[ERROR] COMMON(890953,ffffbeaf1020,python):2026-09-14-17:55:21.742.005 [mindspore/ccsrc/pybind_api/ir/tensor_py.cc:730] DataPtr] Tensor device address is null
[ERROR] COMMON(890953,ffffbeaf1020,python):2026-09-14-17:55:21.742.698 [mindspore/ccsrc/pybind_api/ir/tensor_py.cc:730] DataPtr] Tensor device address is null
[ERROR] COMMON(890953,ffffbeaf1020,python):2026-09-14-17:55:21.743.368 [mindspore/ccsrc/pybind_api/ir/tensor_py.cc:730] DataPtr] Tensor device address is null
[ERROR] COMMON(890953,ffffbeaf1020,python):2026-09-14-17:55:21.744.037 [mindspore/ccsrc/pybind_api/ir/tensor_py.cc:730] DataPtr] Tensor device address is null
[ERROR] COMMON(890953,ffffbeaf1020,python):2026-09-14-17:55:21.744.725 [mindspore/ccsrc/pybind_api/ir/tensor_py.cc:730] DataPtr] Tensor device address is null
[ERROR] COMMON(890953,ffffbeaf1020,python):2026-09-14-17:55:21.747.140 [mindspore/ccsrc/pybind_api/ir/tensor_py.cc:730] DataPtr] Tensor device address is null
[ERROR] COMMON(890953,ffffbeaf1020,python):2026-09-14-17:55:21.747.823 [mindspore/ccsrc/pybind_api/ir/tensor_py.cc:730] DataPtr] Tensor device address is null
[ERROR] COMMON(890953,ffffbeaf1020,python):2026-09-14-17:55:21.749.664 [mindspore/ccsrc/pybind_api/ir/tensor_py.cc:730] DataPtr] Tensor device address is null
[ERROR] COMMON(890953,ffffbeaf1020,python):2026-09-14-17:55:21.750.369 [mindspore/ccsrc/pybind_api/ir/tensor_py.cc:730] DataPtr] Tensor device address is null
[ERROR] COMMON(890953,ffffbeaf1020,python):2026-09-14-17:55:21.752.214 [mindspore/ccsrc/pybind_api/ir/tensor_py.cc:730] DataPtr] Tensor device address is null
[ERROR] COMMON(890953,ffffbeaf1020,python):2026-09-14-17:55:21.752.903 [mindspore/ccsrc/pybind_api/ir/tensor_py.cc:730] DataPtr] Tensor device address is null
[ERROR] COMMON(890953,ffffbeaf1020,python):2026-09-14-17:55:21.755.313 [mindspore/ccsrc/pybind_api/ir/tensor_py.cc:730] DataPtr] Tensor device address is null
[ERROR] COMMON(890953,ffffbeaf1020,python):2026-09-14-17:55:21.756.011 [mindspore/ccsrc/pybind_api/ir/tensor_py.cc:730] DataPtr] Tensor device address is null
[ERROR] COMMON(890953,ffffbeaf1020,python):2026-09-14-17:55:21.761.674 [mindspore/ccsrc/pybind_api/ir/tensor_py.cc:730] DataPtr] Tensor device address is null
[ERROR] COMMON(890953,ffffbeaf1020,python):2026-09-14-17:55:21.762.414 [mindspore/ccsrc/pybind_api/ir/tensor_py.cc:730] DataPtr] Tensor device address is null
[ERROR] COMMON(890953,ffffbeaf1020,python):2026-09-14-17:55:21.767.702 [mindspore/ccsrc/pybind_api/ir/tensor_py.cc:730] DataPtr] Tensor device address is null
[ERROR] COMMON(890953,ffffbeaf1020,python):2026-09-14-17:55:21.768.436 [mindspore/ccsrc/pybind_api/ir/tensor_py.cc:730] DataPtr] Tensor device address is null
[ERROR] COMMON(890953,ffffbeaf1020,python):2026-09-14-17:55:21.769.152 [mindspore/ccsrc/pybind_api/ir/tensor_py.cc:730] DataPtr] Tensor device address is null
[ERROR] COMMON(890953,ffffbeaf1020,python):2026-09-14-17:55:21.769.848 [mindspore/ccsrc/pybind_api/ir/tensor_py.cc:730] DataPtr] Tensor device address is null
[ERROR] COMMON(890953,ffffbeaf1020,python):2026-09-14-17:55:21.770.526 [mindspore/ccsrc/pybind_api/ir/tensor_py.cc:730] DataPtr] Tensor device address is null
[ERROR] COMMON(890953,ffffbeaf1020,python):2026-09-14-17:55:21.771.214 [mindspore/ccsrc/pybind_api/ir/tensor_py.cc:730] DataPtr] Tensor device address is null
[ERROR] COMMON(890953,ffffbeaf1020,python):2026-09-14-17:55:21.773.612 [mindspore/ccsrc/pybind_api/ir/tensor_py.cc:730] DataPtr] Tensor device address is null
[ERROR] COMMON(890953,ffffbeaf1020,python):2026-09-14-17:55:21.774.322 [mindspore/ccsrc/pybind_api/ir/tensor_py.cc:730] DataPtr] Tensor device address is null
[ERROR] COMMON(890953,ffffbeaf1020,python):2026-09-14-17:55:21.776.686 [mindspore/ccsrc/pybind_api/ir/tensor_py.cc:730] DataPtr] Tensor device address is null
[ERROR] COMMON(890953,ffffbeaf1020,python):2026-09-14-17:55:21.777.383 [mindspore/ccsrc/pybind_api/ir/tensor_py.cc:730] DataPtr] Tensor device address is null
[ERROR] COMMON(890953,ffffbeaf1020,python):2026-09-14-17:55:21.779.712 [mindspore/ccsrc/pybind_api/ir/tensor_py.cc:730] DataPtr] Tensor device address is null
[ERROR] COMMON(890953,ffffbeaf1020,python):2026-09-14-17:55:21.780.417 [mindspore/ccsrc/pybind_api/ir/tensor_py.cc:730] DataPtr] Tensor device address is null
[ERROR] COMMON(890953,ffffbeaf1020,python):2026-09-14-17:55:21.782.835 [mindspore/ccsrc/pybind_api/ir/tensor_py.cc:730] DataPtr] Tensor device address is null
[ERROR] COMMON(890953,ffffbeaf1020,python):2026-09-14-17:55:21.783.538 [mindspore/ccsrc/pybind_api/ir/tensor_py.cc:730] DataPtr] Tensor device address is null
[ERROR] COMMON(890953,ffffbeaf1020,python):2026-09-14-17:55:21.788.954 [mindspore/ccsrc/pybind_api/ir/tensor_py.cc:730] DataPtr] Tensor device address is null
[ERROR] COMMON(890953,ffffbeaf1020,python):2026-09-14-17:55:21.789.697 [mindspore/ccsrc/pybind_api/ir/tensor_py.cc:730] DataPtr] Tensor device address is null
[ERROR] COMMON(890953,ffffbeaf1020,python):2026-09-14-17:55:21.795.481 [mindspore/ccsrc/pybind_api/ir/tensor_py.cc:730] DataPtr] Tensor device address is null
