/home/user7/miniconda3/envs/ms_2.5/lib/python3.9/site-packages/numpy/core/getlimits.py:549: UserWarning: The value of the smallest subnormal for <class 'numpy.float64'> type is zero.
  setattr(self, word, getattr(machar, word).flat[0])
/home/user7/miniconda3/envs/ms_2.5/lib/python3.9/site-packages/numpy/core/getlimits.py:89: UserWarning: The value of the smallest subnormal for <class 'numpy.float64'> type is zero.
  return self._float_to_str(self.smallest_subnormal)
/home/user7/miniconda3/envs/ms_2.5/lib/python3.9/site-packages/numpy/core/getlimits.py:549: UserWarning: The value of the smallest subnormal for <class 'numpy.float32'> type is zero.
  setattr(self, word, getattr(machar, word).flat[0])
/home/user7/miniconda3/envs/ms_2.5/lib/python3.9/site-packages/numpy/core/getlimits.py:89: UserWarning: The value of the smallest subnormal for <class 'numpy.float32'> type is zero.
  return self._float_to_str(self.smallest_subnormal)
[WARNING] ME(981053:281473643048992,MainProcess):2026-09-14-18:23:42.405.285 [mindspore/context.py:1335] For 'context.set_context', the parameter 'deterministic' will be deprecated and removed in a future version. Please use the api mindspore.set_deterministic() instead.
[WARNING] ME(981053:281473643048992,MainProcess):2026-09-14-18:23:42.406.662 [mindspore/context.py:1335] For 'context.set_context', the parameter 'deterministic' will be deprecated and removed in a future version. Please use the api mindspore.set_deterministic() instead.
[WARNING] ME(981053:281473643048992,MainProcess):2026-09-14-18:23:42.407.604 [mindspore/context.py:1335] For 'context.set_context', the parameter 'device_target' will be deprecated and removed in a future version. Please use the api mindspore.set_device() instead.
[WARNING] ME(981053:281473643048992,MainProcess):2026-09-14-18:23:42.408.333 [mindspore/context.py:1335] For 'context.set_context', the parameter 'device_id' will be deprecated and removed in a future version. Please use the api mindspore.set_device() instead.
/home/user7/miniconda3/envs/ms_2.5/lib/python3.9/site-packages/jieba/_compat.py:18: UserWarning: pkg_resources is deprecated as an API. See https://setuptools.pypa.io/en/latest/pkg_resources.html. The pkg_resources package is slated for removal as early as 2025-11-30. Refrain from using this package or pin to Setuptools<81.
  import pkg_resources
[WARNING] ME(981053:281473643048992,MainProcess):2026-09-14-18:23:43.597.368 [mindspore/ops/primitive.py:217] The in_strategy/in_layout of the operator in your network will not take effect in stand_alone mode. This means the the shard function called in the network is ignored. 
If you want to enable it, please use semi auto or auto parallel mode by context.set_auto_parallel_context(parallel_mode=ParallelMode.SEMI_AUTO_PARALLEL or context.set_auto_parallel_context(parallel_mode=ParallelMode.AUTO_PARALLEL)
[WARNING] ME(981053:281473643048992,MainProcess):2026-09-14-18:23:43.996.785 [mindspore/common/parameter.py:851] This interface may be deleted in the future.
[WARNING] ME(981053:281473643048992,MainProcess):2026-09-14-18:24:11.526.066 [mindspore/hal/stream.py:272] WARN_DEPRECATED: The usage of mindspore.hal.synchronize() is deprecated. Please use mindspore.runtime.synchronize()
[ERROR] COMMON(981053,ffffb081f020,python):2026-09-14-18:24:19.863.995 [mindspore/ccsrc/pybind_api/ir/tensor_py.cc:730] DataPtr] Tensor device address is null
[ERROR] COMMON(981053,ffffb081f020,python):2026-09-14-18:24:19.926.461 [mindspore/ccsrc/pybind_api/ir/tensor_py.cc:730] DataPtr] Tensor device address is null
[ERROR] COMMON(981053,ffffb081f020,python):2026-09-14-18:24:19.933.357 [mindspore/ccsrc/pybind_api/ir/tensor_py.cc:730] DataPtr] Tensor device address is null
[ERROR] COMMON(981053,ffffb081f020,python):2026-09-14-18:24:19.939.428 [mindspore/ccsrc/pybind_api/ir/tensor_py.cc:730] DataPtr] Tensor device address is null
[ERROR] COMMON(981053,ffffb081f020,python):2026-09-14-18:24:19.940.158 [mindspore/ccsrc/pybind_api/ir/tensor_py.cc:730] DataPtr] Tensor device address is null
[ERROR] COMMON(981053,ffffb081f020,python):2026-09-14-18:24:19.940.860 [mindspore/ccsrc/pybind_api/ir/tensor_py.cc:730] DataPtr] Tensor device address is null
[ERROR] COMMON(981053,ffffb081f020,python):2026-09-14-18:24:19.941.584 [mindspore/ccsrc/pybind_api/ir/tensor_py.cc:730] DataPtr] Tensor device address is null
[ERROR] COMMON(981053,ffffb081f020,python):2026-09-14-18:24:19.942.253 [mindspore/ccsrc/pybind_api/ir/tensor_py.cc:730] DataPtr] Tensor device address is null
[ERROR] COMMON(981053,ffffb081f020,python):2026-09-14-18:24:19.942.938 [mindspore/ccsrc/pybind_api/ir/tensor_py.cc:730] DataPtr] Tensor device address is null
[ERROR] COMMON(981053,ffffb081f020,python):2026-09-14-18:24:19.950.056 [mindspore/ccsrc/pybind_api/ir/tensor_py.cc:730] DataPtr] Tensor device address is null
[ERROR] COMMON(981053,ffffb081f020,python):2026-09-14-18:24:19.950.777 [mindspore/ccsrc/pybind_api/ir/tensor_py.cc:730] DataPtr] Tensor device address is null
[ERROR] COMMON(981053,ffffb081f020,python):2026-09-14-18:24:19.952.790 [mindspore/ccsrc/pybind_api/ir/tensor_py.cc:730] DataPtr] Tensor device address is null
[ERROR] COMMON(981053,ffffb081f020,python):2026-09-14-18:24:19.953.481 [mindspore/ccsrc/pybind_api/ir/tensor_py.cc:730] DataPtr] Tensor device address is null
[ERROR] COMMON(981053,ffffb081f020,python):2026-09-14-18:24:19.955.334 [mindspore/ccsrc/pybind_api/ir/tensor_py.cc:730] DataPtr] Tensor device address is null
[ERROR] COMMON(981053,ffffb081f020,python):2026-09-14-18:24:19.956.007 [mindspore/ccsrc/pybind_api/ir/tensor_py.cc:730] DataPtr] Tensor device address is null
[ERROR] COMMON(981053,ffffb081f020,python):2026-09-14-18:24:19.957.850 [mindspore/ccsrc/pybind_api/ir/tensor_py.cc:730] DataPtr] Tensor device address is null
[ERROR] COMMON(981053,ffffb081f020,python):2026-09-14-18:24:19.958.550 [mindspore/ccsrc/pybind_api/ir/tensor_py.cc:730] DataPtr] Tensor device address is null
[ERROR] COMMON(981053,ffffb081f020,python):2026-09-14-18:24:19.968.365 [mindspore/ccsrc/pybind_api/ir/tensor_py.cc:730] DataPtr] Tensor device address is null
[ERROR] COMMON(981053,ffffb081f020,python):2026-09-14-18:24:19.974.522 [mindspore/ccsrc/pybind_api/ir/tensor_py.cc:730] DataPtr] Tensor device address is null
[ERROR] COMMON(981053,ffffb081f020,python):2026-09-14-18:24:19.984.164 [mindspore/ccsrc/pybind_api/ir/tensor_py.cc:730] DataPtr] Tensor device address is null
[ERROR] COMMON(981053,ffffb081f020,python):2026-09-14-18:24:19.984.912 [mindspore/ccsrc/pybind_api/ir/tensor_py.cc:730] DataPtr] Tensor device address is null
[ERROR] COMMON(981053,ffffb081f020,python):2026-09-14-18:24:19.985.591 [mindspore/ccsrc/pybind_api/ir/tensor_py.cc:730] DataPtr] Tensor device address is null
[ERROR] COMMON(981053,ffffb081f020,python):2026-09-14-18:24:19.986.281 [mindspore/ccsrc/pybind_api/ir/tensor_py.cc:730] DataPtr] Tensor device address is null
[ERROR] COMMON(981053,ffffb081f020,python):2026-09-14-18:24:19.986.948 [mindspore/ccsrc/pybind_api/ir/tensor_py.cc:730] DataPtr] Tensor device address is null
[ERROR] COMMON(981053,ffffb081f020,python):2026-09-14-18:24:19.987.633 [mindspore/ccsrc/pybind_api/ir/tensor_py.cc:730] DataPtr] Tensor device address is null
[ERROR] COMMON(981053,ffffb081f020,python):2026-09-14-18:24:19.989.510 [mindspore/ccsrc/pybind_api/ir/tensor_py.cc:730] DataPtr] Tensor device address is null
[ERROR] COMMON(981053,ffffb081f020,python):2026-09-14-18:24:19.990.219 [mindspore/ccsrc/pybind_api/ir/tensor_py.cc:730] DataPtr] Tensor device address is null
[ERROR] COMMON(981053,ffffb081f020,python):2026-09-14-18:24:19.991.902 [mindspore/ccsrc/pybind_api/ir/tensor_py.cc:730] DataPtr] Tensor device address is null
[ERROR] COMMON(981053,ffffb081f020,python):2026-09-14-18:24:19.992.605 [mindspore/ccsrc/pybind_api/ir/tensor_py.cc:730] DataPtr] Tensor device address is null
[ERROR] COMMON(981053,ffffb081f020,python):2026-09-14-18:24:19.994.720 [mindspore/ccsrc/pybind_api/ir/tensor_py.cc:730] DataPtr] Tensor device address is null
[ERROR] COMMON(981053,ffffb081f020,python):2026-09-14-18:24:19.995.409 [mindspore/ccsrc/pybind_api/ir/tensor_py.cc:730] DataPtr] Tensor device address is null
[ERROR] COMMON(981053,ffffb081f020,python):2026-09-14-18:24:19.997.405 [mindspore/ccsrc/pybind_api/ir/tensor_py.cc:730] DataPtr] Tensor device address is null
[ERROR] COMMON(981053,ffffb081f020,python):2026-09-14-18:24:19.998.131 [mindspore/ccsrc/pybind_api/ir/tensor_py.cc:730] DataPtr] Tensor device address is null
[ERROR] COMMON(981053,ffffb081f020,python):2026-09-14-18:24:20.002.505 [mindspore/ccsrc/pybind_api/ir/tensor_py.cc:730] DataPtr] Tensor device address is null
[ERROR] COMMON(981053,ffffb081f020,python):2026-09-14-18:24:20.003.230 [mindspore/ccsrc/pybind_api/ir/tensor_py.cc:730] DataPtr] Tensor device address is null
[ERROR] COMMON(981053,ffffb081f020,python):2026-09-14-18:24:20.007.928 [mindspore/ccsrc/pybind_api/ir/tensor_py.cc:730] DataPtr] Tensor device address is null
[ERROR] COMMON(981053,ffffb081f020,python):2026-09-14-18:24:20.008.660 [mindspore/ccsrc/pybind_api/ir/tensor_py.cc:730] DataPtr] Tensor device address is null
[ERROR] COMMON(981053,ffffb081f020,python):2026-09-14-18:24:20.009.346 [mindspore/ccsrc/pybind_api/ir/tensor_py.cc:730] DataPtr] Tensor device address is null
[ERROR] COMMON(981053,ffffb081f020,python):2026-09-14-18:24:20.010.024 [mindspore/ccsrc/pybind_api/ir/tensor_py.cc:730] DataPtr] Tensor device address is null
[ERROR] COMMON(981053,ffffb081f020,python):2026-09-14-18:24:20.010.689 [mindspore/ccsrc/pybind_api/ir/tensor_py.cc:730] DataPtr] Tensor device address is null
[ERROR] COMMON(981053,ffffb081f020,python):2026-09-14-18:24:20.011.377 [mindspore/ccsrc/pybind_api/ir/tensor_py.cc:730] DataPtr] Tensor device address is null
[ERROR] COMMON(981053,ffffb081f020,python):2026-09-14-18:24:20.013.279 [mindspore/ccsrc/pybind_api/ir/tensor_py.cc:730] DataPtr] Tensor device address is null
[ERROR] COMMON(981053,ffffb081f020,python):2026-09-14-18:24:20.013.994 [mindspore/ccsrc/pybind_api/ir/tensor_py.cc:730] DataPtr] Tensor device address is null
[ERROR] COMMON(981053,ffffb081f020,python):2026-09-14-18:24:20.015.832 [mindspore/ccsrc/pybind_api/ir/tensor_py.cc:730] DataPtr] Tensor device address is null
[ERROR] COMMON(981053,ffffb081f020,python):2026-09-14-18:24:20.016.524 [mindspore/ccsrc/pybind_api/ir/tensor_py.cc:730] DataPtr] Tensor device address is null
[ERROR] COMMON(981053,ffffb081f020,python):2026-09-14-18:24:20.018.406 [mindspore/ccsrc/pybind_api/ir/tensor_py.cc:730] DataPtr] Tensor device address is null
[ERROR] COMMON(981053,ffffb081f020,python):2026-09-14-18:24:20.019.101 [mindspore/ccsrc/pybind_api/ir/tensor_py.cc:730] DataPtr] Tensor device address is null
[ERROR] COMMON(981053,ffffb081f020,python):2026-09-14-18:24:20.021.083 [mindspore/ccsrc/pybind_api/ir/tensor_py.cc:730] DataPtr] Tensor device address is null
[ERROR] COMMON(981053,ffffb081f020,python):2026-09-14-18:24:20.021.777 [mindspore/ccsrc/pybind_api/ir/tensor_py.cc:730] DataPtr] Tensor device address is null
[ERROR] COMMON(981053,ffffb081f020,python):2026-09-14-18:24:20.026.078 [mindspore/ccsrc/pybind_api/ir/tensor_py.cc:730] DataPtr] Tensor device address is null
[ERROR] COMMON(981053,ffffb081f020,python):2026-09-14-18:24:20.026.789 [mindspore/ccsrc/pybind_api/ir/tensor_py.cc:730] DataPtr] Tensor device address is null
[ERROR] COMMON(981053,ffffb081f020,python):2026-09-14-18:24:20.031.067 [mindspore/ccsrc/pybind_api/ir/tensor_py.cc:730] DataPtr] Tensor device address is null
[ERROR] COMMON(981053,ffffb081f020,python):2026-09-14-18:24:20.031.806 [mindspore/ccsrc/pybind_api/ir/tensor_py.cc:730] DataPtr] Tensor device address is null
[ERROR] COMMON(981053,ffffb081f020,python):2026-09-14-18:24:20.032.480 [mindspore/ccsrc/pybind_api/ir/tensor_py.cc:730] DataPtr] Tensor device address is null
[ERROR] COMMON(981053,ffffb081f020,python):2026-09-14-18:24:20.033.169 [mindspore/ccsrc/pybind_api/ir/tensor_py.cc:730] DataPtr] Tensor device address is null
[ERROR] COMMON(981053,ffffb081f020,python):2026-09-14-18:24:20.033.835 [mindspore/ccsrc/pybind_api/ir/tensor_py.cc:730] DataPtr] Tensor device address is null
[ERROR] COMMON(981053,ffffb081f020,python):2026-09-14-18:24:20.034.514 [mindspore/ccsrc/pybind_api/ir/tensor_py.cc:730] DataPtr] Tensor device address is null
[ERROR] COMMON(981053,ffffb081f020,python):2026-09-14-18:24:20.036.391 [mindspore/ccsrc/pybind_api/ir/tensor_py.cc:730] DataPtr] Tensor device address is null
[ERROR] COMMON(981053,ffffb081f020,python):2026-09-14-18:24:20.037.107 [mindspore/ccsrc/pybind_api/ir/tensor_py.cc:730] DataPtr] Tensor device address is null
[ERROR] COMMON(981053,ffffb081f020,python):2026-09-14-18:24:20.038.961 [mindspore/ccsrc/pybind_api/ir/tensor_py.cc:730] DataPtr] Tensor device address is null
[ERROR] COMMON(981053,ffffb081f020,python):2026-09-14-18:24:20.039.647 [mindspore/ccsrc/pybind_api/ir/tensor_py.cc:730] DataPtr] Tensor device address is null
[ERROR] COMMON(981053,ffffb081f020,python):2026-09-14-18:24:20.041.580 [mindspore/ccsrc/pybind_api/ir/tensor_py.cc:730] DataPtr] Tensor device address is null
[ERROR] COMMON(981053,ffffb081f020,python):2026-09-14-18:24:20.042.276 [mindspore/ccsrc/pybind_api/ir/tensor_py.cc:730] DataPtr] Tensor device address is null
[ERROR] COMMON(981053,ffffb081f020,python):2026-09-14-18:24:20.044.191 [mindspore/ccsrc/pybind_api/ir/tensor_py.cc:730] DataPtr] Tensor device address is null
[ERROR] COMMON(981053,ffffb081f020,python):2026-09-14-18:24:20.044.896 [mindspore/ccsrc/pybind_api/ir/tensor_py.cc:730] DataPtr] Tensor device address is null
[ERROR] COMMON(981053,ffffb081f020,python):2026-09-14-18:24:20.049.074 [mindspore/ccsrc/pybind_api/ir/tensor_py.cc:730] DataPtr] Tensor device address is null
[ERROR] COMMON(981053,ffffb081f020,python):2026-09-14-18:24:20.049.787 [mindspore/ccsrc/pybind_api/ir/tensor_py.cc:730] DataPtr] Tensor device address is null
[ERROR] COMMON(981053,ffffb081f020,python):2026-09-14-18:24:20.054.390 [mindspore/ccsrc/pybind_api/ir/tensor_py.cc:730] DataPtr] Tensor device address is null
[ERROR] COMMON(981053,ffffb081f020,python):2026-09-14-18:24:20.055.122 [mindspore/ccsrc/pybind_api/ir/tensor_py.cc:730] DataPtr] Tensor device address is null
[ERROR] COMMON(981053,ffffb081f020,python):2026-09-14-18:24:20.055.787 [mindspore/ccsrc/pybind_api/ir/tensor_py.cc:730] DataPtr] Tensor device address is null
[ERROR] COMMON(981053,ffffb081f020,python):2026-09-14-18:24:20.056.472 [mindspore/ccsrc/pybind_api/ir/tensor_py.cc:730] DataPtr] Tensor device address is null
[ERROR] COMMON(981053,ffffb081f020,python):2026-09-14-18:24:20.057.149 [mindspore/ccsrc/pybind_api/ir/tensor_py.cc:730] DataPtr] Tensor device address is null
[ERROR] COMMON(981053,ffffb081f020,python):2026-09-14-18:24:20.057.846 [mindspore/ccsrc/pybind_api/ir/tensor_py.cc:730] DataPtr] Tensor device address is null
[ERROR] COMMON(981053,ffffb081f020,python):2026-09-14-18:24:20.059.694 [mindspore/ccsrc/pybind_api/ir/tensor_py.cc:730] DataPtr] Tensor device address is null
[ERROR] COMMON(981053,ffffb081f020,python):2026-09-14-18:24:20.060.390 [mindspore/ccsrc/pybind_api/ir/tensor_py.cc:730] DataPtr] Tensor device address is null
[ERROR] COMMON(981053,ffffb081f020,python):2026-09-14-18:24:20.062.235 [mindspore/ccsrc/pybind_api/ir/tensor_py.cc:730] DataPtr] Tensor device address is null
[ERROR] COMMON(981053,ffffb081f020,python):2026-09-14-18:24:20.062.941 [mindspore/ccsrc/pybind_api/ir/tensor_py.cc:730] DataPtr] Tensor device address is null
[ERROR] COMMON(981053,ffffb081f020,python):2026-09-14-18:24:20.064.826 [mindspore/ccsrc/pybind_api/ir/tensor_py.cc:730] DataPtr] Tensor device address is null
[ERROR] COMMON(981053,ffffb081f020,python):2026-09-14-18:24:20.065.519 [mindspore/ccsrc/pybind_api/ir/tensor_py.cc:730] DataPtr] Tensor device address is null
[ERROR] COMMON(981053,ffffb081f020,python):2026-09-14-18:24:20.067.481 [mindspore/ccsrc/pybind_api/ir/tensor_py.cc:730] DataPtr] Tensor device address is null
[ERROR] COMMON(981053,ffffb081f020,python):2026-09-14-18:24:20.068.173 [mindspore/ccsrc/pybind_api/ir/tensor_py.cc:730] DataPtr] Tensor device address is null
[ERROR] COMMON(981053,ffffb081f020,python):2026-09-14-18:24:20.072.527 [mindspore/ccsrc/pybind_api/ir/tensor_py.cc:730] DataPtr] Tensor device address is null
[ERROR] COMMON(981053,ffffb081f020,python):2026-09-14-18:24:20.073.265 [mindspore/ccsrc/pybind_api/ir/tensor_py.cc:730] DataPtr] Tensor device address is null
[ERROR] COMMON(981053,ffffb081f020,python):2026-09-14-18:24:20.077.480 [mindspore/ccsrc/pybind_api/ir/tensor_py.cc:730] DataPtr] Tensor device address is null
[ERROR] COMMON(981053,ffffb081f020,python):2026-09-14-18:24:20.078.194 [mindspore/ccsrc/pybind_api/ir/tensor_py.cc:730] DataPtr] Tensor device address is null
[ERROR] COMMON(981053,ffffb081f020,python):2026-09-14-18:24:20.078.869 [mindspore/ccsrc/pybind_api/ir/tensor_py.cc:730] DataPtr] Tensor device address is null
[ERROR] COMMON(981053,ffffb081f020,python):2026-09-14-18:24:20.079.552 [mindspore/ccsrc/pybind_api/ir/tensor_py.cc:730] DataPtr] Tensor device address is null
[ERROR] COMMON(981053,ffffb081f020,python):2026-09-14-18:24:20.080.833 [mindspore/ccsrc/pybind_api/ir/tensor_py.cc:730] DataPtr] Tensor device address is null
[ERROR] COMMON(981053,ffffb081f020,python):2026-09-14-18:24:20.081.537 [mindspore/ccsrc/pybind_api/ir/tensor_py.cc:730] DataPtr] Tensor device address is null
[ERROR] COMMON(981053,ffffb081f020,python):2026-09-14-18:24:20.083.390 [mindspore/ccsrc/pybind_api/ir/tensor_py.cc:730] DataPtr] Tensor device address is null
[ERROR] COMMON(981053,ffffb081f020,python):2026-09-14-18:24:20.084.103 [mindspore/ccsrc/pybind_api/ir/tensor_py.cc:730] DataPtr] Tensor device address is null
[ERROR] COMMON(981053,ffffb081f020,python):2026-09-14-18:24:20.085.993 [mindspore/ccsrc/pybind_api/ir/tensor_py.cc:730] DataPtr] Tensor device address is null
[ERROR] COMMON(981053,ffffb081f020,python):2026-09-14-18:24:20.086.698 [mindspore/ccsrc/pybind_api/ir/tensor_py.cc:730] DataPtr] Tensor device address is null
[ERROR] COMMON(981053,ffffb081f020,python):2026-09-14-18:24:20.088.599 [mindspore/ccsrc/pybind_api/ir/tensor_py.cc:730] DataPtr] Tensor device address is null
[ERROR] COMMON(981053,ffffb081f020,python):2026-09-14-18:24:20.089.300 [mindspore/ccsrc/pybind_api/ir/tensor_py.cc:730] DataPtr] Tensor device address is null
[ERROR] COMMON(981053,ffffb081f020,python):2026-09-14-18:24:20.091.227 [mindspore/ccsrc/pybind_api/ir/tensor_py.cc:730] DataPtr] Tensor device address is null
[ERROR] COMMON(981053,ffffb081f020,python):2026-09-14-18:24:20.091.924 [mindspore/ccsrc/pybind_api/ir/tensor_py.cc:730] DataPtr] Tensor device address is null
[ERROR] COMMON(981053,ffffb081f020,python):2026-09-14-18:24:20.096.157 [mindspore/ccsrc/pybind_api/ir/tensor_py.cc:730] DataPtr] Tensor device address is null
[ERROR] COMMON(981053,ffffb081f020,python):2026-09-14-18:24:20.096.886 [mindspore/ccsrc/pybind_api/ir/tensor_py.cc:730] DataPtr] Tensor device address is null
[ERROR] COMMON(981053,ffffb081f020,python):2026-09-14-18:24:20.101.506 [mindspore/ccsrc/pybind_api/ir/tensor_py.cc:730] DataPtr] Tensor device address is null
[ERROR] COMMON(981053,ffffb081f020,python):2026-09-14-18:24:20.102.225 [mindspore/ccsrc/pybind_api/ir/tensor_py.cc:730] DataPtr] Tensor device address is null
[ERROR] COMMON(981053,ffffb081f020,python):2026-09-14-18:24:20.102.897 [mindspore/ccsrc/pybind_api/ir/tensor_py.cc:730] DataPtr] Tensor device address is null
[ERROR] COMMON(981053,ffffb081f020,python):2026-09-14-18:24:20.103.573 [mindspore/ccsrc/pybind_api/ir/tensor_py.cc:730] DataPtr] Tensor device address is null
[ERROR] COMMON(981053,ffffb081f020,python):2026-09-14-18:24:20.104.241 [mindspore/ccsrc/pybind_api/ir/tensor_py.cc:730] DataPtr] Tensor device address is null
[ERROR] COMMON(981053,ffffb081f020,python):2026-09-14-18:24:20.104.950 [mindspore/ccsrc/pybind_api/ir/tensor_py.cc:730] DataPtr] Tensor device address is null
[ERROR] COMMON(981053,ffffb081f020,python):2026-09-14-18:24:20.106.758 [mindspore/ccsrc/pybind_api/ir/tensor_py.cc:730] DataPtr] Tensor device address is null
[ERROR] COMMON(981053,ffffb081f020,python):2026-09-14-18:24:20.107.467 [mindspore/ccsrc/pybind_api/ir/tensor_py.cc:730] DataPtr] Tensor device address is null
[ERROR] COMMON(981053,ffffb081f020,python):2026-09-14-18:24:20.110.185 [mindspore/ccsrc/pybind_api/ir/tensor_py.cc:730] DataPtr] Tensor device address is null
[ERROR] COMMON(981053,ffffb081f020,python):2026-09-14-18:24:20.110.883 [mindspore/ccsrc/pybind_api/ir/tensor_py.cc:730] DataPtr] Tensor device address is null
[ERROR] COMMON(981053,ffffb081f020,python):2026-09-14-18:24:20.112.952 [mindspore/ccsrc/pybind_api/ir/tensor_py.cc:730] DataPtr] Tensor device address is null
[ERROR] COMMON(981053,ffffb081f020,python):2026-09-14-18:24:20.113.656 [mindspore/ccsrc/pybind_api/ir/tensor_py.cc:730] DataPtr] Tensor device address is null
[ERROR] COMMON(981053,ffffb081f020,python):2026-09-14-18:24:20.115.839 [mindspore/ccsrc/pybind_api/ir/tensor_py.cc:730] DataPtr] Tensor device address is null
[ERROR] COMMON(981053,ffffb081f020,python):2026-09-14-18:24:20.116.532 [mindspore/ccsrc/pybind_api/ir/tensor_py.cc:730] DataPtr] Tensor device address is null
[ERROR] COMMON(981053,ffffb081f020,python):2026-09-14-18:24:20.122.733 [mindspore/ccsrc/pybind_api/ir/tensor_py.cc:730] DataPtr] Tensor device address is null
[ERROR] COMMON(981053,ffffb081f020,python):2026-09-14-18:24:20.123.478 [mindspore/ccsrc/pybind_api/ir/tensor_py.cc:730] DataPtr] Tensor device address is null
[ERROR] COMMON(981053,ffffb081f020,python):2026-09-14-18:24:20.129.074 [mindspore/ccsrc/pybind_api/ir/tensor_py.cc:730] DataPtr] Tensor device address is null
[ERROR] COMMON(981053,ffffb081f020,python):2026-09-14-18:24:20.129.819 [mindspore/ccsrc/pybind_api/ir/tensor_py.cc:730] DataPtr] Tensor device address is null
[ERROR] COMMON(981053,ffffb081f020,python):2026-09-14-18:24:20.130.492 [mindspore/ccsrc/pybind_api/ir/tensor_py.cc:730] DataPtr] Tensor device address is null
[ERROR] COMMON(981053,ffffb081f020,python):2026-09-14-18:24:20.131.177 [mindspore/ccsrc/pybind_api/ir/tensor_py.cc:730] DataPtr] Tensor device address is null
[ERROR] COMMON(981053,ffffb081f020,python):2026-09-14-18:24:20.131.850 [mindspore/ccsrc/pybind_api/ir/tensor_py.cc:730] DataPtr] Tensor device address is null
[ERROR] COMMON(981053,ffffb081f020,python):2026-09-14-18:24:20.132.548 [mindspore/ccsrc/pybind_api/ir/tensor_py.cc:730] DataPtr] Tensor device address is null
[ERROR] COMMON(981053,ffffb081f020,python):2026-09-14-18:24:20.135.302 [mindspore/ccsrc/pybind_api/ir/tensor_py.cc:730] DataPtr] Tensor device address is null
[ERROR] COMMON(981053,ffffb081f020,python):2026-09-14-18:24:20.136.016 [mindspore/ccsrc/pybind_api/ir/tensor_py.cc:730] DataPtr] Tensor device address is null
[ERROR] COMMON(981053,ffffb081f020,python):2026-09-14-18:24:20.138.846 [mindspore/ccsrc/pybind_api/ir/tensor_py.cc:730] DataPtr] Tensor device address is null
[ERROR] COMMON(981053,ffffb081f020,python):2026-09-14-18:24:20.139.558 [mindspore/ccsrc/pybind_api/ir/tensor_py.cc:730] DataPtr] Tensor device address is null
[ERROR] COMMON(981053,ffffb081f020,python):2026-09-14-18:24:20.142.344 [mindspore/ccsrc/pybind_api/ir/tensor_py.cc:730] DataPtr] Tensor device address is null
[ERROR] COMMON(981053,ffffb081f020,python):2026-09-14-18:24:20.143.044 [mindspore/ccsrc/pybind_api/ir/tensor_py.cc:730] DataPtr] Tensor device address is null
[ERROR] COMMON(981053,ffffb081f020,python):2026-09-14-18:24:20.145.811 [mindspore/ccsrc/pybind_api/ir/tensor_py.cc:730] DataPtr] Tensor device address is null
[ERROR] COMMON(981053,ffffb081f020,python):2026-09-14-18:24:20.146.520 [mindspore/ccsrc/pybind_api/ir/tensor_py.cc:730] DataPtr] Tensor device address is null
[ERROR] COMMON(981053,ffffb081f020,python):2026-09-14-18:24:20.152.165 [mindspore/ccsrc/pybind_api/ir/tensor_py.cc:730] DataPtr] Tensor device address is null
[ERROR] COMMON(981053,ffffb081f020,python):2026-09-14-18:24:20.152.911 [mindspore/ccsrc/pybind_api/ir/tensor_py.cc:730] DataPtr] Tensor device address is null
[ERROR] COMMON(981053,ffffb081f020,python):2026-09-14-18:24:20.159.198 [mindspore/ccsrc/pybind_api/ir/tensor_py.cc:730] DataPtr] Tensor device address is null
[ERROR] COMMON(981053,ffffb081f020,python):2026-09-14-18:24:20.159.947 [mindspore/ccsrc/pybind_api/ir/tensor_py.cc:730] DataPtr] Tensor device address is null
[ERROR] COMMON(981053,ffffb081f020,python):2026-09-14-18:24:20.160.638 [mindspore/ccsrc/pybind_api/ir/tensor_py.cc:730] DataPtr] Tensor device address is null
[ERROR] COMMON(981053,ffffb081f020,python):2026-09-14-18:24:20.161.327 [mindspore/ccsrc/pybind_api/ir/tensor_py.cc:730] DataPtr] Tensor device address is null
[ERROR] COMMON(981053,ffffb081f020,python):2026-09-14-18:24:20.162.025 [mindspore/ccsrc/pybind_api/ir/tensor_py.cc:730] DataPtr] Tensor device address is null
[ERROR] COMMON(981053,ffffb081f020,python):2026-09-14-18:24:20.162.715 [mindspore/ccsrc/pybind_api/ir/tensor_py.cc:730] DataPtr] Tensor device address is null
[ERROR] COMMON(981053,ffffb081f020,python):2026-09-14-18:24:20.165.396 [mindspore/ccsrc/pybind_api/ir/tensor_py.cc:730] DataPtr] Tensor device address is null
[ERROR] COMMON(981053,ffffb081f020,python):2026-09-14-18:24:20.166.109 [mindspore/ccsrc/pybind_api/ir/tensor_py.cc:730] DataPtr] Tensor device address is null
[ERROR] COMMON(981053,ffffb081f020,python):2026-09-14-18:24:20.168.800 [mindspore/ccsrc/pybind_api/ir/tensor_py.cc:730] DataPtr] Tensor device address is null
[ERROR] COMMON(981053,ffffb081f020,python):2026-09-14-18:24:20.169.509 [mindspore/ccsrc/pybind_api/ir/tensor_py.cc:730] DataPtr] Tensor device address is null
[ERROR] COMMON(981053,ffffb081f020,python):2026-09-14-18:24:20.171.724 [mindspore/ccsrc/pybind_api/ir/tensor_py.cc:730] DataPtr] Tensor device address is null
[ERROR] COMMON(981053,ffffb081f020,python):2026-09-14-18:24:20.172.415 [mindspore/ccsrc/pybind_api/ir/tensor_py.cc:730] DataPtr] Tensor device address is null
[ERROR] COMMON(981053,ffffb081f020,python):2026-09-14-18:24:20.174.639 [mindspore/ccsrc/pybind_api/ir/tensor_py.cc:730] DataPtr] Tensor device address is null
[ERROR] COMMON(981053,ffffb081f020,python):2026-09-14-18:24:20.175.346 [mindspore/ccsrc/pybind_api/ir/tensor_py.cc:730] DataPtr] Tensor device address is null
[ERROR] COMMON(981053,ffffb081f020,python):2026-09-14-18:24:20.181.534 [mindspore/ccsrc/pybind_api/ir/tensor_py.cc:730] DataPtr] Tensor device address is null
[ERROR] COMMON(981053,ffffb081f020,python):2026-09-14-18:24:20.182.267 [mindspore/ccsrc/pybind_api/ir/tensor_py.cc:730] DataPtr] Tensor device address is null
[ERROR] COMMON(981053,ffffb081f020,python):2026-09-14-18:24:20.187.809 [mindspore/ccsrc/pybind_api/ir/tensor_py.cc:730] DataPtr] Tensor device address is null
[ERROR] COMMON(981053,ffffb081f020,python):2026-09-14-18:24:20.188.555 [mindspore/ccsrc/pybind_api/ir/tensor_py.cc:730] DataPtr] Tensor device address is null
[ERROR] COMMON(981053,ffffb081f020,python):2026-09-14-18:24:20.189.244 [mindspore/ccsrc/pybind_api/ir/tensor_py.cc:730] DataPtr] Tensor device address is null
[ERROR] COMMON(981053,ffffb081f020,python):2026-09-14-18:24:20.189.923 [mindspore/ccsrc/pybind_api/ir/tensor_py.cc:730] DataPtr] Tensor device address is null
[ERROR] COMMON(981053,ffffb081f020,python):2026-09-14-18:24:20.190.593 [mindspore/ccsrc/pybind_api/ir/tensor_py.cc:730] DataPtr] Tensor device address is null
[ERROR] COMMON(981053,ffffb081f020,python):2026-09-14-18:24:20.191.287 [mindspore/ccsrc/pybind_api/ir/tensor_py.cc:730] DataPtr] Tensor device address is null
[ERROR] COMMON(981053,ffffb081f020,python):2026-09-14-18:24:20.193.979 [mindspore/ccsrc/pybind_api/ir/tensor_py.cc:730] DataPtr] Tensor device address is null
[ERROR] COMMON(981053,ffffb081f020,python):2026-09-14-18:24:20.194.698 [mindspore/ccsrc/pybind_api/ir/tensor_py.cc:730] DataPtr] Tensor device address is null
[ERROR] COMMON(981053,ffffb081f020,python):2026-09-14-18:24:20.197.439 [mindspore/ccsrc/pybind_api/ir/tensor_py.cc:730] DataPtr] Tensor device address is null
[ERROR] COMMON(981053,ffffb081f020,python):2026-09-14-18:24:20.198.149 [mindspore/ccsrc/pybind_api/ir/tensor_py.cc:730] DataPtr] Tensor device address is null
[ERROR] COMMON(981053,ffffb081f020,python):2026-09-14-18:24:20.200.853 [mindspore/ccsrc/pybind_api/ir/tensor_py.cc:730] DataPtr] Tensor device address is null
[ERROR] COMMON(981053,ffffb081f020,python):2026-09-14-18:24:20.201.560 [mindspore/ccsrc/pybind_api/ir/tensor_py.cc:730] DataPtr] Tensor device address is null
[ERROR] COMMON(981053,ffffb081f020,python):2026-09-14-18:24:20.204.222 [mindspore/ccsrc/pybind_api/ir/tensor_py.cc:730] DataPtr] Tensor device address is null
[ERROR] COMMON(981053,ffffb081f020,python):2026-09-14-18:24:20.204.954 [mindspore/ccsrc/pybind_api/ir/tensor_py.cc:730] DataPtr] Tensor device address is null
[ERROR] COMMON(981053,ffffb081f020,python):2026-09-14-18:24:20.210.474 [mindspore/ccsrc/pybind_api/ir/tensor_py.cc:730] DataPtr] Tensor device address is null
[ERROR] COMMON(981053,ffffb081f020,python):2026-09-14-18:24:20.211.202 [mindspore/ccsrc/pybind_api/ir/tensor_py.cc:730] DataPtr] Tensor device address is null
[ERROR] COMMON(981053,ffffb081f020,python):2026-09-14-18:24:20.217.319 [mindspore/ccsrc/pybind_api/ir/tensor_py.cc:730] DataPtr] Tensor device address is null
[ERROR] COMMON(981053,ffffb081f020,python):2026-09-14-18:24:20.218.064 [mindspore/ccsrc/pybind_api/ir/tensor_py.cc:730] DataPtr] Tensor device address is null
[ERROR] COMMON(981053,ffffb081f020,python):2026-09-14-18:24:20.218.745 [mindspore/ccsrc/pybind_api/ir/tensor_py.cc:730] DataPtr] Tensor device address is null
[ERROR] COMMON(981053,ffffb081f020,python):2026-09-14-18:24:20.219.427 [mindspore/ccsrc/pybind_api/ir/tensor_py.cc:730] DataPtr] Tensor device address is null
[ERROR] COMMON(981053,ffffb081f020,python):2026-09-14-18:24:20.220.113 [mindspore/ccsrc/pybind_api/ir/tensor_py.cc:730] DataPtr] Tensor device address is null
[ERROR] COMMON(981053,ffffb081f020,python):2026-09-14-18:24:20.220.822 [mindspore/ccsrc/pybind_api/ir/tensor_py.cc:730] DataPtr] Tensor device address is null
[ERROR] COMMON(981053,ffffb081f020,python):2026-09-14-18:24:20.223.558 [mindspore/ccsrc/pybind_api/ir/tensor_py.cc:730] DataPtr] Tensor device address is null
[ERROR] COMMON(981053,ffffb081f020,python):2026-09-14-18:24:20.224.264 [mindspore/ccsrc/pybind_api/ir/tensor_py.cc:730] DataPtr] Tensor device address is null
[ERROR] COMMON(981053,ffffb081f020,python):2026-09-14-18:24:20.227.031 [mindspore/ccsrc/pybind_api/ir/tensor_py.cc:730] DataPtr] Tensor device address is null
[ERROR] COMMON(981053,ffffb081f020,python):2026-09-14-18:24:20.227.757 [mindspore/ccsrc/pybind_api/ir/tensor_py.cc:730] DataPtr] Tensor device address is null
[ERROR] COMMON(981053,ffffb081f020,python):2026-09-14-18:24:20.229.822 [mindspore/ccsrc/pybind_api/ir/tensor_py.cc:730] DataPtr] Tensor device address is null
[ERROR] COMMON(981053,ffffb081f020,python):2026-09-14-18:24:20.230.528 [mindspore/ccsrc/pybind_api/ir/tensor_py.cc:730] DataPtr] Tensor device address is null
[ERROR] COMMON(981053,ffffb081f020,python):2026-09-14-18:24:20.232.721 [mindspore/ccsrc/pybind_api/ir/tensor_py.cc:730] DataPtr] Tensor device address is null
[ERROR] COMMON(981053,ffffb081f020,python):2026-09-14-18:24:20.233.423 [mindspore/ccsrc/pybind_api/ir/tensor_py.cc:730] DataPtr] Tensor device address is null
[ERROR] COMMON(981053,ffffb081f020,python):2026-09-14-18:24:20.239.471 [mindspore/ccsrc/pybind_api/ir/tensor_py.cc:730] DataPtr] Tensor device address is null
[ERROR] COMMON(981053,ffffb081f020,python):2026-09-14-18:24:20.240.199 [mindspore/ccsrc/pybind_api/ir/tensor_py.cc:730] DataPtr] Tensor device address is null
[ERROR] COMMON(981053,ffffb081f020,python):2026-09-14-18:24:20.245.933 [mindspore/ccsrc/pybind_api/ir/tensor_py.cc:730] DataPtr] Tensor device address is null
[ERROR] COMMON(981053,ffffb081f020,python):2026-09-14-18:24:20.246.670 [mindspore/ccsrc/pybind_api/ir/tensor_py.cc:730] DataPtr] Tensor device address is null
[ERROR] COMMON(981053,ffffb081f020,python):2026-09-14-18:24:20.247.349 [mindspore/ccsrc/pybind_api/ir/tensor_py.cc:730] DataPtr] Tensor device address is null
[ERROR] COMMON(981053,ffffb081f020,python):2026-09-14-18:24:20.248.026 [mindspore/ccsrc/pybind_api/ir/tensor_py.cc:730] DataPtr] Tensor device address is null
[ERROR] COMMON(981053,ffffb081f020,python):2026-09-14-18:24:20.248.707 [mindspore/ccsrc/pybind_api/ir/tensor_py.cc:730] DataPtr] Tensor device address is null
[ERROR] COMMON(981053,ffffb081f020,python):2026-09-14-18:24:20.249.394 [mindspore/ccsrc/pybind_api/ir/tensor_py.cc:730] DataPtr] Tensor device address is null
[ERROR] COMMON(981053,ffffb081f020,python):2026-09-14-18:24:20.252.112 [mindspore/ccsrc/pybind_api/ir/tensor_py.cc:730] DataPtr] Tensor device address is null
[ERROR] COMMON(981053,ffffb081f020,python):2026-09-14-18:24:20.252.837 [mindspore/ccsrc/pybind_api/ir/tensor_py.cc:730] DataPtr] Tensor device address is null
[ERROR] COMMON(981053,ffffb081f020,python):2026-09-14-18:24:20.255.540 [mindspore/ccsrc/pybind_api/ir/tensor_py.cc:730] DataPtr] Tensor device address is null
[ERROR] COMMON(981053,ffffb081f020,python):2026-09-14-18:24:20.256.229 [mindspore/ccsrc/pybind_api/ir/tensor_py.cc:730] DataPtr] Tensor device address is null
[ERROR] COMMON(981053,ffffb081f020,python):2026-09-14-18:24:20.258.928 [mindspore/ccsrc/pybind_api/ir/tensor_py.cc:730] DataPtr] Tensor device address is null
[ERROR] COMMON(981053,ffffb081f020,python):2026-09-14-18:24:20.259.636 [mindspore/ccsrc/pybind_api/ir/tensor_py.cc:730] DataPtr] Tensor device address is null
[ERROR] COMMON(981053,ffffb081f020,python):2026-09-14-18:24:20.262.393 [mindspore/ccsrc/pybind_api/ir/tensor_py.cc:730] DataPtr] Tensor device address is null
[ERROR] COMMON(981053,ffffb081f020,python):2026-09-14-18:24:20.263.092 [mindspore/ccsrc/pybind_api/ir/tensor_py.cc:730] DataPtr] Tensor device address is null
[ERROR] COMMON(981053,ffffb081f020,python):2026-09-14-18:24:20.268.586 [mindspore/ccsrc/pybind_api/ir/tensor_py.cc:730] DataPtr] Tensor device address is null
[ERROR] COMMON(981053,ffffb081f020,python):2026-09-14-18:24:20.269.315 [mindspore/ccsrc/pybind_api/ir/tensor_py.cc:730] DataPtr] Tensor device address is null
[ERROR] COMMON(981053,ffffb081f020,python):2026-09-14-18:24:20.275.437 [mindspore/ccsrc/pybind_api/ir/tensor_py.cc:730] DataPtr] Tensor device address is null
[ERROR] COMMON(981053,ffffb081f020,python):2026-09-14-18:24:20.276.222 [mindspore/ccsrc/pybind_api/ir/tensor_py.cc:730] DataPtr] Tensor device address is null
[ERROR] COMMON(981053,ffffb081f020,python):2026-09-14-18:24:20.283.060 [mindspore/ccsrc/pybind_api/ir/tensor_py.cc:730] DataPtr] Tensor device address is null
[ERROR] COMMON(981053,ffffb081f020,python):2026-09-14-18:24:20.289.186 [mindspore/ccsrc/pybind_api/ir/tensor_py.cc:730] DataPtr] Tensor device address is null
[ERROR] COMMON(981053,ffffb081f020,python):2026-09-14-18:24:20.362.607 [mindspore/ccsrc/pybind_api/ir/tensor_py.cc:730] DataPtr] Tensor device address is null
[ERROR] COMMON(981053,ffffb081f020,python):2026-09-14-18:24:20.363.665 [mindspore/ccsrc/pybind_api/ir/tensor_py.cc:730] DataPtr] Tensor device address is null
[ERROR] COMMON(981053,ffffb081f020,python):2026-09-14-18:24:20.364.362 [mindspore/ccsrc/pybind_api/ir/tensor_py.cc:730] DataPtr] Tensor device address is null
[ERROR] COMMON(981053,ffffb081f020,python):2026-09-14-18:24:20.365.050 [mindspore/ccsrc/pybind_api/ir/tensor_py.cc:730] DataPtr] Tensor device address is null
[ERROR] COMMON(981053,ffffb081f020,python):2026-09-14-18:24:20.365.732 [mindspore/ccsrc/pybind_api/ir/tensor_py.cc:730] DataPtr] Tensor device address is null
[ERROR] COMMON(981053,ffffb081f020,python):2026-09-14-18:24:20.366.408 [mindspore/ccsrc/pybind_api/ir/tensor_py.cc:730] DataPtr] Tensor device address is null
[ERROR] COMMON(981053,ffffb081f020,python):2026-09-14-18:24:20.367.087 [mindspore/ccsrc/pybind_api/ir/tensor_py.cc:730] DataPtr] Tensor device address is null
[ERROR] COMMON(981053,ffffb081f020,python):2026-09-14-18:24:20.367.761 [mindspore/ccsrc/pybind_api/ir/tensor_py.cc:730] DataPtr] Tensor device address is null
[ERROR] COMMON(981053,ffffb081f020,python):2026-09-14-18:24:20.370.598 [mindspore/ccsrc/pybind_api/ir/tensor_py.cc:730] DataPtr] Tensor device address is null
[ERROR] COMMON(981053,ffffb081f020,python):2026-09-14-18:24:20.371.282 [mindspore/ccsrc/pybind_api/ir/tensor_py.cc:730] DataPtr] Tensor device address is null
[ERROR] COMMON(981053,ffffb081f020,python):2026-09-14-18:24:20.373.901 [mindspore/ccsrc/pybind_api/ir/tensor_py.cc:730] DataPtr] Tensor device address is null
[ERROR] COMMON(981053,ffffb081f020,python):2026-09-14-18:24:20.374.607 [mindspore/ccsrc/pybind_api/ir/tensor_py.cc:730] DataPtr] Tensor device address is null
[ERROR] COMMON(981053,ffffb081f020,python):2026-09-14-18:24:20.376.445 [mindspore/ccsrc/pybind_api/ir/tensor_py.cc:730] DataPtr] Tensor device address is null
[ERROR] COMMON(981053,ffffb081f020,python):2026-09-14-18:24:20.377.158 [mindspore/ccsrc/pybind_api/ir/tensor_py.cc:730] DataPtr] Tensor device address is null
[ERROR] COMMON(981053,ffffb081f020,python):2026-09-14-18:24:20.379.158 [mindspore/ccsrc/pybind_api/ir/tensor_py.cc:730] DataPtr] Tensor device address is null
[ERROR] COMMON(981053,ffffb081f020,python):2026-09-14-18:24:20.379.838 [mindspore/ccsrc/pybind_api/ir/tensor_py.cc:730] DataPtr] Tensor device address is null
[ERROR] COMMON(981053,ffffb081f020,python):2026-09-14-18:24:20.385.942 [mindspore/ccsrc/pybind_api/ir/tensor_py.cc:730] DataPtr] Tensor device address is null
[ERROR] COMMON(981053,ffffb081f020,python):2026-09-14-18:24:20.386.669 [mindspore/ccsrc/pybind_api/ir/tensor_py.cc:730] DataPtr] Tensor device address is null
[ERROR] COMMON(981053,ffffb081f020,python):2026-09-14-18:24:20.392.291 [mindspore/ccsrc/pybind_api/ir/tensor_py.cc:730] DataPtr] Tensor device address is null
[ERROR] COMMON(981053,ffffb081f020,python):2026-09-14-18:24:20.393.021 [mindspore/ccsrc/pybind_api/ir/tensor_py.cc:730] DataPtr] Tensor device address is null
[ERROR] COMMON(981053,ffffb081f020,python):2026-09-14-18:24:20.393.726 [mindspore/ccsrc/pybind_api/ir/tensor_py.cc:730] DataPtr] Tensor device address is null
[ERROR] COMMON(981053,ffffb081f020,python):2026-09-14-18:24:20.394.404 [mindspore/ccsrc/pybind_api/ir/tensor_py.cc:730] DataPtr] Tensor device address is null
[ERROR] COMMON(981053,ffffb081f020,python):2026-09-14-18:24:20.395.078 [mindspore/ccsrc/pybind_api/ir/tensor_py.cc:730] DataPtr] Tensor device address is null
[ERROR] COMMON(981053,ffffb081f020,python):2026-09-14-18:24:20.395.751 [mindspore/ccsrc/pybind_api/ir/tensor_py.cc:730] DataPtr] Tensor device address is null
[ERROR] COMMON(981053,ffffb081f020,python):2026-09-14-18:24:20.398.271 [mindspore/ccsrc/pybind_api/ir/tensor_py.cc:730] DataPtr] Tensor device address is null
[ERROR] COMMON(981053,ffffb081f020,python):2026-09-14-18:24:20.398.963 [mindspore/ccsrc/pybind_api/ir/tensor_py.cc:730] DataPtr] Tensor device address is null
[ERROR] COMMON(981053,ffffb081f020,python):2026-09-14-18:24:20.401.607 [mindspore/ccsrc/pybind_api/ir/tensor_py.cc:730] DataPtr] Tensor device address is null
[ERROR] COMMON(981053,ffffb081f020,python):2026-09-14-18:24:20.402.301 [mindspore/ccsrc/pybind_api/ir/tensor_py.cc:730] DataPtr] Tensor device address is null
[ERROR] COMMON(981053,ffffb081f020,python):2026-09-14-18:24:20.404.768 [mindspore/ccsrc/pybind_api/ir/tensor_py.cc:730] DataPtr] Tensor device address is null
[ERROR] COMMON(981053,ffffb081f020,python):2026-09-14-18:24:20.405.457 [mindspore/ccsrc/pybind_api/ir/tensor_py.cc:730] DataPtr] Tensor device address is null
[ERROR] COMMON(981053,ffffb081f020,python):2026-09-14-18:24:20.407.925 [mindspore/ccsrc/pybind_api/ir/tensor_py.cc:730] DataPtr] Tensor device address is null
[ERROR] COMMON(981053,ffffb081f020,python):2026-09-14-18:24:20.408.624 [mindspore/ccsrc/pybind_api/ir/tensor_py.cc:730] DataPtr] Tensor device address is null
[ERROR] COMMON(981053,ffffb081f020,python):2026-09-14-18:24:20.414.196 [mindspore/ccsrc/pybind_api/ir/tensor_py.cc:730] DataPtr] Tensor device address is null
[ERROR] COMMON(981053,ffffb081f020,python):2026-09-14-18:24:20.414.929 [mindspore/ccsrc/pybind_api/ir/tensor_py.cc:730] DataPtr] Tensor device address is null
[ERROR] COMMON(981053,ffffb081f020,python):2026-09-14-18:24:20.421.225 [mindspore/ccsrc/pybind_api/ir/tensor_py.cc:730] DataPtr] Tensor device address is null
[ERROR] COMMON(981053,ffffb081f020,python):2026-09-14-18:24:20.421.961 [mindspore/ccsrc/pybind_api/ir/tensor_py.cc:730] DataPtr] Tensor device address is null
[ERROR] COMMON(981053,ffffb081f020,python):2026-09-14-18:24:20.422.653 [mindspore/ccsrc/pybind_api/ir/tensor_py.cc:730] DataPtr] Tensor device address is null
[ERROR] COMMON(981053,ffffb081f020,python):2026-09-14-18:24:20.423.338 [mindspore/ccsrc/pybind_api/ir/tensor_py.cc:730] DataPtr] Tensor device address is null
[ERROR] COMMON(981053,ffffb081f020,python):2026-09-14-18:24:20.424.016 [mindspore/ccsrc/pybind_api/ir/tensor_py.cc:730] DataPtr] Tensor device address is null
[ERROR] COMMON(981053,ffffb081f020,python):2026-09-14-18:24:20.424.711 [mindspore/ccsrc/pybind_api/ir/tensor_py.cc:730] DataPtr] Tensor device address is null
[ERROR] COMMON(981053,ffffb081f020,python):2026-09-14-18:24:20.427.544 [mindspore/ccsrc/pybind_api/ir/tensor_py.cc:730] DataPtr] Tensor device address is null
[ERROR] COMMON(981053,ffffb081f020,python):2026-09-14-18:24:20.428.224 [mindspore/ccsrc/pybind_api/ir/tensor_py.cc:730] DataPtr] Tensor device address is null
[ERROR] COMMON(981053,ffffb081f020,python):2026-09-14-18:24:20.430.748 [mindspore/ccsrc/pybind_api/ir/tensor_py.cc:730] DataPtr] Tensor device address is null
[ERROR] COMMON(981053,ffffb081f020,python):2026-09-14-18:24:20.431.445 [mindspore/ccsrc/pybind_api/ir/tensor_py.cc:730] DataPtr] Tensor device address is null
[ERROR] COMMON(981053,ffffb081f020,python):2026-09-14-18:24:20.433.303 [mindspore/ccsrc/pybind_api/ir/tensor_py.cc:730] DataPtr] Tensor device address is null
[ERROR] COMMON(981053,ffffb081f020,python):2026-09-14-18:24:20.433.989 [mindspore/ccsrc/pybind_api/ir/tensor_py.cc:730] DataPtr] Tensor device address is null
[ERROR] COMMON(981053,ffffb081f020,python):2026-09-14-18:24:20.435.979 [mindspore/ccsrc/pybind_api/ir/tensor_py.cc:730] DataPtr] Tensor device address is null
[ERROR] COMMON(981053,ffffb081f020,python):2026-09-14-18:24:20.436.654 [mindspore/ccsrc/pybind_api/ir/tensor_py.cc:730] DataPtr] Tensor device address is null
[ERROR] COMMON(981053,ffffb081f020,python):2026-09-14-18:24:20.442.890 [mindspore/ccsrc/pybind_api/ir/tensor_py.cc:730] DataPtr] Tensor device address is null
[ERROR] COMMON(981053,ffffb081f020,python):2026-09-14-18:24:20.443.605 [mindspore/ccsrc/pybind_api/ir/tensor_py.cc:730] DataPtr] Tensor device address is null
[ERROR] COMMON(981053,ffffb081f020,python):2026-09-14-18:24:20.449.179 [mindspore/ccsrc/pybind_api/ir/tensor_py.cc:730] DataPtr] Tensor device address is null
[ERROR] COMMON(981053,ffffb081f020,python):2026-09-14-18:24:20.449.881 [mindspore/ccsrc/pybind_api/ir/tensor_py.cc:730] DataPtr] Tensor device address is null
[ERROR] COMMON(981053,ffffb081f020,python):2026-09-14-18:24:20.450.566 [mindspore/ccsrc/pybind_api/ir/tensor_py.cc:730] DataPtr] Tensor device address is null
[ERROR] COMMON(981053,ffffb081f020,python):2026-09-14-18:24:20.451.245 [mindspore/ccsrc/pybind_api/ir/tensor_py.cc:730] DataPtr] Tensor device address is null
[ERROR] COMMON(981053,ffffb081f020,python):2026-09-14-18:24:20.451.924 [mindspore/ccsrc/pybind_api/ir/tensor_py.cc:730] DataPtr] Tensor device address is null
[ERROR] COMMON(981053,ffffb081f020,python):2026-09-14-18:24:20.452.616 [mindspore/ccsrc/pybind_api/ir/tensor_py.cc:730] DataPtr] Tensor device address is null
[ERROR] COMMON(981053,ffffb081f020,python):2026-09-14-18:24:20.455.152 [mindspore/ccsrc/pybind_api/ir/tensor_py.cc:730] DataPtr] Tensor device address is null
[ERROR] COMMON(981053,ffffb081f020,python):2026-09-14-18:24:20.455.843 [mindspore/ccsrc/pybind_api/ir/tensor_py.cc:730] DataPtr] Tensor device address is null
[ERROR] COMMON(981053,ffffb081f020,python):2026-09-14-18:24:20.458.431 [mindspore/ccsrc/pybind_api/ir/tensor_py.cc:730] DataPtr] Tensor device address is null
[ERROR] COMMON(981053,ffffb081f020,python):2026-09-14-18:24:20.459.135 [mindspore/ccsrc/pybind_api/ir/tensor_py.cc:730] DataPtr] Tensor device address is null
[ERROR] COMMON(981053,ffffb081f020,python):2026-09-14-18:24:20.461.694 [mindspore/ccsrc/pybind_api/ir/tensor_py.cc:730] DataPtr] Tensor device address is null
[ERROR] COMMON(981053,ffffb081f020,python):2026-09-14-18:24:20.462.392 [mindspore/ccsrc/pybind_api/ir/tensor_py.cc:730] DataPtr] Tensor device address is null
[ERROR] COMMON(981053,ffffb081f020,python):2026-09-14-18:24:20.464.885 [mindspore/ccsrc/pybind_api/ir/tensor_py.cc:730] DataPtr] Tensor device address is null
[ERROR] COMMON(981053,ffffb081f020,python):2026-09-14-18:24:20.465.581 [mindspore/ccsrc/pybind_api/ir/tensor_py.cc:730] DataPtr] Tensor device address is null
[ERROR] COMMON(981053,ffffb081f020,python):2026-09-14-18:24:20.471.164 [mindspore/ccsrc/pybind_api/ir/tensor_py.cc:730] DataPtr] Tensor device address is null
[ERROR] COMMON(981053,ffffb081f020,python):2026-09-14-18:24:20.471.881 [mindspore/ccsrc/pybind_api/ir/tensor_py.cc:730] DataPtr] Tensor device address is null
[ERROR] COMMON(981053,ffffb081f020,python):2026-09-14-18:24:20.478.068 [mindspore/ccsrc/pybind_api/ir/tensor_py.cc:730] DataPtr] Tensor device address is null
[ERROR] COMMON(981053,ffffb081f020,python):2026-09-14-18:24:20.478.787 [mindspore/ccsrc/pybind_api/ir/tensor_py.cc:730] DataPtr] Tensor device address is null
[ERROR] COMMON(981053,ffffb081f020,python):2026-09-14-18:24:20.479.470 [mindspore/ccsrc/pybind_api/ir/tensor_py.cc:730] DataPtr] Tensor device address is null
[ERROR] COMMON(981053,ffffb081f020,python):2026-09-14-18:24:20.480.145 [mindspore/ccsrc/pybind_api/ir/tensor_py.cc:730] DataPtr] Tensor device address is null
[ERROR] COMMON(981053,ffffb081f020,python):2026-09-14-18:24:20.480.820 [mindspore/ccsrc/pybind_api/ir/tensor_py.cc:730] DataPtr] Tensor device address is null
[ERROR] COMMON(981053,ffffb081f020,python):2026-09-14-18:24:20.481.500 [mindspore/ccsrc/pybind_api/ir/tensor_py.cc:730] DataPtr] Tensor device address is null
[ERROR] COMMON(981053,ffffb081f020,python):2026-09-14-18:24:20.483.958 [mindspore/ccsrc/pybind_api/ir/tensor_py.cc:730] DataPtr] Tensor device address is null
[ERROR] COMMON(981053,ffffb081f020,python):2026-09-14-18:24:20.484.647 [mindspore/ccsrc/pybind_api/ir/tensor_py.cc:730] DataPtr] Tensor device address is null
[ERROR] COMMON(981053,ffffb081f020,python):2026-09-14-18:24:20.487.129 [mindspore/ccsrc/pybind_api/ir/tensor_py.cc:730] DataPtr] Tensor device address is null
[ERROR] COMMON(981053,ffffb081f020,python):2026-09-14-18:24:20.487.812 [mindspore/ccsrc/pybind_api/ir/tensor_py.cc:730] DataPtr] Tensor device address is null
[ERROR] COMMON(981053,ffffb081f020,python):2026-09-14-18:24:20.489.750 [mindspore/ccsrc/pybind_api/ir/tensor_py.cc:730] DataPtr] Tensor device address is null
[ERROR] COMMON(981053,ffffb081f020,python):2026-09-14-18:24:20.490.435 [mindspore/ccsrc/pybind_api/ir/tensor_py.cc:730] DataPtr] Tensor device address is null
[ERROR] COMMON(981053,ffffb081f020,python):2026-09-14-18:24:20.492.435 [mindspore/ccsrc/pybind_api/ir/tensor_py.cc:730] DataPtr] Tensor device address is null
[ERROR] COMMON(981053,ffffb081f020,python):2026-09-14-18:24:20.493.132 [mindspore/ccsrc/pybind_api/ir/tensor_py.cc:730] DataPtr] Tensor device address is null
[ERROR] COMMON(981053,ffffb081f020,python):2026-09-14-18:24:20.499.287 [mindspore/ccsrc/pybind_api/ir/tensor_py.cc:730] DataPtr] Tensor device address is null
[ERROR] COMMON(981053,ffffb081f020,python):2026-09-14-18:24:20.500.018 [mindspore/ccsrc/pybind_api/ir/tensor_py.cc:730] DataPtr] Tensor device address is null
[ERROR] COMMON(981053,ffffb081f020,python):2026-09-14-18:24:20.505.673 [mindspore/ccsrc/pybind_api/ir/tensor_py.cc:730] DataPtr] Tensor device address is null
[ERROR] COMMON(981053,ffffb081f020,python):2026-09-14-18:24:20.506.380 [mindspore/ccsrc/pybind_api/ir/tensor_py.cc:730] DataPtr] Tensor device address is null
[ERROR] COMMON(981053,ffffb081f020,python):2026-09-14-18:24:20.507.063 [mindspore/ccsrc/pybind_api/ir/tensor_py.cc:730] DataPtr] Tensor device address is null
[ERROR] COMMON(981053,ffffb081f020,python):2026-09-14-18:24:20.507.739 [mindspore/ccsrc/pybind_api/ir/tensor_py.cc:730] DataPtr] Tensor device address is null
[ERROR] COMMON(981053,ffffb081f020,python):2026-09-14-18:24:20.508.412 [mindspore/ccsrc/pybind_api/ir/tensor_py.cc:730] DataPtr] Tensor device address is null
[ERROR] COMMON(981053,ffffb081f020,python):2026-09-14-18:24:20.509.099 [mindspore/ccsrc/pybind_api/ir/tensor_py.cc:730] DataPtr] Tensor device address is null
[ERROR] COMMON(981053,ffffb081f020,python):2026-09-14-18:24:20.511.544 [mindspore/ccsrc/pybind_api/ir/tensor_py.cc:730] DataPtr] Tensor device address is null
[ERROR] COMMON(981053,ffffb081f020,python):2026-09-14-18:24:20.512.223 [mindspore/ccsrc/pybind_api/ir/tensor_py.cc:730] DataPtr] Tensor device address is null
[ERROR] COMMON(981053,ffffb081f020,python):2026-09-14-18:24:20.514.858 [mindspore/ccsrc/pybind_api/ir/tensor_py.cc:730] DataPtr] Tensor device address is null
[ERROR] COMMON(981053,ffffb081f020,python):2026-09-14-18:24:20.515.559 [mindspore/ccsrc/pybind_api/ir/tensor_py.cc:730] DataPtr] Tensor device address is null
[ERROR] COMMON(981053,ffffb081f020,python):2026-09-14-18:24:20.518.136 [mindspore/ccsrc/pybind_api/ir/tensor_py.cc:730] DataPtr] Tensor device address is null
[ERROR] COMMON(981053,ffffb081f020,python):2026-09-14-18:24:20.518.832 [mindspore/ccsrc/pybind_api/ir/tensor_py.cc:730] DataPtr] Tensor device address is null
[ERROR] COMMON(981053,ffffb081f020,python):2026-09-14-18:24:20.521.400 [mindspore/ccsrc/pybind_api/ir/tensor_py.cc:730] DataPtr] Tensor device address is null
[ERROR] COMMON(981053,ffffb081f020,python):2026-09-14-18:24:20.522.102 [mindspore/ccsrc/pybind_api/ir/tensor_py.cc:730] DataPtr] Tensor device address is null
[ERROR] COMMON(981053,ffffb081f020,python):2026-09-14-18:24:20.527.655 [mindspore/ccsrc/pybind_api/ir/tensor_py.cc:730] DataPtr] Tensor device address is null
[ERROR] COMMON(981053,ffffb081f020,python):2026-09-14-18:24:20.528.378 [mindspore/ccsrc/pybind_api/ir/tensor_py.cc:730] DataPtr] Tensor device address is null
[ERROR] COMMON(981053,ffffb081f020,python):2026-09-14-18:24:20.534.606 [mindspore/ccsrc/pybind_api/ir/tensor_py.cc:730] DataPtr] Tensor device address is null
[ERROR] COMMON(981053,ffffb081f020,python):2026-09-14-18:24:20.535.322 [mindspore/ccsrc/pybind_api/ir/tensor_py.cc:730] DataPtr] Tensor device address is null
[ERROR] COMMON(981053,ffffb081f020,python):2026-09-14-18:24:20.536.004 [mindspore/ccsrc/pybind_api/ir/tensor_py.cc:730] DataPtr] Tensor device address is null
[ERROR] COMMON(981053,ffffb081f020,python):2026-09-14-18:24:20.536.690 [mindspore/ccsrc/pybind_api/ir/tensor_py.cc:730] DataPtr] Tensor device address is null
[ERROR] COMMON(981053,ffffb081f020,python):2026-09-14-18:24:20.537.371 [mindspore/ccsrc/pybind_api/ir/tensor_py.cc:730] DataPtr] Tensor device address is null
[ERROR] COMMON(981053,ffffb081f020,python):2026-09-14-18:24:20.538.056 [mindspore/ccsrc/pybind_api/ir/tensor_py.cc:730] DataPtr] Tensor device address is null
[ERROR] COMMON(981053,ffffb081f020,python):2026-09-14-18:24:20.540.582 [mindspore/ccsrc/pybind_api/ir/tensor_py.cc:730] DataPtr] Tensor device address is null
[ERROR] COMMON(981053,ffffb081f020,python):2026-09-14-18:24:20.541.272 [mindspore/ccsrc/pybind_api/ir/tensor_py.cc:730] DataPtr] Tensor device address is null
[ERROR] COMMON(981053,ffffb081f020,python):2026-09-14-18:24:20.543.826 [mindspore/ccsrc/pybind_api/ir/tensor_py.cc:730] DataPtr] Tensor device address is null
[ERROR] COMMON(981053,ffffb081f020,python):2026-09-14-18:24:20.544.552 [mindspore/ccsrc/pybind_api/ir/tensor_py.cc:730] DataPtr] Tensor device address is null
[ERROR] COMMON(981053,ffffb081f020,python):2026-09-14-18:24:20.546.490 [mindspore/ccsrc/pybind_api/ir/tensor_py.cc:730] DataPtr] Tensor device address is null
[ERROR] COMMON(981053,ffffb081f020,python):2026-09-14-18:24:20.547.170 [mindspore/ccsrc/pybind_api/ir/tensor_py.cc:730] DataPtr] Tensor device address is null
[ERROR] COMMON(981053,ffffb081f020,python):2026-09-14-18:24:20.549.176 [mindspore/ccsrc/pybind_api/ir/tensor_py.cc:730] DataPtr] Tensor device address is null
[ERROR] COMMON(981053,ffffb081f020,python):2026-09-14-18:24:20.549.862 [mindspore/ccsrc/pybind_api/ir/tensor_py.cc:730] DataPtr] Tensor device address is null
[ERROR] COMMON(981053,ffffb081f020,python):2026-09-14-18:24:20.555.995 [mindspore/ccsrc/pybind_api/ir/tensor_py.cc:730] DataPtr] Tensor device address is null
[ERROR] COMMON(981053,ffffb081f020,python):2026-09-14-18:24:20.556.740 [mindspore/ccsrc/pybind_api/ir/tensor_py.cc:730] DataPtr] Tensor device address is null
[ERROR] COMMON(981053,ffffb081f020,python):2026-09-14-18:24:20.562.408 [mindspore/ccsrc/pybind_api/ir/tensor_py.cc:730] DataPtr] Tensor device address is null
[ERROR] COMMON(981053,ffffb081f020,python):2026-09-14-18:24:20.563.124 [mindspore/ccsrc/pybind_api/ir/tensor_py.cc:730] DataPtr] Tensor device address is null
[ERROR] COMMON(981053,ffffb081f020,python):2026-09-14-18:24:20.563.822 [mindspore/ccsrc/pybind_api/ir/tensor_py.cc:730] DataPtr] Tensor device address is null
[ERROR] COMMON(981053,ffffb081f020,python):2026-09-14-18:24:20.564.496 [mindspore/ccsrc/pybind_api/ir/tensor_py.cc:730] DataPtr] Tensor device address is null
[ERROR] COMMON(981053,ffffb081f020,python):2026-09-14-18:24:20.565.175 [mindspore/ccsrc/pybind_api/ir/tensor_py.cc:730] DataPtr] Tensor device address is null
[ERROR] COMMON(981053,ffffb081f020,python):2026-09-14-18:24:20.565.853 [mindspore/ccsrc/pybind_api/ir/tensor_py.cc:730] DataPtr] Tensor device address is null
[ERROR] COMMON(981053,ffffb081f020,python):2026-09-14-18:24:20.568.335 [mindspore/ccsrc/pybind_api/ir/tensor_py.cc:730] DataPtr] Tensor device address is null
[ERROR] COMMON(981053,ffffb081f020,python):2026-09-14-18:24:20.569.028 [mindspore/ccsrc/pybind_api/ir/tensor_py.cc:730] DataPtr] Tensor device address is null
[ERROR] COMMON(981053,ffffb081f020,python):2026-09-14-18:24:20.571.524 [mindspore/ccsrc/pybind_api/ir/tensor_py.cc:730] DataPtr] Tensor device address is null
[ERROR] COMMON(981053,ffffb081f020,python):2026-09-14-18:24:20.572.214 [mindspore/ccsrc/pybind_api/ir/tensor_py.cc:730] DataPtr] Tensor device address is null
[ERROR] COMMON(981053,ffffb081f020,python):2026-09-14-18:24:20.574.671 [mindspore/ccsrc/pybind_api/ir/tensor_py.cc:730] DataPtr] Tensor device address is null
[ERROR] COMMON(981053,ffffb081f020,python):2026-09-14-18:24:20.575.361 [mindspore/ccsrc/pybind_api/ir/tensor_py.cc:730] DataPtr] Tensor device address is null
[ERROR] COMMON(981053,ffffb081f020,python):2026-09-14-18:24:20.577.841 [mindspore/ccsrc/pybind_api/ir/tensor_py.cc:730] DataPtr] Tensor device address is null
[ERROR] COMMON(981053,ffffb081f020,python):2026-09-14-18:24:20.578.541 [mindspore/ccsrc/pybind_api/ir/tensor_py.cc:730] DataPtr] Tensor device address is null
[ERROR] COMMON(981053,ffffb081f020,python):2026-09-14-18:24:20.583.959 [mindspore/ccsrc/pybind_api/ir/tensor_py.cc:730] DataPtr] Tensor device address is null
[ERROR] COMMON(981053,ffffb081f020,python):2026-09-14-18:24:20.584.697 [mindspore/ccsrc/pybind_api/ir/tensor_py.cc:730] DataPtr] Tensor device address is null
[ERROR] COMMON(981053,ffffb081f020,python):2026-09-14-18:24:20.590.849 [mindspore/ccsrc/pybind_api/ir/tensor_py.cc:730] DataPtr] Tensor device address is null
[ERROR] COMMON(981053,ffffb081f020,python):2026-09-14-18:24:20.591.560 [mindspore/ccsrc/pybind_api/ir/tensor_py.cc:730] DataPtr] Tensor device address is null
[ERROR] COMMON(981053,ffffb081f020,python):2026-09-14-18:24:20.592.243 [mindspore/ccsrc/pybind_api/ir/tensor_py.cc:730] DataPtr] Tensor device address is null
[ERROR] COMMON(981053,ffffb081f020,python):2026-09-14-18:24:20.592.935 [mindspore/ccsrc/pybind_api/ir/tensor_py.cc:730] DataPtr] Tensor device address is null
[ERROR] COMMON(981053,ffffb081f020,python):2026-09-14-18:24:20.593.621 [mindspore/ccsrc/pybind_api/ir/tensor_py.cc:730] DataPtr] Tensor device address is null
[ERROR] COMMON(981053,ffffb081f020,python):2026-09-14-18:24:20.594.291 [mindspore/ccsrc/pybind_api/ir/tensor_py.cc:730] DataPtr] Tensor device address is null
[ERROR] COMMON(981053,ffffb081f020,python):2026-09-14-18:24:20.596.759 [mindspore/ccsrc/pybind_api/ir/tensor_py.cc:730] DataPtr] Tensor device address is null
[ERROR] COMMON(981053,ffffb081f020,python):2026-09-14-18:24:20.597.447 [mindspore/ccsrc/pybind_api/ir/tensor_py.cc:730] DataPtr] Tensor device address is null
[ERROR] COMMON(981053,ffffb081f020,python):2026-09-14-18:24:20.599.965 [mindspore/ccsrc/pybind_api/ir/tensor_py.cc:730] DataPtr] Tensor device address is null
[ERROR] COMMON(981053,ffffb081f020,python):2026-09-14-18:24:20.600.673 [mindspore/ccsrc/pybind_api/ir/tensor_py.cc:730] DataPtr] Tensor device address is null
[ERROR] COMMON(981053,ffffb081f020,python):2026-09-14-18:24:20.602.581 [mindspore/ccsrc/pybind_api/ir/tensor_py.cc:730] DataPtr] Tensor device address is null
[ERROR] COMMON(981053,ffffb081f020,python):2026-09-14-18:24:20.603.259 [mindspore/ccsrc/pybind_api/ir/tensor_py.cc:730] DataPtr] Tensor device address is null
[ERROR] COMMON(981053,ffffb081f020,python):2026-09-14-18:24:20.605.274 [mindspore/ccsrc/pybind_api/ir/tensor_py.cc:730] DataPtr] Tensor device address is null
[ERROR] COMMON(981053,ffffb081f020,python):2026-09-14-18:24:20.605.995 [mindspore/ccsrc/pybind_api/ir/tensor_py.cc:730] DataPtr] Tensor device address is null
[ERROR] COMMON(981053,ffffb081f020,python):2026-09-14-18:24:20.612.093 [mindspore/ccsrc/pybind_api/ir/tensor_py.cc:730] DataPtr] Tensor device address is null
[ERROR] COMMON(981053,ffffb081f020,python):2026-09-14-18:24:20.612.824 [mindspore/ccsrc/pybind_api/ir/tensor_py.cc:730] DataPtr] Tensor device address is null
[ERROR] COMMON(981053,ffffb081f020,python):2026-09-14-18:24:20.618.432 [mindspore/ccsrc/pybind_api/ir/tensor_py.cc:730] DataPtr] Tensor device address is null
[ERROR] COMMON(981053,ffffb081f020,python):2026-09-14-18:24:20.619.139 [mindspore/ccsrc/pybind_api/ir/tensor_py.cc:730] DataPtr] Tensor device address is null
[ERROR] COMMON(981053,ffffb081f020,python):2026-09-14-18:24:20.619.819 [mindspore/ccsrc/pybind_api/ir/tensor_py.cc:730] DataPtr] Tensor device address is null
[ERROR] COMMON(981053,ffffb081f020,python):2026-09-14-18:24:20.620.500 [mindspore/ccsrc/pybind_api/ir/tensor_py.cc:730] DataPtr] Tensor device address is null
[ERROR] COMMON(981053,ffffb081f020,python):2026-09-14-18:24:20.621.181 [mindspore/ccsrc/pybind_api/ir/tensor_py.cc:730] DataPtr] Tensor device address is null
[ERROR] COMMON(981053,ffffb081f020,python):2026-09-14-18:24:20.621.869 [mindspore/ccsrc/pybind_api/ir/tensor_py.cc:730] DataPtr] Tensor device address is null
[ERROR] COMMON(981053,ffffb081f020,python):2026-09-14-18:24:20.624.375 [mindspore/ccsrc/pybind_api/ir/tensor_py.cc:730] DataPtr] Tensor device address is null
[ERROR] COMMON(981053,ffffb081f020,python):2026-09-14-18:24:20.625.065 [mindspore/ccsrc/pybind_api/ir/tensor_py.cc:730] DataPtr] Tensor device address is null
[ERROR] COMMON(981053,ffffb081f020,python):2026-09-14-18:24:20.627.579 [mindspore/ccsrc/pybind_api/ir/tensor_py.cc:730] DataPtr] Tensor device address is null
[ERROR] COMMON(981053,ffffb081f020,python):2026-09-14-18:24:20.628.270 [mindspore/ccsrc/pybind_api/ir/tensor_py.cc:730] DataPtr] Tensor device address is null
[ERROR] COMMON(981053,ffffb081f020,python):2026-09-14-18:24:20.630.822 [mindspore/ccsrc/pybind_api/ir/tensor_py.cc:730] DataPtr] Tensor device address is null
[ERROR] COMMON(981053,ffffb081f020,python):2026-09-14-18:24:20.631.520 [mindspore/ccsrc/pybind_api/ir/tensor_py.cc:730] DataPtr] Tensor device address is null
[ERROR] COMMON(981053,ffffb081f020,python):2026-09-14-18:24:20.634.023 [mindspore/ccsrc/pybind_api/ir/tensor_py.cc:730] DataPtr] Tensor device address is null
[ERROR] COMMON(981053,ffffb081f020,python):2026-09-14-18:24:20.634.708 [mindspore/ccsrc/pybind_api/ir/tensor_py.cc:730] DataPtr] Tensor device address is null
[ERROR] COMMON(981053,ffffb081f020,python):2026-09-14-18:24:20.640.221 [mindspore/ccsrc/pybind_api/ir/tensor_py.cc:730] DataPtr] Tensor device address is null
[ERROR] COMMON(981053,ffffb081f020,python):2026-09-14-18:24:20.640.941 [mindspore/ccsrc/pybind_api/ir/tensor_py.cc:730] DataPtr] Tensor device address is null
[ERROR] COMMON(981053,ffffb081f020,python):2026-09-14-18:24:20.647.090 [mindspore/ccsrc/pybind_api/ir/tensor_py.cc:730] DataPtr] Tensor device address is null
[ERROR] COMMON(981053,ffffb081f020,python):2026-09-14-18:24:20.647.802 [mindspore/ccsrc/pybind_api/ir/tensor_py.cc:730] DataPtr] Tensor device address is null
[ERROR] COMMON(981053,ffffb081f020,python):2026-09-14-18:24:20.648.484 [mindspore/ccsrc/pybind_api/ir/tensor_py.cc:730] DataPtr] Tensor device address is null
[ERROR] COMMON(981053,ffffb081f020,python):2026-09-14-18:24:20.649.173 [mindspore/ccsrc/pybind_api/ir/tensor_py.cc:730] DataPtr] Tensor device address is null
[ERROR] COMMON(981053,ffffb081f020,python):2026-09-14-18:24:20.649.854 [mindspore/ccsrc/pybind_api/ir/tensor_py.cc:730] DataPtr] Tensor device address is null
[ERROR] COMMON(981053,ffffb081f020,python):2026-09-14-18:24:20.650.548 [mindspore/ccsrc/pybind_api/ir/tensor_py.cc:730] DataPtr] Tensor device address is null
[ERROR] COMMON(981053,ffffb081f020,python):2026-09-14-18:24:20.653.007 [mindspore/ccsrc/pybind_api/ir/tensor_py.cc:730] DataPtr] Tensor device address is null
[ERROR] COMMON(981053,ffffb081f020,python):2026-09-14-18:24:20.653.697 [mindspore/ccsrc/pybind_api/ir/tensor_py.cc:730] DataPtr] Tensor device address is null
[ERROR] COMMON(981053,ffffb081f020,python):2026-09-14-18:24:20.656.181 [mindspore/ccsrc/pybind_api/ir/tensor_py.cc:730] DataPtr] Tensor device address is null
[ERROR] COMMON(981053,ffffb081f020,python):2026-09-14-18:24:20.656.874 [mindspore/ccsrc/pybind_api/ir/tensor_py.cc:730] DataPtr] Tensor device address is null
[ERROR] COMMON(981053,ffffb081f020,python):2026-09-14-18:24:20.658.720 [mindspore/ccsrc/pybind_api/ir/tensor_py.cc:730] DataPtr] Tensor device address is null
[ERROR] COMMON(981053,ffffb081f020,python):2026-09-14-18:24:20.659.401 [mindspore/ccsrc/pybind_api/ir/tensor_py.cc:730] DataPtr] Tensor device address is null
[ERROR] COMMON(981053,ffffb081f020,python):2026-09-14-18:24:20.661.420 [mindspore/ccsrc/pybind_api/ir/tensor_py.cc:730] DataPtr] Tensor device address is null
[ERROR] COMMON(981053,ffffb081f020,python):2026-09-14-18:24:20.662.114 [mindspore/ccsrc/pybind_api/ir/tensor_py.cc:730] DataPtr] Tensor device address is null
[ERROR] COMMON(981053,ffffb081f020,python):2026-09-14-18:24:20.668.198 [mindspore/ccsrc/pybind_api/ir/tensor_py.cc:730] DataPtr] Tensor device address is null
[ERROR] COMMON(981053,ffffb081f020,python):2026-09-14-18:24:20.668.933 [mindspore/ccsrc/pybind_api/ir/tensor_py.cc:730] DataPtr] Tensor device address is null
[ERROR] COMMON(981053,ffffb081f020,python):2026-09-14-18:24:20.674.479 [mindspore/ccsrc/pybind_api/ir/tensor_py.cc:730] DataPtr] Tensor device address is null
[ERROR] COMMON(981053,ffffb081f020,python):2026-09-14-18:24:20.675.191 [mindspore/ccsrc/pybind_api/ir/tensor_py.cc:730] DataPtr] Tensor device address is null
[ERROR] COMMON(981053,ffffb081f020,python):2026-09-14-18:24:20.675.888 [mindspore/ccsrc/pybind_api/ir/tensor_py.cc:730] DataPtr] Tensor device address is null
[ERROR] COMMON(981053,ffffb081f020,python):2026-09-14-18:24:20.676.587 [mindspore/ccsrc/pybind_api/ir/tensor_py.cc:730] DataPtr] Tensor device address is null
[ERROR] COMMON(981053,ffffb081f020,python):2026-09-14-18:24:20.677.349 [mindspore/ccsrc/pybind_api/ir/tensor_py.cc:730] DataPtr] Tensor device address is null
[ERROR] COMMON(981053,ffffb081f020,python):2026-09-14-18:24:20.678.024 [mindspore/ccsrc/pybind_api/ir/tensor_py.cc:730] DataPtr] Tensor device address is null
[ERROR] COMMON(981053,ffffb081f020,python):2026-09-14-18:24:20.680.449 [mindspore/ccsrc/pybind_api/ir/tensor_py.cc:730] DataPtr] Tensor device address is null
[ERROR] COMMON(981053,ffffb081f020,python):2026-09-14-18:24:20.681.145 [mindspore/ccsrc/pybind_api/ir/tensor_py.cc:730] DataPtr] Tensor device address is null
[ERROR] COMMON(981053,ffffb081f020,python):2026-09-14-18:24:20.683.653 [mindspore/ccsrc/pybind_api/ir/tensor_py.cc:730] DataPtr] Tensor device address is null
[ERROR] COMMON(981053,ffffb081f020,python):2026-09-14-18:24:20.684.338 [mindspore/ccsrc/pybind_api/ir/tensor_py.cc:730] DataPtr] Tensor device address is null
[ERROR] COMMON(981053,ffffb081f020,python):2026-09-14-18:24:20.686.879 [mindspore/ccsrc/pybind_api/ir/tensor_py.cc:730] DataPtr] Tensor device address is null
[ERROR] COMMON(981053,ffffb081f020,python):2026-09-14-18:24:20.687.569 [mindspore/ccsrc/pybind_api/ir/tensor_py.cc:730] DataPtr] Tensor device address is null
[ERROR] COMMON(981053,ffffb081f020,python):2026-09-14-18:24:20.690.050 [mindspore/ccsrc/pybind_api/ir/tensor_py.cc:730] DataPtr] Tensor device address is null
[ERROR] COMMON(981053,ffffb081f020,python):2026-09-14-18:24:20.690.739 [mindspore/ccsrc/pybind_api/ir/tensor_py.cc:730] DataPtr] Tensor device address is null
[ERROR] COMMON(981053,ffffb081f020,python):2026-09-14-18:24:20.696.327 [mindspore/ccsrc/pybind_api/ir/tensor_py.cc:730] DataPtr] Tensor device address is null
[ERROR] COMMON(981053,ffffb081f020,python):2026-09-14-18:24:20.697.087 [mindspore/ccsrc/pybind_api/ir/tensor_py.cc:730] DataPtr] Tensor device address is null
[ERROR] COMMON(981053,ffffb081f020,python):2026-09-14-18:24:20.703.205 [mindspore/ccsrc/pybind_api/ir/tensor_py.cc:730] DataPtr] Tensor device address is null
[ERROR] COMMON(981053,ffffb081f020,python):2026-09-14-18:24:20.703.921 [mindspore/ccsrc/pybind_api/ir/tensor_py.cc:730] DataPtr] Tensor device address is null
[ERROR] COMMON(981053,ffffb081f020,python):2026-09-14-18:24:20.776.876 [mindspore/ccsrc/pybind_api/ir/tensor_py.cc:730] DataPtr] Tensor device address is null
[ERROR] COMMON(981053,ffffb081f020,python):2026-09-14-18:24:20.777.972 [mindspore/ccsrc/pybind_api/ir/tensor_py.cc:730] DataPtr] Tensor device address is null
[ERROR] COMMON(981053,ffffb081f020,python):2026-09-14-18:24:20.778.665 [mindspore/ccsrc/pybind_api/ir/tensor_py.cc:730] DataPtr] Tensor device address is null
[ERROR] COMMON(981053,ffffb081f020,python):2026-09-14-18:24:20.779.337 [mindspore/ccsrc/pybind_api/ir/tensor_py.cc:730] DataPtr] Tensor device address is null
[ERROR] COMMON(981053,ffffb081f020,python):2026-09-14-18:24:20.780.004 [mindspore/ccsrc/pybind_api/ir/tensor_py.cc:730] DataPtr] Tensor device address is null
[ERROR] COMMON(981053,ffffb081f020,python):2026-09-14-18:24:20.780.679 [mindspore/ccsrc/pybind_api/ir/tensor_py.cc:730] DataPtr] Tensor device address is null
[ERROR] COMMON(981053,ffffb081f020,python):2026-09-14-18:24:20.781.348 [mindspore/ccsrc/pybind_api/ir/tensor_py.cc:730] DataPtr] Tensor device address is null
[ERROR] COMMON(981053,ffffb081f020,python):2026-09-14-18:24:20.782.009 [mindspore/ccsrc/pybind_api/ir/tensor_py.cc:730] DataPtr] Tensor device address is null
[ERROR] COMMON(981053,ffffb081f020,python):2026-09-14-18:24:20.784.469 [mindspore/ccsrc/pybind_api/ir/tensor_py.cc:730] DataPtr] Tensor device address is null
[ERROR] COMMON(981053,ffffb081f020,python):2026-09-14-18:24:20.785.158 [mindspore/ccsrc/pybind_api/ir/tensor_py.cc:730] DataPtr] Tensor device address is null
[ERROR] COMMON(981053,ffffb081f020,python):2026-09-14-18:24:20.787.644 [mindspore/ccsrc/pybind_api/ir/tensor_py.cc:730] DataPtr] Tensor device address is null
[ERROR] COMMON(981053,ffffb081f020,python):2026-09-14-18:24:20.788.317 [mindspore/ccsrc/pybind_api/ir/tensor_py.cc:730] DataPtr] Tensor device address is null
[ERROR] COMMON(981053,ffffb081f020,python):2026-09-14-18:24:20.790.151 [mindspore/ccsrc/pybind_api/ir/tensor_py.cc:730] DataPtr] Tensor device address is null
[ERROR] COMMON(981053,ffffb081f020,python):2026-09-14-18:24:20.790.824 [mindspore/ccsrc/pybind_api/ir/tensor_py.cc:730] DataPtr] Tensor device address is null
[ERROR] COMMON(981053,ffffb081f020,python):2026-09-14-18:24:20.793.084 [mindspore/ccsrc/pybind_api/ir/tensor_py.cc:730] DataPtr] Tensor device address is null
[ERROR] COMMON(981053,ffffb081f020,python):2026-09-14-18:24:20.793.761 [mindspore/ccsrc/pybind_api/ir/tensor_py.cc:730] DataPtr] Tensor device address is null
[ERROR] COMMON(981053,ffffb081f020,python):2026-09-14-18:24:20.799.859 [mindspore/ccsrc/pybind_api/ir/tensor_py.cc:730] DataPtr] Tensor device address is null
[ERROR] COMMON(981053,ffffb081f020,python):2026-09-14-18:24:20.800.591 [mindspore/ccsrc/pybind_api/ir/tensor_py.cc:730] DataPtr] Tensor device address is null
[ERROR] COMMON(981053,ffffb081f020,python):2026-09-14-18:24:20.806.196 [mindspore/ccsrc/pybind_api/ir/tensor_py.cc:730] DataPtr] Tensor device address is null
[ERROR] COMMON(981053,ffffb081f020,python):2026-09-14-18:24:20.806.898 [mindspore/ccsrc/pybind_api/ir/tensor_py.cc:730] DataPtr] Tensor device address is null
[ERROR] COMMON(981053,ffffb081f020,python):2026-09-14-18:24:20.807.570 [mindspore/ccsrc/pybind_api/ir/tensor_py.cc:730] DataPtr] Tensor device address is null
[ERROR] COMMON(981053,ffffb081f020,python):2026-09-14-18:24:20.808.239 [mindspore/ccsrc/pybind_api/ir/tensor_py.cc:730] DataPtr] Tensor device address is null
[ERROR] COMMON(981053,ffffb081f020,python):2026-09-14-18:24:20.808.921 [mindspore/ccsrc/pybind_api/ir/tensor_py.cc:730] DataPtr] Tensor device address is null
[ERROR] COMMON(981053,ffffb081f020,python):2026-09-14-18:24:20.809.610 [mindspore/ccsrc/pybind_api/ir/tensor_py.cc:730] DataPtr] Tensor device address is null
[ERROR] COMMON(981053,ffffb081f020,python):2026-09-14-18:24:20.812.096 [mindspore/ccsrc/pybind_api/ir/tensor_py.cc:730] DataPtr] Tensor device address is null
[ERROR] COMMON(981053,ffffb081f020,python):2026-09-14-18:24:20.812.790 [mindspore/ccsrc/pybind_api/ir/tensor_py.cc:730] DataPtr] Tensor device address is null
[ERROR] COMMON(981053,ffffb081f020,python):2026-09-14-18:24:20.815.315 [mindspore/ccsrc/pybind_api/ir/tensor_py.cc:730] DataPtr] Tensor device address is null
[ERROR] COMMON(981053,ffffb081f020,python):2026-09-14-18:24:20.816.004 [mindspore/ccsrc/pybind_api/ir/tensor_py.cc:730] DataPtr] Tensor device address is null
[ERROR] COMMON(981053,ffffb081f020,python):2026-09-14-18:24:20.818.449 [mindspore/ccsrc/pybind_api/ir/tensor_py.cc:730] DataPtr] Tensor device address is null
[ERROR] COMMON(981053,ffffb081f020,python):2026-09-14-18:24:20.819.147 [mindspore/ccsrc/pybind_api/ir/tensor_py.cc:730] DataPtr] Tensor device address is null
[ERROR] COMMON(981053,ffffb081f020,python):2026-09-14-18:24:20.821.638 [mindspore/ccsrc/pybind_api/ir/tensor_py.cc:730] DataPtr] Tensor device address is null
[ERROR] COMMON(981053,ffffb081f020,python):2026-09-14-18:24:20.822.510 [mindspore/ccsrc/pybind_api/ir/tensor_py.cc:730] DataPtr] Tensor device address is null
[ERROR] COMMON(981053,ffffb081f020,python):2026-09-14-18:24:20.828.034 [mindspore/ccsrc/pybind_api/ir/tensor_py.cc:730] DataPtr] Tensor device address is null
[ERROR] COMMON(981053,ffffb081f020,python):2026-09-14-18:24:20.828.780 [mindspore/ccsrc/pybind_api/ir/tensor_py.cc:730] DataPtr] Tensor device address is null
[ERROR] COMMON(981053,ffffb081f020,python):2026-09-14-18:24:20.834.955 [mindspore/ccsrc/pybind_api/ir/tensor_py.cc:730] DataPtr] Tensor device address is null
[ERROR] COMMON(981053,ffffb081f020,python):2026-09-14-18:24:20.835.663 [mindspore/ccsrc/pybind_api/ir/tensor_py.cc:730] DataPtr] Tensor device address is null
[ERROR] COMMON(981053,ffffb081f020,python):2026-09-14-18:24:20.836.343 [mindspore/ccsrc/pybind_api/ir/tensor_py.cc:730] DataPtr] Tensor device address is null
[ERROR] COMMON(981053,ffffb081f020,python):2026-09-14-18:24:20.837.029 [mindspore/ccsrc/pybind_api/ir/tensor_py.cc:730] DataPtr] Tensor device address is null
[ERROR] COMMON(981053,ffffb081f020,python):2026-09-14-18:24:20.837.715 [mindspore/ccsrc/pybind_api/ir/tensor_py.cc:730] DataPtr] Tensor device address is null
[ERROR] COMMON(981053,ffffb081f020,python):2026-09-14-18:24:20.838.393 [mindspore/ccsrc/pybind_api/ir/tensor_py.cc:730] DataPtr] Tensor device address is null
[ERROR] COMMON(981053,ffffb081f020,python):2026-09-14-18:24:20.840.897 [mindspore/ccsrc/pybind_api/ir/tensor_py.cc:730] DataPtr] Tensor device address is null
[ERROR] COMMON(981053,ffffb081f020,python):2026-09-14-18:24:20.841.583 [mindspore/ccsrc/pybind_api/ir/tensor_py.cc:730] DataPtr] Tensor device address is null
[ERROR] COMMON(981053,ffffb081f020,python):2026-09-14-18:24:20.844.120 [mindspore/ccsrc/pybind_api/ir/tensor_py.cc:730] DataPtr] Tensor device address is null
[ERROR] COMMON(981053,ffffb081f020,python):2026-09-14-18:24:20.844.818 [mindspore/ccsrc/pybind_api/ir/tensor_py.cc:730] DataPtr] Tensor device address is null
[ERROR] COMMON(981053,ffffb081f020,python):2026-09-14-18:24:20.846.655 [mindspore/ccsrc/pybind_api/ir/tensor_py.cc:730] DataPtr] Tensor device address is null
[ERROR] COMMON(981053,ffffb081f020,python):2026-09-14-18:24:20.847.331 [mindspore/ccsrc/pybind_api/ir/tensor_py.cc:730] DataPtr] Tensor device address is null
[ERROR] COMMON(981053,ffffb081f020,python):2026-09-14-18:24:20.849.328 [mindspore/ccsrc/pybind_api/ir/tensor_py.cc:730] DataPtr] Tensor device address is null
[ERROR] COMMON(981053,ffffb081f020,python):2026-09-14-18:24:20.850.014 [mindspore/ccsrc/pybind_api/ir/tensor_py.cc:730] DataPtr] Tensor device address is null
[ERROR] COMMON(981053,ffffb081f020,python):2026-09-14-18:24:20.856.089 [mindspore/ccsrc/pybind_api/ir/tensor_py.cc:730] DataPtr] Tensor device address is null
[ERROR] COMMON(981053,ffffb081f020,python):2026-09-14-18:24:20.856.822 [mindspore/ccsrc/pybind_api/ir/tensor_py.cc:730] DataPtr] Tensor device address is null
[ERROR] COMMON(981053,ffffb081f020,python):2026-09-14-18:24:20.862.476 [mindspore/ccsrc/pybind_api/ir/tensor_py.cc:730] DataPtr] Tensor device address is null
[ERROR] COMMON(981053,ffffb081f020,python):2026-09-14-18:24:20.863.186 [mindspore/ccsrc/pybind_api/ir/tensor_py.cc:730] DataPtr] Tensor device address is null
[ERROR] COMMON(981053,ffffb081f020,python):2026-09-14-18:24:20.863.860 [mindspore/ccsrc/pybind_api/ir/tensor_py.cc:730] DataPtr] Tensor device address is null
[ERROR] COMMON(981053,ffffb081f020,python):2026-09-14-18:24:20.864.532 [mindspore/ccsrc/pybind_api/ir/tensor_py.cc:730] DataPtr] Tensor device address is null
[ERROR] COMMON(981053,ffffb081f020,python):2026-09-14-18:24:20.865.226 [mindspore/ccsrc/pybind_api/ir/tensor_py.cc:730] DataPtr] Tensor device address is null
[ERROR] COMMON(981053,ffffb081f020,python):2026-09-14-18:24:20.865.897 [mindspore/ccsrc/pybind_api/ir/tensor_py.cc:730] DataPtr] Tensor device address is null
[ERROR] COMMON(981053,ffffb081f020,python):2026-09-14-18:24:20.868.418 [mindspore/ccsrc/pybind_api/ir/tensor_py.cc:730] DataPtr] Tensor device address is null
[ERROR] COMMON(981053,ffffb081f020,python):2026-09-14-18:24:20.869.122 [mindspore/ccsrc/pybind_api/ir/tensor_py.cc:730] DataPtr] Tensor device address is null
[ERROR] COMMON(981053,ffffb081f020,python):2026-09-14-18:24:20.871.578 [mindspore/ccsrc/pybind_api/ir/tensor_py.cc:730] DataPtr] Tensor device address is null
[ERROR] COMMON(981053,ffffb081f020,python):2026-09-14-18:24:20.872.260 [mindspore/ccsrc/pybind_api/ir/tensor_py.cc:730] DataPtr] Tensor device address is null
[ERROR] COMMON(981053,ffffb081f020,python):2026-09-14-18:24:20.874.748 [mindspore/ccsrc/pybind_api/ir/tensor_py.cc:730] DataPtr] Tensor device address is null
[ERROR] COMMON(981053,ffffb081f020,python):2026-09-14-18:24:20.875.434 [mindspore/ccsrc/pybind_api/ir/tensor_py.cc:730] DataPtr] Tensor device address is null
[ERROR] COMMON(981053,ffffb081f020,python):2026-09-14-18:24:20.877.910 [mindspore/ccsrc/pybind_api/ir/tensor_py.cc:730] DataPtr] Tensor device address is null
[ERROR] COMMON(981053,ffffb081f020,python):2026-09-14-18:24:20.878.614 [mindspore/ccsrc/pybind_api/ir/tensor_py.cc:730] DataPtr] Tensor device address is null
[ERROR] COMMON(981053,ffffb081f020,python):2026-09-14-18:24:20.884.054 [mindspore/ccsrc/pybind_api/ir/tensor_py.cc:730] DataPtr] Tensor device address is null
[ERROR] COMMON(981053,ffffb081f020,python):2026-09-14-18:24:20.884.792 [mindspore/ccsrc/pybind_api/ir/tensor_py.cc:730] DataPtr] Tensor device address is null
[ERROR] COMMON(981053,ffffb081f020,python):2026-09-14-18:24:20.890.915 [mindspore/ccsrc/pybind_api/ir/tensor_py.cc:730] DataPtr] Tensor device address is null
[ERROR] COMMON(981053,ffffb081f020,python):2026-09-14-18:24:20.891.625 [mindspore/ccsrc/pybind_api/ir/tensor_py.cc:730] DataPtr] Tensor device address is null
[ERROR] COMMON(981053,ffffb081f020,python):2026-09-14-18:24:20.892.298 [mindspore/ccsrc/pybind_api/ir/tensor_py.cc:730] DataPtr] Tensor device address is null
[ERROR] COMMON(981053,ffffb081f020,python):2026-09-14-18:24:20.892.988 [mindspore/ccsrc/pybind_api/ir/tensor_py.cc:730] DataPtr] Tensor device address is null
[ERROR] COMMON(981053,ffffb081f020,python):2026-09-14-18:24:20.893.671 [mindspore/ccsrc/pybind_api/ir/tensor_py.cc:730] DataPtr] Tensor device address is null
[ERROR] COMMON(981053,ffffb081f020,python):2026-09-14-18:24:20.894.343 [mindspore/ccsrc/pybind_api/ir/tensor_py.cc:730] DataPtr] Tensor device address is null
[ERROR] COMMON(981053,ffffb081f020,python):2026-09-14-18:24:20.896.800 [mindspore/ccsrc/pybind_api/ir/tensor_py.cc:730] DataPtr] Tensor device address is null
[ERROR] COMMON(981053,ffffb081f020,python):2026-09-14-18:24:20.897.488 [mindspore/ccsrc/pybind_api/ir/tensor_py.cc:730] DataPtr] Tensor device address is null
[ERROR] COMMON(981053,ffffb081f020,python):2026-09-14-18:24:20.899.993 [mindspore/ccsrc/pybind_api/ir/tensor_py.cc:730] DataPtr] Tensor device address is null
[ERROR] COMMON(981053,ffffb081f020,python):2026-09-14-18:24:20.900.714 [mindspore/ccsrc/pybind_api/ir/tensor_py.cc:730] DataPtr] Tensor device address is null
[ERROR] COMMON(981053,ffffb081f020,python):2026-09-14-18:24:20.902.551 [mindspore/ccsrc/pybind_api/ir/tensor_py.cc:730] DataPtr] Tensor device address is null
[ERROR] COMMON(981053,ffffb081f020,python):2026-09-14-18:24:20.903.231 [mindspore/ccsrc/pybind_api/ir/tensor_py.cc:730] DataPtr] Tensor device address is null
[ERROR] COMMON(981053,ffffb081f020,python):2026-09-14-18:24:20.905.251 [mindspore/ccsrc/pybind_api/ir/tensor_py.cc:730] DataPtr] Tensor device address is null
[ERROR] COMMON(981053,ffffb081f020,python):2026-09-14-18:24:20.905.939 [mindspore/ccsrc/pybind_api/ir/tensor_py.cc:730] DataPtr] Tensor device address is null
[ERROR] COMMON(981053,ffffb081f020,python):2026-09-14-18:24:20.912.062 [mindspore/ccsrc/pybind_api/ir/tensor_py.cc:730] DataPtr] Tensor device address is null
[ERROR] COMMON(981053,ffffb081f020,python):2026-09-14-18:24:20.912.810 [mindspore/ccsrc/pybind_api/ir/tensor_py.cc:730] DataPtr] Tensor device address is null
[ERROR] COMMON(981053,ffffb081f020,python):2026-09-14-18:24:20.918.411 [mindspore/ccsrc/pybind_api/ir/tensor_py.cc:730] DataPtr] Tensor device address is null
[ERROR] COMMON(981053,ffffb081f020,python):2026-09-14-18:24:20.919.120 [mindspore/ccsrc/pybind_api/ir/tensor_py.cc:730] DataPtr] Tensor device address is null
[ERROR] COMMON(981053,ffffb081f020,python):2026-09-14-18:24:20.919.796 [mindspore/ccsrc/pybind_api/ir/tensor_py.cc:730] DataPtr] Tensor device address is null
[ERROR] COMMON(981053,ffffb081f020,python):2026-09-14-18:24:20.920.469 [mindspore/ccsrc/pybind_api/ir/tensor_py.cc:730] DataPtr] Tensor device address is null
[ERROR] COMMON(981053,ffffb081f020,python):2026-09-14-18:24:20.921.159 [mindspore/ccsrc/pybind_api/ir/tensor_py.cc:730] DataPtr] Tensor device address is null
[ERROR] COMMON(981053,ffffb081f020,python):2026-09-14-18:24:20.921.842 [mindspore/ccsrc/pybind_api/ir/tensor_py.cc:730] DataPtr] Tensor device address is null
[ERROR] COMMON(981053,ffffb081f020,python):2026-09-14-18:24:20.924.456 [mindspore/ccsrc/pybind_api/ir/tensor_py.cc:730] DataPtr] Tensor device address is null
[ERROR] COMMON(981053,ffffb081f020,python):2026-09-14-18:24:20.925.160 [mindspore/ccsrc/pybind_api/ir/tensor_py.cc:730] DataPtr] Tensor device address is null
[ERROR] COMMON(981053,ffffb081f020,python):2026-09-14-18:24:20.927.777 [mindspore/ccsrc/pybind_api/ir/tensor_py.cc:730] DataPtr] Tensor device address is null
[ERROR] COMMON(981053,ffffb081f020,python):2026-09-14-18:24:20.928.464 [mindspore/ccsrc/pybind_api/ir/tensor_py.cc:730] DataPtr] Tensor device address is null
[ERROR] COMMON(981053,ffffb081f020,python):2026-09-14-18:24:20.931.015 [mindspore/ccsrc/pybind_api/ir/tensor_py.cc:730] DataPtr] Tensor device address is null
[ERROR] COMMON(981053,ffffb081f020,python):2026-09-14-18:24:20.931.717 [mindspore/ccsrc/pybind_api/ir/tensor_py.cc:730] DataPtr] Tensor device address is null
[ERROR] COMMON(981053,ffffb081f020,python):2026-09-14-18:24:20.934.260 [mindspore/ccsrc/pybind_api/ir/tensor_py.cc:730] DataPtr] Tensor device address is null
[ERROR] COMMON(981053,ffffb081f020,python):2026-09-14-18:24:20.934.956 [mindspore/ccsrc/pybind_api/ir/tensor_py.cc:730] DataPtr] Tensor device address is null
[ERROR] COMMON(981053,ffffb081f020,python):2026-09-14-18:24:20.940.528 [mindspore/ccsrc/pybind_api/ir/tensor_py.cc:730] DataPtr] Tensor device address is null
[ERROR] COMMON(981053,ffffb081f020,python):2026-09-14-18:24:20.941.259 [mindspore/ccsrc/pybind_api/ir/tensor_py.cc:730] DataPtr] Tensor device address is null
[ERROR] COMMON(981053,ffffb081f020,python):2026-09-14-18:24:20.947.469 [mindspore/ccsrc/pybind_api/ir/tensor_py.cc:730] DataPtr] Tensor device address is null
[ERROR] COMMON(981053,ffffb081f020,python):2026-09-14-18:24:20.948.186 [mindspore/ccsrc/pybind_api/ir/tensor_py.cc:730] DataPtr] Tensor device address is null
[ERROR] COMMON(981053,ffffb081f020,python):2026-09-14-18:24:20.948.887 [mindspore/ccsrc/pybind_api/ir/tensor_py.cc:730] DataPtr] Tensor device address is null
[ERROR] COMMON(981053,ffffb081f020,python):2026-09-14-18:24:20.949.562 [mindspore/ccsrc/pybind_api/ir/tensor_py.cc:730] DataPtr] Tensor device address is null
[ERROR] COMMON(981053,ffffb081f020,python):2026-09-14-18:24:20.950.232 [mindspore/ccsrc/pybind_api/ir/tensor_py.cc:730] DataPtr] Tensor device address is null
[ERROR] COMMON(981053,ffffb081f020,python):2026-09-14-18:24:20.950.905 [mindspore/ccsrc/pybind_api/ir/tensor_py.cc:730] DataPtr] Tensor device address is null
[ERROR] COMMON(981053,ffffb081f020,python):2026-09-14-18:24:20.953.399 [mindspore/ccsrc/pybind_api/ir/tensor_py.cc:730] DataPtr] Tensor device address is null
[ERROR] COMMON(981053,ffffb081f020,python):2026-09-14-18:24:20.954.087 [mindspore/ccsrc/pybind_api/ir/tensor_py.cc:730] DataPtr] Tensor device address is null
[ERROR] COMMON(981053,ffffb081f020,python):2026-09-14-18:24:20.956.587 [mindspore/ccsrc/pybind_api/ir/tensor_py.cc:730] DataPtr] Tensor device address is null
[ERROR] COMMON(981053,ffffb081f020,python):2026-09-14-18:24:20.957.279 [mindspore/ccsrc/pybind_api/ir/tensor_py.cc:730] DataPtr] Tensor device address is null
[ERROR] COMMON(981053,ffffb081f020,python):2026-09-14-18:24:20.959.119 [mindspore/ccsrc/pybind_api/ir/tensor_py.cc:730] DataPtr] Tensor device address is null
[ERROR] COMMON(981053,ffffb081f020,python):2026-09-14-18:24:20.959.791 [mindspore/ccsrc/pybind_api/ir/tensor_py.cc:730] DataPtr] Tensor device address is null
[ERROR] COMMON(981053,ffffb081f020,python):2026-09-14-18:24:20.961.778 [mindspore/ccsrc/pybind_api/ir/tensor_py.cc:730] DataPtr] Tensor device address is null
[ERROR] COMMON(981053,ffffb081f020,python):2026-09-14-18:24:20.962.466 [mindspore/ccsrc/pybind_api/ir/tensor_py.cc:730] DataPtr] Tensor device address is null
[ERROR] COMMON(981053,ffffb081f020,python):2026-09-14-18:24:20.968.563 [mindspore/ccsrc/pybind_api/ir/tensor_py.cc:730] DataPtr] Tensor device address is null
[ERROR] COMMON(981053,ffffb081f020,python):2026-09-14-18:24:20.969.274 [mindspore/ccsrc/pybind_api/ir/tensor_py.cc:730] DataPtr] Tensor device address is null
[ERROR] COMMON(981053,ffffb081f020,python):2026-09-14-18:24:20.974.819 [mindspore/ccsrc/pybind_api/ir/tensor_py.cc:730] DataPtr] Tensor device address is null
[ERROR] COMMON(981053,ffffb081f020,python):2026-09-14-18:24:20.975.527 [mindspore/ccsrc/pybind_api/ir/tensor_py.cc:730] DataPtr] Tensor device address is null
[ERROR] COMMON(981053,ffffb081f020,python):2026-09-14-18:24:20.976.256 [mindspore/ccsrc/pybind_api/ir/tensor_py.cc:730] DataPtr] Tensor device address is null
[ERROR] COMMON(981053,ffffb081f020,python):2026-09-14-18:24:20.976.952 [mindspore/ccsrc/pybind_api/ir/tensor_py.cc:730] DataPtr] Tensor device address is null
[ERROR] COMMON(981053,ffffb081f020,python):2026-09-14-18:24:20.977.638 [mindspore/ccsrc/pybind_api/ir/tensor_py.cc:730] DataPtr] Tensor device address is null
[ERROR] COMMON(981053,ffffb081f020,python):2026-09-14-18:24:20.978.312 [mindspore/ccsrc/pybind_api/ir/tensor_py.cc:730] DataPtr] Tensor device address is null
[ERROR] COMMON(981053,ffffb081f020,python):2026-09-14-18:24:20.980.842 [mindspore/ccsrc/pybind_api/ir/tensor_py.cc:730] DataPtr] Tensor device address is null
[ERROR] COMMON(981053,ffffb081f020,python):2026-09-14-18:24:20.981.536 [mindspore/ccsrc/pybind_api/ir/tensor_py.cc:730] DataPtr] Tensor device address is null
[ERROR] COMMON(981053,ffffb081f020,python):2026-09-14-18:24:20.984.089 [mindspore/ccsrc/pybind_api/ir/tensor_py.cc:730] DataPtr] Tensor device address is null
[ERROR] COMMON(981053,ffffb081f020,python):2026-09-14-18:24:20.984.784 [mindspore/ccsrc/pybind_api/ir/tensor_py.cc:730] DataPtr] Tensor device address is null
[ERROR] COMMON(981053,ffffb081f020,python):2026-09-14-18:24:20.987.260 [mindspore/ccsrc/pybind_api/ir/tensor_py.cc:730] DataPtr] Tensor device address is null
[ERROR] COMMON(981053,ffffb081f020,python):2026-09-14-18:24:20.987.938 [mindspore/ccsrc/pybind_api/ir/tensor_py.cc:730] DataPtr] Tensor device address is null
[ERROR] COMMON(981053,ffffb081f020,python):2026-09-14-18:24:20.990.428 [mindspore/ccsrc/pybind_api/ir/tensor_py.cc:730] DataPtr] Tensor device address is null
[ERROR] COMMON(981053,ffffb081f020,python):2026-09-14-18:24:20.991.123 [mindspore/ccsrc/pybind_api/ir/tensor_py.cc:730] DataPtr] Tensor device address is null
[ERROR] COMMON(981053,ffffb081f020,python):2026-09-14-18:24:20.996.717 [mindspore/ccsrc/pybind_api/ir/tensor_py.cc:730] DataPtr] Tensor device address is null
[ERROR] COMMON(981053,ffffb081f020,python):2026-09-14-18:24:20.997.428 [mindspore/ccsrc/pybind_api/ir/tensor_py.cc:730] DataPtr] Tensor device address is null
[ERROR] COMMON(981053,ffffb081f020,python):2026-09-14-18:24:21.003.453 [mindspore/ccsrc/pybind_api/ir/tensor_py.cc:730] DataPtr] Tensor device address is null
[ERROR] COMMON(981053,ffffb081f020,python):2026-09-14-18:24:21.004.170 [mindspore/ccsrc/pybind_api/ir/tensor_py.cc:730] DataPtr] Tensor device address is null
[ERROR] COMMON(981053,ffffb081f020,python):2026-09-14-18:24:21.004.859 [mindspore/ccsrc/pybind_api/ir/tensor_py.cc:730] DataPtr] Tensor device address is null
[ERROR] COMMON(981053,ffffb081f020,python):2026-09-14-18:24:21.005.541 [mindspore/ccsrc/pybind_api/ir/tensor_py.cc:730] DataPtr] Tensor device address is null
[ERROR] COMMON(981053,ffffb081f020,python):2026-09-14-18:24:21.006.218 [mindspore/ccsrc/pybind_api/ir/tensor_py.cc:730] DataPtr] Tensor device address is null
[ERROR] COMMON(981053,ffffb081f020,python):2026-09-14-18:24:21.006.896 [mindspore/ccsrc/pybind_api/ir/tensor_py.cc:730] DataPtr] Tensor device address is null
[ERROR] COMMON(981053,ffffb081f020,python):2026-09-14-18:24:21.009.363 [mindspore/ccsrc/pybind_api/ir/tensor_py.cc:730] DataPtr] Tensor device address is null
[ERROR] COMMON(981053,ffffb081f020,python):2026-09-14-18:24:21.010.050 [mindspore/ccsrc/pybind_api/ir/tensor_py.cc:730] DataPtr] Tensor device address is null
[ERROR] COMMON(981053,ffffb081f020,python):2026-09-14-18:24:21.012.596 [mindspore/ccsrc/pybind_api/ir/tensor_py.cc:730] DataPtr] Tensor device address is null
[ERROR] COMMON(981053,ffffb081f020,python):2026-09-14-18:24:21.013.293 [mindspore/ccsrc/pybind_api/ir/tensor_py.cc:730] DataPtr] Tensor device address is null
[ERROR] COMMON(981053,ffffb081f020,python):2026-09-14-18:24:21.015.111 [mindspore/ccsrc/pybind_api/ir/tensor_py.cc:730] DataPtr] Tensor device address is null
[ERROR] COMMON(981053,ffffb081f020,python):2026-09-14-18:24:21.015.788 [mindspore/ccsrc/pybind_api/ir/tensor_py.cc:730] DataPtr] Tensor device address is null
[ERROR] COMMON(981053,ffffb081f020,python):2026-09-14-18:24:21.017.825 [mindspore/ccsrc/pybind_api/ir/tensor_py.cc:730] DataPtr] Tensor device address is null
[ERROR] COMMON(981053,ffffb081f020,python):2026-09-14-18:24:21.018.507 [mindspore/ccsrc/pybind_api/ir/tensor_py.cc:730] DataPtr] Tensor device address is null
[ERROR] COMMON(981053,ffffb081f020,python):2026-09-14-18:24:21.024.574 [mindspore/ccsrc/pybind_api/ir/tensor_py.cc:730] DataPtr] Tensor device address is null
[ERROR] COMMON(981053,ffffb081f020,python):2026-09-14-18:24:21.025.295 [mindspore/ccsrc/pybind_api/ir/tensor_py.cc:730] DataPtr] Tensor device address is null
[ERROR] COMMON(981053,ffffb081f020,python):2026-09-14-18:24:21.030.903 [mindspore/ccsrc/pybind_api/ir/tensor_py.cc:730] DataPtr] Tensor device address is null
[ERROR] COMMON(981053,ffffb081f020,python):2026-09-14-18:24:21.031.609 [mindspore/ccsrc/pybind_api/ir/tensor_py.cc:730] DataPtr] Tensor device address is null
[ERROR] COMMON(981053,ffffb081f020,python):2026-09-14-18:24:21.032.288 [mindspore/ccsrc/pybind_api/ir/tensor_py.cc:730] DataPtr] Tensor device address is null
[ERROR] COMMON(981053,ffffb081f020,python):2026-09-14-18:24:21.032.973 [mindspore/ccsrc/pybind_api/ir/tensor_py.cc:730] DataPtr] Tensor device address is null
[ERROR] COMMON(981053,ffffb081f020,python):2026-09-14-18:24:21.033.659 [mindspore/ccsrc/pybind_api/ir/tensor_py.cc:730] DataPtr] Tensor device address is null
[ERROR] COMMON(981053,ffffb081f020,python):2026-09-14-18:24:21.034.330 [mindspore/ccsrc/pybind_api/ir/tensor_py.cc:730] DataPtr] Tensor device address is null
[ERROR] COMMON(981053,ffffb081f020,python):2026-09-14-18:24:21.036.858 [mindspore/ccsrc/pybind_api/ir/tensor_py.cc:730] DataPtr] Tensor device address is null
[ERROR] COMMON(981053,ffffb081f020,python):2026-09-14-18:24:21.037.552 [mindspore/ccsrc/pybind_api/ir/tensor_py.cc:730] DataPtr] Tensor device address is null
[ERROR] COMMON(981053,ffffb081f020,python):2026-09-14-18:24:21.040.050 [mindspore/ccsrc/pybind_api/ir/tensor_py.cc:730] DataPtr] Tensor device address is null
[ERROR] COMMON(981053,ffffb081f020,python):2026-09-14-18:24:21.040.744 [mindspore/ccsrc/pybind_api/ir/tensor_py.cc:730] DataPtr] Tensor device address is null
[ERROR] COMMON(981053,ffffb081f020,python):2026-09-14-18:24:21.043.223 [mindspore/ccsrc/pybind_api/ir/tensor_py.cc:730] DataPtr] Tensor device address is null
[ERROR] COMMON(981053,ffffb081f020,python):2026-09-14-18:24:21.043.912 [mindspore/ccsrc/pybind_api/ir/tensor_py.cc:730] DataPtr] Tensor device address is null
[ERROR] COMMON(981053,ffffb081f020,python):2026-09-14-18:24:21.046.393 [mindspore/ccsrc/pybind_api/ir/tensor_py.cc:730] DataPtr] Tensor device address is null
[ERROR] COMMON(981053,ffffb081f020,python):2026-09-14-18:24:21.047.090 [mindspore/ccsrc/pybind_api/ir/tensor_py.cc:730] DataPtr] Tensor device address is null
[ERROR] COMMON(981053,ffffb081f020,python):2026-09-14-18:24:21.052.629 [mindspore/ccsrc/pybind_api/ir/tensor_py.cc:730] DataPtr] Tensor device address is null
[ERROR] COMMON(981053,ffffb081f020,python):2026-09-14-18:24:21.053.333 [mindspore/ccsrc/pybind_api/ir/tensor_py.cc:730] DataPtr] Tensor device address is null
[ERROR] COMMON(981053,ffffb081f020,python):2026-09-14-18:24:21.059.409 [mindspore/ccsrc/pybind_api/ir/tensor_py.cc:730] DataPtr] Tensor device address is null
[ERROR] COMMON(981053,ffffb081f020,python):2026-09-14-18:24:21.060.112 [mindspore/ccsrc/pybind_api/ir/tensor_py.cc:730] DataPtr] Tensor device address is null
[ERROR] COMMON(981053,ffffb081f020,python):2026-09-14-18:24:21.060.798 [mindspore/ccsrc/pybind_api/ir/tensor_py.cc:730] DataPtr] Tensor device address is null
[ERROR] COMMON(981053,ffffb081f020,python):2026-09-14-18:24:21.061.477 [mindspore/ccsrc/pybind_api/ir/tensor_py.cc:730] DataPtr] Tensor device address is null
[ERROR] COMMON(981053,ffffb081f020,python):2026-09-14-18:24:21.062.153 [mindspore/ccsrc/pybind_api/ir/tensor_py.cc:730] DataPtr] Tensor device address is null
[ERROR] COMMON(981053,ffffb081f020,python):2026-09-14-18:24:21.062.826 [mindspore/ccsrc/pybind_api/ir/tensor_py.cc:730] DataPtr] Tensor device address is null
[ERROR] COMMON(981053,ffffb081f020,python):2026-09-14-18:24:21.065.296 [mindspore/ccsrc/pybind_api/ir/tensor_py.cc:730] DataPtr] Tensor device address is null
[ERROR] COMMON(981053,ffffb081f020,python):2026-09-14-18:24:21.065.983 [mindspore/ccsrc/pybind_api/ir/tensor_py.cc:730] DataPtr] Tensor device address is null
[ERROR] COMMON(981053,ffffb081f020,python):2026-09-14-18:24:21.068.543 [mindspore/ccsrc/pybind_api/ir/tensor_py.cc:730] DataPtr] Tensor device address is null
[ERROR] COMMON(981053,ffffb081f020,python):2026-09-14-18:24:21.069.238 [mindspore/ccsrc/pybind_api/ir/tensor_py.cc:730] DataPtr] Tensor device address is null
[ERROR] COMMON(981053,ffffb081f020,python):2026-09-14-18:24:21.071.056 [mindspore/ccsrc/pybind_api/ir/tensor_py.cc:730] DataPtr] Tensor device address is null
[ERROR] COMMON(981053,ffffb081f020,python):2026-09-14-18:24:21.071.731 [mindspore/ccsrc/pybind_api/ir/tensor_py.cc:730] DataPtr] Tensor device address is null
[ERROR] COMMON(981053,ffffb081f020,python):2026-09-14-18:24:21.073.755 [mindspore/ccsrc/pybind_api/ir/tensor_py.cc:730] DataPtr] Tensor device address is null
[ERROR] COMMON(981053,ffffb081f020,python):2026-09-14-18:24:21.074.440 [mindspore/ccsrc/pybind_api/ir/tensor_py.cc:730] DataPtr] Tensor device address is null
[ERROR] COMMON(981053,ffffb081f020,python):2026-09-14-18:24:21.080.469 [mindspore/ccsrc/pybind_api/ir/tensor_py.cc:730] DataPtr] Tensor device address is null
[ERROR] COMMON(981053,ffffb081f020,python):2026-09-14-18:24:21.081.203 [mindspore/ccsrc/pybind_api/ir/tensor_py.cc:730] DataPtr] Tensor device address is null
[ERROR] COMMON(981053,ffffb081f020,python):2026-09-14-18:24:21.086.906 [mindspore/ccsrc/pybind_api/ir/tensor_py.cc:730] DataPtr] Tensor device address is null
[ERROR] COMMON(981053,ffffb081f020,python):2026-09-14-18:24:21.087.607 [mindspore/ccsrc/pybind_api/ir/tensor_py.cc:730] DataPtr] Tensor device address is null
[ERROR] COMMON(981053,ffffb081f020,python):2026-09-14-18:24:21.088.281 [mindspore/ccsrc/pybind_api/ir/tensor_py.cc:730] DataPtr] Tensor device address is null
[ERROR] COMMON(981053,ffffb081f020,python):2026-09-14-18:24:21.088.961 [mindspore/ccsrc/pybind_api/ir/tensor_py.cc:730] DataPtr] Tensor device address is null
[ERROR] COMMON(981053,ffffb081f020,python):2026-09-14-18:24:21.089.633 [mindspore/ccsrc/pybind_api/ir/tensor_py.cc:730] DataPtr] Tensor device address is null
[ERROR] COMMON(981053,ffffb081f020,python):2026-09-14-18:24:21.090.298 [mindspore/ccsrc/pybind_api/ir/tensor_py.cc:730] DataPtr] Tensor device address is null
[ERROR] COMMON(981053,ffffb081f020,python):2026-09-14-18:24:21.092.830 [mindspore/ccsrc/pybind_api/ir/tensor_py.cc:730] DataPtr] Tensor device address is null
[ERROR] COMMON(981053,ffffb081f020,python):2026-09-14-18:24:21.093.514 [mindspore/ccsrc/pybind_api/ir/tensor_py.cc:730] DataPtr] Tensor device address is null
[ERROR] COMMON(981053,ffffb081f020,python):2026-09-14-18:24:21.096.062 [mindspore/ccsrc/pybind_api/ir/tensor_py.cc:730] DataPtr] Tensor device address is null
[ERROR] COMMON(981053,ffffb081f020,python):2026-09-14-18:24:21.096.752 [mindspore/ccsrc/pybind_api/ir/tensor_py.cc:730] DataPtr] Tensor device address is null
[ERROR] COMMON(981053,ffffb081f020,python):2026-09-14-18:24:21.099.270 [mindspore/ccsrc/pybind_api/ir/tensor_py.cc:730] DataPtr] Tensor device address is null
[ERROR] COMMON(981053,ffffb081f020,python):2026-09-14-18:24:21.099.956 [mindspore/ccsrc/pybind_api/ir/tensor_py.cc:730] DataPtr] Tensor device address is null
[ERROR] COMMON(981053,ffffb081f020,python):2026-09-14-18:24:21.102.474 [mindspore/ccsrc/pybind_api/ir/tensor_py.cc:730] DataPtr] Tensor device address is null
[ERROR] COMMON(981053,ffffb081f020,python):2026-09-14-18:24:21.103.162 [mindspore/ccsrc/pybind_api/ir/tensor_py.cc:730] DataPtr] Tensor device address is null
[ERROR] COMMON(981053,ffffb081f020,python):2026-09-14-18:24:21.108.688 [mindspore/ccsrc/pybind_api/ir/tensor_py.cc:730] DataPtr] Tensor device address is null
[ERROR] COMMON(981053,ffffb081f020,python):2026-09-14-18:24:21.109.404 [mindspore/ccsrc/pybind_api/ir/tensor_py.cc:730] DataPtr] Tensor device address is null
[ERROR] COMMON(981053,ffffb081f020,python):2026-09-14-18:24:21.115.513 [mindspore/ccsrc/pybind_api/ir/tensor_py.cc:730] DataPtr] Tensor device address is null
