[WARNING] ME(702782:281473804066848,MainProcess):2026-09-14-16:04:37.420.841 [mindspore/run_check/_check_version.py:402] Can not find the tbe operator implementation(need by mindspore-ascend). Please check whether the Environment Variable PYTHONPATH is set. For details, refer to the installation guidelines: https://www.mindspore.cn/install
/home/user7/miniconda3/envs/ms_2.5/lib/python3.9/site-packages/numpy/core/getlimits.py:549: UserWarning: The value of the smallest subnormal for <class 'numpy.float64'> type is zero.
  setattr(self, word, getattr(machar, word).flat[0])
/home/user7/miniconda3/envs/ms_2.5/lib/python3.9/site-packages/numpy/core/getlimits.py:89: UserWarning: The value of the smallest subnormal for <class 'numpy.float64'> type is zero.
  return self._float_to_str(self.smallest_subnormal)
/home/user7/miniconda3/envs/ms_2.5/lib/python3.9/site-packages/numpy/core/getlimits.py:549: UserWarning: The value of the smallest subnormal for <class 'numpy.float32'> type is zero.
  setattr(self, word, getattr(machar, word).flat[0])
/home/user7/miniconda3/envs/ms_2.5/lib/python3.9/site-packages/numpy/core/getlimits.py:89: UserWarning: The value of the smallest subnormal for <class 'numpy.float32'> type is zero.
  return self._float_to_str(self.smallest_subnormal)
[WARNING] ME(702782:281473804066848,MainProcess):2026-09-14-16:04:40.749.202 [mindspore/context.py:1335] For 'context.set_context', the parameter 'deterministic' will be deprecated and removed in a future version. Please use the api mindspore.set_deterministic() instead.
[WARNING] ME(702782:281473804066848,MainProcess):2026-09-14-16:04:40.750.904 [mindspore/run_check/_check_version.py:402] Can not find the tbe operator implementation(need by mindspore-ascend). Please check whether the Environment Variable PYTHONPATH is set. For details, refer to the installation guidelines: https://www.mindspore.cn/install
[WARNING] ME(702782:281473804066848,MainProcess):2026-09-14-16:04:40.751.095 [mindspore/context.py:1335] For 'context.set_context', the parameter 'device_target' will be deprecated and removed in a future version. Please use the api mindspore.set_device() instead.
[WARNING] ME(702782:281473804066848,MainProcess):2026-09-14-16:04:40.751.791 [mindspore/run_check/_check_version.py:402] Can not find the tbe operator implementation(need by mindspore-ascend). Please check whether the Environment Variable PYTHONPATH is set. For details, refer to the installation guidelines: https://www.mindspore.cn/install
[WARNING] ME(702782:281473804066848,MainProcess):2026-09-14-16:04:40.751.905 [mindspore/context.py:1335] For 'context.set_context', the parameter 'device_id' will be deprecated and removed in a future version. Please use the api mindspore.set_device() instead.
/home/user7/miniconda3/envs/ms_2.5/lib/python3.9/site-packages/jieba/_compat.py:18: UserWarning: pkg_resources is deprecated as an API. See https://setuptools.pypa.io/en/latest/pkg_resources.html. The pkg_resources package is slated for removal as early as 2025-11-30. Refrain from using this package or pin to Setuptools<81.
  import pkg_resources
[WARNING] ME(702782:281473804066848,MainProcess):2026-09-14-16:04:41.929.261 [mindspore/ops/primitive.py:217] The in_strategy/in_layout of the operator in your network will not take effect in stand_alone mode. This means the the shard function called in the network is ignored. 
If you want to enable it, please use semi auto or auto parallel mode by context.set_auto_parallel_context(parallel_mode=ParallelMode.SEMI_AUTO_PARALLEL or context.set_auto_parallel_context(parallel_mode=ParallelMode.AUTO_PARALLEL)
[WARNING] ME(702782:281473804066848,MainProcess):2026-09-14-16:04:42.327.611 [mindspore/common/parameter.py:851] This interface may be deleted in the future.
[WARNING] ME(702782:281473804066848,MainProcess):2026-09-14-16:05:10.134.880 [mindspore/hal/stream.py:272] WARN_DEPRECATED: The usage of mindspore.hal.synchronize() is deprecated. Please use mindspore.runtime.synchronize()
[ERROR] COMMON(702782,ffffba1ae020,python):2026-09-14-16:05:26.788.495 [mindspore/ccsrc/pybind_api/ir/tensor_py.cc:730] DataPtr] Tensor device address is null
[ERROR] COMMON(702782,ffffba1ae020,python):2026-09-14-16:05:26.870.783 [mindspore/ccsrc/pybind_api/ir/tensor_py.cc:730] DataPtr] Tensor device address is null
[ERROR] COMMON(702782,ffffba1ae020,python):2026-09-14-16:05:26.880.345 [mindspore/ccsrc/pybind_api/ir/tensor_py.cc:730] DataPtr] Tensor device address is null
[ERROR] COMMON(702782,ffffba1ae020,python):2026-09-14-16:05:26.888.931 [mindspore/ccsrc/pybind_api/ir/tensor_py.cc:730] DataPtr] Tensor device address is null
[ERROR] COMMON(702782,ffffba1ae020,python):2026-09-14-16:05:26.889.714 [mindspore/ccsrc/pybind_api/ir/tensor_py.cc:730] DataPtr] Tensor device address is null
[ERROR] COMMON(702782,ffffba1ae020,python):2026-09-14-16:05:26.890.405 [mindspore/ccsrc/pybind_api/ir/tensor_py.cc:730] DataPtr] Tensor device address is null
[ERROR] COMMON(702782,ffffba1ae020,python):2026-09-14-16:05:26.891.096 [mindspore/ccsrc/pybind_api/ir/tensor_py.cc:730] DataPtr] Tensor device address is null
[ERROR] COMMON(702782,ffffba1ae020,python):2026-09-14-16:05:26.891.795 [mindspore/ccsrc/pybind_api/ir/tensor_py.cc:730] DataPtr] Tensor device address is null
[ERROR] COMMON(702782,ffffba1ae020,python):2026-09-14-16:05:26.892.513 [mindspore/ccsrc/pybind_api/ir/tensor_py.cc:730] DataPtr] Tensor device address is null
[ERROR] COMMON(702782,ffffba1ae020,python):2026-09-14-16:05:26.902.256 [mindspore/ccsrc/pybind_api/ir/tensor_py.cc:730] DataPtr] Tensor device address is null
[ERROR] COMMON(702782,ffffba1ae020,python):2026-09-14-16:05:26.903.021 [mindspore/ccsrc/pybind_api/ir/tensor_py.cc:730] DataPtr] Tensor device address is null
[ERROR] COMMON(702782,ffffba1ae020,python):2026-09-14-16:05:26.905.038 [mindspore/ccsrc/pybind_api/ir/tensor_py.cc:730] DataPtr] Tensor device address is null
[ERROR] COMMON(702782,ffffba1ae020,python):2026-09-14-16:05:26.905.758 [mindspore/ccsrc/pybind_api/ir/tensor_py.cc:730] DataPtr] Tensor device address is null
[ERROR] COMMON(702782,ffffba1ae020,python):2026-09-14-16:05:26.907.683 [mindspore/ccsrc/pybind_api/ir/tensor_py.cc:730] DataPtr] Tensor device address is null
[ERROR] COMMON(702782,ffffba1ae020,python):2026-09-14-16:05:26.908.389 [mindspore/ccsrc/pybind_api/ir/tensor_py.cc:730] DataPtr] Tensor device address is null
[ERROR] COMMON(702782,ffffba1ae020,python):2026-09-14-16:05:26.910.290 [mindspore/ccsrc/pybind_api/ir/tensor_py.cc:730] DataPtr] Tensor device address is null
[ERROR] COMMON(702782,ffffba1ae020,python):2026-09-14-16:05:26.911.021 [mindspore/ccsrc/pybind_api/ir/tensor_py.cc:730] DataPtr] Tensor device address is null
[ERROR] COMMON(702782,ffffba1ae020,python):2026-09-14-16:05:26.922.928 [mindspore/ccsrc/pybind_api/ir/tensor_py.cc:730] DataPtr] Tensor device address is null
[ERROR] COMMON(702782,ffffba1ae020,python):2026-09-14-16:05:26.930.920 [mindspore/ccsrc/pybind_api/ir/tensor_py.cc:730] DataPtr] Tensor device address is null
[ERROR] COMMON(702782,ffffba1ae020,python):2026-09-14-16:05:26.943.691 [mindspore/ccsrc/pybind_api/ir/tensor_py.cc:730] DataPtr] Tensor device address is null
[ERROR] COMMON(702782,ffffba1ae020,python):2026-09-14-16:05:26.944.477 [mindspore/ccsrc/pybind_api/ir/tensor_py.cc:730] DataPtr] Tensor device address is null
[ERROR] COMMON(702782,ffffba1ae020,python):2026-09-14-16:05:26.945.199 [mindspore/ccsrc/pybind_api/ir/tensor_py.cc:730] DataPtr] Tensor device address is null
[ERROR] COMMON(702782,ffffba1ae020,python):2026-09-14-16:05:26.945.921 [mindspore/ccsrc/pybind_api/ir/tensor_py.cc:730] DataPtr] Tensor device address is null
[ERROR] COMMON(702782,ffffba1ae020,python):2026-09-14-16:05:26.946.628 [mindspore/ccsrc/pybind_api/ir/tensor_py.cc:730] DataPtr] Tensor device address is null
[ERROR] COMMON(702782,ffffba1ae020,python):2026-09-14-16:05:26.947.339 [mindspore/ccsrc/pybind_api/ir/tensor_py.cc:730] DataPtr] Tensor device address is null
[ERROR] COMMON(702782,ffffba1ae020,python):2026-09-14-16:05:26.949.240 [mindspore/ccsrc/pybind_api/ir/tensor_py.cc:730] DataPtr] Tensor device address is null
[ERROR] COMMON(702782,ffffba1ae020,python):2026-09-14-16:05:26.949.960 [mindspore/ccsrc/pybind_api/ir/tensor_py.cc:730] DataPtr] Tensor device address is null
[ERROR] COMMON(702782,ffffba1ae020,python):2026-09-14-16:05:26.952.676 [mindspore/ccsrc/pybind_api/ir/tensor_py.cc:730] DataPtr] Tensor device address is null
[ERROR] COMMON(702782,ffffba1ae020,python):2026-09-14-16:05:26.953.399 [mindspore/ccsrc/pybind_api/ir/tensor_py.cc:730] DataPtr] Tensor device address is null
[ERROR] COMMON(702782,ffffba1ae020,python):2026-09-14-16:05:26.956.090 [mindspore/ccsrc/pybind_api/ir/tensor_py.cc:730] DataPtr] Tensor device address is null
[ERROR] COMMON(702782,ffffba1ae020,python):2026-09-14-16:05:26.956.835 [mindspore/ccsrc/pybind_api/ir/tensor_py.cc:730] DataPtr] Tensor device address is null
[ERROR] COMMON(702782,ffffba1ae020,python):2026-09-14-16:05:26.959.568 [mindspore/ccsrc/pybind_api/ir/tensor_py.cc:730] DataPtr] Tensor device address is null
[ERROR] COMMON(702782,ffffba1ae020,python):2026-09-14-16:05:26.960.295 [mindspore/ccsrc/pybind_api/ir/tensor_py.cc:730] DataPtr] Tensor device address is null
[ERROR] COMMON(702782,ffffba1ae020,python):2026-09-14-16:05:26.965.889 [mindspore/ccsrc/pybind_api/ir/tensor_py.cc:730] DataPtr] Tensor device address is null
[ERROR] COMMON(702782,ffffba1ae020,python):2026-09-14-16:05:26.966.668 [mindspore/ccsrc/pybind_api/ir/tensor_py.cc:730] DataPtr] Tensor device address is null
[ERROR] COMMON(702782,ffffba1ae020,python):2026-09-14-16:05:26.972.795 [mindspore/ccsrc/pybind_api/ir/tensor_py.cc:730] DataPtr] Tensor device address is null
[ERROR] COMMON(702782,ffffba1ae020,python):2026-09-14-16:05:26.973.559 [mindspore/ccsrc/pybind_api/ir/tensor_py.cc:730] DataPtr] Tensor device address is null
[ERROR] COMMON(702782,ffffba1ae020,python):2026-09-14-16:05:26.974.272 [mindspore/ccsrc/pybind_api/ir/tensor_py.cc:730] DataPtr] Tensor device address is null
[ERROR] COMMON(702782,ffffba1ae020,python):2026-09-14-16:05:26.974.994 [mindspore/ccsrc/pybind_api/ir/tensor_py.cc:730] DataPtr] Tensor device address is null
[ERROR] COMMON(702782,ffffba1ae020,python):2026-09-14-16:05:26.975.701 [mindspore/ccsrc/pybind_api/ir/tensor_py.cc:730] DataPtr] Tensor device address is null
[ERROR] COMMON(702782,ffffba1ae020,python):2026-09-14-16:05:26.976.431 [mindspore/ccsrc/pybind_api/ir/tensor_py.cc:730] DataPtr] Tensor device address is null
[ERROR] COMMON(702782,ffffba1ae020,python):2026-09-14-16:05:26.979.145 [mindspore/ccsrc/pybind_api/ir/tensor_py.cc:730] DataPtr] Tensor device address is null
[ERROR] COMMON(702782,ffffba1ae020,python):2026-09-14-16:05:26.979.878 [mindspore/ccsrc/pybind_api/ir/tensor_py.cc:730] DataPtr] Tensor device address is null
[ERROR] COMMON(702782,ffffba1ae020,python):2026-09-14-16:05:26.982.612 [mindspore/ccsrc/pybind_api/ir/tensor_py.cc:730] DataPtr] Tensor device address is null
[ERROR] COMMON(702782,ffffba1ae020,python):2026-09-14-16:05:26.983.344 [mindspore/ccsrc/pybind_api/ir/tensor_py.cc:730] DataPtr] Tensor device address is null
[ERROR] COMMON(702782,ffffba1ae020,python):2026-09-14-16:05:26.985.473 [mindspore/ccsrc/pybind_api/ir/tensor_py.cc:730] DataPtr] Tensor device address is null
[ERROR] COMMON(702782,ffffba1ae020,python):2026-09-14-16:05:26.986.209 [mindspore/ccsrc/pybind_api/ir/tensor_py.cc:730] DataPtr] Tensor device address is null
[ERROR] COMMON(702782,ffffba1ae020,python):2026-09-14-16:05:26.988.436 [mindspore/ccsrc/pybind_api/ir/tensor_py.cc:730] DataPtr] Tensor device address is null
[ERROR] COMMON(702782,ffffba1ae020,python):2026-09-14-16:05:26.989.170 [mindspore/ccsrc/pybind_api/ir/tensor_py.cc:730] DataPtr] Tensor device address is null
[ERROR] COMMON(702782,ffffba1ae020,python):2026-09-14-16:05:26.995.254 [mindspore/ccsrc/pybind_api/ir/tensor_py.cc:730] DataPtr] Tensor device address is null
[ERROR] COMMON(702782,ffffba1ae020,python):2026-09-14-16:05:26.996.025 [mindspore/ccsrc/pybind_api/ir/tensor_py.cc:730] DataPtr] Tensor device address is null
[ERROR] COMMON(702782,ffffba1ae020,python):2026-09-14-16:05:27.001.700 [mindspore/ccsrc/pybind_api/ir/tensor_py.cc:730] DataPtr] Tensor device address is null
[ERROR] COMMON(702782,ffffba1ae020,python):2026-09-14-16:05:27.002.464 [mindspore/ccsrc/pybind_api/ir/tensor_py.cc:730] DataPtr] Tensor device address is null
[ERROR] COMMON(702782,ffffba1ae020,python):2026-09-14-16:05:27.003.181 [mindspore/ccsrc/pybind_api/ir/tensor_py.cc:730] DataPtr] Tensor device address is null
[ERROR] COMMON(702782,ffffba1ae020,python):2026-09-14-16:05:27.003.881 [mindspore/ccsrc/pybind_api/ir/tensor_py.cc:730] DataPtr] Tensor device address is null
[ERROR] COMMON(702782,ffffba1ae020,python):2026-09-14-16:05:27.004.586 [mindspore/ccsrc/pybind_api/ir/tensor_py.cc:730] DataPtr] Tensor device address is null
[ERROR] COMMON(702782,ffffba1ae020,python):2026-09-14-16:05:27.005.298 [mindspore/ccsrc/pybind_api/ir/tensor_py.cc:730] DataPtr] Tensor device address is null
[ERROR] COMMON(702782,ffffba1ae020,python):2026-09-14-16:05:27.008.001 [mindspore/ccsrc/pybind_api/ir/tensor_py.cc:730] DataPtr] Tensor device address is null
[ERROR] COMMON(702782,ffffba1ae020,python):2026-09-14-16:05:27.008.754 [mindspore/ccsrc/pybind_api/ir/tensor_py.cc:730] DataPtr] Tensor device address is null
[ERROR] COMMON(702782,ffffba1ae020,python):2026-09-14-16:05:27.011.462 [mindspore/ccsrc/pybind_api/ir/tensor_py.cc:730] DataPtr] Tensor device address is null
[ERROR] COMMON(702782,ffffba1ae020,python):2026-09-14-16:05:27.012.184 [mindspore/ccsrc/pybind_api/ir/tensor_py.cc:730] DataPtr] Tensor device address is null
[ERROR] COMMON(702782,ffffba1ae020,python):2026-09-14-16:05:27.014.937 [mindspore/ccsrc/pybind_api/ir/tensor_py.cc:730] DataPtr] Tensor device address is null
[ERROR] COMMON(702782,ffffba1ae020,python):2026-09-14-16:05:27.015.646 [mindspore/ccsrc/pybind_api/ir/tensor_py.cc:730] DataPtr] Tensor device address is null
[ERROR] COMMON(702782,ffffba1ae020,python):2026-09-14-16:05:27.018.333 [mindspore/ccsrc/pybind_api/ir/tensor_py.cc:730] DataPtr] Tensor device address is null
[ERROR] COMMON(702782,ffffba1ae020,python):2026-09-14-16:05:27.019.048 [mindspore/ccsrc/pybind_api/ir/tensor_py.cc:730] DataPtr] Tensor device address is null
[ERROR] COMMON(702782,ffffba1ae020,python):2026-09-14-16:05:27.024.645 [mindspore/ccsrc/pybind_api/ir/tensor_py.cc:730] DataPtr] Tensor device address is null
[ERROR] COMMON(702782,ffffba1ae020,python):2026-09-14-16:05:27.025.392 [mindspore/ccsrc/pybind_api/ir/tensor_py.cc:730] DataPtr] Tensor device address is null
[ERROR] COMMON(702782,ffffba1ae020,python):2026-09-14-16:05:27.031.534 [mindspore/ccsrc/pybind_api/ir/tensor_py.cc:730] DataPtr] Tensor device address is null
[ERROR] COMMON(702782,ffffba1ae020,python):2026-09-14-16:05:27.032.284 [mindspore/ccsrc/pybind_api/ir/tensor_py.cc:730] DataPtr] Tensor device address is null
[ERROR] COMMON(702782,ffffba1ae020,python):2026-09-14-16:05:27.032.991 [mindspore/ccsrc/pybind_api/ir/tensor_py.cc:730] DataPtr] Tensor device address is null
[ERROR] COMMON(702782,ffffba1ae020,python):2026-09-14-16:05:27.033.708 [mindspore/ccsrc/pybind_api/ir/tensor_py.cc:730] DataPtr] Tensor device address is null
[ERROR] COMMON(702782,ffffba1ae020,python):2026-09-14-16:05:27.034.415 [mindspore/ccsrc/pybind_api/ir/tensor_py.cc:730] DataPtr] Tensor device address is null
[ERROR] COMMON(702782,ffffba1ae020,python):2026-09-14-16:05:27.035.124 [mindspore/ccsrc/pybind_api/ir/tensor_py.cc:730] DataPtr] Tensor device address is null
[ERROR] COMMON(702782,ffffba1ae020,python):2026-09-14-16:05:27.037.810 [mindspore/ccsrc/pybind_api/ir/tensor_py.cc:730] DataPtr] Tensor device address is null
[ERROR] COMMON(702782,ffffba1ae020,python):2026-09-14-16:05:27.038.552 [mindspore/ccsrc/pybind_api/ir/tensor_py.cc:730] DataPtr] Tensor device address is null
[ERROR] COMMON(702782,ffffba1ae020,python):2026-09-14-16:05:27.041.232 [mindspore/ccsrc/pybind_api/ir/tensor_py.cc:730] DataPtr] Tensor device address is null
[ERROR] COMMON(702782,ffffba1ae020,python):2026-09-14-16:05:27.041.984 [mindspore/ccsrc/pybind_api/ir/tensor_py.cc:730] DataPtr] Tensor device address is null
[ERROR] COMMON(702782,ffffba1ae020,python):2026-09-14-16:05:27.044.108 [mindspore/ccsrc/pybind_api/ir/tensor_py.cc:730] DataPtr] Tensor device address is null
[ERROR] COMMON(702782,ffffba1ae020,python):2026-09-14-16:05:27.044.843 [mindspore/ccsrc/pybind_api/ir/tensor_py.cc:730] DataPtr] Tensor device address is null
[ERROR] COMMON(702782,ffffba1ae020,python):2026-09-14-16:05:27.047.028 [mindspore/ccsrc/pybind_api/ir/tensor_py.cc:730] DataPtr] Tensor device address is null
[ERROR] COMMON(702782,ffffba1ae020,python):2026-09-14-16:05:27.047.750 [mindspore/ccsrc/pybind_api/ir/tensor_py.cc:730] DataPtr] Tensor device address is null
[ERROR] COMMON(702782,ffffba1ae020,python):2026-09-14-16:05:27.053.850 [mindspore/ccsrc/pybind_api/ir/tensor_py.cc:730] DataPtr] Tensor device address is null
[ERROR] COMMON(702782,ffffba1ae020,python):2026-09-14-16:05:27.054.639 [mindspore/ccsrc/pybind_api/ir/tensor_py.cc:730] DataPtr] Tensor device address is null
[ERROR] COMMON(702782,ffffba1ae020,python):2026-09-14-16:05:27.061.505 [mindspore/ccsrc/pybind_api/ir/tensor_py.cc:730] DataPtr] Tensor device address is null
[ERROR] COMMON(702782,ffffba1ae020,python):2026-09-14-16:05:27.062.313 [mindspore/ccsrc/pybind_api/ir/tensor_py.cc:730] DataPtr] Tensor device address is null
[ERROR] COMMON(702782,ffffba1ae020,python):2026-09-14-16:05:27.063.044 [mindspore/ccsrc/pybind_api/ir/tensor_py.cc:730] DataPtr] Tensor device address is null
[ERROR] COMMON(702782,ffffba1ae020,python):2026-09-14-16:05:27.063.775 [mindspore/ccsrc/pybind_api/ir/tensor_py.cc:730] DataPtr] Tensor device address is null
[ERROR] COMMON(702782,ffffba1ae020,python):2026-09-14-16:05:27.064.484 [mindspore/ccsrc/pybind_api/ir/tensor_py.cc:730] DataPtr] Tensor device address is null
[ERROR] COMMON(702782,ffffba1ae020,python):2026-09-14-16:05:27.065.232 [mindspore/ccsrc/pybind_api/ir/tensor_py.cc:730] DataPtr] Tensor device address is null
[ERROR] COMMON(702782,ffffba1ae020,python):2026-09-14-16:05:27.067.963 [mindspore/ccsrc/pybind_api/ir/tensor_py.cc:730] DataPtr] Tensor device address is null
[ERROR] COMMON(702782,ffffba1ae020,python):2026-09-14-16:05:27.068.725 [mindspore/ccsrc/pybind_api/ir/tensor_py.cc:730] DataPtr] Tensor device address is null
[ERROR] COMMON(702782,ffffba1ae020,python):2026-09-14-16:05:27.071.481 [mindspore/ccsrc/pybind_api/ir/tensor_py.cc:730] DataPtr] Tensor device address is null
[ERROR] COMMON(702782,ffffba1ae020,python):2026-09-14-16:05:27.072.225 [mindspore/ccsrc/pybind_api/ir/tensor_py.cc:730] DataPtr] Tensor device address is null
[ERROR] COMMON(702782,ffffba1ae020,python):2026-09-14-16:05:27.074.927 [mindspore/ccsrc/pybind_api/ir/tensor_py.cc:730] DataPtr] Tensor device address is null
[ERROR] COMMON(702782,ffffba1ae020,python):2026-09-14-16:05:27.075.677 [mindspore/ccsrc/pybind_api/ir/tensor_py.cc:730] DataPtr] Tensor device address is null
[ERROR] COMMON(702782,ffffba1ae020,python):2026-09-14-16:05:27.078.402 [mindspore/ccsrc/pybind_api/ir/tensor_py.cc:730] DataPtr] Tensor device address is null
[ERROR] COMMON(702782,ffffba1ae020,python):2026-09-14-16:05:27.079.147 [mindspore/ccsrc/pybind_api/ir/tensor_py.cc:730] DataPtr] Tensor device address is null
[ERROR] COMMON(702782,ffffba1ae020,python):2026-09-14-16:05:27.084.801 [mindspore/ccsrc/pybind_api/ir/tensor_py.cc:730] DataPtr] Tensor device address is null
[ERROR] COMMON(702782,ffffba1ae020,python):2026-09-14-16:05:27.085.567 [mindspore/ccsrc/pybind_api/ir/tensor_py.cc:730] DataPtr] Tensor device address is null
[ERROR] COMMON(702782,ffffba1ae020,python):2026-09-14-16:05:27.091.707 [mindspore/ccsrc/pybind_api/ir/tensor_py.cc:730] DataPtr] Tensor device address is null
[ERROR] COMMON(702782,ffffba1ae020,python):2026-09-14-16:05:27.092.501 [mindspore/ccsrc/pybind_api/ir/tensor_py.cc:730] DataPtr] Tensor device address is null
[ERROR] COMMON(702782,ffffba1ae020,python):2026-09-14-16:05:27.093.224 [mindspore/ccsrc/pybind_api/ir/tensor_py.cc:730] DataPtr] Tensor device address is null
[ERROR] COMMON(702782,ffffba1ae020,python):2026-09-14-16:05:27.093.955 [mindspore/ccsrc/pybind_api/ir/tensor_py.cc:730] DataPtr] Tensor device address is null
[ERROR] COMMON(702782,ffffba1ae020,python):2026-09-14-16:05:27.094.666 [mindspore/ccsrc/pybind_api/ir/tensor_py.cc:730] DataPtr] Tensor device address is null
[ERROR] COMMON(702782,ffffba1ae020,python):2026-09-14-16:05:27.095.401 [mindspore/ccsrc/pybind_api/ir/tensor_py.cc:730] DataPtr] Tensor device address is null
[ERROR] COMMON(702782,ffffba1ae020,python):2026-09-14-16:05:27.098.185 [mindspore/ccsrc/pybind_api/ir/tensor_py.cc:730] DataPtr] Tensor device address is null
[ERROR] COMMON(702782,ffffba1ae020,python):2026-09-14-16:05:27.098.954 [mindspore/ccsrc/pybind_api/ir/tensor_py.cc:730] DataPtr] Tensor device address is null
[ERROR] COMMON(702782,ffffba1ae020,python):2026-09-14-16:05:27.101.733 [mindspore/ccsrc/pybind_api/ir/tensor_py.cc:730] DataPtr] Tensor device address is null
[ERROR] COMMON(702782,ffffba1ae020,python):2026-09-14-16:05:27.102.474 [mindspore/ccsrc/pybind_api/ir/tensor_py.cc:730] DataPtr] Tensor device address is null
[ERROR] COMMON(702782,ffffba1ae020,python):2026-09-14-16:05:27.104.582 [mindspore/ccsrc/pybind_api/ir/tensor_py.cc:730] DataPtr] Tensor device address is null
[ERROR] COMMON(702782,ffffba1ae020,python):2026-09-14-16:05:27.105.305 [mindspore/ccsrc/pybind_api/ir/tensor_py.cc:730] DataPtr] Tensor device address is null
[ERROR] COMMON(702782,ffffba1ae020,python):2026-09-14-16:05:27.107.496 [mindspore/ccsrc/pybind_api/ir/tensor_py.cc:730] DataPtr] Tensor device address is null
[ERROR] COMMON(702782,ffffba1ae020,python):2026-09-14-16:05:27.108.236 [mindspore/ccsrc/pybind_api/ir/tensor_py.cc:730] DataPtr] Tensor device address is null
[ERROR] COMMON(702782,ffffba1ae020,python):2026-09-14-16:05:27.114.415 [mindspore/ccsrc/pybind_api/ir/tensor_py.cc:730] DataPtr] Tensor device address is null
[ERROR] COMMON(702782,ffffba1ae020,python):2026-09-14-16:05:27.115.175 [mindspore/ccsrc/pybind_api/ir/tensor_py.cc:730] DataPtr] Tensor device address is null
[ERROR] COMMON(702782,ffffba1ae020,python):2026-09-14-16:05:27.120.832 [mindspore/ccsrc/pybind_api/ir/tensor_py.cc:730] DataPtr] Tensor device address is null
[ERROR] COMMON(702782,ffffba1ae020,python):2026-09-14-16:05:27.121.596 [mindspore/ccsrc/pybind_api/ir/tensor_py.cc:730] DataPtr] Tensor device address is null
[ERROR] COMMON(702782,ffffba1ae020,python):2026-09-14-16:05:27.122.299 [mindspore/ccsrc/pybind_api/ir/tensor_py.cc:730] DataPtr] Tensor device address is null
[ERROR] COMMON(702782,ffffba1ae020,python):2026-09-14-16:05:27.123.029 [mindspore/ccsrc/pybind_api/ir/tensor_py.cc:730] DataPtr] Tensor device address is null
[ERROR] COMMON(702782,ffffba1ae020,python):2026-09-14-16:05:27.123.738 [mindspore/ccsrc/pybind_api/ir/tensor_py.cc:730] DataPtr] Tensor device address is null
[ERROR] COMMON(702782,ffffba1ae020,python):2026-09-14-16:05:27.124.447 [mindspore/ccsrc/pybind_api/ir/tensor_py.cc:730] DataPtr] Tensor device address is null
[ERROR] COMMON(702782,ffffba1ae020,python):2026-09-14-16:05:27.127.177 [mindspore/ccsrc/pybind_api/ir/tensor_py.cc:730] DataPtr] Tensor device address is null
[ERROR] COMMON(702782,ffffba1ae020,python):2026-09-14-16:05:27.127.918 [mindspore/ccsrc/pybind_api/ir/tensor_py.cc:730] DataPtr] Tensor device address is null
[ERROR] COMMON(702782,ffffba1ae020,python):2026-09-14-16:05:27.130.684 [mindspore/ccsrc/pybind_api/ir/tensor_py.cc:730] DataPtr] Tensor device address is null
[ERROR] COMMON(702782,ffffba1ae020,python):2026-09-14-16:05:27.131.425 [mindspore/ccsrc/pybind_api/ir/tensor_py.cc:730] DataPtr] Tensor device address is null
[ERROR] COMMON(702782,ffffba1ae020,python):2026-09-14-16:05:27.134.109 [mindspore/ccsrc/pybind_api/ir/tensor_py.cc:730] DataPtr] Tensor device address is null
[ERROR] COMMON(702782,ffffba1ae020,python):2026-09-14-16:05:27.134.833 [mindspore/ccsrc/pybind_api/ir/tensor_py.cc:730] DataPtr] Tensor device address is null
[ERROR] COMMON(702782,ffffba1ae020,python):2026-09-14-16:05:27.137.549 [mindspore/ccsrc/pybind_api/ir/tensor_py.cc:730] DataPtr] Tensor device address is null
[ERROR] COMMON(702782,ffffba1ae020,python):2026-09-14-16:05:27.138.278 [mindspore/ccsrc/pybind_api/ir/tensor_py.cc:730] DataPtr] Tensor device address is null
[ERROR] COMMON(702782,ffffba1ae020,python):2026-09-14-16:05:27.143.918 [mindspore/ccsrc/pybind_api/ir/tensor_py.cc:730] DataPtr] Tensor device address is null
[ERROR] COMMON(702782,ffffba1ae020,python):2026-09-14-16:05:27.144.709 [mindspore/ccsrc/pybind_api/ir/tensor_py.cc:730] DataPtr] Tensor device address is null
[ERROR] COMMON(702782,ffffba1ae020,python):2026-09-14-16:05:27.150.864 [mindspore/ccsrc/pybind_api/ir/tensor_py.cc:730] DataPtr] Tensor device address is null
[ERROR] COMMON(702782,ffffba1ae020,python):2026-09-14-16:05:27.151.640 [mindspore/ccsrc/pybind_api/ir/tensor_py.cc:730] DataPtr] Tensor device address is null
[ERROR] COMMON(702782,ffffba1ae020,python):2026-09-14-16:05:27.152.355 [mindspore/ccsrc/pybind_api/ir/tensor_py.cc:730] DataPtr] Tensor device address is null
[ERROR] COMMON(702782,ffffba1ae020,python):2026-09-14-16:05:27.153.081 [mindspore/ccsrc/pybind_api/ir/tensor_py.cc:730] DataPtr] Tensor device address is null
[ERROR] COMMON(702782,ffffba1ae020,python):2026-09-14-16:05:27.153.789 [mindspore/ccsrc/pybind_api/ir/tensor_py.cc:730] DataPtr] Tensor device address is null
[ERROR] COMMON(702782,ffffba1ae020,python):2026-09-14-16:05:27.154.525 [mindspore/ccsrc/pybind_api/ir/tensor_py.cc:730] DataPtr] Tensor device address is null
[ERROR] COMMON(702782,ffffba1ae020,python):2026-09-14-16:05:27.157.222 [mindspore/ccsrc/pybind_api/ir/tensor_py.cc:730] DataPtr] Tensor device address is null
[ERROR] COMMON(702782,ffffba1ae020,python):2026-09-14-16:05:27.157.983 [mindspore/ccsrc/pybind_api/ir/tensor_py.cc:730] DataPtr] Tensor device address is null
[ERROR] COMMON(702782,ffffba1ae020,python):2026-09-14-16:05:27.160.721 [mindspore/ccsrc/pybind_api/ir/tensor_py.cc:730] DataPtr] Tensor device address is null
[ERROR] COMMON(702782,ffffba1ae020,python):2026-09-14-16:05:27.161.463 [mindspore/ccsrc/pybind_api/ir/tensor_py.cc:730] DataPtr] Tensor device address is null
[ERROR] COMMON(702782,ffffba1ae020,python):2026-09-14-16:05:27.163.582 [mindspore/ccsrc/pybind_api/ir/tensor_py.cc:730] DataPtr] Tensor device address is null
[ERROR] COMMON(702782,ffffba1ae020,python):2026-09-14-16:05:27.164.343 [mindspore/ccsrc/pybind_api/ir/tensor_py.cc:730] DataPtr] Tensor device address is null
[ERROR] COMMON(702782,ffffba1ae020,python):2026-09-14-16:05:27.166.539 [mindspore/ccsrc/pybind_api/ir/tensor_py.cc:730] DataPtr] Tensor device address is null
[ERROR] COMMON(702782,ffffba1ae020,python):2026-09-14-16:05:27.167.285 [mindspore/ccsrc/pybind_api/ir/tensor_py.cc:730] DataPtr] Tensor device address is null
[ERROR] COMMON(702782,ffffba1ae020,python):2026-09-14-16:05:27.173.399 [mindspore/ccsrc/pybind_api/ir/tensor_py.cc:730] DataPtr] Tensor device address is null
[ERROR] COMMON(702782,ffffba1ae020,python):2026-09-14-16:05:27.174.157 [mindspore/ccsrc/pybind_api/ir/tensor_py.cc:730] DataPtr] Tensor device address is null
[ERROR] COMMON(702782,ffffba1ae020,python):2026-09-14-16:05:27.179.746 [mindspore/ccsrc/pybind_api/ir/tensor_py.cc:730] DataPtr] Tensor device address is null
[ERROR] COMMON(702782,ffffba1ae020,python):2026-09-14-16:05:27.180.527 [mindspore/ccsrc/pybind_api/ir/tensor_py.cc:730] DataPtr] Tensor device address is null
[ERROR] COMMON(702782,ffffba1ae020,python):2026-09-14-16:05:27.181.265 [mindspore/ccsrc/pybind_api/ir/tensor_py.cc:730] DataPtr] Tensor device address is null
[ERROR] COMMON(702782,ffffba1ae020,python):2026-09-14-16:05:27.182.000 [mindspore/ccsrc/pybind_api/ir/tensor_py.cc:730] DataPtr] Tensor device address is null
[ERROR] COMMON(702782,ffffba1ae020,python):2026-09-14-16:05:27.182.707 [mindspore/ccsrc/pybind_api/ir/tensor_py.cc:730] DataPtr] Tensor device address is null
[ERROR] COMMON(702782,ffffba1ae020,python):2026-09-14-16:05:27.183.435 [mindspore/ccsrc/pybind_api/ir/tensor_py.cc:730] DataPtr] Tensor device address is null
[ERROR] COMMON(702782,ffffba1ae020,python):2026-09-14-16:05:27.186.158 [mindspore/ccsrc/pybind_api/ir/tensor_py.cc:730] DataPtr] Tensor device address is null
[ERROR] COMMON(702782,ffffba1ae020,python):2026-09-14-16:05:27.186.912 [mindspore/ccsrc/pybind_api/ir/tensor_py.cc:730] DataPtr] Tensor device address is null
[ERROR] COMMON(702782,ffffba1ae020,python):2026-09-14-16:05:27.189.678 [mindspore/ccsrc/pybind_api/ir/tensor_py.cc:730] DataPtr] Tensor device address is null
[ERROR] COMMON(702782,ffffba1ae020,python):2026-09-14-16:05:27.190.405 [mindspore/ccsrc/pybind_api/ir/tensor_py.cc:730] DataPtr] Tensor device address is null
[ERROR] COMMON(702782,ffffba1ae020,python):2026-09-14-16:05:27.193.114 [mindspore/ccsrc/pybind_api/ir/tensor_py.cc:730] DataPtr] Tensor device address is null
[ERROR] COMMON(702782,ffffba1ae020,python):2026-09-14-16:05:27.193.861 [mindspore/ccsrc/pybind_api/ir/tensor_py.cc:730] DataPtr] Tensor device address is null
[ERROR] COMMON(702782,ffffba1ae020,python):2026-09-14-16:05:27.196.550 [mindspore/ccsrc/pybind_api/ir/tensor_py.cc:730] DataPtr] Tensor device address is null
[ERROR] COMMON(702782,ffffba1ae020,python):2026-09-14-16:05:27.197.296 [mindspore/ccsrc/pybind_api/ir/tensor_py.cc:730] DataPtr] Tensor device address is null
[ERROR] COMMON(702782,ffffba1ae020,python):2026-09-14-16:05:27.202.928 [mindspore/ccsrc/pybind_api/ir/tensor_py.cc:730] DataPtr] Tensor device address is null
[ERROR] COMMON(702782,ffffba1ae020,python):2026-09-14-16:05:27.203.686 [mindspore/ccsrc/pybind_api/ir/tensor_py.cc:730] DataPtr] Tensor device address is null
[ERROR] COMMON(702782,ffffba1ae020,python):2026-09-14-16:05:27.209.812 [mindspore/ccsrc/pybind_api/ir/tensor_py.cc:730] DataPtr] Tensor device address is null
[ERROR] COMMON(702782,ffffba1ae020,python):2026-09-14-16:05:27.210.572 [mindspore/ccsrc/pybind_api/ir/tensor_py.cc:730] DataPtr] Tensor device address is null
[ERROR] COMMON(702782,ffffba1ae020,python):2026-09-14-16:05:27.211.286 [mindspore/ccsrc/pybind_api/ir/tensor_py.cc:730] DataPtr] Tensor device address is null
[ERROR] COMMON(702782,ffffba1ae020,python):2026-09-14-16:05:27.212.004 [mindspore/ccsrc/pybind_api/ir/tensor_py.cc:730] DataPtr] Tensor device address is null
[ERROR] COMMON(702782,ffffba1ae020,python):2026-09-14-16:05:27.212.706 [mindspore/ccsrc/pybind_api/ir/tensor_py.cc:730] DataPtr] Tensor device address is null
[ERROR] COMMON(702782,ffffba1ae020,python):2026-09-14-16:05:27.213.434 [mindspore/ccsrc/pybind_api/ir/tensor_py.cc:730] DataPtr] Tensor device address is null
[ERROR] COMMON(702782,ffffba1ae020,python):2026-09-14-16:05:27.216.184 [mindspore/ccsrc/pybind_api/ir/tensor_py.cc:730] DataPtr] Tensor device address is null
[ERROR] COMMON(702782,ffffba1ae020,python):2026-09-14-16:05:27.216.944 [mindspore/ccsrc/pybind_api/ir/tensor_py.cc:730] DataPtr] Tensor device address is null
[ERROR] COMMON(702782,ffffba1ae020,python):2026-09-14-16:05:27.219.634 [mindspore/ccsrc/pybind_api/ir/tensor_py.cc:730] DataPtr] Tensor device address is null
[ERROR] COMMON(702782,ffffba1ae020,python):2026-09-14-16:05:27.220.404 [mindspore/ccsrc/pybind_api/ir/tensor_py.cc:730] DataPtr] Tensor device address is null
[ERROR] COMMON(702782,ffffba1ae020,python):2026-09-14-16:05:27.222.532 [mindspore/ccsrc/pybind_api/ir/tensor_py.cc:730] DataPtr] Tensor device address is null
[ERROR] COMMON(702782,ffffba1ae020,python):2026-09-14-16:05:27.223.256 [mindspore/ccsrc/pybind_api/ir/tensor_py.cc:730] DataPtr] Tensor device address is null
[ERROR] COMMON(702782,ffffba1ae020,python):2026-09-14-16:05:27.225.465 [mindspore/ccsrc/pybind_api/ir/tensor_py.cc:730] DataPtr] Tensor device address is null
[ERROR] COMMON(702782,ffffba1ae020,python):2026-09-14-16:05:27.226.187 [mindspore/ccsrc/pybind_api/ir/tensor_py.cc:730] DataPtr] Tensor device address is null
[ERROR] COMMON(702782,ffffba1ae020,python):2026-09-14-16:05:27.232.365 [mindspore/ccsrc/pybind_api/ir/tensor_py.cc:730] DataPtr] Tensor device address is null
[ERROR] COMMON(702782,ffffba1ae020,python):2026-09-14-16:05:27.233.156 [mindspore/ccsrc/pybind_api/ir/tensor_py.cc:730] DataPtr] Tensor device address is null
[ERROR] COMMON(702782,ffffba1ae020,python):2026-09-14-16:05:27.238.809 [mindspore/ccsrc/pybind_api/ir/tensor_py.cc:730] DataPtr] Tensor device address is null
[ERROR] COMMON(702782,ffffba1ae020,python):2026-09-14-16:05:27.239.577 [mindspore/ccsrc/pybind_api/ir/tensor_py.cc:730] DataPtr] Tensor device address is null
[ERROR] COMMON(702782,ffffba1ae020,python):2026-09-14-16:05:27.240.287 [mindspore/ccsrc/pybind_api/ir/tensor_py.cc:730] DataPtr] Tensor device address is null
[ERROR] COMMON(702782,ffffba1ae020,python):2026-09-14-16:05:27.241.007 [mindspore/ccsrc/pybind_api/ir/tensor_py.cc:730] DataPtr] Tensor device address is null
[ERROR] COMMON(702782,ffffba1ae020,python):2026-09-14-16:05:27.241.702 [mindspore/ccsrc/pybind_api/ir/tensor_py.cc:730] DataPtr] Tensor device address is null
[ERROR] COMMON(702782,ffffba1ae020,python):2026-09-14-16:05:27.242.436 [mindspore/ccsrc/pybind_api/ir/tensor_py.cc:730] DataPtr] Tensor device address is null
[ERROR] COMMON(702782,ffffba1ae020,python):2026-09-14-16:05:27.245.258 [mindspore/ccsrc/pybind_api/ir/tensor_py.cc:730] DataPtr] Tensor device address is null
[ERROR] COMMON(702782,ffffba1ae020,python):2026-09-14-16:05:27.246.009 [mindspore/ccsrc/pybind_api/ir/tensor_py.cc:730] DataPtr] Tensor device address is null
[ERROR] COMMON(702782,ffffba1ae020,python):2026-09-14-16:05:27.248.776 [mindspore/ccsrc/pybind_api/ir/tensor_py.cc:730] DataPtr] Tensor device address is null
[ERROR] COMMON(702782,ffffba1ae020,python):2026-09-14-16:05:27.249.499 [mindspore/ccsrc/pybind_api/ir/tensor_py.cc:730] DataPtr] Tensor device address is null
[ERROR] COMMON(702782,ffffba1ae020,python):2026-09-14-16:05:27.252.212 [mindspore/ccsrc/pybind_api/ir/tensor_py.cc:730] DataPtr] Tensor device address is null
[ERROR] COMMON(702782,ffffba1ae020,python):2026-09-14-16:05:27.253.003 [mindspore/ccsrc/pybind_api/ir/tensor_py.cc:730] DataPtr] Tensor device address is null
[ERROR] COMMON(702782,ffffba1ae020,python):2026-09-14-16:05:27.255.772 [mindspore/ccsrc/pybind_api/ir/tensor_py.cc:730] DataPtr] Tensor device address is null
[ERROR] COMMON(702782,ffffba1ae020,python):2026-09-14-16:05:27.256.515 [mindspore/ccsrc/pybind_api/ir/tensor_py.cc:730] DataPtr] Tensor device address is null
[ERROR] COMMON(702782,ffffba1ae020,python):2026-09-14-16:05:27.262.234 [mindspore/ccsrc/pybind_api/ir/tensor_py.cc:730] DataPtr] Tensor device address is null
[ERROR] COMMON(702782,ffffba1ae020,python):2026-09-14-16:05:27.262.994 [mindspore/ccsrc/pybind_api/ir/tensor_py.cc:730] DataPtr] Tensor device address is null
[ERROR] COMMON(702782,ffffba1ae020,python):2026-09-14-16:05:27.269.216 [mindspore/ccsrc/pybind_api/ir/tensor_py.cc:730] DataPtr] Tensor device address is null
[ERROR] COMMON(702782,ffffba1ae020,python):2026-09-14-16:05:27.270.069 [mindspore/ccsrc/pybind_api/ir/tensor_py.cc:730] DataPtr] Tensor device address is null
[ERROR] COMMON(702782,ffffba1ae020,python):2026-09-14-16:05:27.278.415 [mindspore/ccsrc/pybind_api/ir/tensor_py.cc:730] DataPtr] Tensor device address is null
[ERROR] COMMON(702782,ffffba1ae020,python):2026-09-14-16:05:27.285.690 [mindspore/ccsrc/pybind_api/ir/tensor_py.cc:730] DataPtr] Tensor device address is null
[ERROR] COMMON(702782,ffffba1ae020,python):2026-09-14-16:05:27.358.459 [mindspore/ccsrc/pybind_api/ir/tensor_py.cc:730] DataPtr] Tensor device address is null
[ERROR] COMMON(702782,ffffba1ae020,python):2026-09-14-16:05:27.359.718 [mindspore/ccsrc/pybind_api/ir/tensor_py.cc:730] DataPtr] Tensor device address is null
[ERROR] COMMON(702782,ffffba1ae020,python):2026-09-14-16:05:27.360.467 [mindspore/ccsrc/pybind_api/ir/tensor_py.cc:730] DataPtr] Tensor device address is null
[ERROR] COMMON(702782,ffffba1ae020,python):2026-09-14-16:05:27.361.191 [mindspore/ccsrc/pybind_api/ir/tensor_py.cc:730] DataPtr] Tensor device address is null
[ERROR] COMMON(702782,ffffba1ae020,python):2026-09-14-16:05:27.361.889 [mindspore/ccsrc/pybind_api/ir/tensor_py.cc:730] DataPtr] Tensor device address is null
[ERROR] COMMON(702782,ffffba1ae020,python):2026-09-14-16:05:27.362.608 [mindspore/ccsrc/pybind_api/ir/tensor_py.cc:730] DataPtr] Tensor device address is null
[ERROR] COMMON(702782,ffffba1ae020,python):2026-09-14-16:05:27.363.305 [mindspore/ccsrc/pybind_api/ir/tensor_py.cc:730] DataPtr] Tensor device address is null
[ERROR] COMMON(702782,ffffba1ae020,python):2026-09-14-16:05:27.364.001 [mindspore/ccsrc/pybind_api/ir/tensor_py.cc:730] DataPtr] Tensor device address is null
[ERROR] COMMON(702782,ffffba1ae020,python):2026-09-14-16:05:27.366.810 [mindspore/ccsrc/pybind_api/ir/tensor_py.cc:730] DataPtr] Tensor device address is null
[ERROR] COMMON(702782,ffffba1ae020,python):2026-09-14-16:05:27.367.520 [mindspore/ccsrc/pybind_api/ir/tensor_py.cc:730] DataPtr] Tensor device address is null
[ERROR] COMMON(702782,ffffba1ae020,python):2026-09-14-16:05:27.370.315 [mindspore/ccsrc/pybind_api/ir/tensor_py.cc:730] DataPtr] Tensor device address is null
[ERROR] COMMON(702782,ffffba1ae020,python):2026-09-14-16:05:27.371.039 [mindspore/ccsrc/pybind_api/ir/tensor_py.cc:730] DataPtr] Tensor device address is null
[ERROR] COMMON(702782,ffffba1ae020,python):2026-09-14-16:05:27.373.183 [mindspore/ccsrc/pybind_api/ir/tensor_py.cc:730] DataPtr] Tensor device address is null
[ERROR] COMMON(702782,ffffba1ae020,python):2026-09-14-16:05:27.373.893 [mindspore/ccsrc/pybind_api/ir/tensor_py.cc:730] DataPtr] Tensor device address is null
[ERROR] COMMON(702782,ffffba1ae020,python):2026-09-14-16:05:27.376.087 [mindspore/ccsrc/pybind_api/ir/tensor_py.cc:730] DataPtr] Tensor device address is null
[ERROR] COMMON(702782,ffffba1ae020,python):2026-09-14-16:05:27.376.809 [mindspore/ccsrc/pybind_api/ir/tensor_py.cc:730] DataPtr] Tensor device address is null
[ERROR] COMMON(702782,ffffba1ae020,python):2026-09-14-16:05:27.383.048 [mindspore/ccsrc/pybind_api/ir/tensor_py.cc:730] DataPtr] Tensor device address is null
[ERROR] COMMON(702782,ffffba1ae020,python):2026-09-14-16:05:27.383.818 [mindspore/ccsrc/pybind_api/ir/tensor_py.cc:730] DataPtr] Tensor device address is null
[ERROR] COMMON(702782,ffffba1ae020,python):2026-09-14-16:05:27.389.951 [mindspore/ccsrc/pybind_api/ir/tensor_py.cc:730] DataPtr] Tensor device address is null
[ERROR] COMMON(702782,ffffba1ae020,python):2026-09-14-16:05:27.390.699 [mindspore/ccsrc/pybind_api/ir/tensor_py.cc:730] DataPtr] Tensor device address is null
[ERROR] COMMON(702782,ffffba1ae020,python):2026-09-14-16:05:27.391.413 [mindspore/ccsrc/pybind_api/ir/tensor_py.cc:730] DataPtr] Tensor device address is null
[ERROR] COMMON(702782,ffffba1ae020,python):2026-09-14-16:05:27.392.765 [mindspore/ccsrc/pybind_api/ir/tensor_py.cc:730] DataPtr] Tensor device address is null
[ERROR] COMMON(702782,ffffba1ae020,python):2026-09-14-16:05:27.393.467 [mindspore/ccsrc/pybind_api/ir/tensor_py.cc:730] DataPtr] Tensor device address is null
[ERROR] COMMON(702782,ffffba1ae020,python):2026-09-14-16:05:27.394.181 [mindspore/ccsrc/pybind_api/ir/tensor_py.cc:730] DataPtr] Tensor device address is null
[ERROR] COMMON(702782,ffffba1ae020,python):2026-09-14-16:05:27.396.772 [mindspore/ccsrc/pybind_api/ir/tensor_py.cc:730] DataPtr] Tensor device address is null
[ERROR] COMMON(702782,ffffba1ae020,python):2026-09-14-16:05:27.397.481 [mindspore/ccsrc/pybind_api/ir/tensor_py.cc:730] DataPtr] Tensor device address is null
[ERROR] COMMON(702782,ffffba1ae020,python):2026-09-14-16:05:27.400.096 [mindspore/ccsrc/pybind_api/ir/tensor_py.cc:730] DataPtr] Tensor device address is null
[ERROR] COMMON(702782,ffffba1ae020,python):2026-09-14-16:05:27.400.824 [mindspore/ccsrc/pybind_api/ir/tensor_py.cc:730] DataPtr] Tensor device address is null
[ERROR] COMMON(702782,ffffba1ae020,python):2026-09-14-16:05:27.403.403 [mindspore/ccsrc/pybind_api/ir/tensor_py.cc:730] DataPtr] Tensor device address is null
[ERROR] COMMON(702782,ffffba1ae020,python):2026-09-14-16:05:27.404.128 [mindspore/ccsrc/pybind_api/ir/tensor_py.cc:730] DataPtr] Tensor device address is null
[ERROR] COMMON(702782,ffffba1ae020,python):2026-09-14-16:05:27.406.590 [mindspore/ccsrc/pybind_api/ir/tensor_py.cc:730] DataPtr] Tensor device address is null
[ERROR] COMMON(702782,ffffba1ae020,python):2026-09-14-16:05:27.407.314 [mindspore/ccsrc/pybind_api/ir/tensor_py.cc:730] DataPtr] Tensor device address is null
[ERROR] COMMON(702782,ffffba1ae020,python):2026-09-14-16:05:27.413.435 [mindspore/ccsrc/pybind_api/ir/tensor_py.cc:730] DataPtr] Tensor device address is null
[ERROR] COMMON(702782,ffffba1ae020,python):2026-09-14-16:05:27.414.177 [mindspore/ccsrc/pybind_api/ir/tensor_py.cc:730] DataPtr] Tensor device address is null
[ERROR] COMMON(702782,ffffba1ae020,python):2026-09-14-16:05:27.421.021 [mindspore/ccsrc/pybind_api/ir/tensor_py.cc:730] DataPtr] Tensor device address is null
[ERROR] COMMON(702782,ffffba1ae020,python):2026-09-14-16:05:27.421.773 [mindspore/ccsrc/pybind_api/ir/tensor_py.cc:730] DataPtr] Tensor device address is null
[ERROR] COMMON(702782,ffffba1ae020,python):2026-09-14-16:05:27.422.472 [mindspore/ccsrc/pybind_api/ir/tensor_py.cc:730] DataPtr] Tensor device address is null
[ERROR] COMMON(702782,ffffba1ae020,python):2026-09-14-16:05:27.423.178 [mindspore/ccsrc/pybind_api/ir/tensor_py.cc:730] DataPtr] Tensor device address is null
[ERROR] COMMON(702782,ffffba1ae020,python):2026-09-14-16:05:27.423.890 [mindspore/ccsrc/pybind_api/ir/tensor_py.cc:730] DataPtr] Tensor device address is null
[ERROR] COMMON(702782,ffffba1ae020,python):2026-09-14-16:05:27.424.601 [mindspore/ccsrc/pybind_api/ir/tensor_py.cc:730] DataPtr] Tensor device address is null
[ERROR] COMMON(702782,ffffba1ae020,python):2026-09-14-16:05:27.427.358 [mindspore/ccsrc/pybind_api/ir/tensor_py.cc:730] DataPtr] Tensor device address is null
[ERROR] COMMON(702782,ffffba1ae020,python):2026-09-14-16:05:27.428.082 [mindspore/ccsrc/pybind_api/ir/tensor_py.cc:730] DataPtr] Tensor device address is null
[ERROR] COMMON(702782,ffffba1ae020,python):2026-09-14-16:05:27.430.774 [mindspore/ccsrc/pybind_api/ir/tensor_py.cc:730] DataPtr] Tensor device address is null
[ERROR] COMMON(702782,ffffba1ae020,python):2026-09-14-16:05:27.431.479 [mindspore/ccsrc/pybind_api/ir/tensor_py.cc:730] DataPtr] Tensor device address is null
[ERROR] COMMON(702782,ffffba1ae020,python):2026-09-14-16:05:27.433.463 [mindspore/ccsrc/pybind_api/ir/tensor_py.cc:730] DataPtr] Tensor device address is null
[ERROR] COMMON(702782,ffffba1ae020,python):2026-09-14-16:05:27.434.181 [mindspore/ccsrc/pybind_api/ir/tensor_py.cc:730] DataPtr] Tensor device address is null
[ERROR] COMMON(702782,ffffba1ae020,python):2026-09-14-16:05:27.436.172 [mindspore/ccsrc/pybind_api/ir/tensor_py.cc:730] DataPtr] Tensor device address is null
[ERROR] COMMON(702782,ffffba1ae020,python):2026-09-14-16:05:27.436.908 [mindspore/ccsrc/pybind_api/ir/tensor_py.cc:730] DataPtr] Tensor device address is null
[ERROR] COMMON(702782,ffffba1ae020,python):2026-09-14-16:05:27.443.688 [mindspore/ccsrc/pybind_api/ir/tensor_py.cc:730] DataPtr] Tensor device address is null
[ERROR] COMMON(702782,ffffba1ae020,python):2026-09-14-16:05:27.444.430 [mindspore/ccsrc/pybind_api/ir/tensor_py.cc:730] DataPtr] Tensor device address is null
[ERROR] COMMON(702782,ffffba1ae020,python):2026-09-14-16:05:27.450.769 [mindspore/ccsrc/pybind_api/ir/tensor_py.cc:730] DataPtr] Tensor device address is null
[ERROR] COMMON(702782,ffffba1ae020,python):2026-09-14-16:05:27.451.512 [mindspore/ccsrc/pybind_api/ir/tensor_py.cc:730] DataPtr] Tensor device address is null
[ERROR] COMMON(702782,ffffba1ae020,python):2026-09-14-16:05:27.452.223 [mindspore/ccsrc/pybind_api/ir/tensor_py.cc:730] DataPtr] Tensor device address is null
[ERROR] COMMON(702782,ffffba1ae020,python):2026-09-14-16:05:27.452.986 [mindspore/ccsrc/pybind_api/ir/tensor_py.cc:730] DataPtr] Tensor device address is null
[ERROR] COMMON(702782,ffffba1ae020,python):2026-09-14-16:05:27.453.698 [mindspore/ccsrc/pybind_api/ir/tensor_py.cc:730] DataPtr] Tensor device address is null
[ERROR] COMMON(702782,ffffba1ae020,python):2026-09-14-16:05:27.454.412 [mindspore/ccsrc/pybind_api/ir/tensor_py.cc:730] DataPtr] Tensor device address is null
[ERROR] COMMON(702782,ffffba1ae020,python):2026-09-14-16:05:27.457.306 [mindspore/ccsrc/pybind_api/ir/tensor_py.cc:730] DataPtr] Tensor device address is null
[ERROR] COMMON(702782,ffffba1ae020,python):2026-09-14-16:05:27.458.012 [mindspore/ccsrc/pybind_api/ir/tensor_py.cc:730] DataPtr] Tensor device address is null
[ERROR] COMMON(702782,ffffba1ae020,python):2026-09-14-16:05:27.460.811 [mindspore/ccsrc/pybind_api/ir/tensor_py.cc:730] DataPtr] Tensor device address is null
[ERROR] COMMON(702782,ffffba1ae020,python):2026-09-14-16:05:27.461.549 [mindspore/ccsrc/pybind_api/ir/tensor_py.cc:730] DataPtr] Tensor device address is null
[ERROR] COMMON(702782,ffffba1ae020,python):2026-09-14-16:05:27.464.042 [mindspore/ccsrc/pybind_api/ir/tensor_py.cc:730] DataPtr] Tensor device address is null
[ERROR] COMMON(702782,ffffba1ae020,python):2026-09-14-16:05:27.464.774 [mindspore/ccsrc/pybind_api/ir/tensor_py.cc:730] DataPtr] Tensor device address is null
[ERROR] COMMON(702782,ffffba1ae020,python):2026-09-14-16:05:27.467.281 [mindspore/ccsrc/pybind_api/ir/tensor_py.cc:730] DataPtr] Tensor device address is null
[ERROR] COMMON(702782,ffffba1ae020,python):2026-09-14-16:05:27.468.022 [mindspore/ccsrc/pybind_api/ir/tensor_py.cc:730] DataPtr] Tensor device address is null
[ERROR] COMMON(702782,ffffba1ae020,python):2026-09-14-16:05:27.474.350 [mindspore/ccsrc/pybind_api/ir/tensor_py.cc:730] DataPtr] Tensor device address is null
[ERROR] COMMON(702782,ffffba1ae020,python):2026-09-14-16:05:27.475.112 [mindspore/ccsrc/pybind_api/ir/tensor_py.cc:730] DataPtr] Tensor device address is null
[ERROR] COMMON(702782,ffffba1ae020,python):2026-09-14-16:05:27.481.985 [mindspore/ccsrc/pybind_api/ir/tensor_py.cc:730] DataPtr] Tensor device address is null
[ERROR] COMMON(702782,ffffba1ae020,python):2026-09-14-16:05:27.482.727 [mindspore/ccsrc/pybind_api/ir/tensor_py.cc:730] DataPtr] Tensor device address is null
[ERROR] COMMON(702782,ffffba1ae020,python):2026-09-14-16:05:27.483.446 [mindspore/ccsrc/pybind_api/ir/tensor_py.cc:730] DataPtr] Tensor device address is null
[ERROR] COMMON(702782,ffffba1ae020,python):2026-09-14-16:05:27.484.168 [mindspore/ccsrc/pybind_api/ir/tensor_py.cc:730] DataPtr] Tensor device address is null
[ERROR] COMMON(702782,ffffba1ae020,python):2026-09-14-16:05:27.484.896 [mindspore/ccsrc/pybind_api/ir/tensor_py.cc:730] DataPtr] Tensor device address is null
[ERROR] COMMON(702782,ffffba1ae020,python):2026-09-14-16:05:27.485.619 [mindspore/ccsrc/pybind_api/ir/tensor_py.cc:730] DataPtr] Tensor device address is null
[ERROR] COMMON(702782,ffffba1ae020,python):2026-09-14-16:05:27.488.472 [mindspore/ccsrc/pybind_api/ir/tensor_py.cc:730] DataPtr] Tensor device address is null
[ERROR] COMMON(702782,ffffba1ae020,python):2026-09-14-16:05:27.489.204 [mindspore/ccsrc/pybind_api/ir/tensor_py.cc:730] DataPtr] Tensor device address is null
[ERROR] COMMON(702782,ffffba1ae020,python):2026-09-14-16:05:27.491.840 [mindspore/ccsrc/pybind_api/ir/tensor_py.cc:730] DataPtr] Tensor device address is null
[ERROR] COMMON(702782,ffffba1ae020,python):2026-09-14-16:05:27.492.575 [mindspore/ccsrc/pybind_api/ir/tensor_py.cc:730] DataPtr] Tensor device address is null
[ERROR] COMMON(702782,ffffba1ae020,python):2026-09-14-16:05:27.494.517 [mindspore/ccsrc/pybind_api/ir/tensor_py.cc:730] DataPtr] Tensor device address is null
[ERROR] COMMON(702782,ffffba1ae020,python):2026-09-14-16:05:27.495.262 [mindspore/ccsrc/pybind_api/ir/tensor_py.cc:730] DataPtr] Tensor device address is null
[ERROR] COMMON(702782,ffffba1ae020,python):2026-09-14-16:05:27.497.269 [mindspore/ccsrc/pybind_api/ir/tensor_py.cc:730] DataPtr] Tensor device address is null
[ERROR] COMMON(702782,ffffba1ae020,python):2026-09-14-16:05:27.498.000 [mindspore/ccsrc/pybind_api/ir/tensor_py.cc:730] DataPtr] Tensor device address is null
[ERROR] COMMON(702782,ffffba1ae020,python):2026-09-14-16:05:27.504.772 [mindspore/ccsrc/pybind_api/ir/tensor_py.cc:730] DataPtr] Tensor device address is null
[ERROR] COMMON(702782,ffffba1ae020,python):2026-09-14-16:05:27.505.516 [mindspore/ccsrc/pybind_api/ir/tensor_py.cc:730] DataPtr] Tensor device address is null
[ERROR] COMMON(702782,ffffba1ae020,python):2026-09-14-16:05:27.511.737 [mindspore/ccsrc/pybind_api/ir/tensor_py.cc:730] DataPtr] Tensor device address is null
[ERROR] COMMON(702782,ffffba1ae020,python):2026-09-14-16:05:27.512.478 [mindspore/ccsrc/pybind_api/ir/tensor_py.cc:730] DataPtr] Tensor device address is null
[ERROR] COMMON(702782,ffffba1ae020,python):2026-09-14-16:05:27.513.187 [mindspore/ccsrc/pybind_api/ir/tensor_py.cc:730] DataPtr] Tensor device address is null
[ERROR] COMMON(702782,ffffba1ae020,python):2026-09-14-16:05:27.513.898 [mindspore/ccsrc/pybind_api/ir/tensor_py.cc:730] DataPtr] Tensor device address is null
[ERROR] COMMON(702782,ffffba1ae020,python):2026-09-14-16:05:27.514.607 [mindspore/ccsrc/pybind_api/ir/tensor_py.cc:730] DataPtr] Tensor device address is null
[ERROR] COMMON(702782,ffffba1ae020,python):2026-09-14-16:05:27.515.307 [mindspore/ccsrc/pybind_api/ir/tensor_py.cc:730] DataPtr] Tensor device address is null
[ERROR] COMMON(702782,ffffba1ae020,python):2026-09-14-16:05:27.518.180 [mindspore/ccsrc/pybind_api/ir/tensor_py.cc:730] DataPtr] Tensor device address is null
[ERROR] COMMON(702782,ffffba1ae020,python):2026-09-14-16:05:27.518.916 [mindspore/ccsrc/pybind_api/ir/tensor_py.cc:730] DataPtr] Tensor device address is null
[ERROR] COMMON(702782,ffffba1ae020,python):2026-09-14-16:05:27.521.730 [mindspore/ccsrc/pybind_api/ir/tensor_py.cc:730] DataPtr] Tensor device address is null
[ERROR] COMMON(702782,ffffba1ae020,python):2026-09-14-16:05:27.522.441 [mindspore/ccsrc/pybind_api/ir/tensor_py.cc:730] DataPtr] Tensor device address is null
[ERROR] COMMON(702782,ffffba1ae020,python):2026-09-14-16:05:27.524.981 [mindspore/ccsrc/pybind_api/ir/tensor_py.cc:730] DataPtr] Tensor device address is null
[ERROR] COMMON(702782,ffffba1ae020,python):2026-09-14-16:05:27.525.693 [mindspore/ccsrc/pybind_api/ir/tensor_py.cc:730] DataPtr] Tensor device address is null
[ERROR] COMMON(702782,ffffba1ae020,python):2026-09-14-16:05:27.528.219 [mindspore/ccsrc/pybind_api/ir/tensor_py.cc:730] DataPtr] Tensor device address is null
[ERROR] COMMON(702782,ffffba1ae020,python):2026-09-14-16:05:27.528.969 [mindspore/ccsrc/pybind_api/ir/tensor_py.cc:730] DataPtr] Tensor device address is null
[ERROR] COMMON(702782,ffffba1ae020,python):2026-09-14-16:05:27.535.087 [mindspore/ccsrc/pybind_api/ir/tensor_py.cc:730] DataPtr] Tensor device address is null
[ERROR] COMMON(702782,ffffba1ae020,python):2026-09-14-16:05:27.535.821 [mindspore/ccsrc/pybind_api/ir/tensor_py.cc:730] DataPtr] Tensor device address is null
[ERROR] COMMON(702782,ffffba1ae020,python):2026-09-14-16:05:27.543.949 [mindspore/ccsrc/pybind_api/ir/tensor_py.cc:730] DataPtr] Tensor device address is null
[ERROR] COMMON(702782,ffffba1ae020,python):2026-09-14-16:05:27.544.728 [mindspore/ccsrc/pybind_api/ir/tensor_py.cc:730] DataPtr] Tensor device address is null
[ERROR] COMMON(702782,ffffba1ae020,python):2026-09-14-16:05:27.545.433 [mindspore/ccsrc/pybind_api/ir/tensor_py.cc:730] DataPtr] Tensor device address is null
[ERROR] COMMON(702782,ffffba1ae020,python):2026-09-14-16:05:27.546.149 [mindspore/ccsrc/pybind_api/ir/tensor_py.cc:730] DataPtr] Tensor device address is null
[ERROR] COMMON(702782,ffffba1ae020,python):2026-09-14-16:05:27.546.854 [mindspore/ccsrc/pybind_api/ir/tensor_py.cc:730] DataPtr] Tensor device address is null
[ERROR] COMMON(702782,ffffba1ae020,python):2026-09-14-16:05:27.547.571 [mindspore/ccsrc/pybind_api/ir/tensor_py.cc:730] DataPtr] Tensor device address is null
[ERROR] COMMON(702782,ffffba1ae020,python):2026-09-14-16:05:27.550.457 [mindspore/ccsrc/pybind_api/ir/tensor_py.cc:730] DataPtr] Tensor device address is null
[ERROR] COMMON(702782,ffffba1ae020,python):2026-09-14-16:05:27.551.161 [mindspore/ccsrc/pybind_api/ir/tensor_py.cc:730] DataPtr] Tensor device address is null
[ERROR] COMMON(702782,ffffba1ae020,python):2026-09-14-16:05:27.553.963 [mindspore/ccsrc/pybind_api/ir/tensor_py.cc:730] DataPtr] Tensor device address is null
[ERROR] COMMON(702782,ffffba1ae020,python):2026-09-14-16:05:27.554.728 [mindspore/ccsrc/pybind_api/ir/tensor_py.cc:730] DataPtr] Tensor device address is null
[ERROR] COMMON(702782,ffffba1ae020,python):2026-09-14-16:05:27.556.676 [mindspore/ccsrc/pybind_api/ir/tensor_py.cc:730] DataPtr] Tensor device address is null
[ERROR] COMMON(702782,ffffba1ae020,python):2026-09-14-16:05:27.557.396 [mindspore/ccsrc/pybind_api/ir/tensor_py.cc:730] DataPtr] Tensor device address is null
[ERROR] COMMON(702782,ffffba1ae020,python):2026-09-14-16:05:27.559.408 [mindspore/ccsrc/pybind_api/ir/tensor_py.cc:730] DataPtr] Tensor device address is null
[ERROR] COMMON(702782,ffffba1ae020,python):2026-09-14-16:05:27.560.139 [mindspore/ccsrc/pybind_api/ir/tensor_py.cc:730] DataPtr] Tensor device address is null
[ERROR] COMMON(702782,ffffba1ae020,python):2026-09-14-16:05:27.566.964 [mindspore/ccsrc/pybind_api/ir/tensor_py.cc:730] DataPtr] Tensor device address is null
[ERROR] COMMON(702782,ffffba1ae020,python):2026-09-14-16:05:27.567.719 [mindspore/ccsrc/pybind_api/ir/tensor_py.cc:730] DataPtr] Tensor device address is null
[ERROR] COMMON(702782,ffffba1ae020,python):2026-09-14-16:05:27.574.077 [mindspore/ccsrc/pybind_api/ir/tensor_py.cc:730] DataPtr] Tensor device address is null
[ERROR] COMMON(702782,ffffba1ae020,python):2026-09-14-16:05:27.574.811 [mindspore/ccsrc/pybind_api/ir/tensor_py.cc:730] DataPtr] Tensor device address is null
[ERROR] COMMON(702782,ffffba1ae020,python):2026-09-14-16:05:27.575.525 [mindspore/ccsrc/pybind_api/ir/tensor_py.cc:730] DataPtr] Tensor device address is null
[ERROR] COMMON(702782,ffffba1ae020,python):2026-09-14-16:05:27.576.233 [mindspore/ccsrc/pybind_api/ir/tensor_py.cc:730] DataPtr] Tensor device address is null
[ERROR] COMMON(702782,ffffba1ae020,python):2026-09-14-16:05:27.576.948 [mindspore/ccsrc/pybind_api/ir/tensor_py.cc:730] DataPtr] Tensor device address is null
[ERROR] COMMON(702782,ffffba1ae020,python):2026-09-14-16:05:27.577.664 [mindspore/ccsrc/pybind_api/ir/tensor_py.cc:730] DataPtr] Tensor device address is null
[ERROR] COMMON(702782,ffffba1ae020,python):2026-09-14-16:05:27.580.289 [mindspore/ccsrc/pybind_api/ir/tensor_py.cc:730] DataPtr] Tensor device address is null
[ERROR] COMMON(702782,ffffba1ae020,python):2026-09-14-16:05:27.581.016 [mindspore/ccsrc/pybind_api/ir/tensor_py.cc:730] DataPtr] Tensor device address is null
[ERROR] COMMON(702782,ffffba1ae020,python):2026-09-14-16:05:27.583.711 [mindspore/ccsrc/pybind_api/ir/tensor_py.cc:730] DataPtr] Tensor device address is null
[ERROR] COMMON(702782,ffffba1ae020,python):2026-09-14-16:05:27.584.422 [mindspore/ccsrc/pybind_api/ir/tensor_py.cc:730] DataPtr] Tensor device address is null
[ERROR] COMMON(702782,ffffba1ae020,python):2026-09-14-16:05:27.586.961 [mindspore/ccsrc/pybind_api/ir/tensor_py.cc:730] DataPtr] Tensor device address is null
[ERROR] COMMON(702782,ffffba1ae020,python):2026-09-14-16:05:27.587.702 [mindspore/ccsrc/pybind_api/ir/tensor_py.cc:730] DataPtr] Tensor device address is null
[ERROR] COMMON(702782,ffffba1ae020,python):2026-09-14-16:05:27.590.282 [mindspore/ccsrc/pybind_api/ir/tensor_py.cc:730] DataPtr] Tensor device address is null
[ERROR] COMMON(702782,ffffba1ae020,python):2026-09-14-16:05:27.591.011 [mindspore/ccsrc/pybind_api/ir/tensor_py.cc:730] DataPtr] Tensor device address is null
[ERROR] COMMON(702782,ffffba1ae020,python):2026-09-14-16:05:27.597.335 [mindspore/ccsrc/pybind_api/ir/tensor_py.cc:730] DataPtr] Tensor device address is null
[ERROR] COMMON(702782,ffffba1ae020,python):2026-09-14-16:05:27.598.075 [mindspore/ccsrc/pybind_api/ir/tensor_py.cc:730] DataPtr] Tensor device address is null
[ERROR] COMMON(702782,ffffba1ae020,python):2026-09-14-16:05:27.604.933 [mindspore/ccsrc/pybind_api/ir/tensor_py.cc:730] DataPtr] Tensor device address is null
[ERROR] COMMON(702782,ffffba1ae020,python):2026-09-14-16:05:27.605.674 [mindspore/ccsrc/pybind_api/ir/tensor_py.cc:730] DataPtr] Tensor device address is null
[ERROR] COMMON(702782,ffffba1ae020,python):2026-09-14-16:05:27.606.387 [mindspore/ccsrc/pybind_api/ir/tensor_py.cc:730] DataPtr] Tensor device address is null
[ERROR] COMMON(702782,ffffba1ae020,python):2026-09-14-16:05:27.607.094 [mindspore/ccsrc/pybind_api/ir/tensor_py.cc:730] DataPtr] Tensor device address is null
[ERROR] COMMON(702782,ffffba1ae020,python):2026-09-14-16:05:27.607.791 [mindspore/ccsrc/pybind_api/ir/tensor_py.cc:730] DataPtr] Tensor device address is null
[ERROR] COMMON(702782,ffffba1ae020,python):2026-09-14-16:05:27.608.490 [mindspore/ccsrc/pybind_api/ir/tensor_py.cc:730] DataPtr] Tensor device address is null
[ERROR] COMMON(702782,ffffba1ae020,python):2026-09-14-16:05:27.611.325 [mindspore/ccsrc/pybind_api/ir/tensor_py.cc:730] DataPtr] Tensor device address is null
[ERROR] COMMON(702782,ffffba1ae020,python):2026-09-14-16:05:27.612.042 [mindspore/ccsrc/pybind_api/ir/tensor_py.cc:730] DataPtr] Tensor device address is null
[ERROR] COMMON(702782,ffffba1ae020,python):2026-09-14-16:05:27.614.780 [mindspore/ccsrc/pybind_api/ir/tensor_py.cc:730] DataPtr] Tensor device address is null
[ERROR] COMMON(702782,ffffba1ae020,python):2026-09-14-16:05:27.615.486 [mindspore/ccsrc/pybind_api/ir/tensor_py.cc:730] DataPtr] Tensor device address is null
[ERROR] COMMON(702782,ffffba1ae020,python):2026-09-14-16:05:27.617.448 [mindspore/ccsrc/pybind_api/ir/tensor_py.cc:730] DataPtr] Tensor device address is null
[ERROR] COMMON(702782,ffffba1ae020,python):2026-09-14-16:05:27.618.159 [mindspore/ccsrc/pybind_api/ir/tensor_py.cc:730] DataPtr] Tensor device address is null
[ERROR] COMMON(702782,ffffba1ae020,python):2026-09-14-16:05:27.620.149 [mindspore/ccsrc/pybind_api/ir/tensor_py.cc:730] DataPtr] Tensor device address is null
[ERROR] COMMON(702782,ffffba1ae020,python):2026-09-14-16:05:27.620.925 [mindspore/ccsrc/pybind_api/ir/tensor_py.cc:730] DataPtr] Tensor device address is null
[ERROR] COMMON(702782,ffffba1ae020,python):2026-09-14-16:05:27.627.676 [mindspore/ccsrc/pybind_api/ir/tensor_py.cc:730] DataPtr] Tensor device address is null
[ERROR] COMMON(702782,ffffba1ae020,python):2026-09-14-16:05:27.628.415 [mindspore/ccsrc/pybind_api/ir/tensor_py.cc:730] DataPtr] Tensor device address is null
[ERROR] COMMON(702782,ffffba1ae020,python):2026-09-14-16:05:27.634.595 [mindspore/ccsrc/pybind_api/ir/tensor_py.cc:730] DataPtr] Tensor device address is null
[ERROR] COMMON(702782,ffffba1ae020,python):2026-09-14-16:05:27.635.321 [mindspore/ccsrc/pybind_api/ir/tensor_py.cc:730] DataPtr] Tensor device address is null
[ERROR] COMMON(702782,ffffba1ae020,python):2026-09-14-16:05:27.636.022 [mindspore/ccsrc/pybind_api/ir/tensor_py.cc:730] DataPtr] Tensor device address is null
[ERROR] COMMON(702782,ffffba1ae020,python):2026-09-14-16:05:27.636.761 [mindspore/ccsrc/pybind_api/ir/tensor_py.cc:730] DataPtr] Tensor device address is null
[ERROR] COMMON(702782,ffffba1ae020,python):2026-09-14-16:05:27.637.456 [mindspore/ccsrc/pybind_api/ir/tensor_py.cc:730] DataPtr] Tensor device address is null
[ERROR] COMMON(702782,ffffba1ae020,python):2026-09-14-16:05:27.638.164 [mindspore/ccsrc/pybind_api/ir/tensor_py.cc:730] DataPtr] Tensor device address is null
[ERROR] COMMON(702782,ffffba1ae020,python):2026-09-14-16:05:27.641.090 [mindspore/ccsrc/pybind_api/ir/tensor_py.cc:730] DataPtr] Tensor device address is null
[ERROR] COMMON(702782,ffffba1ae020,python):2026-09-14-16:05:27.641.809 [mindspore/ccsrc/pybind_api/ir/tensor_py.cc:730] DataPtr] Tensor device address is null
[ERROR] COMMON(702782,ffffba1ae020,python):2026-09-14-16:05:27.644.364 [mindspore/ccsrc/pybind_api/ir/tensor_py.cc:730] DataPtr] Tensor device address is null
[ERROR] COMMON(702782,ffffba1ae020,python):2026-09-14-16:05:27.645.124 [mindspore/ccsrc/pybind_api/ir/tensor_py.cc:730] DataPtr] Tensor device address is null
[ERROR] COMMON(702782,ffffba1ae020,python):2026-09-14-16:05:27.647.629 [mindspore/ccsrc/pybind_api/ir/tensor_py.cc:730] DataPtr] Tensor device address is null
[ERROR] COMMON(702782,ffffba1ae020,python):2026-09-14-16:05:27.648.362 [mindspore/ccsrc/pybind_api/ir/tensor_py.cc:730] DataPtr] Tensor device address is null
[ERROR] COMMON(702782,ffffba1ae020,python):2026-09-14-16:05:27.650.869 [mindspore/ccsrc/pybind_api/ir/tensor_py.cc:730] DataPtr] Tensor device address is null
[ERROR] COMMON(702782,ffffba1ae020,python):2026-09-14-16:05:27.651.604 [mindspore/ccsrc/pybind_api/ir/tensor_py.cc:730] DataPtr] Tensor device address is null
[ERROR] COMMON(702782,ffffba1ae020,python):2026-09-14-16:05:27.657.724 [mindspore/ccsrc/pybind_api/ir/tensor_py.cc:730] DataPtr] Tensor device address is null
[ERROR] COMMON(702782,ffffba1ae020,python):2026-09-14-16:05:27.658.484 [mindspore/ccsrc/pybind_api/ir/tensor_py.cc:730] DataPtr] Tensor device address is null
[ERROR] COMMON(702782,ffffba1ae020,python):2026-09-14-16:05:27.665.355 [mindspore/ccsrc/pybind_api/ir/tensor_py.cc:730] DataPtr] Tensor device address is null
[ERROR] COMMON(702782,ffffba1ae020,python):2026-09-14-16:05:27.666.097 [mindspore/ccsrc/pybind_api/ir/tensor_py.cc:730] DataPtr] Tensor device address is null
[ERROR] COMMON(702782,ffffba1ae020,python):2026-09-14-16:05:27.666.817 [mindspore/ccsrc/pybind_api/ir/tensor_py.cc:730] DataPtr] Tensor device address is null
[ERROR] COMMON(702782,ffffba1ae020,python):2026-09-14-16:05:27.667.544 [mindspore/ccsrc/pybind_api/ir/tensor_py.cc:730] DataPtr] Tensor device address is null
[ERROR] COMMON(702782,ffffba1ae020,python):2026-09-14-16:05:27.668.258 [mindspore/ccsrc/pybind_api/ir/tensor_py.cc:730] DataPtr] Tensor device address is null
[ERROR] COMMON(702782,ffffba1ae020,python):2026-09-14-16:05:27.669.005 [mindspore/ccsrc/pybind_api/ir/tensor_py.cc:730] DataPtr] Tensor device address is null
[ERROR] COMMON(702782,ffffba1ae020,python):2026-09-14-16:05:27.671.707 [mindspore/ccsrc/pybind_api/ir/tensor_py.cc:730] DataPtr] Tensor device address is null
[ERROR] COMMON(702782,ffffba1ae020,python):2026-09-14-16:05:27.672.425 [mindspore/ccsrc/pybind_api/ir/tensor_py.cc:730] DataPtr] Tensor device address is null
[ERROR] COMMON(702782,ffffba1ae020,python):2026-09-14-16:05:27.675.077 [mindspore/ccsrc/pybind_api/ir/tensor_py.cc:730] DataPtr] Tensor device address is null
[ERROR] COMMON(702782,ffffba1ae020,python):2026-09-14-16:05:27.675.805 [mindspore/ccsrc/pybind_api/ir/tensor_py.cc:730] DataPtr] Tensor device address is null
[ERROR] COMMON(702782,ffffba1ae020,python):2026-09-14-16:05:27.677.774 [mindspore/ccsrc/pybind_api/ir/tensor_py.cc:730] DataPtr] Tensor device address is null
[ERROR] COMMON(702782,ffffba1ae020,python):2026-09-14-16:05:27.678.535 [mindspore/ccsrc/pybind_api/ir/tensor_py.cc:730] DataPtr] Tensor device address is null
[ERROR] COMMON(702782,ffffba1ae020,python):2026-09-14-16:05:27.680.529 [mindspore/ccsrc/pybind_api/ir/tensor_py.cc:730] DataPtr] Tensor device address is null
[ERROR] COMMON(702782,ffffba1ae020,python):2026-09-14-16:05:27.681.259 [mindspore/ccsrc/pybind_api/ir/tensor_py.cc:730] DataPtr] Tensor device address is null
[ERROR] COMMON(702782,ffffba1ae020,python):2026-09-14-16:05:27.688.090 [mindspore/ccsrc/pybind_api/ir/tensor_py.cc:730] DataPtr] Tensor device address is null
[ERROR] COMMON(702782,ffffba1ae020,python):2026-09-14-16:05:27.688.842 [mindspore/ccsrc/pybind_api/ir/tensor_py.cc:730] DataPtr] Tensor device address is null
[ERROR] COMMON(702782,ffffba1ae020,python):2026-09-14-16:05:27.695.078 [mindspore/ccsrc/pybind_api/ir/tensor_py.cc:730] DataPtr] Tensor device address is null
[ERROR] COMMON(702782,ffffba1ae020,python):2026-09-14-16:05:27.695.828 [mindspore/ccsrc/pybind_api/ir/tensor_py.cc:730] DataPtr] Tensor device address is null
[ERROR] COMMON(702782,ffffba1ae020,python):2026-09-14-16:05:27.696.561 [mindspore/ccsrc/pybind_api/ir/tensor_py.cc:730] DataPtr] Tensor device address is null
[ERROR] COMMON(702782,ffffba1ae020,python):2026-09-14-16:05:27.697.274 [mindspore/ccsrc/pybind_api/ir/tensor_py.cc:730] DataPtr] Tensor device address is null
[ERROR] COMMON(702782,ffffba1ae020,python):2026-09-14-16:05:27.698.085 [mindspore/ccsrc/pybind_api/ir/tensor_py.cc:730] DataPtr] Tensor device address is null
[ERROR] COMMON(702782,ffffba1ae020,python):2026-09-14-16:05:27.698.804 [mindspore/ccsrc/pybind_api/ir/tensor_py.cc:730] DataPtr] Tensor device address is null
[ERROR] COMMON(702782,ffffba1ae020,python):2026-09-14-16:05:27.701.606 [mindspore/ccsrc/pybind_api/ir/tensor_py.cc:730] DataPtr] Tensor device address is null
[ERROR] COMMON(702782,ffffba1ae020,python):2026-09-14-16:05:27.702.342 [mindspore/ccsrc/pybind_api/ir/tensor_py.cc:730] DataPtr] Tensor device address is null
[ERROR] COMMON(702782,ffffba1ae020,python):2026-09-14-16:05:27.705.082 [mindspore/ccsrc/pybind_api/ir/tensor_py.cc:730] DataPtr] Tensor device address is null
[ERROR] COMMON(702782,ffffba1ae020,python):2026-09-14-16:05:27.705.792 [mindspore/ccsrc/pybind_api/ir/tensor_py.cc:730] DataPtr] Tensor device address is null
[ERROR] COMMON(702782,ffffba1ae020,python):2026-09-14-16:05:27.708.281 [mindspore/ccsrc/pybind_api/ir/tensor_py.cc:730] DataPtr] Tensor device address is null
[ERROR] COMMON(702782,ffffba1ae020,python):2026-09-14-16:05:27.709.000 [mindspore/ccsrc/pybind_api/ir/tensor_py.cc:730] DataPtr] Tensor device address is null
[ERROR] COMMON(702782,ffffba1ae020,python):2026-09-14-16:05:27.711.492 [mindspore/ccsrc/pybind_api/ir/tensor_py.cc:730] DataPtr] Tensor device address is null
[ERROR] COMMON(702782,ffffba1ae020,python):2026-09-14-16:05:27.712.201 [mindspore/ccsrc/pybind_api/ir/tensor_py.cc:730] DataPtr] Tensor device address is null
[ERROR] COMMON(702782,ffffba1ae020,python):2026-09-14-16:05:27.718.513 [mindspore/ccsrc/pybind_api/ir/tensor_py.cc:730] DataPtr] Tensor device address is null
[ERROR] COMMON(702782,ffffba1ae020,python):2026-09-14-16:05:27.719.235 [mindspore/ccsrc/pybind_api/ir/tensor_py.cc:730] DataPtr] Tensor device address is null
[ERROR] COMMON(702782,ffffba1ae020,python):2026-09-14-16:05:27.726.034 [mindspore/ccsrc/pybind_api/ir/tensor_py.cc:730] DataPtr] Tensor device address is null
[ERROR] COMMON(702782,ffffba1ae020,python):2026-09-14-16:05:27.726.772 [mindspore/ccsrc/pybind_api/ir/tensor_py.cc:730] DataPtr] Tensor device address is null
[ERROR] COMMON(702782,ffffba1ae020,python):2026-09-14-16:05:27.800.457 [mindspore/ccsrc/pybind_api/ir/tensor_py.cc:730] DataPtr] Tensor device address is null
[ERROR] COMMON(702782,ffffba1ae020,python):2026-09-14-16:05:27.801.670 [mindspore/ccsrc/pybind_api/ir/tensor_py.cc:730] DataPtr] Tensor device address is null
[ERROR] COMMON(702782,ffffba1ae020,python):2026-09-14-16:05:27.802.400 [mindspore/ccsrc/pybind_api/ir/tensor_py.cc:730] DataPtr] Tensor device address is null
[ERROR] COMMON(702782,ffffba1ae020,python):2026-09-14-16:05:27.803.090 [mindspore/ccsrc/pybind_api/ir/tensor_py.cc:730] DataPtr] Tensor device address is null
[ERROR] COMMON(702782,ffffba1ae020,python):2026-09-14-16:05:27.803.790 [mindspore/ccsrc/pybind_api/ir/tensor_py.cc:730] DataPtr] Tensor device address is null
[ERROR] COMMON(702782,ffffba1ae020,python):2026-09-14-16:05:27.804.483 [mindspore/ccsrc/pybind_api/ir/tensor_py.cc:730] DataPtr] Tensor device address is null
[ERROR] COMMON(702782,ffffba1ae020,python):2026-09-14-16:05:27.805.192 [mindspore/ccsrc/pybind_api/ir/tensor_py.cc:730] DataPtr] Tensor device address is null
[ERROR] COMMON(702782,ffffba1ae020,python):2026-09-14-16:05:27.805.888 [mindspore/ccsrc/pybind_api/ir/tensor_py.cc:730] DataPtr] Tensor device address is null
[ERROR] COMMON(702782,ffffba1ae020,python):2026-09-14-16:05:27.808.466 [mindspore/ccsrc/pybind_api/ir/tensor_py.cc:730] DataPtr] Tensor device address is null
[ERROR] COMMON(702782,ffffba1ae020,python):2026-09-14-16:05:27.809.199 [mindspore/ccsrc/pybind_api/ir/tensor_py.cc:730] DataPtr] Tensor device address is null
[ERROR] COMMON(702782,ffffba1ae020,python):2026-09-14-16:05:27.811.811 [mindspore/ccsrc/pybind_api/ir/tensor_py.cc:730] DataPtr] Tensor device address is null
[ERROR] COMMON(702782,ffffba1ae020,python):2026-09-14-16:05:27.812.541 [mindspore/ccsrc/pybind_api/ir/tensor_py.cc:730] DataPtr] Tensor device address is null
[ERROR] COMMON(702782,ffffba1ae020,python):2026-09-14-16:05:27.814.498 [mindspore/ccsrc/pybind_api/ir/tensor_py.cc:730] DataPtr] Tensor device address is null
[ERROR] COMMON(702782,ffffba1ae020,python):2026-09-14-16:05:27.815.218 [mindspore/ccsrc/pybind_api/ir/tensor_py.cc:730] DataPtr] Tensor device address is null
[ERROR] COMMON(702782,ffffba1ae020,python):2026-09-14-16:05:27.817.189 [mindspore/ccsrc/pybind_api/ir/tensor_py.cc:730] DataPtr] Tensor device address is null
[ERROR] COMMON(702782,ffffba1ae020,python):2026-09-14-16:05:27.817.881 [mindspore/ccsrc/pybind_api/ir/tensor_py.cc:730] DataPtr] Tensor device address is null
[ERROR] COMMON(702782,ffffba1ae020,python):2026-09-14-16:05:27.824.729 [mindspore/ccsrc/pybind_api/ir/tensor_py.cc:730] DataPtr] Tensor device address is null
[ERROR] COMMON(702782,ffffba1ae020,python):2026-09-14-16:05:27.825.488 [mindspore/ccsrc/pybind_api/ir/tensor_py.cc:730] DataPtr] Tensor device address is null
[ERROR] COMMON(702782,ffffba1ae020,python):2026-09-14-16:05:27.831.687 [mindspore/ccsrc/pybind_api/ir/tensor_py.cc:730] DataPtr] Tensor device address is null
[ERROR] COMMON(702782,ffffba1ae020,python):2026-09-14-16:05:27.832.433 [mindspore/ccsrc/pybind_api/ir/tensor_py.cc:730] DataPtr] Tensor device address is null
[ERROR] COMMON(702782,ffffba1ae020,python):2026-09-14-16:05:27.833.147 [mindspore/ccsrc/pybind_api/ir/tensor_py.cc:730] DataPtr] Tensor device address is null
[ERROR] COMMON(702782,ffffba1ae020,python):2026-09-14-16:05:27.833.855 [mindspore/ccsrc/pybind_api/ir/tensor_py.cc:730] DataPtr] Tensor device address is null
[ERROR] COMMON(702782,ffffba1ae020,python):2026-09-14-16:05:27.834.551 [mindspore/ccsrc/pybind_api/ir/tensor_py.cc:730] DataPtr] Tensor device address is null
[ERROR] COMMON(702782,ffffba1ae020,python):2026-09-14-16:05:27.835.247 [mindspore/ccsrc/pybind_api/ir/tensor_py.cc:730] DataPtr] Tensor device address is null
[ERROR] COMMON(702782,ffffba1ae020,python):2026-09-14-16:05:27.838.125 [mindspore/ccsrc/pybind_api/ir/tensor_py.cc:730] DataPtr] Tensor device address is null
[ERROR] COMMON(702782,ffffba1ae020,python):2026-09-14-16:05:27.838.844 [mindspore/ccsrc/pybind_api/ir/tensor_py.cc:730] DataPtr] Tensor device address is null
[ERROR] COMMON(702782,ffffba1ae020,python):2026-09-14-16:05:27.841.644 [mindspore/ccsrc/pybind_api/ir/tensor_py.cc:730] DataPtr] Tensor device address is null
[ERROR] COMMON(702782,ffffba1ae020,python):2026-09-14-16:05:27.842.363 [mindspore/ccsrc/pybind_api/ir/tensor_py.cc:730] DataPtr] Tensor device address is null
[ERROR] COMMON(702782,ffffba1ae020,python):2026-09-14-16:05:27.844.891 [mindspore/ccsrc/pybind_api/ir/tensor_py.cc:730] DataPtr] Tensor device address is null
[ERROR] COMMON(702782,ffffba1ae020,python):2026-09-14-16:05:27.845.601 [mindspore/ccsrc/pybind_api/ir/tensor_py.cc:730] DataPtr] Tensor device address is null
[ERROR] COMMON(702782,ffffba1ae020,python):2026-09-14-16:05:27.848.118 [mindspore/ccsrc/pybind_api/ir/tensor_py.cc:730] DataPtr] Tensor device address is null
[ERROR] COMMON(702782,ffffba1ae020,python):2026-09-14-16:05:27.848.850 [mindspore/ccsrc/pybind_api/ir/tensor_py.cc:730] DataPtr] Tensor device address is null
[ERROR] COMMON(702782,ffffba1ae020,python):2026-09-14-16:05:27.854.965 [mindspore/ccsrc/pybind_api/ir/tensor_py.cc:730] DataPtr] Tensor device address is null
[ERROR] COMMON(702782,ffffba1ae020,python):2026-09-14-16:05:27.855.740 [mindspore/ccsrc/pybind_api/ir/tensor_py.cc:730] DataPtr] Tensor device address is null
[ERROR] COMMON(702782,ffffba1ae020,python):2026-09-14-16:05:27.862.682 [mindspore/ccsrc/pybind_api/ir/tensor_py.cc:730] DataPtr] Tensor device address is null
[ERROR] COMMON(702782,ffffba1ae020,python):2026-09-14-16:05:27.863.427 [mindspore/ccsrc/pybind_api/ir/tensor_py.cc:730] DataPtr] Tensor device address is null
[ERROR] COMMON(702782,ffffba1ae020,python):2026-09-14-16:05:27.864.144 [mindspore/ccsrc/pybind_api/ir/tensor_py.cc:730] DataPtr] Tensor device address is null
[ERROR] COMMON(702782,ffffba1ae020,python):2026-09-14-16:05:27.864.875 [mindspore/ccsrc/pybind_api/ir/tensor_py.cc:730] DataPtr] Tensor device address is null
[ERROR] COMMON(702782,ffffba1ae020,python):2026-09-14-16:05:27.865.580 [mindspore/ccsrc/pybind_api/ir/tensor_py.cc:730] DataPtr] Tensor device address is null
[ERROR] COMMON(702782,ffffba1ae020,python):2026-09-14-16:05:27.866.293 [mindspore/ccsrc/pybind_api/ir/tensor_py.cc:730] DataPtr] Tensor device address is null
[ERROR] COMMON(702782,ffffba1ae020,python):2026-09-14-16:05:27.868.840 [mindspore/ccsrc/pybind_api/ir/tensor_py.cc:730] DataPtr] Tensor device address is null
[ERROR] COMMON(702782,ffffba1ae020,python):2026-09-14-16:05:27.869.562 [mindspore/ccsrc/pybind_api/ir/tensor_py.cc:730] DataPtr] Tensor device address is null
[ERROR] COMMON(702782,ffffba1ae020,python):2026-09-14-16:05:27.872.366 [mindspore/ccsrc/pybind_api/ir/tensor_py.cc:730] DataPtr] Tensor device address is null
[ERROR] COMMON(702782,ffffba1ae020,python):2026-09-14-16:05:27.873.113 [mindspore/ccsrc/pybind_api/ir/tensor_py.cc:730] DataPtr] Tensor device address is null
[ERROR] COMMON(702782,ffffba1ae020,python):2026-09-14-16:05:27.875.045 [mindspore/ccsrc/pybind_api/ir/tensor_py.cc:730] DataPtr] Tensor device address is null
[ERROR] COMMON(702782,ffffba1ae020,python):2026-09-14-16:05:27.875.768 [mindspore/ccsrc/pybind_api/ir/tensor_py.cc:730] DataPtr] Tensor device address is null
[ERROR] COMMON(702782,ffffba1ae020,python):2026-09-14-16:05:27.877.785 [mindspore/ccsrc/pybind_api/ir/tensor_py.cc:730] DataPtr] Tensor device address is null
[ERROR] COMMON(702782,ffffba1ae020,python):2026-09-14-16:05:27.878.494 [mindspore/ccsrc/pybind_api/ir/tensor_py.cc:730] DataPtr] Tensor device address is null
[ERROR] COMMON(702782,ffffba1ae020,python):2026-09-14-16:05:27.885.322 [mindspore/ccsrc/pybind_api/ir/tensor_py.cc:730] DataPtr] Tensor device address is null
[ERROR] COMMON(702782,ffffba1ae020,python):2026-09-14-16:05:27.886.094 [mindspore/ccsrc/pybind_api/ir/tensor_py.cc:730] DataPtr] Tensor device address is null
[ERROR] COMMON(702782,ffffba1ae020,python):2026-09-14-16:05:27.892.448 [mindspore/ccsrc/pybind_api/ir/tensor_py.cc:730] DataPtr] Tensor device address is null
[ERROR] COMMON(702782,ffffba1ae020,python):2026-09-14-16:05:27.893.193 [mindspore/ccsrc/pybind_api/ir/tensor_py.cc:730] DataPtr] Tensor device address is null
[ERROR] COMMON(702782,ffffba1ae020,python):2026-09-14-16:05:27.893.911 [mindspore/ccsrc/pybind_api/ir/tensor_py.cc:730] DataPtr] Tensor device address is null
[ERROR] COMMON(702782,ffffba1ae020,python):2026-09-14-16:05:27.894.630 [mindspore/ccsrc/pybind_api/ir/tensor_py.cc:730] DataPtr] Tensor device address is null
[ERROR] COMMON(702782,ffffba1ae020,python):2026-09-14-16:05:27.895.332 [mindspore/ccsrc/pybind_api/ir/tensor_py.cc:730] DataPtr] Tensor device address is null
[ERROR] COMMON(702782,ffffba1ae020,python):2026-09-14-16:05:27.896.030 [mindspore/ccsrc/pybind_api/ir/tensor_py.cc:730] DataPtr] Tensor device address is null
[ERROR] COMMON(702782,ffffba1ae020,python):2026-09-14-16:05:27.898.920 [mindspore/ccsrc/pybind_api/ir/tensor_py.cc:730] DataPtr] Tensor device address is null
[ERROR] COMMON(702782,ffffba1ae020,python):2026-09-14-16:05:27.899.641 [mindspore/ccsrc/pybind_api/ir/tensor_py.cc:730] DataPtr] Tensor device address is null
[ERROR] COMMON(702782,ffffba1ae020,python):2026-09-14-16:05:27.902.325 [mindspore/ccsrc/pybind_api/ir/tensor_py.cc:730] DataPtr] Tensor device address is null
[ERROR] COMMON(702782,ffffba1ae020,python):2026-09-14-16:05:27.903.056 [mindspore/ccsrc/pybind_api/ir/tensor_py.cc:730] DataPtr] Tensor device address is null
[ERROR] COMMON(702782,ffffba1ae020,python):2026-09-14-16:05:27.905.580 [mindspore/ccsrc/pybind_api/ir/tensor_py.cc:730] DataPtr] Tensor device address is null
[ERROR] COMMON(702782,ffffba1ae020,python):2026-09-14-16:05:27.906.294 [mindspore/ccsrc/pybind_api/ir/tensor_py.cc:730] DataPtr] Tensor device address is null
[ERROR] COMMON(702782,ffffba1ae020,python):2026-09-14-16:05:27.908.926 [mindspore/ccsrc/pybind_api/ir/tensor_py.cc:730] DataPtr] Tensor device address is null
[ERROR] COMMON(702782,ffffba1ae020,python):2026-09-14-16:05:27.909.667 [mindspore/ccsrc/pybind_api/ir/tensor_py.cc:730] DataPtr] Tensor device address is null
[ERROR] COMMON(702782,ffffba1ae020,python):2026-09-14-16:05:27.916.015 [mindspore/ccsrc/pybind_api/ir/tensor_py.cc:730] DataPtr] Tensor device address is null
[ERROR] COMMON(702782,ffffba1ae020,python):2026-09-14-16:05:27.916.762 [mindspore/ccsrc/pybind_api/ir/tensor_py.cc:730] DataPtr] Tensor device address is null
[ERROR] COMMON(702782,ffffba1ae020,python):2026-09-14-16:05:27.923.649 [mindspore/ccsrc/pybind_api/ir/tensor_py.cc:730] DataPtr] Tensor device address is null
[ERROR] COMMON(702782,ffffba1ae020,python):2026-09-14-16:05:27.924.376 [mindspore/ccsrc/pybind_api/ir/tensor_py.cc:730] DataPtr] Tensor device address is null
[ERROR] COMMON(702782,ffffba1ae020,python):2026-09-14-16:05:27.925.084 [mindspore/ccsrc/pybind_api/ir/tensor_py.cc:730] DataPtr] Tensor device address is null
[ERROR] COMMON(702782,ffffba1ae020,python):2026-09-14-16:05:27.925.782 [mindspore/ccsrc/pybind_api/ir/tensor_py.cc:730] DataPtr] Tensor device address is null
[ERROR] COMMON(702782,ffffba1ae020,python):2026-09-14-16:05:27.926.484 [mindspore/ccsrc/pybind_api/ir/tensor_py.cc:730] DataPtr] Tensor device address is null
[ERROR] COMMON(702782,ffffba1ae020,python):2026-09-14-16:05:27.927.179 [mindspore/ccsrc/pybind_api/ir/tensor_py.cc:730] DataPtr] Tensor device address is null
[ERROR] COMMON(702782,ffffba1ae020,python):2026-09-14-16:05:27.930.009 [mindspore/ccsrc/pybind_api/ir/tensor_py.cc:730] DataPtr] Tensor device address is null
[ERROR] COMMON(702782,ffffba1ae020,python):2026-09-14-16:05:27.930.716 [mindspore/ccsrc/pybind_api/ir/tensor_py.cc:730] DataPtr] Tensor device address is null
[ERROR] COMMON(702782,ffffba1ae020,python):2026-09-14-16:05:27.933.472 [mindspore/ccsrc/pybind_api/ir/tensor_py.cc:730] DataPtr] Tensor device address is null
[ERROR] COMMON(702782,ffffba1ae020,python):2026-09-14-16:05:27.934.195 [mindspore/ccsrc/pybind_api/ir/tensor_py.cc:730] DataPtr] Tensor device address is null
[ERROR] COMMON(702782,ffffba1ae020,python):2026-09-14-16:05:27.936.107 [mindspore/ccsrc/pybind_api/ir/tensor_py.cc:730] DataPtr] Tensor device address is null
[ERROR] COMMON(702782,ffffba1ae020,python):2026-09-14-16:05:27.936.829 [mindspore/ccsrc/pybind_api/ir/tensor_py.cc:730] DataPtr] Tensor device address is null
[ERROR] COMMON(702782,ffffba1ae020,python):2026-09-14-16:05:27.938.803 [mindspore/ccsrc/pybind_api/ir/tensor_py.cc:730] DataPtr] Tensor device address is null
[ERROR] COMMON(702782,ffffba1ae020,python):2026-09-14-16:05:27.939.511 [mindspore/ccsrc/pybind_api/ir/tensor_py.cc:730] DataPtr] Tensor device address is null
[ERROR] COMMON(702782,ffffba1ae020,python):2026-09-14-16:05:27.946.316 [mindspore/ccsrc/pybind_api/ir/tensor_py.cc:730] DataPtr] Tensor device address is null
[ERROR] COMMON(702782,ffffba1ae020,python):2026-09-14-16:05:27.947.076 [mindspore/ccsrc/pybind_api/ir/tensor_py.cc:730] DataPtr] Tensor device address is null
[ERROR] COMMON(702782,ffffba1ae020,python):2026-09-14-16:05:27.953.232 [mindspore/ccsrc/pybind_api/ir/tensor_py.cc:730] DataPtr] Tensor device address is null
[ERROR] COMMON(702782,ffffba1ae020,python):2026-09-14-16:05:27.953.972 [mindspore/ccsrc/pybind_api/ir/tensor_py.cc:730] DataPtr] Tensor device address is null
[ERROR] COMMON(702782,ffffba1ae020,python):2026-09-14-16:05:27.954.705 [mindspore/ccsrc/pybind_api/ir/tensor_py.cc:730] DataPtr] Tensor device address is null
[ERROR] COMMON(702782,ffffba1ae020,python):2026-09-14-16:05:27.955.414 [mindspore/ccsrc/pybind_api/ir/tensor_py.cc:730] DataPtr] Tensor device address is null
[ERROR] COMMON(702782,ffffba1ae020,python):2026-09-14-16:05:27.956.146 [mindspore/ccsrc/pybind_api/ir/tensor_py.cc:730] DataPtr] Tensor device address is null
[ERROR] COMMON(702782,ffffba1ae020,python):2026-09-14-16:05:27.956.855 [mindspore/ccsrc/pybind_api/ir/tensor_py.cc:730] DataPtr] Tensor device address is null
[ERROR] COMMON(702782,ffffba1ae020,python):2026-09-14-16:05:27.959.844 [mindspore/ccsrc/pybind_api/ir/tensor_py.cc:730] DataPtr] Tensor device address is null
[ERROR] COMMON(702782,ffffba1ae020,python):2026-09-14-16:05:27.960.580 [mindspore/ccsrc/pybind_api/ir/tensor_py.cc:730] DataPtr] Tensor device address is null
[ERROR] COMMON(702782,ffffba1ae020,python):2026-09-14-16:05:27.963.207 [mindspore/ccsrc/pybind_api/ir/tensor_py.cc:730] DataPtr] Tensor device address is null
[ERROR] COMMON(702782,ffffba1ae020,python):2026-09-14-16:05:27.963.937 [mindspore/ccsrc/pybind_api/ir/tensor_py.cc:730] DataPtr] Tensor device address is null
[ERROR] COMMON(702782,ffffba1ae020,python):2026-09-14-16:05:27.966.509 [mindspore/ccsrc/pybind_api/ir/tensor_py.cc:730] DataPtr] Tensor device address is null
[ERROR] COMMON(702782,ffffba1ae020,python):2026-09-14-16:05:27.967.242 [mindspore/ccsrc/pybind_api/ir/tensor_py.cc:730] DataPtr] Tensor device address is null
[ERROR] COMMON(702782,ffffba1ae020,python):2026-09-14-16:05:27.969.849 [mindspore/ccsrc/pybind_api/ir/tensor_py.cc:730] DataPtr] Tensor device address is null
[ERROR] COMMON(702782,ffffba1ae020,python):2026-09-14-16:05:27.970.577 [mindspore/ccsrc/pybind_api/ir/tensor_py.cc:730] DataPtr] Tensor device address is null
[ERROR] COMMON(702782,ffffba1ae020,python):2026-09-14-16:05:27.976.752 [mindspore/ccsrc/pybind_api/ir/tensor_py.cc:730] DataPtr] Tensor device address is null
[ERROR] COMMON(702782,ffffba1ae020,python):2026-09-14-16:05:27.977.505 [mindspore/ccsrc/pybind_api/ir/tensor_py.cc:730] DataPtr] Tensor device address is null
[ERROR] COMMON(702782,ffffba1ae020,python):2026-09-14-16:05:27.984.346 [mindspore/ccsrc/pybind_api/ir/tensor_py.cc:730] DataPtr] Tensor device address is null
[ERROR] COMMON(702782,ffffba1ae020,python):2026-09-14-16:05:27.985.094 [mindspore/ccsrc/pybind_api/ir/tensor_py.cc:730] DataPtr] Tensor device address is null
[ERROR] COMMON(702782,ffffba1ae020,python):2026-09-14-16:05:27.985.817 [mindspore/ccsrc/pybind_api/ir/tensor_py.cc:730] DataPtr] Tensor device address is null
[ERROR] COMMON(702782,ffffba1ae020,python):2026-09-14-16:05:27.986.525 [mindspore/ccsrc/pybind_api/ir/tensor_py.cc:730] DataPtr] Tensor device address is null
[ERROR] COMMON(702782,ffffba1ae020,python):2026-09-14-16:05:27.987.231 [mindspore/ccsrc/pybind_api/ir/tensor_py.cc:730] DataPtr] Tensor device address is null
[ERROR] COMMON(702782,ffffba1ae020,python):2026-09-14-16:05:27.987.933 [mindspore/ccsrc/pybind_api/ir/tensor_py.cc:730] DataPtr] Tensor device address is null
[ERROR] COMMON(702782,ffffba1ae020,python):2026-09-14-16:05:27.990.604 [mindspore/ccsrc/pybind_api/ir/tensor_py.cc:730] DataPtr] Tensor device address is null
[ERROR] COMMON(702782,ffffba1ae020,python):2026-09-14-16:05:27.991.348 [mindspore/ccsrc/pybind_api/ir/tensor_py.cc:730] DataPtr] Tensor device address is null
[ERROR] COMMON(702782,ffffba1ae020,python):2026-09-14-16:05:27.994.071 [mindspore/ccsrc/pybind_api/ir/tensor_py.cc:730] DataPtr] Tensor device address is null
[ERROR] COMMON(702782,ffffba1ae020,python):2026-09-14-16:05:27.994.802 [mindspore/ccsrc/pybind_api/ir/tensor_py.cc:730] DataPtr] Tensor device address is null
[ERROR] COMMON(702782,ffffba1ae020,python):2026-09-14-16:05:27.996.747 [mindspore/ccsrc/pybind_api/ir/tensor_py.cc:730] DataPtr] Tensor device address is null
[ERROR] COMMON(702782,ffffba1ae020,python):2026-09-14-16:05:27.997.470 [mindspore/ccsrc/pybind_api/ir/tensor_py.cc:730] DataPtr] Tensor device address is null
[ERROR] COMMON(702782,ffffba1ae020,python):2026-09-14-16:05:27.999.526 [mindspore/ccsrc/pybind_api/ir/tensor_py.cc:730] DataPtr] Tensor device address is null
[ERROR] COMMON(702782,ffffba1ae020,python):2026-09-14-16:05:28.000.239 [mindspore/ccsrc/pybind_api/ir/tensor_py.cc:730] DataPtr] Tensor device address is null
[ERROR] COMMON(702782,ffffba1ae020,python):2026-09-14-16:05:28.007.101 [mindspore/ccsrc/pybind_api/ir/tensor_py.cc:730] DataPtr] Tensor device address is null
[ERROR] COMMON(702782,ffffba1ae020,python):2026-09-14-16:05:28.007.857 [mindspore/ccsrc/pybind_api/ir/tensor_py.cc:730] DataPtr] Tensor device address is null
[ERROR] COMMON(702782,ffffba1ae020,python):2026-09-14-16:05:28.014.218 [mindspore/ccsrc/pybind_api/ir/tensor_py.cc:730] DataPtr] Tensor device address is null
[ERROR] COMMON(702782,ffffba1ae020,python):2026-09-14-16:05:28.014.947 [mindspore/ccsrc/pybind_api/ir/tensor_py.cc:730] DataPtr] Tensor device address is null
[ERROR] COMMON(702782,ffffba1ae020,python):2026-09-14-16:05:28.015.648 [mindspore/ccsrc/pybind_api/ir/tensor_py.cc:730] DataPtr] Tensor device address is null
[ERROR] COMMON(702782,ffffba1ae020,python):2026-09-14-16:05:28.016.349 [mindspore/ccsrc/pybind_api/ir/tensor_py.cc:730] DataPtr] Tensor device address is null
[ERROR] COMMON(702782,ffffba1ae020,python):2026-09-14-16:05:28.017.051 [mindspore/ccsrc/pybind_api/ir/tensor_py.cc:730] DataPtr] Tensor device address is null
[ERROR] COMMON(702782,ffffba1ae020,python):2026-09-14-16:05:28.017.761 [mindspore/ccsrc/pybind_api/ir/tensor_py.cc:730] DataPtr] Tensor device address is null
[ERROR] COMMON(702782,ffffba1ae020,python):2026-09-14-16:05:28.020.588 [mindspore/ccsrc/pybind_api/ir/tensor_py.cc:730] DataPtr] Tensor device address is null
[ERROR] COMMON(702782,ffffba1ae020,python):2026-09-14-16:05:28.021.305 [mindspore/ccsrc/pybind_api/ir/tensor_py.cc:730] DataPtr] Tensor device address is null
[ERROR] COMMON(702782,ffffba1ae020,python):2026-09-14-16:05:28.024.050 [mindspore/ccsrc/pybind_api/ir/tensor_py.cc:730] DataPtr] Tensor device address is null
[ERROR] COMMON(702782,ffffba1ae020,python):2026-09-14-16:05:28.025.998 [mindspore/ccsrc/pybind_api/ir/tensor_py.cc:730] DataPtr] Tensor device address is null
[ERROR] COMMON(702782,ffffba1ae020,python):2026-09-14-16:05:28.028.514 [mindspore/ccsrc/pybind_api/ir/tensor_py.cc:730] DataPtr] Tensor device address is null
[ERROR] COMMON(702782,ffffba1ae020,python):2026-09-14-16:05:28.029.282 [mindspore/ccsrc/pybind_api/ir/tensor_py.cc:730] DataPtr] Tensor device address is null
[ERROR] COMMON(702782,ffffba1ae020,python):2026-09-14-16:05:28.031.791 [mindspore/ccsrc/pybind_api/ir/tensor_py.cc:730] DataPtr] Tensor device address is null
[ERROR] COMMON(702782,ffffba1ae020,python):2026-09-14-16:05:28.032.561 [mindspore/ccsrc/pybind_api/ir/tensor_py.cc:730] DataPtr] Tensor device address is null
[ERROR] COMMON(702782,ffffba1ae020,python):2026-09-14-16:05:28.038.916 [mindspore/ccsrc/pybind_api/ir/tensor_py.cc:730] DataPtr] Tensor device address is null
[ERROR] COMMON(702782,ffffba1ae020,python):2026-09-14-16:05:28.039.682 [mindspore/ccsrc/pybind_api/ir/tensor_py.cc:730] DataPtr] Tensor device address is null
[ERROR] COMMON(702782,ffffba1ae020,python):2026-09-14-16:05:28.046.640 [mindspore/ccsrc/pybind_api/ir/tensor_py.cc:730] DataPtr] Tensor device address is null
[ERROR] COMMON(702782,ffffba1ae020,python):2026-09-14-16:05:28.047.412 [mindspore/ccsrc/pybind_api/ir/tensor_py.cc:730] DataPtr] Tensor device address is null
[ERROR] COMMON(702782,ffffba1ae020,python):2026-09-14-16:05:28.048.135 [mindspore/ccsrc/pybind_api/ir/tensor_py.cc:730] DataPtr] Tensor device address is null
[ERROR] COMMON(702782,ffffba1ae020,python):2026-09-14-16:05:28.048.840 [mindspore/ccsrc/pybind_api/ir/tensor_py.cc:730] DataPtr] Tensor device address is null
[ERROR] COMMON(702782,ffffba1ae020,python):2026-09-14-16:05:28.049.551 [mindspore/ccsrc/pybind_api/ir/tensor_py.cc:730] DataPtr] Tensor device address is null
[ERROR] COMMON(702782,ffffba1ae020,python):2026-09-14-16:05:28.050.245 [mindspore/ccsrc/pybind_api/ir/tensor_py.cc:730] DataPtr] Tensor device address is null
[ERROR] COMMON(702782,ffffba1ae020,python):2026-09-14-16:05:28.052.856 [mindspore/ccsrc/pybind_api/ir/tensor_py.cc:730] DataPtr] Tensor device address is null
[ERROR] COMMON(702782,ffffba1ae020,python):2026-09-14-16:05:28.053.588 [mindspore/ccsrc/pybind_api/ir/tensor_py.cc:730] DataPtr] Tensor device address is null
[ERROR] COMMON(702782,ffffba1ae020,python):2026-09-14-16:05:28.056.218 [mindspore/ccsrc/pybind_api/ir/tensor_py.cc:730] DataPtr] Tensor device address is null
[ERROR] COMMON(702782,ffffba1ae020,python):2026-09-14-16:05:28.056.951 [mindspore/ccsrc/pybind_api/ir/tensor_py.cc:730] DataPtr] Tensor device address is null
[ERROR] COMMON(702782,ffffba1ae020,python):2026-09-14-16:05:28.058.920 [mindspore/ccsrc/pybind_api/ir/tensor_py.cc:730] DataPtr] Tensor device address is null
[ERROR] COMMON(702782,ffffba1ae020,python):2026-09-14-16:05:28.059.645 [mindspore/ccsrc/pybind_api/ir/tensor_py.cc:730] DataPtr] Tensor device address is null
[ERROR] COMMON(702782,ffffba1ae020,python):2026-09-14-16:05:28.061.714 [mindspore/ccsrc/pybind_api/ir/tensor_py.cc:730] DataPtr] Tensor device address is null
[ERROR] COMMON(702782,ffffba1ae020,python):2026-09-14-16:05:28.062.423 [mindspore/ccsrc/pybind_api/ir/tensor_py.cc:730] DataPtr] Tensor device address is null
[ERROR] COMMON(702782,ffffba1ae020,python):2026-09-14-16:05:28.069.133 [mindspore/ccsrc/pybind_api/ir/tensor_py.cc:730] DataPtr] Tensor device address is null
[ERROR] COMMON(702782,ffffba1ae020,python):2026-09-14-16:05:28.069.890 [mindspore/ccsrc/pybind_api/ir/tensor_py.cc:730] DataPtr] Tensor device address is null
[ERROR] COMMON(702782,ffffba1ae020,python):2026-09-14-16:05:28.076.083 [mindspore/ccsrc/pybind_api/ir/tensor_py.cc:730] DataPtr] Tensor device address is null
[ERROR] COMMON(702782,ffffba1ae020,python):2026-09-14-16:05:28.076.831 [mindspore/ccsrc/pybind_api/ir/tensor_py.cc:730] DataPtr] Tensor device address is null
[ERROR] COMMON(702782,ffffba1ae020,python):2026-09-14-16:05:28.077.541 [mindspore/ccsrc/pybind_api/ir/tensor_py.cc:730] DataPtr] Tensor device address is null
[ERROR] COMMON(702782,ffffba1ae020,python):2026-09-14-16:05:28.078.254 [mindspore/ccsrc/pybind_api/ir/tensor_py.cc:730] DataPtr] Tensor device address is null
[ERROR] COMMON(702782,ffffba1ae020,python):2026-09-14-16:05:28.078.959 [mindspore/ccsrc/pybind_api/ir/tensor_py.cc:730] DataPtr] Tensor device address is null
[ERROR] COMMON(702782,ffffba1ae020,python):2026-09-14-16:05:28.079.654 [mindspore/ccsrc/pybind_api/ir/tensor_py.cc:730] DataPtr] Tensor device address is null
[ERROR] COMMON(702782,ffffba1ae020,python):2026-09-14-16:05:28.082.351 [mindspore/ccsrc/pybind_api/ir/tensor_py.cc:730] DataPtr] Tensor device address is null
[ERROR] COMMON(702782,ffffba1ae020,python):2026-09-14-16:05:28.083.081 [mindspore/ccsrc/pybind_api/ir/tensor_py.cc:730] DataPtr] Tensor device address is null
[ERROR] COMMON(702782,ffffba1ae020,python):2026-09-14-16:05:28.085.887 [mindspore/ccsrc/pybind_api/ir/tensor_py.cc:730] DataPtr] Tensor device address is null
[ERROR] COMMON(702782,ffffba1ae020,python):2026-09-14-16:05:28.086.620 [mindspore/ccsrc/pybind_api/ir/tensor_py.cc:730] DataPtr] Tensor device address is null
[ERROR] COMMON(702782,ffffba1ae020,python):2026-09-14-16:05:28.089.138 [mindspore/ccsrc/pybind_api/ir/tensor_py.cc:730] DataPtr] Tensor device address is null
[ERROR] COMMON(702782,ffffba1ae020,python):2026-09-14-16:05:28.089.861 [mindspore/ccsrc/pybind_api/ir/tensor_py.cc:730] DataPtr] Tensor device address is null
[ERROR] COMMON(702782,ffffba1ae020,python):2026-09-14-16:05:28.092.346 [mindspore/ccsrc/pybind_api/ir/tensor_py.cc:730] DataPtr] Tensor device address is null
[ERROR] COMMON(702782,ffffba1ae020,python):2026-09-14-16:05:28.093.087 [mindspore/ccsrc/pybind_api/ir/tensor_py.cc:730] DataPtr] Tensor device address is null
[ERROR] COMMON(702782,ffffba1ae020,python):2026-09-14-16:05:28.099.415 [mindspore/ccsrc/pybind_api/ir/tensor_py.cc:730] DataPtr] Tensor device address is null
[ERROR] COMMON(702782,ffffba1ae020,python):2026-09-14-16:05:28.100.176 [mindspore/ccsrc/pybind_api/ir/tensor_py.cc:730] DataPtr] Tensor device address is null
[ERROR] COMMON(702782,ffffba1ae020,python):2026-09-14-16:05:28.107.060 [mindspore/ccsrc/pybind_api/ir/tensor_py.cc:730] DataPtr] Tensor device address is null
[ERROR] COMMON(702782,ffffba1ae020,python):2026-09-14-16:05:28.107.797 [mindspore/ccsrc/pybind_api/ir/tensor_py.cc:730] DataPtr] Tensor device address is null
[ERROR] COMMON(702782,ffffba1ae020,python):2026-09-14-16:05:28.108.512 [mindspore/ccsrc/pybind_api/ir/tensor_py.cc:730] DataPtr] Tensor device address is null
[ERROR] COMMON(702782,ffffba1ae020,python):2026-09-14-16:05:28.109.223 [mindspore/ccsrc/pybind_api/ir/tensor_py.cc:730] DataPtr] Tensor device address is null
[ERROR] COMMON(702782,ffffba1ae020,python):2026-09-14-16:05:28.109.939 [mindspore/ccsrc/pybind_api/ir/tensor_py.cc:730] DataPtr] Tensor device address is null
[ERROR] COMMON(702782,ffffba1ae020,python):2026-09-14-16:05:28.110.647 [mindspore/ccsrc/pybind_api/ir/tensor_py.cc:730] DataPtr] Tensor device address is null
[ERROR] COMMON(702782,ffffba1ae020,python):2026-09-14-16:05:28.113.159 [mindspore/ccsrc/pybind_api/ir/tensor_py.cc:730] DataPtr] Tensor device address is null
[ERROR] COMMON(702782,ffffba1ae020,python):2026-09-14-16:05:28.113.883 [mindspore/ccsrc/pybind_api/ir/tensor_py.cc:730] DataPtr] Tensor device address is null
[ERROR] COMMON(702782,ffffba1ae020,python):2026-09-14-16:05:28.116.710 [mindspore/ccsrc/pybind_api/ir/tensor_py.cc:730] DataPtr] Tensor device address is null
[ERROR] COMMON(702782,ffffba1ae020,python):2026-09-14-16:05:28.117.420 [mindspore/ccsrc/pybind_api/ir/tensor_py.cc:730] DataPtr] Tensor device address is null
[ERROR] COMMON(702782,ffffba1ae020,python):2026-09-14-16:05:28.119.328 [mindspore/ccsrc/pybind_api/ir/tensor_py.cc:730] DataPtr] Tensor device address is null
[ERROR] COMMON(702782,ffffba1ae020,python):2026-09-14-16:05:28.120.047 [mindspore/ccsrc/pybind_api/ir/tensor_py.cc:730] DataPtr] Tensor device address is null
[ERROR] COMMON(702782,ffffba1ae020,python):2026-09-14-16:05:28.122.102 [mindspore/ccsrc/pybind_api/ir/tensor_py.cc:730] DataPtr] Tensor device address is null
[ERROR] COMMON(702782,ffffba1ae020,python):2026-09-14-16:05:28.122.802 [mindspore/ccsrc/pybind_api/ir/tensor_py.cc:730] DataPtr] Tensor device address is null
[ERROR] COMMON(702782,ffffba1ae020,python):2026-09-14-16:05:28.129.493 [mindspore/ccsrc/pybind_api/ir/tensor_py.cc:730] DataPtr] Tensor device address is null
[ERROR] COMMON(702782,ffffba1ae020,python):2026-09-14-16:05:28.130.227 [mindspore/ccsrc/pybind_api/ir/tensor_py.cc:730] DataPtr] Tensor device address is null
[ERROR] COMMON(702782,ffffba1ae020,python):2026-09-14-16:05:28.136.646 [mindspore/ccsrc/pybind_api/ir/tensor_py.cc:730] DataPtr] Tensor device address is null
[ERROR] COMMON(702782,ffffba1ae020,python):2026-09-14-16:05:28.137.420 [mindspore/ccsrc/pybind_api/ir/tensor_py.cc:730] DataPtr] Tensor device address is null
[ERROR] COMMON(702782,ffffba1ae020,python):2026-09-14-16:05:28.138.118 [mindspore/ccsrc/pybind_api/ir/tensor_py.cc:730] DataPtr] Tensor device address is null
[ERROR] COMMON(702782,ffffba1ae020,python):2026-09-14-16:05:28.138.813 [mindspore/ccsrc/pybind_api/ir/tensor_py.cc:730] DataPtr] Tensor device address is null
[ERROR] COMMON(702782,ffffba1ae020,python):2026-09-14-16:05:28.139.507 [mindspore/ccsrc/pybind_api/ir/tensor_py.cc:730] DataPtr] Tensor device address is null
[ERROR] COMMON(702782,ffffba1ae020,python):2026-09-14-16:05:28.140.202 [mindspore/ccsrc/pybind_api/ir/tensor_py.cc:730] DataPtr] Tensor device address is null
[ERROR] COMMON(702782,ffffba1ae020,python):2026-09-14-16:05:28.143.040 [mindspore/ccsrc/pybind_api/ir/tensor_py.cc:730] DataPtr] Tensor device address is null
[ERROR] COMMON(702782,ffffba1ae020,python):2026-09-14-16:05:28.143.776 [mindspore/ccsrc/pybind_api/ir/tensor_py.cc:730] DataPtr] Tensor device address is null
[ERROR] COMMON(702782,ffffba1ae020,python):2026-09-14-16:05:28.146.437 [mindspore/ccsrc/pybind_api/ir/tensor_py.cc:730] DataPtr] Tensor device address is null
[ERROR] COMMON(702782,ffffba1ae020,python):2026-09-14-16:05:28.147.168 [mindspore/ccsrc/pybind_api/ir/tensor_py.cc:730] DataPtr] Tensor device address is null
[ERROR] COMMON(702782,ffffba1ae020,python):2026-09-14-16:05:28.149.727 [mindspore/ccsrc/pybind_api/ir/tensor_py.cc:730] DataPtr] Tensor device address is null
[ERROR] COMMON(702782,ffffba1ae020,python):2026-09-14-16:05:28.150.449 [mindspore/ccsrc/pybind_api/ir/tensor_py.cc:730] DataPtr] Tensor device address is null
[ERROR] COMMON(702782,ffffba1ae020,python):2026-09-14-16:05:28.152.977 [mindspore/ccsrc/pybind_api/ir/tensor_py.cc:730] DataPtr] Tensor device address is null
[ERROR] COMMON(702782,ffffba1ae020,python):2026-09-14-16:05:28.153.715 [mindspore/ccsrc/pybind_api/ir/tensor_py.cc:730] DataPtr] Tensor device address is null
[ERROR] COMMON(702782,ffffba1ae020,python):2026-09-14-16:05:28.160.114 [mindspore/ccsrc/pybind_api/ir/tensor_py.cc:730] DataPtr] Tensor device address is null
[ERROR] COMMON(702782,ffffba1ae020,python):2026-09-14-16:05:28.160.895 [mindspore/ccsrc/pybind_api/ir/tensor_py.cc:730] DataPtr] Tensor device address is null
[ERROR] COMMON(702782,ffffba1ae020,python):2026-09-14-16:05:28.167.744 [mindspore/ccsrc/pybind_api/ir/tensor_py.cc:730] DataPtr] Tensor device address is null
