[WARNING] ME(709794:281472889929760,MainProcess):2026-09-14-16:07:53.579.013 [mindspore/run_check/_check_version.py:402] Can not find the tbe operator implementation(need by mindspore-ascend). Please check whether the Environment Variable PYTHONPATH is set. For details, refer to the installation guidelines: https://www.mindspore.cn/install
/home/user7/miniconda3/envs/ms_2.5/lib/python3.9/site-packages/numpy/core/getlimits.py:549: UserWarning: The value of the smallest subnormal for <class 'numpy.float64'> type is zero.
  setattr(self, word, getattr(machar, word).flat[0])
/home/user7/miniconda3/envs/ms_2.5/lib/python3.9/site-packages/numpy/core/getlimits.py:89: UserWarning: The value of the smallest subnormal for <class 'numpy.float64'> type is zero.
  return self._float_to_str(self.smallest_subnormal)
/home/user7/miniconda3/envs/ms_2.5/lib/python3.9/site-packages/numpy/core/getlimits.py:549: UserWarning: The value of the smallest subnormal for <class 'numpy.float32'> type is zero.
  setattr(self, word, getattr(machar, word).flat[0])
/home/user7/miniconda3/envs/ms_2.5/lib/python3.9/site-packages/numpy/core/getlimits.py:89: UserWarning: The value of the smallest subnormal for <class 'numpy.float32'> type is zero.
  return self._float_to_str(self.smallest_subnormal)
[WARNING] ME(709794:281472889929760,MainProcess):2026-09-14-16:07:57.353.51 [mindspore/context.py:1335] For 'context.set_context', the parameter 'deterministic' will be deprecated and removed in a future version. Please use the api mindspore.set_deterministic() instead.
[WARNING] ME(709794:281472889929760,MainProcess):2026-09-14-16:07:57.370.07 [mindspore/run_check/_check_version.py:402] Can not find the tbe operator implementation(need by mindspore-ascend). Please check whether the Environment Variable PYTHONPATH is set. For details, refer to the installation guidelines: https://www.mindspore.cn/install
[WARNING] ME(709794:281472889929760,MainProcess):2026-09-14-16:07:57.371.80 [mindspore/context.py:1335] For 'context.set_context', the parameter 'device_target' will be deprecated and removed in a future version. Please use the api mindspore.set_device() instead.
[WARNING] ME(709794:281472889929760,MainProcess):2026-09-14-16:07:57.378.95 [mindspore/run_check/_check_version.py:402] Can not find the tbe operator implementation(need by mindspore-ascend). Please check whether the Environment Variable PYTHONPATH is set. For details, refer to the installation guidelines: https://www.mindspore.cn/install
[WARNING] ME(709794:281472889929760,MainProcess):2026-09-14-16:07:57.380.05 [mindspore/context.py:1335] For 'context.set_context', the parameter 'device_id' will be deprecated and removed in a future version. Please use the api mindspore.set_device() instead.
/home/user7/miniconda3/envs/ms_2.5/lib/python3.9/site-packages/jieba/_compat.py:18: UserWarning: pkg_resources is deprecated as an API. See https://setuptools.pypa.io/en/latest/pkg_resources.html. The pkg_resources package is slated for removal as early as 2025-11-30. Refrain from using this package or pin to Setuptools<81.
  import pkg_resources
[WARNING] ME(709794:281472889929760,MainProcess):2026-09-14-16:07:58.211.306 [mindspore/ops/primitive.py:217] The in_strategy/in_layout of the operator in your network will not take effect in stand_alone mode. This means the the shard function called in the network is ignored. 
If you want to enable it, please use semi auto or auto parallel mode by context.set_auto_parallel_context(parallel_mode=ParallelMode.SEMI_AUTO_PARALLEL or context.set_auto_parallel_context(parallel_mode=ParallelMode.AUTO_PARALLEL)
[WARNING] ME(709794:281472889929760,MainProcess):2026-09-14-16:07:58.609.548 [mindspore/common/parameter.py:851] This interface may be deleted in the future.
[WARNING] ME(709794:281472889929760,MainProcess):2026-09-14-16:08:26.707.196 [mindspore/hal/stream.py:272] WARN_DEPRECATED: The usage of mindspore.hal.synchronize() is deprecated. Please use mindspore.runtime.synchronize()
[ERROR] COMMON(709794,ffff839e4020,python):2026-09-14-16:08:43.098.891 [mindspore/ccsrc/pybind_api/ir/tensor_py.cc:730] DataPtr] Tensor device address is null
[ERROR] COMMON(709794,ffff839e4020,python):2026-09-14-16:08:43.180.051 [mindspore/ccsrc/pybind_api/ir/tensor_py.cc:730] DataPtr] Tensor device address is null
[ERROR] COMMON(709794,ffff839e4020,python):2026-09-14-16:08:43.188.868 [mindspore/ccsrc/pybind_api/ir/tensor_py.cc:730] DataPtr] Tensor device address is null
[ERROR] COMMON(709794,ffff839e4020,python):2026-09-14-16:08:43.196.358 [mindspore/ccsrc/pybind_api/ir/tensor_py.cc:730] DataPtr] Tensor device address is null
[ERROR] COMMON(709794,ffff839e4020,python):2026-09-14-16:08:43.197.117 [mindspore/ccsrc/pybind_api/ir/tensor_py.cc:730] DataPtr] Tensor device address is null
[ERROR] COMMON(709794,ffff839e4020,python):2026-09-14-16:08:43.197.801 [mindspore/ccsrc/pybind_api/ir/tensor_py.cc:730] DataPtr] Tensor device address is null
[ERROR] COMMON(709794,ffff839e4020,python):2026-09-14-16:08:43.198.501 [mindspore/ccsrc/pybind_api/ir/tensor_py.cc:730] DataPtr] Tensor device address is null
[ERROR] COMMON(709794,ffff839e4020,python):2026-09-14-16:08:43.199.178 [mindspore/ccsrc/pybind_api/ir/tensor_py.cc:730] DataPtr] Tensor device address is null
[ERROR] COMMON(709794,ffff839e4020,python):2026-09-14-16:08:43.199.879 [mindspore/ccsrc/pybind_api/ir/tensor_py.cc:730] DataPtr] Tensor device address is null
[ERROR] COMMON(709794,ffff839e4020,python):2026-09-14-16:08:43.208.984 [mindspore/ccsrc/pybind_api/ir/tensor_py.cc:730] DataPtr] Tensor device address is null
[ERROR] COMMON(709794,ffff839e4020,python):2026-09-14-16:08:43.209.727 [mindspore/ccsrc/pybind_api/ir/tensor_py.cc:730] DataPtr] Tensor device address is null
[ERROR] COMMON(709794,ffff839e4020,python):2026-09-14-16:08:43.212.046 [mindspore/ccsrc/pybind_api/ir/tensor_py.cc:730] DataPtr] Tensor device address is null
[ERROR] COMMON(709794,ffff839e4020,python):2026-09-14-16:08:43.212.771 [mindspore/ccsrc/pybind_api/ir/tensor_py.cc:730] DataPtr] Tensor device address is null
[ERROR] COMMON(709794,ffff839e4020,python):2026-09-14-16:08:43.214.680 [mindspore/ccsrc/pybind_api/ir/tensor_py.cc:730] DataPtr] Tensor device address is null
[ERROR] COMMON(709794,ffff839e4020,python):2026-09-14-16:08:43.215.372 [mindspore/ccsrc/pybind_api/ir/tensor_py.cc:730] DataPtr] Tensor device address is null
[ERROR] COMMON(709794,ffff839e4020,python):2026-09-14-16:08:43.217.216 [mindspore/ccsrc/pybind_api/ir/tensor_py.cc:730] DataPtr] Tensor device address is null
[ERROR] COMMON(709794,ffff839e4020,python):2026-09-14-16:08:43.217.924 [mindspore/ccsrc/pybind_api/ir/tensor_py.cc:730] DataPtr] Tensor device address is null
[ERROR] COMMON(709794,ffff839e4020,python):2026-09-14-16:08:43.230.766 [mindspore/ccsrc/pybind_api/ir/tensor_py.cc:730] DataPtr] Tensor device address is null
[ERROR] COMMON(709794,ffff839e4020,python):2026-09-14-16:08:43.238.112 [mindspore/ccsrc/pybind_api/ir/tensor_py.cc:730] DataPtr] Tensor device address is null
[ERROR] COMMON(709794,ffff839e4020,python):2026-09-14-16:08:43.250.616 [mindspore/ccsrc/pybind_api/ir/tensor_py.cc:730] DataPtr] Tensor device address is null
[ERROR] COMMON(709794,ffff839e4020,python):2026-09-14-16:08:43.251.424 [mindspore/ccsrc/pybind_api/ir/tensor_py.cc:730] DataPtr] Tensor device address is null
[ERROR] COMMON(709794,ffff839e4020,python):2026-09-14-16:08:43.252.136 [mindspore/ccsrc/pybind_api/ir/tensor_py.cc:730] DataPtr] Tensor device address is null
[ERROR] COMMON(709794,ffff839e4020,python):2026-09-14-16:08:43.252.898 [mindspore/ccsrc/pybind_api/ir/tensor_py.cc:730] DataPtr] Tensor device address is null
[ERROR] COMMON(709794,ffff839e4020,python):2026-09-14-16:08:43.253.595 [mindspore/ccsrc/pybind_api/ir/tensor_py.cc:730] DataPtr] Tensor device address is null
[ERROR] COMMON(709794,ffff839e4020,python):2026-09-14-16:08:43.254.317 [mindspore/ccsrc/pybind_api/ir/tensor_py.cc:730] DataPtr] Tensor device address is null
[ERROR] COMMON(709794,ffff839e4020,python):2026-09-14-16:08:43.256.192 [mindspore/ccsrc/pybind_api/ir/tensor_py.cc:730] DataPtr] Tensor device address is null
[ERROR] COMMON(709794,ffff839e4020,python):2026-09-14-16:08:43.256.928 [mindspore/ccsrc/pybind_api/ir/tensor_py.cc:730] DataPtr] Tensor device address is null
[ERROR] COMMON(709794,ffff839e4020,python):2026-09-14-16:08:43.259.627 [mindspore/ccsrc/pybind_api/ir/tensor_py.cc:730] DataPtr] Tensor device address is null
[ERROR] COMMON(709794,ffff839e4020,python):2026-09-14-16:08:43.260.345 [mindspore/ccsrc/pybind_api/ir/tensor_py.cc:730] DataPtr] Tensor device address is null
[ERROR] COMMON(709794,ffff839e4020,python):2026-09-14-16:08:43.262.498 [mindspore/ccsrc/pybind_api/ir/tensor_py.cc:730] DataPtr] Tensor device address is null
[ERROR] COMMON(709794,ffff839e4020,python):2026-09-14-16:08:43.263.221 [mindspore/ccsrc/pybind_api/ir/tensor_py.cc:730] DataPtr] Tensor device address is null
[ERROR] COMMON(709794,ffff839e4020,python):2026-09-14-16:08:43.265.427 [mindspore/ccsrc/pybind_api/ir/tensor_py.cc:730] DataPtr] Tensor device address is null
[ERROR] COMMON(709794,ffff839e4020,python):2026-09-14-16:08:43.266.158 [mindspore/ccsrc/pybind_api/ir/tensor_py.cc:730] DataPtr] Tensor device address is null
[ERROR] COMMON(709794,ffff839e4020,python):2026-09-14-16:08:43.272.296 [mindspore/ccsrc/pybind_api/ir/tensor_py.cc:730] DataPtr] Tensor device address is null
[ERROR] COMMON(709794,ffff839e4020,python):2026-09-14-16:08:43.273.080 [mindspore/ccsrc/pybind_api/ir/tensor_py.cc:730] DataPtr] Tensor device address is null
[ERROR] COMMON(709794,ffff839e4020,python):2026-09-14-16:08:43.278.687 [mindspore/ccsrc/pybind_api/ir/tensor_py.cc:730] DataPtr] Tensor device address is null
[ERROR] COMMON(709794,ffff839e4020,python):2026-09-14-16:08:43.279.446 [mindspore/ccsrc/pybind_api/ir/tensor_py.cc:730] DataPtr] Tensor device address is null
[ERROR] COMMON(709794,ffff839e4020,python):2026-09-14-16:08:43.280.156 [mindspore/ccsrc/pybind_api/ir/tensor_py.cc:730] DataPtr] Tensor device address is null
[ERROR] COMMON(709794,ffff839e4020,python):2026-09-14-16:08:43.280.881 [mindspore/ccsrc/pybind_api/ir/tensor_py.cc:730] DataPtr] Tensor device address is null
[ERROR] COMMON(709794,ffff839e4020,python):2026-09-14-16:08:43.281.587 [mindspore/ccsrc/pybind_api/ir/tensor_py.cc:730] DataPtr] Tensor device address is null
[ERROR] COMMON(709794,ffff839e4020,python):2026-09-14-16:08:43.282.316 [mindspore/ccsrc/pybind_api/ir/tensor_py.cc:730] DataPtr] Tensor device address is null
[ERROR] COMMON(709794,ffff839e4020,python):2026-09-14-16:08:43.284.990 [mindspore/ccsrc/pybind_api/ir/tensor_py.cc:730] DataPtr] Tensor device address is null
[ERROR] COMMON(709794,ffff839e4020,python):2026-09-14-16:08:43.285.737 [mindspore/ccsrc/pybind_api/ir/tensor_py.cc:730] DataPtr] Tensor device address is null
[ERROR] COMMON(709794,ffff839e4020,python):2026-09-14-16:08:43.288.456 [mindspore/ccsrc/pybind_api/ir/tensor_py.cc:730] DataPtr] Tensor device address is null
[ERROR] COMMON(709794,ffff839e4020,python):2026-09-14-16:08:43.289.183 [mindspore/ccsrc/pybind_api/ir/tensor_py.cc:730] DataPtr] Tensor device address is null
[ERROR] COMMON(709794,ffff839e4020,python):2026-09-14-16:08:43.291.865 [mindspore/ccsrc/pybind_api/ir/tensor_py.cc:730] DataPtr] Tensor device address is null
[ERROR] COMMON(709794,ffff839e4020,python):2026-09-14-16:08:43.292.608 [mindspore/ccsrc/pybind_api/ir/tensor_py.cc:730] DataPtr] Tensor device address is null
[ERROR] COMMON(709794,ffff839e4020,python):2026-09-14-16:08:43.295.268 [mindspore/ccsrc/pybind_api/ir/tensor_py.cc:730] DataPtr] Tensor device address is null
[ERROR] COMMON(709794,ffff839e4020,python):2026-09-14-16:08:43.295.991 [mindspore/ccsrc/pybind_api/ir/tensor_py.cc:730] DataPtr] Tensor device address is null
[ERROR] COMMON(709794,ffff839e4020,python):2026-09-14-16:08:43.301.646 [mindspore/ccsrc/pybind_api/ir/tensor_py.cc:730] DataPtr] Tensor device address is null
[ERROR] COMMON(709794,ffff839e4020,python):2026-09-14-16:08:43.302.471 [mindspore/ccsrc/pybind_api/ir/tensor_py.cc:730] DataPtr] Tensor device address is null
[ERROR] COMMON(709794,ffff839e4020,python):2026-09-14-16:08:43.308.559 [mindspore/ccsrc/pybind_api/ir/tensor_py.cc:730] DataPtr] Tensor device address is null
[ERROR] COMMON(709794,ffff839e4020,python):2026-09-14-16:08:43.309.333 [mindspore/ccsrc/pybind_api/ir/tensor_py.cc:730] DataPtr] Tensor device address is null
[ERROR] COMMON(709794,ffff839e4020,python):2026-09-14-16:08:43.310.041 [mindspore/ccsrc/pybind_api/ir/tensor_py.cc:730] DataPtr] Tensor device address is null
[ERROR] COMMON(709794,ffff839e4020,python):2026-09-14-16:08:43.310.746 [mindspore/ccsrc/pybind_api/ir/tensor_py.cc:730] DataPtr] Tensor device address is null
[ERROR] COMMON(709794,ffff839e4020,python):2026-09-14-16:08:43.311.452 [mindspore/ccsrc/pybind_api/ir/tensor_py.cc:730] DataPtr] Tensor device address is null
[ERROR] COMMON(709794,ffff839e4020,python):2026-09-14-16:08:43.312.170 [mindspore/ccsrc/pybind_api/ir/tensor_py.cc:730] DataPtr] Tensor device address is null
[ERROR] COMMON(709794,ffff839e4020,python):2026-09-14-16:08:43.314.902 [mindspore/ccsrc/pybind_api/ir/tensor_py.cc:730] DataPtr] Tensor device address is null
[ERROR] COMMON(709794,ffff839e4020,python):2026-09-14-16:08:43.315.642 [mindspore/ccsrc/pybind_api/ir/tensor_py.cc:730] DataPtr] Tensor device address is null
[ERROR] COMMON(709794,ffff839e4020,python):2026-09-14-16:08:43.318.391 [mindspore/ccsrc/pybind_api/ir/tensor_py.cc:730] DataPtr] Tensor device address is null
[ERROR] COMMON(709794,ffff839e4020,python):2026-09-14-16:08:43.319.124 [mindspore/ccsrc/pybind_api/ir/tensor_py.cc:730] DataPtr] Tensor device address is null
[ERROR] COMMON(709794,ffff839e4020,python):2026-09-14-16:08:43.321.299 [mindspore/ccsrc/pybind_api/ir/tensor_py.cc:730] DataPtr] Tensor device address is null
[ERROR] COMMON(709794,ffff839e4020,python):2026-09-14-16:08:43.322.016 [mindspore/ccsrc/pybind_api/ir/tensor_py.cc:730] DataPtr] Tensor device address is null
[ERROR] COMMON(709794,ffff839e4020,python):2026-09-14-16:08:43.324.171 [mindspore/ccsrc/pybind_api/ir/tensor_py.cc:730] DataPtr] Tensor device address is null
[ERROR] COMMON(709794,ffff839e4020,python):2026-09-14-16:08:43.324.904 [mindspore/ccsrc/pybind_api/ir/tensor_py.cc:730] DataPtr] Tensor device address is null
[ERROR] COMMON(709794,ffff839e4020,python):2026-09-14-16:08:43.331.103 [mindspore/ccsrc/pybind_api/ir/tensor_py.cc:730] DataPtr] Tensor device address is null
[ERROR] COMMON(709794,ffff839e4020,python):2026-09-14-16:08:43.331.871 [mindspore/ccsrc/pybind_api/ir/tensor_py.cc:730] DataPtr] Tensor device address is null
[ERROR] COMMON(709794,ffff839e4020,python):2026-09-14-16:08:43.337.490 [mindspore/ccsrc/pybind_api/ir/tensor_py.cc:730] DataPtr] Tensor device address is null
[ERROR] COMMON(709794,ffff839e4020,python):2026-09-14-16:08:43.338.234 [mindspore/ccsrc/pybind_api/ir/tensor_py.cc:730] DataPtr] Tensor device address is null
[ERROR] COMMON(709794,ffff839e4020,python):2026-09-14-16:08:43.338.931 [mindspore/ccsrc/pybind_api/ir/tensor_py.cc:730] DataPtr] Tensor device address is null
[ERROR] COMMON(709794,ffff839e4020,python):2026-09-14-16:08:43.339.650 [mindspore/ccsrc/pybind_api/ir/tensor_py.cc:730] DataPtr] Tensor device address is null
[ERROR] COMMON(709794,ffff839e4020,python):2026-09-14-16:08:43.340.340 [mindspore/ccsrc/pybind_api/ir/tensor_py.cc:730] DataPtr] Tensor device address is null
[ERROR] COMMON(709794,ffff839e4020,python):2026-09-14-16:08:43.341.083 [mindspore/ccsrc/pybind_api/ir/tensor_py.cc:730] DataPtr] Tensor device address is null
[ERROR] COMMON(709794,ffff839e4020,python):2026-09-14-16:08:43.343.823 [mindspore/ccsrc/pybind_api/ir/tensor_py.cc:730] DataPtr] Tensor device address is null
[ERROR] COMMON(709794,ffff839e4020,python):2026-09-14-16:08:43.344.574 [mindspore/ccsrc/pybind_api/ir/tensor_py.cc:730] DataPtr] Tensor device address is null
[ERROR] COMMON(709794,ffff839e4020,python):2026-09-14-16:08:43.347.259 [mindspore/ccsrc/pybind_api/ir/tensor_py.cc:730] DataPtr] Tensor device address is null
[ERROR] COMMON(709794,ffff839e4020,python):2026-09-14-16:08:43.347.998 [mindspore/ccsrc/pybind_api/ir/tensor_py.cc:730] DataPtr] Tensor device address is null
[ERROR] COMMON(709794,ffff839e4020,python):2026-09-14-16:08:43.350.703 [mindspore/ccsrc/pybind_api/ir/tensor_py.cc:730] DataPtr] Tensor device address is null
[ERROR] COMMON(709794,ffff839e4020,python):2026-09-14-16:08:43.351.411 [mindspore/ccsrc/pybind_api/ir/tensor_py.cc:730] DataPtr] Tensor device address is null
[ERROR] COMMON(709794,ffff839e4020,python):2026-09-14-16:08:43.354.092 [mindspore/ccsrc/pybind_api/ir/tensor_py.cc:730] DataPtr] Tensor device address is null
[ERROR] COMMON(709794,ffff839e4020,python):2026-09-14-16:08:43.354.820 [mindspore/ccsrc/pybind_api/ir/tensor_py.cc:730] DataPtr] Tensor device address is null
[ERROR] COMMON(709794,ffff839e4020,python):2026-09-14-16:08:43.360.421 [mindspore/ccsrc/pybind_api/ir/tensor_py.cc:730] DataPtr] Tensor device address is null
[ERROR] COMMON(709794,ffff839e4020,python):2026-09-14-16:08:43.361.208 [mindspore/ccsrc/pybind_api/ir/tensor_py.cc:730] DataPtr] Tensor device address is null
[ERROR] COMMON(709794,ffff839e4020,python):2026-09-14-16:08:43.367.269 [mindspore/ccsrc/pybind_api/ir/tensor_py.cc:730] DataPtr] Tensor device address is null
[ERROR] COMMON(709794,ffff839e4020,python):2026-09-14-16:08:43.368.046 [mindspore/ccsrc/pybind_api/ir/tensor_py.cc:730] DataPtr] Tensor device address is null
[ERROR] COMMON(709794,ffff839e4020,python):2026-09-14-16:08:43.368.769 [mindspore/ccsrc/pybind_api/ir/tensor_py.cc:730] DataPtr] Tensor device address is null
[ERROR] COMMON(709794,ffff839e4020,python):2026-09-14-16:08:43.369.499 [mindspore/ccsrc/pybind_api/ir/tensor_py.cc:730] DataPtr] Tensor device address is null
[ERROR] COMMON(709794,ffff839e4020,python):2026-09-14-16:08:43.370.205 [mindspore/ccsrc/pybind_api/ir/tensor_py.cc:730] DataPtr] Tensor device address is null
[ERROR] COMMON(709794,ffff839e4020,python):2026-09-14-16:08:43.370.947 [mindspore/ccsrc/pybind_api/ir/tensor_py.cc:730] DataPtr] Tensor device address is null
[ERROR] COMMON(709794,ffff839e4020,python):2026-09-14-16:08:43.373.681 [mindspore/ccsrc/pybind_api/ir/tensor_py.cc:730] DataPtr] Tensor device address is null
[ERROR] COMMON(709794,ffff839e4020,python):2026-09-14-16:08:43.374.434 [mindspore/ccsrc/pybind_api/ir/tensor_py.cc:730] DataPtr] Tensor device address is null
[ERROR] COMMON(709794,ffff839e4020,python):2026-09-14-16:08:43.377.161 [mindspore/ccsrc/pybind_api/ir/tensor_py.cc:730] DataPtr] Tensor device address is null
[ERROR] COMMON(709794,ffff839e4020,python):2026-09-14-16:08:43.377.890 [mindspore/ccsrc/pybind_api/ir/tensor_py.cc:730] DataPtr] Tensor device address is null
[ERROR] COMMON(709794,ffff839e4020,python):2026-09-14-16:08:43.380.004 [mindspore/ccsrc/pybind_api/ir/tensor_py.cc:730] DataPtr] Tensor device address is null
[ERROR] COMMON(709794,ffff839e4020,python):2026-09-14-16:08:43.380.748 [mindspore/ccsrc/pybind_api/ir/tensor_py.cc:730] DataPtr] Tensor device address is null
[ERROR] COMMON(709794,ffff839e4020,python):2026-09-14-16:08:43.382.935 [mindspore/ccsrc/pybind_api/ir/tensor_py.cc:730] DataPtr] Tensor device address is null
[ERROR] COMMON(709794,ffff839e4020,python):2026-09-14-16:08:43.383.667 [mindspore/ccsrc/pybind_api/ir/tensor_py.cc:730] DataPtr] Tensor device address is null
[ERROR] COMMON(709794,ffff839e4020,python):2026-09-14-16:08:43.389.700 [mindspore/ccsrc/pybind_api/ir/tensor_py.cc:730] DataPtr] Tensor device address is null
[ERROR] COMMON(709794,ffff839e4020,python):2026-09-14-16:08:43.390.477 [mindspore/ccsrc/pybind_api/ir/tensor_py.cc:730] DataPtr] Tensor device address is null
[ERROR] COMMON(709794,ffff839e4020,python):2026-09-14-16:08:43.396.131 [mindspore/ccsrc/pybind_api/ir/tensor_py.cc:730] DataPtr] Tensor device address is null
[ERROR] COMMON(709794,ffff839e4020,python):2026-09-14-16:08:43.396.918 [mindspore/ccsrc/pybind_api/ir/tensor_py.cc:730] DataPtr] Tensor device address is null
[ERROR] COMMON(709794,ffff839e4020,python):2026-09-14-16:08:43.397.617 [mindspore/ccsrc/pybind_api/ir/tensor_py.cc:730] DataPtr] Tensor device address is null
[ERROR] COMMON(709794,ffff839e4020,python):2026-09-14-16:08:43.398.342 [mindspore/ccsrc/pybind_api/ir/tensor_py.cc:730] DataPtr] Tensor device address is null
[ERROR] COMMON(709794,ffff839e4020,python):2026-09-14-16:08:43.399.044 [mindspore/ccsrc/pybind_api/ir/tensor_py.cc:730] DataPtr] Tensor device address is null
[ERROR] COMMON(709794,ffff839e4020,python):2026-09-14-16:08:43.399.762 [mindspore/ccsrc/pybind_api/ir/tensor_py.cc:730] DataPtr] Tensor device address is null
[ERROR] COMMON(709794,ffff839e4020,python):2026-09-14-16:08:43.402.542 [mindspore/ccsrc/pybind_api/ir/tensor_py.cc:730] DataPtr] Tensor device address is null
[ERROR] COMMON(709794,ffff839e4020,python):2026-09-14-16:08:43.403.283 [mindspore/ccsrc/pybind_api/ir/tensor_py.cc:730] DataPtr] Tensor device address is null
[ERROR] COMMON(709794,ffff839e4020,python):2026-09-14-16:08:43.406.053 [mindspore/ccsrc/pybind_api/ir/tensor_py.cc:730] DataPtr] Tensor device address is null
[ERROR] COMMON(709794,ffff839e4020,python):2026-09-14-16:08:43.406.807 [mindspore/ccsrc/pybind_api/ir/tensor_py.cc:730] DataPtr] Tensor device address is null
[ERROR] COMMON(709794,ffff839e4020,python):2026-09-14-16:08:43.409.496 [mindspore/ccsrc/pybind_api/ir/tensor_py.cc:730] DataPtr] Tensor device address is null
[ERROR] COMMON(709794,ffff839e4020,python):2026-09-14-16:08:43.410.246 [mindspore/ccsrc/pybind_api/ir/tensor_py.cc:730] DataPtr] Tensor device address is null
[ERROR] COMMON(709794,ffff839e4020,python):2026-09-14-16:08:43.412.931 [mindspore/ccsrc/pybind_api/ir/tensor_py.cc:730] DataPtr] Tensor device address is null
[ERROR] COMMON(709794,ffff839e4020,python):2026-09-14-16:08:43.413.684 [mindspore/ccsrc/pybind_api/ir/tensor_py.cc:730] DataPtr] Tensor device address is null
[ERROR] COMMON(709794,ffff839e4020,python):2026-09-14-16:08:43.419.367 [mindspore/ccsrc/pybind_api/ir/tensor_py.cc:730] DataPtr] Tensor device address is null
[ERROR] COMMON(709794,ffff839e4020,python):2026-09-14-16:08:43.420.130 [mindspore/ccsrc/pybind_api/ir/tensor_py.cc:730] DataPtr] Tensor device address is null
[ERROR] COMMON(709794,ffff839e4020,python):2026-09-14-16:08:43.426.226 [mindspore/ccsrc/pybind_api/ir/tensor_py.cc:730] DataPtr] Tensor device address is null
[ERROR] COMMON(709794,ffff839e4020,python):2026-09-14-16:08:43.427.007 [mindspore/ccsrc/pybind_api/ir/tensor_py.cc:730] DataPtr] Tensor device address is null
[ERROR] COMMON(709794,ffff839e4020,python):2026-09-14-16:08:43.427.717 [mindspore/ccsrc/pybind_api/ir/tensor_py.cc:730] DataPtr] Tensor device address is null
[ERROR] COMMON(709794,ffff839e4020,python):2026-09-14-16:08:43.428.447 [mindspore/ccsrc/pybind_api/ir/tensor_py.cc:730] DataPtr] Tensor device address is null
[ERROR] COMMON(709794,ffff839e4020,python):2026-09-14-16:08:43.429.170 [mindspore/ccsrc/pybind_api/ir/tensor_py.cc:730] DataPtr] Tensor device address is null
[ERROR] COMMON(709794,ffff839e4020,python):2026-09-14-16:08:43.429.893 [mindspore/ccsrc/pybind_api/ir/tensor_py.cc:730] DataPtr] Tensor device address is null
[ERROR] COMMON(709794,ffff839e4020,python):2026-09-14-16:08:43.432.633 [mindspore/ccsrc/pybind_api/ir/tensor_py.cc:730] DataPtr] Tensor device address is null
[ERROR] COMMON(709794,ffff839e4020,python):2026-09-14-16:08:43.433.386 [mindspore/ccsrc/pybind_api/ir/tensor_py.cc:730] DataPtr] Tensor device address is null
[ERROR] COMMON(709794,ffff839e4020,python):2026-09-14-16:08:43.436.125 [mindspore/ccsrc/pybind_api/ir/tensor_py.cc:730] DataPtr] Tensor device address is null
[ERROR] COMMON(709794,ffff839e4020,python):2026-09-14-16:08:43.436.867 [mindspore/ccsrc/pybind_api/ir/tensor_py.cc:730] DataPtr] Tensor device address is null
[ERROR] COMMON(709794,ffff839e4020,python):2026-09-14-16:08:43.438.992 [mindspore/ccsrc/pybind_api/ir/tensor_py.cc:730] DataPtr] Tensor device address is null
[ERROR] COMMON(709794,ffff839e4020,python):2026-09-14-16:08:43.439.732 [mindspore/ccsrc/pybind_api/ir/tensor_py.cc:730] DataPtr] Tensor device address is null
[ERROR] COMMON(709794,ffff839e4020,python):2026-09-14-16:08:43.441.931 [mindspore/ccsrc/pybind_api/ir/tensor_py.cc:730] DataPtr] Tensor device address is null
[ERROR] COMMON(709794,ffff839e4020,python):2026-09-14-16:08:43.442.668 [mindspore/ccsrc/pybind_api/ir/tensor_py.cc:730] DataPtr] Tensor device address is null
[ERROR] COMMON(709794,ffff839e4020,python):2026-09-14-16:08:43.448.832 [mindspore/ccsrc/pybind_api/ir/tensor_py.cc:730] DataPtr] Tensor device address is null
[ERROR] COMMON(709794,ffff839e4020,python):2026-09-14-16:08:43.449.627 [mindspore/ccsrc/pybind_api/ir/tensor_py.cc:730] DataPtr] Tensor device address is null
[ERROR] COMMON(709794,ffff839e4020,python):2026-09-14-16:08:43.455.232 [mindspore/ccsrc/pybind_api/ir/tensor_py.cc:730] DataPtr] Tensor device address is null
[ERROR] COMMON(709794,ffff839e4020,python):2026-09-14-16:08:43.455.982 [mindspore/ccsrc/pybind_api/ir/tensor_py.cc:730] DataPtr] Tensor device address is null
[ERROR] COMMON(709794,ffff839e4020,python):2026-09-14-16:08:43.456.721 [mindspore/ccsrc/pybind_api/ir/tensor_py.cc:730] DataPtr] Tensor device address is null
[ERROR] COMMON(709794,ffff839e4020,python):2026-09-14-16:08:43.457.444 [mindspore/ccsrc/pybind_api/ir/tensor_py.cc:730] DataPtr] Tensor device address is null
[ERROR] COMMON(709794,ffff839e4020,python):2026-09-14-16:08:43.458.152 [mindspore/ccsrc/pybind_api/ir/tensor_py.cc:730] DataPtr] Tensor device address is null
[ERROR] COMMON(709794,ffff839e4020,python):2026-09-14-16:08:43.458.888 [mindspore/ccsrc/pybind_api/ir/tensor_py.cc:730] DataPtr] Tensor device address is null
[ERROR] COMMON(709794,ffff839e4020,python):2026-09-14-16:08:43.461.658 [mindspore/ccsrc/pybind_api/ir/tensor_py.cc:730] DataPtr] Tensor device address is null
[ERROR] COMMON(709794,ffff839e4020,python):2026-09-14-16:08:43.462.403 [mindspore/ccsrc/pybind_api/ir/tensor_py.cc:730] DataPtr] Tensor device address is null
[ERROR] COMMON(709794,ffff839e4020,python):2026-09-14-16:08:43.465.131 [mindspore/ccsrc/pybind_api/ir/tensor_py.cc:730] DataPtr] Tensor device address is null
[ERROR] COMMON(709794,ffff839e4020,python):2026-09-14-16:08:43.465.862 [mindspore/ccsrc/pybind_api/ir/tensor_py.cc:730] DataPtr] Tensor device address is null
[ERROR] COMMON(709794,ffff839e4020,python):2026-09-14-16:08:43.468.597 [mindspore/ccsrc/pybind_api/ir/tensor_py.cc:730] DataPtr] Tensor device address is null
[ERROR] COMMON(709794,ffff839e4020,python):2026-09-14-16:08:43.469.336 [mindspore/ccsrc/pybind_api/ir/tensor_py.cc:730] DataPtr] Tensor device address is null
[ERROR] COMMON(709794,ffff839e4020,python):2026-09-14-16:08:43.471.998 [mindspore/ccsrc/pybind_api/ir/tensor_py.cc:730] DataPtr] Tensor device address is null
[ERROR] COMMON(709794,ffff839e4020,python):2026-09-14-16:08:43.472.750 [mindspore/ccsrc/pybind_api/ir/tensor_py.cc:730] DataPtr] Tensor device address is null
[ERROR] COMMON(709794,ffff839e4020,python):2026-09-14-16:08:43.478.428 [mindspore/ccsrc/pybind_api/ir/tensor_py.cc:730] DataPtr] Tensor device address is null
[ERROR] COMMON(709794,ffff839e4020,python):2026-09-14-16:08:43.479.192 [mindspore/ccsrc/pybind_api/ir/tensor_py.cc:730] DataPtr] Tensor device address is null
[ERROR] COMMON(709794,ffff839e4020,python):2026-09-14-16:08:43.485.274 [mindspore/ccsrc/pybind_api/ir/tensor_py.cc:730] DataPtr] Tensor device address is null
[ERROR] COMMON(709794,ffff839e4020,python):2026-09-14-16:08:43.486.043 [mindspore/ccsrc/pybind_api/ir/tensor_py.cc:730] DataPtr] Tensor device address is null
[ERROR] COMMON(709794,ffff839e4020,python):2026-09-14-16:08:43.486.756 [mindspore/ccsrc/pybind_api/ir/tensor_py.cc:730] DataPtr] Tensor device address is null
[ERROR] COMMON(709794,ffff839e4020,python):2026-09-14-16:08:43.487.488 [mindspore/ccsrc/pybind_api/ir/tensor_py.cc:730] DataPtr] Tensor device address is null
[ERROR] COMMON(709794,ffff839e4020,python):2026-09-14-16:08:43.488.193 [mindspore/ccsrc/pybind_api/ir/tensor_py.cc:730] DataPtr] Tensor device address is null
[ERROR] COMMON(709794,ffff839e4020,python):2026-09-14-16:08:43.488.923 [mindspore/ccsrc/pybind_api/ir/tensor_py.cc:730] DataPtr] Tensor device address is null
[ERROR] COMMON(709794,ffff839e4020,python):2026-09-14-16:08:43.491.636 [mindspore/ccsrc/pybind_api/ir/tensor_py.cc:730] DataPtr] Tensor device address is null
[ERROR] COMMON(709794,ffff839e4020,python):2026-09-14-16:08:43.492.375 [mindspore/ccsrc/pybind_api/ir/tensor_py.cc:730] DataPtr] Tensor device address is null
[ERROR] COMMON(709794,ffff839e4020,python):2026-09-14-16:08:43.495.170 [mindspore/ccsrc/pybind_api/ir/tensor_py.cc:730] DataPtr] Tensor device address is null
[ERROR] COMMON(709794,ffff839e4020,python):2026-09-14-16:08:43.495.904 [mindspore/ccsrc/pybind_api/ir/tensor_py.cc:730] DataPtr] Tensor device address is null
[ERROR] COMMON(709794,ffff839e4020,python):2026-09-14-16:08:43.498.029 [mindspore/ccsrc/pybind_api/ir/tensor_py.cc:730] DataPtr] Tensor device address is null
[ERROR] COMMON(709794,ffff839e4020,python):2026-09-14-16:08:43.498.756 [mindspore/ccsrc/pybind_api/ir/tensor_py.cc:730] DataPtr] Tensor device address is null
[ERROR] COMMON(709794,ffff839e4020,python):2026-09-14-16:08:43.500.925 [mindspore/ccsrc/pybind_api/ir/tensor_py.cc:730] DataPtr] Tensor device address is null
[ERROR] COMMON(709794,ffff839e4020,python):2026-09-14-16:08:43.501.666 [mindspore/ccsrc/pybind_api/ir/tensor_py.cc:730] DataPtr] Tensor device address is null
[ERROR] COMMON(709794,ffff839e4020,python):2026-09-14-16:08:43.507.722 [mindspore/ccsrc/pybind_api/ir/tensor_py.cc:730] DataPtr] Tensor device address is null
[ERROR] COMMON(709794,ffff839e4020,python):2026-09-14-16:08:43.508.499 [mindspore/ccsrc/pybind_api/ir/tensor_py.cc:730] DataPtr] Tensor device address is null
[ERROR] COMMON(709794,ffff839e4020,python):2026-09-14-16:08:43.514.139 [mindspore/ccsrc/pybind_api/ir/tensor_py.cc:730] DataPtr] Tensor device address is null
[ERROR] COMMON(709794,ffff839e4020,python):2026-09-14-16:08:43.514.895 [mindspore/ccsrc/pybind_api/ir/tensor_py.cc:730] DataPtr] Tensor device address is null
[ERROR] COMMON(709794,ffff839e4020,python):2026-09-14-16:08:43.515.608 [mindspore/ccsrc/pybind_api/ir/tensor_py.cc:730] DataPtr] Tensor device address is null
[ERROR] COMMON(709794,ffff839e4020,python):2026-09-14-16:08:43.516.321 [mindspore/ccsrc/pybind_api/ir/tensor_py.cc:730] DataPtr] Tensor device address is null
[ERROR] COMMON(709794,ffff839e4020,python):2026-09-14-16:08:43.517.025 [mindspore/ccsrc/pybind_api/ir/tensor_py.cc:730] DataPtr] Tensor device address is null
[ERROR] COMMON(709794,ffff839e4020,python):2026-09-14-16:08:43.517.752 [mindspore/ccsrc/pybind_api/ir/tensor_py.cc:730] DataPtr] Tensor device address is null
[ERROR] COMMON(709794,ffff839e4020,python):2026-09-14-16:08:43.520.544 [mindspore/ccsrc/pybind_api/ir/tensor_py.cc:730] DataPtr] Tensor device address is null
[ERROR] COMMON(709794,ffff839e4020,python):2026-09-14-16:08:43.521.283 [mindspore/ccsrc/pybind_api/ir/tensor_py.cc:730] DataPtr] Tensor device address is null
[ERROR] COMMON(709794,ffff839e4020,python):2026-09-14-16:08:43.524.050 [mindspore/ccsrc/pybind_api/ir/tensor_py.cc:730] DataPtr] Tensor device address is null
[ERROR] COMMON(709794,ffff839e4020,python):2026-09-14-16:08:43.524.817 [mindspore/ccsrc/pybind_api/ir/tensor_py.cc:730] DataPtr] Tensor device address is null
[ERROR] COMMON(709794,ffff839e4020,python):2026-09-14-16:08:43.527.540 [mindspore/ccsrc/pybind_api/ir/tensor_py.cc:730] DataPtr] Tensor device address is null
[ERROR] COMMON(709794,ffff839e4020,python):2026-09-14-16:08:43.528.264 [mindspore/ccsrc/pybind_api/ir/tensor_py.cc:730] DataPtr] Tensor device address is null
[ERROR] COMMON(709794,ffff839e4020,python):2026-09-14-16:08:43.530.962 [mindspore/ccsrc/pybind_api/ir/tensor_py.cc:730] DataPtr] Tensor device address is null
[ERROR] COMMON(709794,ffff839e4020,python):2026-09-14-16:08:43.531.690 [mindspore/ccsrc/pybind_api/ir/tensor_py.cc:730] DataPtr] Tensor device address is null
[ERROR] COMMON(709794,ffff839e4020,python):2026-09-14-16:08:43.537.337 [mindspore/ccsrc/pybind_api/ir/tensor_py.cc:730] DataPtr] Tensor device address is null
[ERROR] COMMON(709794,ffff839e4020,python):2026-09-14-16:08:43.538.107 [mindspore/ccsrc/pybind_api/ir/tensor_py.cc:730] DataPtr] Tensor device address is null
[ERROR] COMMON(709794,ffff839e4020,python):2026-09-14-16:08:43.544.200 [mindspore/ccsrc/pybind_api/ir/tensor_py.cc:730] DataPtr] Tensor device address is null
[ERROR] COMMON(709794,ffff839e4020,python):2026-09-14-16:08:43.544.975 [mindspore/ccsrc/pybind_api/ir/tensor_py.cc:730] DataPtr] Tensor device address is null
[ERROR] COMMON(709794,ffff839e4020,python):2026-09-14-16:08:43.545.690 [mindspore/ccsrc/pybind_api/ir/tensor_py.cc:730] DataPtr] Tensor device address is null
[ERROR] COMMON(709794,ffff839e4020,python):2026-09-14-16:08:43.546.396 [mindspore/ccsrc/pybind_api/ir/tensor_py.cc:730] DataPtr] Tensor device address is null
[ERROR] COMMON(709794,ffff839e4020,python):2026-09-14-16:08:43.547.092 [mindspore/ccsrc/pybind_api/ir/tensor_py.cc:730] DataPtr] Tensor device address is null
[ERROR] COMMON(709794,ffff839e4020,python):2026-09-14-16:08:43.547.810 [mindspore/ccsrc/pybind_api/ir/tensor_py.cc:730] DataPtr] Tensor device address is null
[ERROR] COMMON(709794,ffff839e4020,python):2026-09-14-16:08:43.550.551 [mindspore/ccsrc/pybind_api/ir/tensor_py.cc:730] DataPtr] Tensor device address is null
[ERROR] COMMON(709794,ffff839e4020,python):2026-09-14-16:08:43.551.288 [mindspore/ccsrc/pybind_api/ir/tensor_py.cc:730] DataPtr] Tensor device address is null
[ERROR] COMMON(709794,ffff839e4020,python):2026-09-14-16:08:43.553.991 [mindspore/ccsrc/pybind_api/ir/tensor_py.cc:730] DataPtr] Tensor device address is null
[ERROR] COMMON(709794,ffff839e4020,python):2026-09-14-16:08:43.554.704 [mindspore/ccsrc/pybind_api/ir/tensor_py.cc:730] DataPtr] Tensor device address is null
[ERROR] COMMON(709794,ffff839e4020,python):2026-09-14-16:08:43.556.779 [mindspore/ccsrc/pybind_api/ir/tensor_py.cc:730] DataPtr] Tensor device address is null
[ERROR] COMMON(709794,ffff839e4020,python):2026-09-14-16:08:43.557.499 [mindspore/ccsrc/pybind_api/ir/tensor_py.cc:730] DataPtr] Tensor device address is null
[ERROR] COMMON(709794,ffff839e4020,python):2026-09-14-16:08:43.559.657 [mindspore/ccsrc/pybind_api/ir/tensor_py.cc:730] DataPtr] Tensor device address is null
[ERROR] COMMON(709794,ffff839e4020,python):2026-09-14-16:08:43.560.385 [mindspore/ccsrc/pybind_api/ir/tensor_py.cc:730] DataPtr] Tensor device address is null
[ERROR] COMMON(709794,ffff839e4020,python):2026-09-14-16:08:43.566.466 [mindspore/ccsrc/pybind_api/ir/tensor_py.cc:730] DataPtr] Tensor device address is null
[ERROR] COMMON(709794,ffff839e4020,python):2026-09-14-16:08:43.567.235 [mindspore/ccsrc/pybind_api/ir/tensor_py.cc:730] DataPtr] Tensor device address is null
[ERROR] COMMON(709794,ffff839e4020,python):2026-09-14-16:08:43.572.899 [mindspore/ccsrc/pybind_api/ir/tensor_py.cc:730] DataPtr] Tensor device address is null
[ERROR] COMMON(709794,ffff839e4020,python):2026-09-14-16:08:43.573.735 [mindspore/ccsrc/pybind_api/ir/tensor_py.cc:730] DataPtr] Tensor device address is null
[ERROR] COMMON(709794,ffff839e4020,python):2026-09-14-16:08:43.581.568 [mindspore/ccsrc/pybind_api/ir/tensor_py.cc:730] DataPtr] Tensor device address is null
[ERROR] COMMON(709794,ffff839e4020,python):2026-09-14-16:08:43.588.562 [mindspore/ccsrc/pybind_api/ir/tensor_py.cc:730] DataPtr] Tensor device address is null
[ERROR] COMMON(709794,ffff839e4020,python):2026-09-14-16:08:43.662.609 [mindspore/ccsrc/pybind_api/ir/tensor_py.cc:730] DataPtr] Tensor device address is null
[ERROR] COMMON(709794,ffff839e4020,python):2026-09-14-16:08:43.663.863 [mindspore/ccsrc/pybind_api/ir/tensor_py.cc:730] DataPtr] Tensor device address is null
[ERROR] COMMON(709794,ffff839e4020,python):2026-09-14-16:08:43.664.685 [mindspore/ccsrc/pybind_api/ir/tensor_py.cc:730] DataPtr] Tensor device address is null
[ERROR] COMMON(709794,ffff839e4020,python):2026-09-14-16:08:43.665.414 [mindspore/ccsrc/pybind_api/ir/tensor_py.cc:730] DataPtr] Tensor device address is null
[ERROR] COMMON(709794,ffff839e4020,python):2026-09-14-16:08:43.666.135 [mindspore/ccsrc/pybind_api/ir/tensor_py.cc:730] DataPtr] Tensor device address is null
[ERROR] COMMON(709794,ffff839e4020,python):2026-09-14-16:08:43.666.851 [mindspore/ccsrc/pybind_api/ir/tensor_py.cc:730] DataPtr] Tensor device address is null
[ERROR] COMMON(709794,ffff839e4020,python):2026-09-14-16:08:43.667.570 [mindspore/ccsrc/pybind_api/ir/tensor_py.cc:730] DataPtr] Tensor device address is null
[ERROR] COMMON(709794,ffff839e4020,python):2026-09-14-16:08:43.668.274 [mindspore/ccsrc/pybind_api/ir/tensor_py.cc:730] DataPtr] Tensor device address is null
[ERROR] COMMON(709794,ffff839e4020,python):2026-09-14-16:08:43.671.128 [mindspore/ccsrc/pybind_api/ir/tensor_py.cc:730] DataPtr] Tensor device address is null
[ERROR] COMMON(709794,ffff839e4020,python):2026-09-14-16:08:43.671.848 [mindspore/ccsrc/pybind_api/ir/tensor_py.cc:730] DataPtr] Tensor device address is null
[ERROR] COMMON(709794,ffff839e4020,python):2026-09-14-16:08:43.674.418 [mindspore/ccsrc/pybind_api/ir/tensor_py.cc:730] DataPtr] Tensor device address is null
[ERROR] COMMON(709794,ffff839e4020,python):2026-09-14-16:08:43.675.151 [mindspore/ccsrc/pybind_api/ir/tensor_py.cc:730] DataPtr] Tensor device address is null
[ERROR] COMMON(709794,ffff839e4020,python):2026-09-14-16:08:43.677.873 [mindspore/ccsrc/pybind_api/ir/tensor_py.cc:730] DataPtr] Tensor device address is null
[ERROR] COMMON(709794,ffff839e4020,python):2026-09-14-16:08:43.678.621 [mindspore/ccsrc/pybind_api/ir/tensor_py.cc:730] DataPtr] Tensor device address is null
[ERROR] COMMON(709794,ffff839e4020,python):2026-09-14-16:08:43.681.384 [mindspore/ccsrc/pybind_api/ir/tensor_py.cc:730] DataPtr] Tensor device address is null
[ERROR] COMMON(709794,ffff839e4020,python):2026-09-14-16:08:43.682.116 [mindspore/ccsrc/pybind_api/ir/tensor_py.cc:730] DataPtr] Tensor device address is null
[ERROR] COMMON(709794,ffff839e4020,python):2026-09-14-16:08:43.687.869 [mindspore/ccsrc/pybind_api/ir/tensor_py.cc:730] DataPtr] Tensor device address is null
[ERROR] COMMON(709794,ffff839e4020,python):2026-09-14-16:08:43.688.712 [mindspore/ccsrc/pybind_api/ir/tensor_py.cc:730] DataPtr] Tensor device address is null
[ERROR] COMMON(709794,ffff839e4020,python):2026-09-14-16:08:43.695.250 [mindspore/ccsrc/pybind_api/ir/tensor_py.cc:730] DataPtr] Tensor device address is null
[ERROR] COMMON(709794,ffff839e4020,python):2026-09-14-16:08:43.696.012 [mindspore/ccsrc/pybind_api/ir/tensor_py.cc:730] DataPtr] Tensor device address is null
[ERROR] COMMON(709794,ffff839e4020,python):2026-09-14-16:08:43.696.761 [mindspore/ccsrc/pybind_api/ir/tensor_py.cc:730] DataPtr] Tensor device address is null
[ERROR] COMMON(709794,ffff839e4020,python):2026-09-14-16:08:43.697.478 [mindspore/ccsrc/pybind_api/ir/tensor_py.cc:730] DataPtr] Tensor device address is null
[ERROR] COMMON(709794,ffff839e4020,python):2026-09-14-16:08:43.698.195 [mindspore/ccsrc/pybind_api/ir/tensor_py.cc:730] DataPtr] Tensor device address is null
[ERROR] COMMON(709794,ffff839e4020,python):2026-09-14-16:08:43.699.588 [mindspore/ccsrc/pybind_api/ir/tensor_py.cc:730] DataPtr] Tensor device address is null
[ERROR] COMMON(709794,ffff839e4020,python):2026-09-14-16:08:43.702.338 [mindspore/ccsrc/pybind_api/ir/tensor_py.cc:730] DataPtr] Tensor device address is null
[ERROR] COMMON(709794,ffff839e4020,python):2026-09-14-16:08:43.703.069 [mindspore/ccsrc/pybind_api/ir/tensor_py.cc:730] DataPtr] Tensor device address is null
[ERROR] COMMON(709794,ffff839e4020,python):2026-09-14-16:08:43.705.866 [mindspore/ccsrc/pybind_api/ir/tensor_py.cc:730] DataPtr] Tensor device address is null
[ERROR] COMMON(709794,ffff839e4020,python):2026-09-14-16:08:43.706.599 [mindspore/ccsrc/pybind_api/ir/tensor_py.cc:730] DataPtr] Tensor device address is null
[ERROR] COMMON(709794,ffff839e4020,python):2026-09-14-16:08:43.708.565 [mindspore/ccsrc/pybind_api/ir/tensor_py.cc:730] DataPtr] Tensor device address is null
[ERROR] COMMON(709794,ffff839e4020,python):2026-09-14-16:08:43.709.314 [mindspore/ccsrc/pybind_api/ir/tensor_py.cc:730] DataPtr] Tensor device address is null
[ERROR] COMMON(709794,ffff839e4020,python):2026-09-14-16:08:43.711.333 [mindspore/ccsrc/pybind_api/ir/tensor_py.cc:730] DataPtr] Tensor device address is null
[ERROR] COMMON(709794,ffff839e4020,python):2026-09-14-16:08:43.712.075 [mindspore/ccsrc/pybind_api/ir/tensor_py.cc:730] DataPtr] Tensor device address is null
[ERROR] COMMON(709794,ffff839e4020,python):2026-09-14-16:08:43.718.657 [mindspore/ccsrc/pybind_api/ir/tensor_py.cc:730] DataPtr] Tensor device address is null
[ERROR] COMMON(709794,ffff839e4020,python):2026-09-14-16:08:43.719.428 [mindspore/ccsrc/pybind_api/ir/tensor_py.cc:730] DataPtr] Tensor device address is null
[ERROR] COMMON(709794,ffff839e4020,python):2026-09-14-16:08:43.725.695 [mindspore/ccsrc/pybind_api/ir/tensor_py.cc:730] DataPtr] Tensor device address is null
[ERROR] COMMON(709794,ffff839e4020,python):2026-09-14-16:08:43.726.464 [mindspore/ccsrc/pybind_api/ir/tensor_py.cc:730] DataPtr] Tensor device address is null
[ERROR] COMMON(709794,ffff839e4020,python):2026-09-14-16:08:43.727.197 [mindspore/ccsrc/pybind_api/ir/tensor_py.cc:730] DataPtr] Tensor device address is null
[ERROR] COMMON(709794,ffff839e4020,python):2026-09-14-16:08:43.727.924 [mindspore/ccsrc/pybind_api/ir/tensor_py.cc:730] DataPtr] Tensor device address is null
[ERROR] COMMON(709794,ffff839e4020,python):2026-09-14-16:08:43.728.666 [mindspore/ccsrc/pybind_api/ir/tensor_py.cc:730] DataPtr] Tensor device address is null
[ERROR] COMMON(709794,ffff839e4020,python):2026-09-14-16:08:43.729.391 [mindspore/ccsrc/pybind_api/ir/tensor_py.cc:730] DataPtr] Tensor device address is null
[ERROR] COMMON(709794,ffff839e4020,python):2026-09-14-16:08:43.731.961 [mindspore/ccsrc/pybind_api/ir/tensor_py.cc:730] DataPtr] Tensor device address is null
[ERROR] COMMON(709794,ffff839e4020,python):2026-09-14-16:08:43.732.710 [mindspore/ccsrc/pybind_api/ir/tensor_py.cc:730] DataPtr] Tensor device address is null
[ERROR] COMMON(709794,ffff839e4020,python):2026-09-14-16:08:43.735.474 [mindspore/ccsrc/pybind_api/ir/tensor_py.cc:730] DataPtr] Tensor device address is null
[ERROR] COMMON(709794,ffff839e4020,python):2026-09-14-16:08:43.736.192 [mindspore/ccsrc/pybind_api/ir/tensor_py.cc:730] DataPtr] Tensor device address is null
[ERROR] COMMON(709794,ffff839e4020,python):2026-09-14-16:08:43.738.717 [mindspore/ccsrc/pybind_api/ir/tensor_py.cc:730] DataPtr] Tensor device address is null
[ERROR] COMMON(709794,ffff839e4020,python):2026-09-14-16:08:43.739.451 [mindspore/ccsrc/pybind_api/ir/tensor_py.cc:730] DataPtr] Tensor device address is null
[ERROR] COMMON(709794,ffff839e4020,python):2026-09-14-16:08:43.741.979 [mindspore/ccsrc/pybind_api/ir/tensor_py.cc:730] DataPtr] Tensor device address is null
[ERROR] COMMON(709794,ffff839e4020,python):2026-09-14-16:08:43.742.714 [mindspore/ccsrc/pybind_api/ir/tensor_py.cc:730] DataPtr] Tensor device address is null
[ERROR] COMMON(709794,ffff839e4020,python):2026-09-14-16:08:43.749.039 [mindspore/ccsrc/pybind_api/ir/tensor_py.cc:730] DataPtr] Tensor device address is null
[ERROR] COMMON(709794,ffff839e4020,python):2026-09-14-16:08:43.749.804 [mindspore/ccsrc/pybind_api/ir/tensor_py.cc:730] DataPtr] Tensor device address is null
[ERROR] COMMON(709794,ffff839e4020,python):2026-09-14-16:08:43.756.515 [mindspore/ccsrc/pybind_api/ir/tensor_py.cc:730] DataPtr] Tensor device address is null
[ERROR] COMMON(709794,ffff839e4020,python):2026-09-14-16:08:43.757.270 [mindspore/ccsrc/pybind_api/ir/tensor_py.cc:730] DataPtr] Tensor device address is null
[ERROR] COMMON(709794,ffff839e4020,python):2026-09-14-16:08:43.758.002 [mindspore/ccsrc/pybind_api/ir/tensor_py.cc:730] DataPtr] Tensor device address is null
[ERROR] COMMON(709794,ffff839e4020,python):2026-09-14-16:08:43.758.746 [mindspore/ccsrc/pybind_api/ir/tensor_py.cc:730] DataPtr] Tensor device address is null
[ERROR] COMMON(709794,ffff839e4020,python):2026-09-14-16:08:43.759.475 [mindspore/ccsrc/pybind_api/ir/tensor_py.cc:730] DataPtr] Tensor device address is null
[ERROR] COMMON(709794,ffff839e4020,python):2026-09-14-16:08:43.760.200 [mindspore/ccsrc/pybind_api/ir/tensor_py.cc:730] DataPtr] Tensor device address is null
[ERROR] COMMON(709794,ffff839e4020,python):2026-09-14-16:08:43.762.770 [mindspore/ccsrc/pybind_api/ir/tensor_py.cc:730] DataPtr] Tensor device address is null
[ERROR] COMMON(709794,ffff839e4020,python):2026-09-14-16:08:43.763.489 [mindspore/ccsrc/pybind_api/ir/tensor_py.cc:730] DataPtr] Tensor device address is null
[ERROR] COMMON(709794,ffff839e4020,python):2026-09-14-16:08:43.766.180 [mindspore/ccsrc/pybind_api/ir/tensor_py.cc:730] DataPtr] Tensor device address is null
[ERROR] COMMON(709794,ffff839e4020,python):2026-09-14-16:08:43.766.924 [mindspore/ccsrc/pybind_api/ir/tensor_py.cc:730] DataPtr] Tensor device address is null
[ERROR] COMMON(709794,ffff839e4020,python):2026-09-14-16:08:43.768.906 [mindspore/ccsrc/pybind_api/ir/tensor_py.cc:730] DataPtr] Tensor device address is null
[ERROR] COMMON(709794,ffff839e4020,python):2026-09-14-16:08:43.769.638 [mindspore/ccsrc/pybind_api/ir/tensor_py.cc:730] DataPtr] Tensor device address is null
[ERROR] COMMON(709794,ffff839e4020,python):2026-09-14-16:08:43.771.668 [mindspore/ccsrc/pybind_api/ir/tensor_py.cc:730] DataPtr] Tensor device address is null
[ERROR] COMMON(709794,ffff839e4020,python):2026-09-14-16:08:43.772.392 [mindspore/ccsrc/pybind_api/ir/tensor_py.cc:730] DataPtr] Tensor device address is null
[ERROR] COMMON(709794,ffff839e4020,python):2026-09-14-16:08:43.779.189 [mindspore/ccsrc/pybind_api/ir/tensor_py.cc:730] DataPtr] Tensor device address is null
[ERROR] COMMON(709794,ffff839e4020,python):2026-09-14-16:08:43.779.954 [mindspore/ccsrc/pybind_api/ir/tensor_py.cc:730] DataPtr] Tensor device address is null
[ERROR] COMMON(709794,ffff839e4020,python):2026-09-14-16:08:43.786.189 [mindspore/ccsrc/pybind_api/ir/tensor_py.cc:730] DataPtr] Tensor device address is null
[ERROR] COMMON(709794,ffff839e4020,python):2026-09-14-16:08:43.786.919 [mindspore/ccsrc/pybind_api/ir/tensor_py.cc:730] DataPtr] Tensor device address is null
[ERROR] COMMON(709794,ffff839e4020,python):2026-09-14-16:08:43.787.650 [mindspore/ccsrc/pybind_api/ir/tensor_py.cc:730] DataPtr] Tensor device address is null
[ERROR] COMMON(709794,ffff839e4020,python):2026-09-14-16:08:43.788.377 [mindspore/ccsrc/pybind_api/ir/tensor_py.cc:730] DataPtr] Tensor device address is null
[ERROR] COMMON(709794,ffff839e4020,python):2026-09-14-16:08:43.789.108 [mindspore/ccsrc/pybind_api/ir/tensor_py.cc:730] DataPtr] Tensor device address is null
[ERROR] COMMON(709794,ffff839e4020,python):2026-09-14-16:08:43.789.826 [mindspore/ccsrc/pybind_api/ir/tensor_py.cc:730] DataPtr] Tensor device address is null
[ERROR] COMMON(709794,ffff839e4020,python):2026-09-14-16:08:43.792.723 [mindspore/ccsrc/pybind_api/ir/tensor_py.cc:730] DataPtr] Tensor device address is null
[ERROR] COMMON(709794,ffff839e4020,python):2026-09-14-16:08:43.793.445 [mindspore/ccsrc/pybind_api/ir/tensor_py.cc:730] DataPtr] Tensor device address is null
[ERROR] COMMON(709794,ffff839e4020,python):2026-09-14-16:08:43.796.148 [mindspore/ccsrc/pybind_api/ir/tensor_py.cc:730] DataPtr] Tensor device address is null
[ERROR] COMMON(709794,ffff839e4020,python):2026-09-14-16:08:43.796.895 [mindspore/ccsrc/pybind_api/ir/tensor_py.cc:730] DataPtr] Tensor device address is null
[ERROR] COMMON(709794,ffff839e4020,python):2026-09-14-16:08:43.799.405 [mindspore/ccsrc/pybind_api/ir/tensor_py.cc:730] DataPtr] Tensor device address is null
[ERROR] COMMON(709794,ffff839e4020,python):2026-09-14-16:08:43.800.142 [mindspore/ccsrc/pybind_api/ir/tensor_py.cc:730] DataPtr] Tensor device address is null
[ERROR] COMMON(709794,ffff839e4020,python):2026-09-14-16:08:43.802.619 [mindspore/ccsrc/pybind_api/ir/tensor_py.cc:730] DataPtr] Tensor device address is null
[ERROR] COMMON(709794,ffff839e4020,python):2026-09-14-16:08:43.803.342 [mindspore/ccsrc/pybind_api/ir/tensor_py.cc:730] DataPtr] Tensor device address is null
[ERROR] COMMON(709794,ffff839e4020,python):2026-09-14-16:08:43.809.677 [mindspore/ccsrc/pybind_api/ir/tensor_py.cc:730] DataPtr] Tensor device address is null
[ERROR] COMMON(709794,ffff839e4020,python):2026-09-14-16:08:43.810.443 [mindspore/ccsrc/pybind_api/ir/tensor_py.cc:730] DataPtr] Tensor device address is null
[ERROR] COMMON(709794,ffff839e4020,python):2026-09-14-16:08:43.817.027 [mindspore/ccsrc/pybind_api/ir/tensor_py.cc:730] DataPtr] Tensor device address is null
[ERROR] COMMON(709794,ffff839e4020,python):2026-09-14-16:08:43.817.803 [mindspore/ccsrc/pybind_api/ir/tensor_py.cc:730] DataPtr] Tensor device address is null
[ERROR] COMMON(709794,ffff839e4020,python):2026-09-14-16:08:43.818.540 [mindspore/ccsrc/pybind_api/ir/tensor_py.cc:730] DataPtr] Tensor device address is null
[ERROR] COMMON(709794,ffff839e4020,python):2026-09-14-16:08:43.819.261 [mindspore/ccsrc/pybind_api/ir/tensor_py.cc:730] DataPtr] Tensor device address is null
[ERROR] COMMON(709794,ffff839e4020,python):2026-09-14-16:08:43.819.986 [mindspore/ccsrc/pybind_api/ir/tensor_py.cc:730] DataPtr] Tensor device address is null
[ERROR] COMMON(709794,ffff839e4020,python):2026-09-14-16:08:43.820.706 [mindspore/ccsrc/pybind_api/ir/tensor_py.cc:730] DataPtr] Tensor device address is null
[ERROR] COMMON(709794,ffff839e4020,python):2026-09-14-16:08:43.823.511 [mindspore/ccsrc/pybind_api/ir/tensor_py.cc:730] DataPtr] Tensor device address is null
[ERROR] COMMON(709794,ffff839e4020,python):2026-09-14-16:08:43.824.235 [mindspore/ccsrc/pybind_api/ir/tensor_py.cc:730] DataPtr] Tensor device address is null
[ERROR] COMMON(709794,ffff839e4020,python):2026-09-14-16:08:43.826.832 [mindspore/ccsrc/pybind_api/ir/tensor_py.cc:730] DataPtr] Tensor device address is null
[ERROR] COMMON(709794,ffff839e4020,python):2026-09-14-16:08:43.827.559 [mindspore/ccsrc/pybind_api/ir/tensor_py.cc:730] DataPtr] Tensor device address is null
[ERROR] COMMON(709794,ffff839e4020,python):2026-09-14-16:08:43.829.518 [mindspore/ccsrc/pybind_api/ir/tensor_py.cc:730] DataPtr] Tensor device address is null
[ERROR] COMMON(709794,ffff839e4020,python):2026-09-14-16:08:43.830.243 [mindspore/ccsrc/pybind_api/ir/tensor_py.cc:730] DataPtr] Tensor device address is null
[ERROR] COMMON(709794,ffff839e4020,python):2026-09-14-16:08:43.832.229 [mindspore/ccsrc/pybind_api/ir/tensor_py.cc:730] DataPtr] Tensor device address is null
[ERROR] COMMON(709794,ffff839e4020,python):2026-09-14-16:08:43.832.971 [mindspore/ccsrc/pybind_api/ir/tensor_py.cc:730] DataPtr] Tensor device address is null
[ERROR] COMMON(709794,ffff839e4020,python):2026-09-14-16:08:43.839.493 [mindspore/ccsrc/pybind_api/ir/tensor_py.cc:730] DataPtr] Tensor device address is null
[ERROR] COMMON(709794,ffff839e4020,python):2026-09-14-16:08:43.840.242 [mindspore/ccsrc/pybind_api/ir/tensor_py.cc:730] DataPtr] Tensor device address is null
[ERROR] COMMON(709794,ffff839e4020,python):2026-09-14-16:08:43.846.445 [mindspore/ccsrc/pybind_api/ir/tensor_py.cc:730] DataPtr] Tensor device address is null
[ERROR] COMMON(709794,ffff839e4020,python):2026-09-14-16:08:43.847.177 [mindspore/ccsrc/pybind_api/ir/tensor_py.cc:730] DataPtr] Tensor device address is null
[ERROR] COMMON(709794,ffff839e4020,python):2026-09-14-16:08:43.847.891 [mindspore/ccsrc/pybind_api/ir/tensor_py.cc:730] DataPtr] Tensor device address is null
[ERROR] COMMON(709794,ffff839e4020,python):2026-09-14-16:08:43.848.634 [mindspore/ccsrc/pybind_api/ir/tensor_py.cc:730] DataPtr] Tensor device address is null
[ERROR] COMMON(709794,ffff839e4020,python):2026-09-14-16:08:43.849.353 [mindspore/ccsrc/pybind_api/ir/tensor_py.cc:730] DataPtr] Tensor device address is null
[ERROR] COMMON(709794,ffff839e4020,python):2026-09-14-16:08:43.850.075 [mindspore/ccsrc/pybind_api/ir/tensor_py.cc:730] DataPtr] Tensor device address is null
[ERROR] COMMON(709794,ffff839e4020,python):2026-09-14-16:08:43.852.696 [mindspore/ccsrc/pybind_api/ir/tensor_py.cc:730] DataPtr] Tensor device address is null
[ERROR] COMMON(709794,ffff839e4020,python):2026-09-14-16:08:43.853.428 [mindspore/ccsrc/pybind_api/ir/tensor_py.cc:730] DataPtr] Tensor device address is null
[ERROR] COMMON(709794,ffff839e4020,python):2026-09-14-16:08:43.856.144 [mindspore/ccsrc/pybind_api/ir/tensor_py.cc:730] DataPtr] Tensor device address is null
[ERROR] COMMON(709794,ffff839e4020,python):2026-09-14-16:08:43.856.959 [mindspore/ccsrc/pybind_api/ir/tensor_py.cc:730] DataPtr] Tensor device address is null
[ERROR] COMMON(709794,ffff839e4020,python):2026-09-14-16:08:43.859.519 [mindspore/ccsrc/pybind_api/ir/tensor_py.cc:730] DataPtr] Tensor device address is null
[ERROR] COMMON(709794,ffff839e4020,python):2026-09-14-16:08:43.860.253 [mindspore/ccsrc/pybind_api/ir/tensor_py.cc:730] DataPtr] Tensor device address is null
[ERROR] COMMON(709794,ffff839e4020,python):2026-09-14-16:08:43.862.802 [mindspore/ccsrc/pybind_api/ir/tensor_py.cc:730] DataPtr] Tensor device address is null
[ERROR] COMMON(709794,ffff839e4020,python):2026-09-14-16:08:43.863.536 [mindspore/ccsrc/pybind_api/ir/tensor_py.cc:730] DataPtr] Tensor device address is null
[ERROR] COMMON(709794,ffff839e4020,python):2026-09-14-16:08:43.869.931 [mindspore/ccsrc/pybind_api/ir/tensor_py.cc:730] DataPtr] Tensor device address is null
[ERROR] COMMON(709794,ffff839e4020,python):2026-09-14-16:08:43.870.693 [mindspore/ccsrc/pybind_api/ir/tensor_py.cc:730] DataPtr] Tensor device address is null
[ERROR] COMMON(709794,ffff839e4020,python):2026-09-14-16:08:43.877.465 [mindspore/ccsrc/pybind_api/ir/tensor_py.cc:730] DataPtr] Tensor device address is null
[ERROR] COMMON(709794,ffff839e4020,python):2026-09-14-16:08:43.878.208 [mindspore/ccsrc/pybind_api/ir/tensor_py.cc:730] DataPtr] Tensor device address is null
[ERROR] COMMON(709794,ffff839e4020,python):2026-09-14-16:08:43.878.946 [mindspore/ccsrc/pybind_api/ir/tensor_py.cc:730] DataPtr] Tensor device address is null
[ERROR] COMMON(709794,ffff839e4020,python):2026-09-14-16:08:43.879.661 [mindspore/ccsrc/pybind_api/ir/tensor_py.cc:730] DataPtr] Tensor device address is null
[ERROR] COMMON(709794,ffff839e4020,python):2026-09-14-16:08:43.880.361 [mindspore/ccsrc/pybind_api/ir/tensor_py.cc:730] DataPtr] Tensor device address is null
[ERROR] COMMON(709794,ffff839e4020,python):2026-09-14-16:08:43.881.101 [mindspore/ccsrc/pybind_api/ir/tensor_py.cc:730] DataPtr] Tensor device address is null
[ERROR] COMMON(709794,ffff839e4020,python):2026-09-14-16:08:43.884.039 [mindspore/ccsrc/pybind_api/ir/tensor_py.cc:730] DataPtr] Tensor device address is null
[ERROR] COMMON(709794,ffff839e4020,python):2026-09-14-16:08:43.884.782 [mindspore/ccsrc/pybind_api/ir/tensor_py.cc:730] DataPtr] Tensor device address is null
[ERROR] COMMON(709794,ffff839e4020,python):2026-09-14-16:08:43.887.572 [mindspore/ccsrc/pybind_api/ir/tensor_py.cc:730] DataPtr] Tensor device address is null
[ERROR] COMMON(709794,ffff839e4020,python):2026-09-14-16:08:43.888.292 [mindspore/ccsrc/pybind_api/ir/tensor_py.cc:730] DataPtr] Tensor device address is null
[ERROR] COMMON(709794,ffff839e4020,python):2026-09-14-16:08:43.890.205 [mindspore/ccsrc/pybind_api/ir/tensor_py.cc:730] DataPtr] Tensor device address is null
[ERROR] COMMON(709794,ffff839e4020,python):2026-09-14-16:08:43.890.930 [mindspore/ccsrc/pybind_api/ir/tensor_py.cc:730] DataPtr] Tensor device address is null
[ERROR] COMMON(709794,ffff839e4020,python):2026-09-14-16:08:43.892.915 [mindspore/ccsrc/pybind_api/ir/tensor_py.cc:730] DataPtr] Tensor device address is null
[ERROR] COMMON(709794,ffff839e4020,python):2026-09-14-16:08:43.893.646 [mindspore/ccsrc/pybind_api/ir/tensor_py.cc:730] DataPtr] Tensor device address is null
[ERROR] COMMON(709794,ffff839e4020,python):2026-09-14-16:08:43.900.469 [mindspore/ccsrc/pybind_api/ir/tensor_py.cc:730] DataPtr] Tensor device address is null
[ERROR] COMMON(709794,ffff839e4020,python):2026-09-14-16:08:43.901.242 [mindspore/ccsrc/pybind_api/ir/tensor_py.cc:730] DataPtr] Tensor device address is null
[ERROR] COMMON(709794,ffff839e4020,python):2026-09-14-16:08:43.907.578 [mindspore/ccsrc/pybind_api/ir/tensor_py.cc:730] DataPtr] Tensor device address is null
[ERROR] COMMON(709794,ffff839e4020,python):2026-09-14-16:08:43.908.317 [mindspore/ccsrc/pybind_api/ir/tensor_py.cc:730] DataPtr] Tensor device address is null
[ERROR] COMMON(709794,ffff839e4020,python):2026-09-14-16:08:43.909.032 [mindspore/ccsrc/pybind_api/ir/tensor_py.cc:730] DataPtr] Tensor device address is null
[ERROR] COMMON(709794,ffff839e4020,python):2026-09-14-16:08:43.909.751 [mindspore/ccsrc/pybind_api/ir/tensor_py.cc:730] DataPtr] Tensor device address is null
[ERROR] COMMON(709794,ffff839e4020,python):2026-09-14-16:08:43.910.452 [mindspore/ccsrc/pybind_api/ir/tensor_py.cc:730] DataPtr] Tensor device address is null
[ERROR] COMMON(709794,ffff839e4020,python):2026-09-14-16:08:43.911.172 [mindspore/ccsrc/pybind_api/ir/tensor_py.cc:730] DataPtr] Tensor device address is null
[ERROR] COMMON(709794,ffff839e4020,python):2026-09-14-16:08:43.914.060 [mindspore/ccsrc/pybind_api/ir/tensor_py.cc:730] DataPtr] Tensor device address is null
[ERROR] COMMON(709794,ffff839e4020,python):2026-09-14-16:08:43.914.796 [mindspore/ccsrc/pybind_api/ir/tensor_py.cc:730] DataPtr] Tensor device address is null
[ERROR] COMMON(709794,ffff839e4020,python):2026-09-14-16:08:43.917.402 [mindspore/ccsrc/pybind_api/ir/tensor_py.cc:730] DataPtr] Tensor device address is null
[ERROR] COMMON(709794,ffff839e4020,python):2026-09-14-16:08:43.918.128 [mindspore/ccsrc/pybind_api/ir/tensor_py.cc:730] DataPtr] Tensor device address is null
[ERROR] COMMON(709794,ffff839e4020,python):2026-09-14-16:08:43.920.679 [mindspore/ccsrc/pybind_api/ir/tensor_py.cc:730] DataPtr] Tensor device address is null
[ERROR] COMMON(709794,ffff839e4020,python):2026-09-14-16:08:43.921.413 [mindspore/ccsrc/pybind_api/ir/tensor_py.cc:730] DataPtr] Tensor device address is null
[ERROR] COMMON(709794,ffff839e4020,python):2026-09-14-16:08:43.923.902 [mindspore/ccsrc/pybind_api/ir/tensor_py.cc:730] DataPtr] Tensor device address is null
[ERROR] COMMON(709794,ffff839e4020,python):2026-09-14-16:08:43.924.756 [mindspore/ccsrc/pybind_api/ir/tensor_py.cc:730] DataPtr] Tensor device address is null
[ERROR] COMMON(709794,ffff839e4020,python):2026-09-14-16:08:43.931.036 [mindspore/ccsrc/pybind_api/ir/tensor_py.cc:730] DataPtr] Tensor device address is null
[ERROR] COMMON(709794,ffff839e4020,python):2026-09-14-16:08:43.931.789 [mindspore/ccsrc/pybind_api/ir/tensor_py.cc:730] DataPtr] Tensor device address is null
[ERROR] COMMON(709794,ffff839e4020,python):2026-09-14-16:08:43.938.381 [mindspore/ccsrc/pybind_api/ir/tensor_py.cc:730] DataPtr] Tensor device address is null
[ERROR] COMMON(709794,ffff839e4020,python):2026-09-14-16:08:43.939.133 [mindspore/ccsrc/pybind_api/ir/tensor_py.cc:730] DataPtr] Tensor device address is null
[ERROR] COMMON(709794,ffff839e4020,python):2026-09-14-16:08:43.939.856 [mindspore/ccsrc/pybind_api/ir/tensor_py.cc:730] DataPtr] Tensor device address is null
[ERROR] COMMON(709794,ffff839e4020,python):2026-09-14-16:08:43.940.612 [mindspore/ccsrc/pybind_api/ir/tensor_py.cc:730] DataPtr] Tensor device address is null
[ERROR] COMMON(709794,ffff839e4020,python):2026-09-14-16:08:43.941.323 [mindspore/ccsrc/pybind_api/ir/tensor_py.cc:730] DataPtr] Tensor device address is null
[ERROR] COMMON(709794,ffff839e4020,python):2026-09-14-16:08:43.942.041 [mindspore/ccsrc/pybind_api/ir/tensor_py.cc:730] DataPtr] Tensor device address is null
[ERROR] COMMON(709794,ffff839e4020,python):2026-09-14-16:08:43.945.012 [mindspore/ccsrc/pybind_api/ir/tensor_py.cc:730] DataPtr] Tensor device address is null
[ERROR] COMMON(709794,ffff839e4020,python):2026-09-14-16:08:43.945.743 [mindspore/ccsrc/pybind_api/ir/tensor_py.cc:730] DataPtr] Tensor device address is null
[ERROR] COMMON(709794,ffff839e4020,python):2026-09-14-16:08:43.948.431 [mindspore/ccsrc/pybind_api/ir/tensor_py.cc:730] DataPtr] Tensor device address is null
[ERROR] COMMON(709794,ffff839e4020,python):2026-09-14-16:08:43.949.194 [mindspore/ccsrc/pybind_api/ir/tensor_py.cc:730] DataPtr] Tensor device address is null
[ERROR] COMMON(709794,ffff839e4020,python):2026-09-14-16:08:43.951.120 [mindspore/ccsrc/pybind_api/ir/tensor_py.cc:730] DataPtr] Tensor device address is null
[ERROR] COMMON(709794,ffff839e4020,python):2026-09-14-16:08:43.951.852 [mindspore/ccsrc/pybind_api/ir/tensor_py.cc:730] DataPtr] Tensor device address is null
[ERROR] COMMON(709794,ffff839e4020,python):2026-09-14-16:08:43.953.848 [mindspore/ccsrc/pybind_api/ir/tensor_py.cc:730] DataPtr] Tensor device address is null
[ERROR] COMMON(709794,ffff839e4020,python):2026-09-14-16:08:43.954.588 [mindspore/ccsrc/pybind_api/ir/tensor_py.cc:730] DataPtr] Tensor device address is null
[ERROR] COMMON(709794,ffff839e4020,python):2026-09-14-16:08:43.961.152 [mindspore/ccsrc/pybind_api/ir/tensor_py.cc:730] DataPtr] Tensor device address is null
[ERROR] COMMON(709794,ffff839e4020,python):2026-09-14-16:08:43.961.909 [mindspore/ccsrc/pybind_api/ir/tensor_py.cc:730] DataPtr] Tensor device address is null
[ERROR] COMMON(709794,ffff839e4020,python):2026-09-14-16:08:43.968.165 [mindspore/ccsrc/pybind_api/ir/tensor_py.cc:730] DataPtr] Tensor device address is null
[ERROR] COMMON(709794,ffff839e4020,python):2026-09-14-16:08:43.968.916 [mindspore/ccsrc/pybind_api/ir/tensor_py.cc:730] DataPtr] Tensor device address is null
[ERROR] COMMON(709794,ffff839e4020,python):2026-09-14-16:08:43.969.637 [mindspore/ccsrc/pybind_api/ir/tensor_py.cc:730] DataPtr] Tensor device address is null
[ERROR] COMMON(709794,ffff839e4020,python):2026-09-14-16:08:43.970.387 [mindspore/ccsrc/pybind_api/ir/tensor_py.cc:730] DataPtr] Tensor device address is null
[ERROR] COMMON(709794,ffff839e4020,python):2026-09-14-16:08:43.971.100 [mindspore/ccsrc/pybind_api/ir/tensor_py.cc:730] DataPtr] Tensor device address is null
[ERROR] COMMON(709794,ffff839e4020,python):2026-09-14-16:08:43.971.827 [mindspore/ccsrc/pybind_api/ir/tensor_py.cc:730] DataPtr] Tensor device address is null
[ERROR] COMMON(709794,ffff839e4020,python):2026-09-14-16:08:43.974.766 [mindspore/ccsrc/pybind_api/ir/tensor_py.cc:730] DataPtr] Tensor device address is null
[ERROR] COMMON(709794,ffff839e4020,python):2026-09-14-16:08:43.975.488 [mindspore/ccsrc/pybind_api/ir/tensor_py.cc:730] DataPtr] Tensor device address is null
[ERROR] COMMON(709794,ffff839e4020,python):2026-09-14-16:08:43.978.295 [mindspore/ccsrc/pybind_api/ir/tensor_py.cc:730] DataPtr] Tensor device address is null
[ERROR] COMMON(709794,ffff839e4020,python):2026-09-14-16:08:43.979.017 [mindspore/ccsrc/pybind_api/ir/tensor_py.cc:730] DataPtr] Tensor device address is null
[ERROR] COMMON(709794,ffff839e4020,python):2026-09-14-16:08:43.981.533 [mindspore/ccsrc/pybind_api/ir/tensor_py.cc:730] DataPtr] Tensor device address is null
[ERROR] COMMON(709794,ffff839e4020,python):2026-09-14-16:08:43.982.282 [mindspore/ccsrc/pybind_api/ir/tensor_py.cc:730] DataPtr] Tensor device address is null
[ERROR] COMMON(709794,ffff839e4020,python):2026-09-14-16:08:43.984.832 [mindspore/ccsrc/pybind_api/ir/tensor_py.cc:730] DataPtr] Tensor device address is null
[ERROR] COMMON(709794,ffff839e4020,python):2026-09-14-16:08:43.985.566 [mindspore/ccsrc/pybind_api/ir/tensor_py.cc:730] DataPtr] Tensor device address is null
[ERROR] COMMON(709794,ffff839e4020,python):2026-09-14-16:08:43.992.032 [mindspore/ccsrc/pybind_api/ir/tensor_py.cc:730] DataPtr] Tensor device address is null
[ERROR] COMMON(709794,ffff839e4020,python):2026-09-14-16:08:43.992.802 [mindspore/ccsrc/pybind_api/ir/tensor_py.cc:730] DataPtr] Tensor device address is null
[ERROR] COMMON(709794,ffff839e4020,python):2026-09-14-16:08:43.999.618 [mindspore/ccsrc/pybind_api/ir/tensor_py.cc:730] DataPtr] Tensor device address is null
[ERROR] COMMON(709794,ffff839e4020,python):2026-09-14-16:08:44.000.362 [mindspore/ccsrc/pybind_api/ir/tensor_py.cc:730] DataPtr] Tensor device address is null
[ERROR] COMMON(709794,ffff839e4020,python):2026-09-14-16:08:44.001.100 [mindspore/ccsrc/pybind_api/ir/tensor_py.cc:730] DataPtr] Tensor device address is null
[ERROR] COMMON(709794,ffff839e4020,python):2026-09-14-16:08:44.001.842 [mindspore/ccsrc/pybind_api/ir/tensor_py.cc:730] DataPtr] Tensor device address is null
[ERROR] COMMON(709794,ffff839e4020,python):2026-09-14-16:08:44.002.648 [mindspore/ccsrc/pybind_api/ir/tensor_py.cc:730] DataPtr] Tensor device address is null
[ERROR] COMMON(709794,ffff839e4020,python):2026-09-14-16:08:44.003.373 [mindspore/ccsrc/pybind_api/ir/tensor_py.cc:730] DataPtr] Tensor device address is null
[ERROR] COMMON(709794,ffff839e4020,python):2026-09-14-16:08:44.005.979 [mindspore/ccsrc/pybind_api/ir/tensor_py.cc:730] DataPtr] Tensor device address is null
[ERROR] COMMON(709794,ffff839e4020,python):2026-09-14-16:08:44.006.702 [mindspore/ccsrc/pybind_api/ir/tensor_py.cc:730] DataPtr] Tensor device address is null
[ERROR] COMMON(709794,ffff839e4020,python):2026-09-14-16:08:44.009.424 [mindspore/ccsrc/pybind_api/ir/tensor_py.cc:730] DataPtr] Tensor device address is null
[ERROR] COMMON(709794,ffff839e4020,python):2026-09-14-16:08:44.010.153 [mindspore/ccsrc/pybind_api/ir/tensor_py.cc:730] DataPtr] Tensor device address is null
[ERROR] COMMON(709794,ffff839e4020,python):2026-09-14-16:08:44.012.112 [mindspore/ccsrc/pybind_api/ir/tensor_py.cc:730] DataPtr] Tensor device address is null
[ERROR] COMMON(709794,ffff839e4020,python):2026-09-14-16:08:44.012.852 [mindspore/ccsrc/pybind_api/ir/tensor_py.cc:730] DataPtr] Tensor device address is null
[ERROR] COMMON(709794,ffff839e4020,python):2026-09-14-16:08:44.014.869 [mindspore/ccsrc/pybind_api/ir/tensor_py.cc:730] DataPtr] Tensor device address is null
[ERROR] COMMON(709794,ffff839e4020,python):2026-09-14-16:08:44.015.621 [mindspore/ccsrc/pybind_api/ir/tensor_py.cc:730] DataPtr] Tensor device address is null
[ERROR] COMMON(709794,ffff839e4020,python):2026-09-14-16:08:44.022.542 [mindspore/ccsrc/pybind_api/ir/tensor_py.cc:730] DataPtr] Tensor device address is null
[ERROR] COMMON(709794,ffff839e4020,python):2026-09-14-16:08:44.023.306 [mindspore/ccsrc/pybind_api/ir/tensor_py.cc:730] DataPtr] Tensor device address is null
[ERROR] COMMON(709794,ffff839e4020,python):2026-09-14-16:08:44.029.628 [mindspore/ccsrc/pybind_api/ir/tensor_py.cc:730] DataPtr] Tensor device address is null
[ERROR] COMMON(709794,ffff839e4020,python):2026-09-14-16:08:44.030.376 [mindspore/ccsrc/pybind_api/ir/tensor_py.cc:730] DataPtr] Tensor device address is null
[ERROR] COMMON(709794,ffff839e4020,python):2026-09-14-16:08:44.103.733 [mindspore/ccsrc/pybind_api/ir/tensor_py.cc:730] DataPtr] Tensor device address is null
[ERROR] COMMON(709794,ffff839e4020,python):2026-09-14-16:08:44.106.448 [mindspore/ccsrc/pybind_api/ir/tensor_py.cc:730] DataPtr] Tensor device address is null
[ERROR] COMMON(709794,ffff839e4020,python):2026-09-14-16:08:44.107.204 [mindspore/ccsrc/pybind_api/ir/tensor_py.cc:730] DataPtr] Tensor device address is null
[ERROR] COMMON(709794,ffff839e4020,python):2026-09-14-16:08:44.107.918 [mindspore/ccsrc/pybind_api/ir/tensor_py.cc:730] DataPtr] Tensor device address is null
[ERROR] COMMON(709794,ffff839e4020,python):2026-09-14-16:08:44.108.650 [mindspore/ccsrc/pybind_api/ir/tensor_py.cc:730] DataPtr] Tensor device address is null
[ERROR] COMMON(709794,ffff839e4020,python):2026-09-14-16:08:44.109.365 [mindspore/ccsrc/pybind_api/ir/tensor_py.cc:730] DataPtr] Tensor device address is null
[ERROR] COMMON(709794,ffff839e4020,python):2026-09-14-16:08:44.110.084 [mindspore/ccsrc/pybind_api/ir/tensor_py.cc:730] DataPtr] Tensor device address is null
[ERROR] COMMON(709794,ffff839e4020,python):2026-09-14-16:08:44.110.831 [mindspore/ccsrc/pybind_api/ir/tensor_py.cc:730] DataPtr] Tensor device address is null
[ERROR] COMMON(709794,ffff839e4020,python):2026-09-14-16:08:44.113.610 [mindspore/ccsrc/pybind_api/ir/tensor_py.cc:730] DataPtr] Tensor device address is null
[ERROR] COMMON(709794,ffff839e4020,python):2026-09-14-16:08:44.114.342 [mindspore/ccsrc/pybind_api/ir/tensor_py.cc:730] DataPtr] Tensor device address is null
[ERROR] COMMON(709794,ffff839e4020,python):2026-09-14-16:08:44.117.088 [mindspore/ccsrc/pybind_api/ir/tensor_py.cc:730] DataPtr] Tensor device address is null
[ERROR] COMMON(709794,ffff839e4020,python):2026-09-14-16:08:44.117.815 [mindspore/ccsrc/pybind_api/ir/tensor_py.cc:730] DataPtr] Tensor device address is null
[ERROR] COMMON(709794,ffff839e4020,python):2026-09-14-16:08:44.120.317 [mindspore/ccsrc/pybind_api/ir/tensor_py.cc:730] DataPtr] Tensor device address is null
[ERROR] COMMON(709794,ffff839e4020,python):2026-09-14-16:08:44.121.050 [mindspore/ccsrc/pybind_api/ir/tensor_py.cc:730] DataPtr] Tensor device address is null
[ERROR] COMMON(709794,ffff839e4020,python):2026-09-14-16:08:44.123.537 [mindspore/ccsrc/pybind_api/ir/tensor_py.cc:730] DataPtr] Tensor device address is null
[ERROR] COMMON(709794,ffff839e4020,python):2026-09-14-16:08:44.124.249 [mindspore/ccsrc/pybind_api/ir/tensor_py.cc:730] DataPtr] Tensor device address is null
[ERROR] COMMON(709794,ffff839e4020,python):2026-09-14-16:08:44.130.620 [mindspore/ccsrc/pybind_api/ir/tensor_py.cc:730] DataPtr] Tensor device address is null
[ERROR] COMMON(709794,ffff839e4020,python):2026-09-14-16:08:44.131.377 [mindspore/ccsrc/pybind_api/ir/tensor_py.cc:730] DataPtr] Tensor device address is null
[ERROR] COMMON(709794,ffff839e4020,python):2026-09-14-16:08:44.137.932 [mindspore/ccsrc/pybind_api/ir/tensor_py.cc:730] DataPtr] Tensor device address is null
[ERROR] COMMON(709794,ffff839e4020,python):2026-09-14-16:08:44.138.705 [mindspore/ccsrc/pybind_api/ir/tensor_py.cc:730] DataPtr] Tensor device address is null
[ERROR] COMMON(709794,ffff839e4020,python):2026-09-14-16:08:44.139.408 [mindspore/ccsrc/pybind_api/ir/tensor_py.cc:730] DataPtr] Tensor device address is null
[ERROR] COMMON(709794,ffff839e4020,python):2026-09-14-16:08:44.140.113 [mindspore/ccsrc/pybind_api/ir/tensor_py.cc:730] DataPtr] Tensor device address is null
[ERROR] COMMON(709794,ffff839e4020,python):2026-09-14-16:08:44.140.853 [mindspore/ccsrc/pybind_api/ir/tensor_py.cc:730] DataPtr] Tensor device address is null
[ERROR] COMMON(709794,ffff839e4020,python):2026-09-14-16:08:44.141.562 [mindspore/ccsrc/pybind_api/ir/tensor_py.cc:730] DataPtr] Tensor device address is null
[ERROR] COMMON(709794,ffff839e4020,python):2026-09-14-16:08:44.144.426 [mindspore/ccsrc/pybind_api/ir/tensor_py.cc:730] DataPtr] Tensor device address is null
[ERROR] COMMON(709794,ffff839e4020,python):2026-09-14-16:08:44.145.169 [mindspore/ccsrc/pybind_api/ir/tensor_py.cc:730] DataPtr] Tensor device address is null
[ERROR] COMMON(709794,ffff839e4020,python):2026-09-14-16:08:44.147.734 [mindspore/ccsrc/pybind_api/ir/tensor_py.cc:730] DataPtr] Tensor device address is null
[ERROR] COMMON(709794,ffff839e4020,python):2026-09-14-16:08:44.148.457 [mindspore/ccsrc/pybind_api/ir/tensor_py.cc:730] DataPtr] Tensor device address is null
[ERROR] COMMON(709794,ffff839e4020,python):2026-09-14-16:08:44.150.404 [mindspore/ccsrc/pybind_api/ir/tensor_py.cc:730] DataPtr] Tensor device address is null
[ERROR] COMMON(709794,ffff839e4020,python):2026-09-14-16:08:44.151.128 [mindspore/ccsrc/pybind_api/ir/tensor_py.cc:730] DataPtr] Tensor device address is null
[ERROR] COMMON(709794,ffff839e4020,python):2026-09-14-16:08:44.153.101 [mindspore/ccsrc/pybind_api/ir/tensor_py.cc:730] DataPtr] Tensor device address is null
[ERROR] COMMON(709794,ffff839e4020,python):2026-09-14-16:08:44.153.824 [mindspore/ccsrc/pybind_api/ir/tensor_py.cc:730] DataPtr] Tensor device address is null
[ERROR] COMMON(709794,ffff839e4020,python):2026-09-14-16:08:44.160.463 [mindspore/ccsrc/pybind_api/ir/tensor_py.cc:730] DataPtr] Tensor device address is null
[ERROR] COMMON(709794,ffff839e4020,python):2026-09-14-16:08:44.161.254 [mindspore/ccsrc/pybind_api/ir/tensor_py.cc:730] DataPtr] Tensor device address is null
[ERROR] COMMON(709794,ffff839e4020,python):2026-09-14-16:08:44.167.494 [mindspore/ccsrc/pybind_api/ir/tensor_py.cc:730] DataPtr] Tensor device address is null
[ERROR] COMMON(709794,ffff839e4020,python):2026-09-14-16:08:44.168.236 [mindspore/ccsrc/pybind_api/ir/tensor_py.cc:730] DataPtr] Tensor device address is null
[ERROR] COMMON(709794,ffff839e4020,python):2026-09-14-16:08:44.168.973 [mindspore/ccsrc/pybind_api/ir/tensor_py.cc:730] DataPtr] Tensor device address is null
[ERROR] COMMON(709794,ffff839e4020,python):2026-09-14-16:08:44.169.697 [mindspore/ccsrc/pybind_api/ir/tensor_py.cc:730] DataPtr] Tensor device address is null
[ERROR] COMMON(709794,ffff839e4020,python):2026-09-14-16:08:44.170.410 [mindspore/ccsrc/pybind_api/ir/tensor_py.cc:730] DataPtr] Tensor device address is null
[ERROR] COMMON(709794,ffff839e4020,python):2026-09-14-16:08:44.171.139 [mindspore/ccsrc/pybind_api/ir/tensor_py.cc:730] DataPtr] Tensor device address is null
[ERROR] COMMON(709794,ffff839e4020,python):2026-09-14-16:08:44.173.885 [mindspore/ccsrc/pybind_api/ir/tensor_py.cc:730] DataPtr] Tensor device address is null
[ERROR] COMMON(709794,ffff839e4020,python):2026-09-14-16:08:44.174.627 [mindspore/ccsrc/pybind_api/ir/tensor_py.cc:730] DataPtr] Tensor device address is null
[ERROR] COMMON(709794,ffff839e4020,python):2026-09-14-16:08:44.177.336 [mindspore/ccsrc/pybind_api/ir/tensor_py.cc:730] DataPtr] Tensor device address is null
[ERROR] COMMON(709794,ffff839e4020,python):2026-09-14-16:08:44.178.070 [mindspore/ccsrc/pybind_api/ir/tensor_py.cc:730] DataPtr] Tensor device address is null
[ERROR] COMMON(709794,ffff839e4020,python):2026-09-14-16:08:44.180.665 [mindspore/ccsrc/pybind_api/ir/tensor_py.cc:730] DataPtr] Tensor device address is null
[ERROR] COMMON(709794,ffff839e4020,python):2026-09-14-16:08:44.181.398 [mindspore/ccsrc/pybind_api/ir/tensor_py.cc:730] DataPtr] Tensor device address is null
[ERROR] COMMON(709794,ffff839e4020,python):2026-09-14-16:08:44.183.877 [mindspore/ccsrc/pybind_api/ir/tensor_py.cc:730] DataPtr] Tensor device address is null
[ERROR] COMMON(709794,ffff839e4020,python):2026-09-14-16:08:44.184.624 [mindspore/ccsrc/pybind_api/ir/tensor_py.cc:730] DataPtr] Tensor device address is null
[ERROR] COMMON(709794,ffff839e4020,python):2026-09-14-16:08:44.190.975 [mindspore/ccsrc/pybind_api/ir/tensor_py.cc:730] DataPtr] Tensor device address is null
[ERROR] COMMON(709794,ffff839e4020,python):2026-09-14-16:08:44.191.711 [mindspore/ccsrc/pybind_api/ir/tensor_py.cc:730] DataPtr] Tensor device address is null
[ERROR] COMMON(709794,ffff839e4020,python):2026-09-14-16:08:44.198.435 [mindspore/ccsrc/pybind_api/ir/tensor_py.cc:730] DataPtr] Tensor device address is null
[ERROR] COMMON(709794,ffff839e4020,python):2026-09-14-16:08:44.199.159 [mindspore/ccsrc/pybind_api/ir/tensor_py.cc:730] DataPtr] Tensor device address is null
[ERROR] COMMON(709794,ffff839e4020,python):2026-09-14-16:08:44.199.848 [mindspore/ccsrc/pybind_api/ir/tensor_py.cc:730] DataPtr] Tensor device address is null
[ERROR] COMMON(709794,ffff839e4020,python):2026-09-14-16:08:44.200.548 [mindspore/ccsrc/pybind_api/ir/tensor_py.cc:730] DataPtr] Tensor device address is null
[ERROR] COMMON(709794,ffff839e4020,python):2026-09-14-16:08:44.201.240 [mindspore/ccsrc/pybind_api/ir/tensor_py.cc:730] DataPtr] Tensor device address is null
[ERROR] COMMON(709794,ffff839e4020,python):2026-09-14-16:08:44.201.918 [mindspore/ccsrc/pybind_api/ir/tensor_py.cc:730] DataPtr] Tensor device address is null
[ERROR] COMMON(709794,ffff839e4020,python):2026-09-14-16:08:44.204.549 [mindspore/ccsrc/pybind_api/ir/tensor_py.cc:730] DataPtr] Tensor device address is null
[ERROR] COMMON(709794,ffff839e4020,python):2026-09-14-16:08:44.205.271 [mindspore/ccsrc/pybind_api/ir/tensor_py.cc:730] DataPtr] Tensor device address is null
[ERROR] COMMON(709794,ffff839e4020,python):2026-09-14-16:08:44.208.085 [mindspore/ccsrc/pybind_api/ir/tensor_py.cc:730] DataPtr] Tensor device address is null
[ERROR] COMMON(709794,ffff839e4020,python):2026-09-14-16:08:44.208.821 [mindspore/ccsrc/pybind_api/ir/tensor_py.cc:730] DataPtr] Tensor device address is null
[ERROR] COMMON(709794,ffff839e4020,python):2026-09-14-16:08:44.210.709 [mindspore/ccsrc/pybind_api/ir/tensor_py.cc:730] DataPtr] Tensor device address is null
[ERROR] COMMON(709794,ffff839e4020,python):2026-09-14-16:08:44.211.396 [mindspore/ccsrc/pybind_api/ir/tensor_py.cc:730] DataPtr] Tensor device address is null
[ERROR] COMMON(709794,ffff839e4020,python):2026-09-14-16:08:44.213.397 [mindspore/ccsrc/pybind_api/ir/tensor_py.cc:730] DataPtr] Tensor device address is null
[ERROR] COMMON(709794,ffff839e4020,python):2026-09-14-16:08:44.214.131 [mindspore/ccsrc/pybind_api/ir/tensor_py.cc:730] DataPtr] Tensor device address is null
[ERROR] COMMON(709794,ffff839e4020,python):2026-09-14-16:08:44.220.915 [mindspore/ccsrc/pybind_api/ir/tensor_py.cc:730] DataPtr] Tensor device address is null
[ERROR] COMMON(709794,ffff839e4020,python):2026-09-14-16:08:44.221.645 [mindspore/ccsrc/pybind_api/ir/tensor_py.cc:730] DataPtr] Tensor device address is null
[ERROR] COMMON(709794,ffff839e4020,python):2026-09-14-16:08:44.227.870 [mindspore/ccsrc/pybind_api/ir/tensor_py.cc:730] DataPtr] Tensor device address is null
[ERROR] COMMON(709794,ffff839e4020,python):2026-09-14-16:08:44.228.612 [mindspore/ccsrc/pybind_api/ir/tensor_py.cc:730] DataPtr] Tensor device address is null
[ERROR] COMMON(709794,ffff839e4020,python):2026-09-14-16:08:44.229.315 [mindspore/ccsrc/pybind_api/ir/tensor_py.cc:730] DataPtr] Tensor device address is null
[ERROR] COMMON(709794,ffff839e4020,python):2026-09-14-16:08:44.230.013 [mindspore/ccsrc/pybind_api/ir/tensor_py.cc:730] DataPtr] Tensor device address is null
[ERROR] COMMON(709794,ffff839e4020,python):2026-09-14-16:08:44.230.702 [mindspore/ccsrc/pybind_api/ir/tensor_py.cc:730] DataPtr] Tensor device address is null
[ERROR] COMMON(709794,ffff839e4020,python):2026-09-14-16:08:44.231.397 [mindspore/ccsrc/pybind_api/ir/tensor_py.cc:730] DataPtr] Tensor device address is null
[ERROR] COMMON(709794,ffff839e4020,python):2026-09-14-16:08:44.234.247 [mindspore/ccsrc/pybind_api/ir/tensor_py.cc:730] DataPtr] Tensor device address is null
[ERROR] COMMON(709794,ffff839e4020,python):2026-09-14-16:08:44.234.967 [mindspore/ccsrc/pybind_api/ir/tensor_py.cc:730] DataPtr] Tensor device address is null
[ERROR] COMMON(709794,ffff839e4020,python):2026-09-14-16:08:44.237.576 [mindspore/ccsrc/pybind_api/ir/tensor_py.cc:730] DataPtr] Tensor device address is null
[ERROR] COMMON(709794,ffff839e4020,python):2026-09-14-16:08:44.238.315 [mindspore/ccsrc/pybind_api/ir/tensor_py.cc:730] DataPtr] Tensor device address is null
[ERROR] COMMON(709794,ffff839e4020,python):2026-09-14-16:08:44.240.876 [mindspore/ccsrc/pybind_api/ir/tensor_py.cc:730] DataPtr] Tensor device address is null
[ERROR] COMMON(709794,ffff839e4020,python):2026-09-14-16:08:44.241.604 [mindspore/ccsrc/pybind_api/ir/tensor_py.cc:730] DataPtr] Tensor device address is null
[ERROR] COMMON(709794,ffff839e4020,python):2026-09-14-16:08:44.244.100 [mindspore/ccsrc/pybind_api/ir/tensor_py.cc:730] DataPtr] Tensor device address is null
[ERROR] COMMON(709794,ffff839e4020,python):2026-09-14-16:08:44.244.838 [mindspore/ccsrc/pybind_api/ir/tensor_py.cc:730] DataPtr] Tensor device address is null
[ERROR] COMMON(709794,ffff839e4020,python):2026-09-14-16:08:44.251.165 [mindspore/ccsrc/pybind_api/ir/tensor_py.cc:730] DataPtr] Tensor device address is null
[ERROR] COMMON(709794,ffff839e4020,python):2026-09-14-16:08:44.251.919 [mindspore/ccsrc/pybind_api/ir/tensor_py.cc:730] DataPtr] Tensor device address is null
[ERROR] COMMON(709794,ffff839e4020,python):2026-09-14-16:08:44.258.550 [mindspore/ccsrc/pybind_api/ir/tensor_py.cc:730] DataPtr] Tensor device address is null
[ERROR] COMMON(709794,ffff839e4020,python):2026-09-14-16:08:44.259.302 [mindspore/ccsrc/pybind_api/ir/tensor_py.cc:730] DataPtr] Tensor device address is null
[ERROR] COMMON(709794,ffff839e4020,python):2026-09-14-16:08:44.260.023 [mindspore/ccsrc/pybind_api/ir/tensor_py.cc:730] DataPtr] Tensor device address is null
[ERROR] COMMON(709794,ffff839e4020,python):2026-09-14-16:08:44.260.763 [mindspore/ccsrc/pybind_api/ir/tensor_py.cc:730] DataPtr] Tensor device address is null
[ERROR] COMMON(709794,ffff839e4020,python):2026-09-14-16:08:44.261.475 [mindspore/ccsrc/pybind_api/ir/tensor_py.cc:730] DataPtr] Tensor device address is null
[ERROR] COMMON(709794,ffff839e4020,python):2026-09-14-16:08:44.262.181 [mindspore/ccsrc/pybind_api/ir/tensor_py.cc:730] DataPtr] Tensor device address is null
[ERROR] COMMON(709794,ffff839e4020,python):2026-09-14-16:08:44.265.029 [mindspore/ccsrc/pybind_api/ir/tensor_py.cc:730] DataPtr] Tensor device address is null
[ERROR] COMMON(709794,ffff839e4020,python):2026-09-14-16:08:44.265.786 [mindspore/ccsrc/pybind_api/ir/tensor_py.cc:730] DataPtr] Tensor device address is null
[ERROR] COMMON(709794,ffff839e4020,python):2026-09-14-16:08:44.268.462 [mindspore/ccsrc/pybind_api/ir/tensor_py.cc:730] DataPtr] Tensor device address is null
[ERROR] COMMON(709794,ffff839e4020,python):2026-09-14-16:08:44.269.226 [mindspore/ccsrc/pybind_api/ir/tensor_py.cc:730] DataPtr] Tensor device address is null
[ERROR] COMMON(709794,ffff839e4020,python):2026-09-14-16:08:44.271.205 [mindspore/ccsrc/pybind_api/ir/tensor_py.cc:730] DataPtr] Tensor device address is null
[ERROR] COMMON(709794,ffff839e4020,python):2026-09-14-16:08:44.271.925 [mindspore/ccsrc/pybind_api/ir/tensor_py.cc:730] DataPtr] Tensor device address is null
[ERROR] COMMON(709794,ffff839e4020,python):2026-09-14-16:08:44.273.937 [mindspore/ccsrc/pybind_api/ir/tensor_py.cc:730] DataPtr] Tensor device address is null
[ERROR] COMMON(709794,ffff839e4020,python):2026-09-14-16:08:44.274.663 [mindspore/ccsrc/pybind_api/ir/tensor_py.cc:730] DataPtr] Tensor device address is null
[ERROR] COMMON(709794,ffff839e4020,python):2026-09-14-16:08:44.281.189 [mindspore/ccsrc/pybind_api/ir/tensor_py.cc:730] DataPtr] Tensor device address is null
[ERROR] COMMON(709794,ffff839e4020,python):2026-09-14-16:08:44.281.963 [mindspore/ccsrc/pybind_api/ir/tensor_py.cc:730] DataPtr] Tensor device address is null
[ERROR] COMMON(709794,ffff839e4020,python):2026-09-14-16:08:44.288.246 [mindspore/ccsrc/pybind_api/ir/tensor_py.cc:730] DataPtr] Tensor device address is null
[ERROR] COMMON(709794,ffff839e4020,python):2026-09-14-16:08:44.288.999 [mindspore/ccsrc/pybind_api/ir/tensor_py.cc:730] DataPtr] Tensor device address is null
[ERROR] COMMON(709794,ffff839e4020,python):2026-09-14-16:08:44.289.724 [mindspore/ccsrc/pybind_api/ir/tensor_py.cc:730] DataPtr] Tensor device address is null
[ERROR] COMMON(709794,ffff839e4020,python):2026-09-14-16:08:44.290.445 [mindspore/ccsrc/pybind_api/ir/tensor_py.cc:730] DataPtr] Tensor device address is null
[ERROR] COMMON(709794,ffff839e4020,python):2026-09-14-16:08:44.291.151 [mindspore/ccsrc/pybind_api/ir/tensor_py.cc:730] DataPtr] Tensor device address is null
[ERROR] COMMON(709794,ffff839e4020,python):2026-09-14-16:08:44.291.854 [mindspore/ccsrc/pybind_api/ir/tensor_py.cc:730] DataPtr] Tensor device address is null
[ERROR] COMMON(709794,ffff839e4020,python):2026-09-14-16:08:44.294.722 [mindspore/ccsrc/pybind_api/ir/tensor_py.cc:730] DataPtr] Tensor device address is null
[ERROR] COMMON(709794,ffff839e4020,python):2026-09-14-16:08:44.295.461 [mindspore/ccsrc/pybind_api/ir/tensor_py.cc:730] DataPtr] Tensor device address is null
[ERROR] COMMON(709794,ffff839e4020,python):2026-09-14-16:08:44.298.265 [mindspore/ccsrc/pybind_api/ir/tensor_py.cc:730] DataPtr] Tensor device address is null
[ERROR] COMMON(709794,ffff839e4020,python):2026-09-14-16:08:44.298.993 [mindspore/ccsrc/pybind_api/ir/tensor_py.cc:730] DataPtr] Tensor device address is null
[ERROR] COMMON(709794,ffff839e4020,python):2026-09-14-16:08:44.301.519 [mindspore/ccsrc/pybind_api/ir/tensor_py.cc:730] DataPtr] Tensor device address is null
[ERROR] COMMON(709794,ffff839e4020,python):2026-09-14-16:08:44.302.259 [mindspore/ccsrc/pybind_api/ir/tensor_py.cc:730] DataPtr] Tensor device address is null
[ERROR] COMMON(709794,ffff839e4020,python):2026-09-14-16:08:44.304.741 [mindspore/ccsrc/pybind_api/ir/tensor_py.cc:730] DataPtr] Tensor device address is null
[ERROR] COMMON(709794,ffff839e4020,python):2026-09-14-16:08:44.305.491 [mindspore/ccsrc/pybind_api/ir/tensor_py.cc:730] DataPtr] Tensor device address is null
[ERROR] COMMON(709794,ffff839e4020,python):2026-09-14-16:08:44.311.966 [mindspore/ccsrc/pybind_api/ir/tensor_py.cc:730] DataPtr] Tensor device address is null
[ERROR] COMMON(709794,ffff839e4020,python):2026-09-14-16:08:44.312.744 [mindspore/ccsrc/pybind_api/ir/tensor_py.cc:730] DataPtr] Tensor device address is null
[ERROR] COMMON(709794,ffff839e4020,python):2026-09-14-16:08:44.319.454 [mindspore/ccsrc/pybind_api/ir/tensor_py.cc:730] DataPtr] Tensor device address is null
[ERROR] COMMON(709794,ffff839e4020,python):2026-09-14-16:08:44.320.200 [mindspore/ccsrc/pybind_api/ir/tensor_py.cc:730] DataPtr] Tensor device address is null
[ERROR] COMMON(709794,ffff839e4020,python):2026-09-14-16:08:44.320.926 [mindspore/ccsrc/pybind_api/ir/tensor_py.cc:730] DataPtr] Tensor device address is null
[ERROR] COMMON(709794,ffff839e4020,python):2026-09-14-16:08:44.321.639 [mindspore/ccsrc/pybind_api/ir/tensor_py.cc:730] DataPtr] Tensor device address is null
[ERROR] COMMON(709794,ffff839e4020,python):2026-09-14-16:08:44.322.375 [mindspore/ccsrc/pybind_api/ir/tensor_py.cc:730] DataPtr] Tensor device address is null
[ERROR] COMMON(709794,ffff839e4020,python):2026-09-14-16:08:44.323.076 [mindspore/ccsrc/pybind_api/ir/tensor_py.cc:730] DataPtr] Tensor device address is null
[ERROR] COMMON(709794,ffff839e4020,python):2026-09-14-16:08:44.325.677 [mindspore/ccsrc/pybind_api/ir/tensor_py.cc:730] DataPtr] Tensor device address is null
[ERROR] COMMON(709794,ffff839e4020,python):2026-09-14-16:08:44.326.399 [mindspore/ccsrc/pybind_api/ir/tensor_py.cc:730] DataPtr] Tensor device address is null
[ERROR] COMMON(709794,ffff839e4020,python):2026-09-14-16:08:44.329.035 [mindspore/ccsrc/pybind_api/ir/tensor_py.cc:730] DataPtr] Tensor device address is null
[ERROR] COMMON(709794,ffff839e4020,python):2026-09-14-16:08:44.329.758 [mindspore/ccsrc/pybind_api/ir/tensor_py.cc:730] DataPtr] Tensor device address is null
[ERROR] COMMON(709794,ffff839e4020,python):2026-09-14-16:08:44.331.844 [mindspore/ccsrc/pybind_api/ir/tensor_py.cc:730] DataPtr] Tensor device address is null
[ERROR] COMMON(709794,ffff839e4020,python):2026-09-14-16:08:44.332.589 [mindspore/ccsrc/pybind_api/ir/tensor_py.cc:730] DataPtr] Tensor device address is null
[ERROR] COMMON(709794,ffff839e4020,python):2026-09-14-16:08:44.334.650 [mindspore/ccsrc/pybind_api/ir/tensor_py.cc:730] DataPtr] Tensor device address is null
[ERROR] COMMON(709794,ffff839e4020,python):2026-09-14-16:08:44.335.406 [mindspore/ccsrc/pybind_api/ir/tensor_py.cc:730] DataPtr] Tensor device address is null
[ERROR] COMMON(709794,ffff839e4020,python):2026-09-14-16:08:44.342.380 [mindspore/ccsrc/pybind_api/ir/tensor_py.cc:730] DataPtr] Tensor device address is null
[ERROR] COMMON(709794,ffff839e4020,python):2026-09-14-16:08:44.343.152 [mindspore/ccsrc/pybind_api/ir/tensor_py.cc:730] DataPtr] Tensor device address is null
[ERROR] COMMON(709794,ffff839e4020,python):2026-09-14-16:08:44.349.385 [mindspore/ccsrc/pybind_api/ir/tensor_py.cc:730] DataPtr] Tensor device address is null
[ERROR] COMMON(709794,ffff839e4020,python):2026-09-14-16:08:44.350.130 [mindspore/ccsrc/pybind_api/ir/tensor_py.cc:730] DataPtr] Tensor device address is null
[ERROR] COMMON(709794,ffff839e4020,python):2026-09-14-16:08:44.350.844 [mindspore/ccsrc/pybind_api/ir/tensor_py.cc:730] DataPtr] Tensor device address is null
[ERROR] COMMON(709794,ffff839e4020,python):2026-09-14-16:08:44.351.562 [mindspore/ccsrc/pybind_api/ir/tensor_py.cc:730] DataPtr] Tensor device address is null
[ERROR] COMMON(709794,ffff839e4020,python):2026-09-14-16:08:44.352.265 [mindspore/ccsrc/pybind_api/ir/tensor_py.cc:730] DataPtr] Tensor device address is null
[ERROR] COMMON(709794,ffff839e4020,python):2026-09-14-16:08:44.352.989 [mindspore/ccsrc/pybind_api/ir/tensor_py.cc:730] DataPtr] Tensor device address is null
[ERROR] COMMON(709794,ffff839e4020,python):2026-09-14-16:08:44.355.847 [mindspore/ccsrc/pybind_api/ir/tensor_py.cc:730] DataPtr] Tensor device address is null
[ERROR] COMMON(709794,ffff839e4020,python):2026-09-14-16:08:44.356.585 [mindspore/ccsrc/pybind_api/ir/tensor_py.cc:730] DataPtr] Tensor device address is null
[ERROR] COMMON(709794,ffff839e4020,python):2026-09-14-16:08:44.359.282 [mindspore/ccsrc/pybind_api/ir/tensor_py.cc:730] DataPtr] Tensor device address is null
[ERROR] COMMON(709794,ffff839e4020,python):2026-09-14-16:08:44.360.005 [mindspore/ccsrc/pybind_api/ir/tensor_py.cc:730] DataPtr] Tensor device address is null
[ERROR] COMMON(709794,ffff839e4020,python):2026-09-14-16:08:44.362.512 [mindspore/ccsrc/pybind_api/ir/tensor_py.cc:730] DataPtr] Tensor device address is null
[ERROR] COMMON(709794,ffff839e4020,python):2026-09-14-16:08:44.363.259 [mindspore/ccsrc/pybind_api/ir/tensor_py.cc:730] DataPtr] Tensor device address is null
[ERROR] COMMON(709794,ffff839e4020,python):2026-09-14-16:08:44.365.874 [mindspore/ccsrc/pybind_api/ir/tensor_py.cc:730] DataPtr] Tensor device address is null
[ERROR] COMMON(709794,ffff839e4020,python):2026-09-14-16:08:44.366.608 [mindspore/ccsrc/pybind_api/ir/tensor_py.cc:730] DataPtr] Tensor device address is null
[ERROR] COMMON(709794,ffff839e4020,python):2026-09-14-16:08:44.372.882 [mindspore/ccsrc/pybind_api/ir/tensor_py.cc:730] DataPtr] Tensor device address is null
[ERROR] COMMON(709794,ffff839e4020,python):2026-09-14-16:08:44.373.648 [mindspore/ccsrc/pybind_api/ir/tensor_py.cc:730] DataPtr] Tensor device address is null
[ERROR] COMMON(709794,ffff839e4020,python):2026-09-14-16:08:44.380.334 [mindspore/ccsrc/pybind_api/ir/tensor_py.cc:730] DataPtr] Tensor device address is null
[ERROR] COMMON(709794,ffff839e4020,python):2026-09-14-16:08:44.381.104 [mindspore/ccsrc/pybind_api/ir/tensor_py.cc:730] DataPtr] Tensor device address is null
[ERROR] COMMON(709794,ffff839e4020,python):2026-09-14-16:08:44.381.836 [mindspore/ccsrc/pybind_api/ir/tensor_py.cc:730] DataPtr] Tensor device address is null
[ERROR] COMMON(709794,ffff839e4020,python):2026-09-14-16:08:44.382.565 [mindspore/ccsrc/pybind_api/ir/tensor_py.cc:730] DataPtr] Tensor device address is null
[ERROR] COMMON(709794,ffff839e4020,python):2026-09-14-16:08:44.383.281 [mindspore/ccsrc/pybind_api/ir/tensor_py.cc:730] DataPtr] Tensor device address is null
[ERROR] COMMON(709794,ffff839e4020,python):2026-09-14-16:08:44.383.994 [mindspore/ccsrc/pybind_api/ir/tensor_py.cc:730] DataPtr] Tensor device address is null
[ERROR] COMMON(709794,ffff839e4020,python):2026-09-14-16:08:44.386.587 [mindspore/ccsrc/pybind_api/ir/tensor_py.cc:730] DataPtr] Tensor device address is null
[ERROR] COMMON(709794,ffff839e4020,python):2026-09-14-16:08:44.387.323 [mindspore/ccsrc/pybind_api/ir/tensor_py.cc:730] DataPtr] Tensor device address is null
[ERROR] COMMON(709794,ffff839e4020,python):2026-09-14-16:08:44.389.869 [mindspore/ccsrc/pybind_api/ir/tensor_py.cc:730] DataPtr] Tensor device address is null
[ERROR] COMMON(709794,ffff839e4020,python):2026-09-14-16:08:44.390.599 [mindspore/ccsrc/pybind_api/ir/tensor_py.cc:730] DataPtr] Tensor device address is null
[ERROR] COMMON(709794,ffff839e4020,python):2026-09-14-16:08:44.392.519 [mindspore/ccsrc/pybind_api/ir/tensor_py.cc:730] DataPtr] Tensor device address is null
[ERROR] COMMON(709794,ffff839e4020,python):2026-09-14-16:08:44.393.267 [mindspore/ccsrc/pybind_api/ir/tensor_py.cc:730] DataPtr] Tensor device address is null
[ERROR] COMMON(709794,ffff839e4020,python):2026-09-14-16:08:44.395.274 [mindspore/ccsrc/pybind_api/ir/tensor_py.cc:730] DataPtr] Tensor device address is null
[ERROR] COMMON(709794,ffff839e4020,python):2026-09-14-16:08:44.395.991 [mindspore/ccsrc/pybind_api/ir/tensor_py.cc:730] DataPtr] Tensor device address is null
[ERROR] COMMON(709794,ffff839e4020,python):2026-09-14-16:08:44.402.797 [mindspore/ccsrc/pybind_api/ir/tensor_py.cc:730] DataPtr] Tensor device address is null
[ERROR] COMMON(709794,ffff839e4020,python):2026-09-14-16:08:44.403.586 [mindspore/ccsrc/pybind_api/ir/tensor_py.cc:730] DataPtr] Tensor device address is null
[ERROR] COMMON(709794,ffff839e4020,python):2026-09-14-16:08:44.409.843 [mindspore/ccsrc/pybind_api/ir/tensor_py.cc:730] DataPtr] Tensor device address is null
[ERROR] COMMON(709794,ffff839e4020,python):2026-09-14-16:08:44.410.598 [mindspore/ccsrc/pybind_api/ir/tensor_py.cc:730] DataPtr] Tensor device address is null
[ERROR] COMMON(709794,ffff839e4020,python):2026-09-14-16:08:44.411.321 [mindspore/ccsrc/pybind_api/ir/tensor_py.cc:730] DataPtr] Tensor device address is null
[ERROR] COMMON(709794,ffff839e4020,python):2026-09-14-16:08:44.412.063 [mindspore/ccsrc/pybind_api/ir/tensor_py.cc:730] DataPtr] Tensor device address is null
[ERROR] COMMON(709794,ffff839e4020,python):2026-09-14-16:08:44.412.794 [mindspore/ccsrc/pybind_api/ir/tensor_py.cc:730] DataPtr] Tensor device address is null
[ERROR] COMMON(709794,ffff839e4020,python):2026-09-14-16:08:44.413.513 [mindspore/ccsrc/pybind_api/ir/tensor_py.cc:730] DataPtr] Tensor device address is null
[ERROR] COMMON(709794,ffff839e4020,python):2026-09-14-16:08:44.416.201 [mindspore/ccsrc/pybind_api/ir/tensor_py.cc:730] DataPtr] Tensor device address is null
[ERROR] COMMON(709794,ffff839e4020,python):2026-09-14-16:08:44.416.945 [mindspore/ccsrc/pybind_api/ir/tensor_py.cc:730] DataPtr] Tensor device address is null
[ERROR] COMMON(709794,ffff839e4020,python):2026-09-14-16:08:44.419.666 [mindspore/ccsrc/pybind_api/ir/tensor_py.cc:730] DataPtr] Tensor device address is null
[ERROR] COMMON(709794,ffff839e4020,python):2026-09-14-16:08:44.420.398 [mindspore/ccsrc/pybind_api/ir/tensor_py.cc:730] DataPtr] Tensor device address is null
[ERROR] COMMON(709794,ffff839e4020,python):2026-09-14-16:08:44.422.969 [mindspore/ccsrc/pybind_api/ir/tensor_py.cc:730] DataPtr] Tensor device address is null
[ERROR] COMMON(709794,ffff839e4020,python):2026-09-14-16:08:44.423.700 [mindspore/ccsrc/pybind_api/ir/tensor_py.cc:730] DataPtr] Tensor device address is null
[ERROR] COMMON(709794,ffff839e4020,python):2026-09-14-16:08:44.426.265 [mindspore/ccsrc/pybind_api/ir/tensor_py.cc:730] DataPtr] Tensor device address is null
[ERROR] COMMON(709794,ffff839e4020,python):2026-09-14-16:08:44.427.005 [mindspore/ccsrc/pybind_api/ir/tensor_py.cc:730] DataPtr] Tensor device address is null
[ERROR] COMMON(709794,ffff839e4020,python):2026-09-14-16:08:44.433.361 [mindspore/ccsrc/pybind_api/ir/tensor_py.cc:730] DataPtr] Tensor device address is null
[ERROR] COMMON(709794,ffff839e4020,python):2026-09-14-16:08:44.434.140 [mindspore/ccsrc/pybind_api/ir/tensor_py.cc:730] DataPtr] Tensor device address is null
[ERROR] COMMON(709794,ffff839e4020,python):2026-09-14-16:08:44.441.014 [mindspore/ccsrc/pybind_api/ir/tensor_py.cc:730] DataPtr] Tensor device address is null
[ERROR] COMMON(709794,ffff839e4020,python):2026-09-14-16:08:44.441.782 [mindspore/ccsrc/pybind_api/ir/tensor_py.cc:730] DataPtr] Tensor device address is null
[ERROR] COMMON(709794,ffff839e4020,python):2026-09-14-16:08:44.442.516 [mindspore/ccsrc/pybind_api/ir/tensor_py.cc:730] DataPtr] Tensor device address is null
[ERROR] COMMON(709794,ffff839e4020,python):2026-09-14-16:08:44.443.225 [mindspore/ccsrc/pybind_api/ir/tensor_py.cc:730] DataPtr] Tensor device address is null
[ERROR] COMMON(709794,ffff839e4020,python):2026-09-14-16:08:44.443.953 [mindspore/ccsrc/pybind_api/ir/tensor_py.cc:730] DataPtr] Tensor device address is null
[ERROR] COMMON(709794,ffff839e4020,python):2026-09-14-16:08:44.444.687 [mindspore/ccsrc/pybind_api/ir/tensor_py.cc:730] DataPtr] Tensor device address is null
[ERROR] COMMON(709794,ffff839e4020,python):2026-09-14-16:08:44.447.406 [mindspore/ccsrc/pybind_api/ir/tensor_py.cc:730] DataPtr] Tensor device address is null
[ERROR] COMMON(709794,ffff839e4020,python):2026-09-14-16:08:44.448.129 [mindspore/ccsrc/pybind_api/ir/tensor_py.cc:730] DataPtr] Tensor device address is null
[ERROR] COMMON(709794,ffff839e4020,python):2026-09-14-16:08:44.450.911 [mindspore/ccsrc/pybind_api/ir/tensor_py.cc:730] DataPtr] Tensor device address is null
[ERROR] COMMON(709794,ffff839e4020,python):2026-09-14-16:08:44.451.638 [mindspore/ccsrc/pybind_api/ir/tensor_py.cc:730] DataPtr] Tensor device address is null
[ERROR] COMMON(709794,ffff839e4020,python):2026-09-14-16:08:44.453.577 [mindspore/ccsrc/pybind_api/ir/tensor_py.cc:730] DataPtr] Tensor device address is null
[ERROR] COMMON(709794,ffff839e4020,python):2026-09-14-16:08:44.454.303 [mindspore/ccsrc/pybind_api/ir/tensor_py.cc:730] DataPtr] Tensor device address is null
[ERROR] COMMON(709794,ffff839e4020,python):2026-09-14-16:08:44.456.310 [mindspore/ccsrc/pybind_api/ir/tensor_py.cc:730] DataPtr] Tensor device address is null
[ERROR] COMMON(709794,ffff839e4020,python):2026-09-14-16:08:44.457.038 [mindspore/ccsrc/pybind_api/ir/tensor_py.cc:730] DataPtr] Tensor device address is null
[ERROR] COMMON(709794,ffff839e4020,python):2026-09-14-16:08:44.463.891 [mindspore/ccsrc/pybind_api/ir/tensor_py.cc:730] DataPtr] Tensor device address is null
[ERROR] COMMON(709794,ffff839e4020,python):2026-09-14-16:08:44.464.672 [mindspore/ccsrc/pybind_api/ir/tensor_py.cc:730] DataPtr] Tensor device address is null
[ERROR] COMMON(709794,ffff839e4020,python):2026-09-14-16:08:44.470.928 [mindspore/ccsrc/pybind_api/ir/tensor_py.cc:730] DataPtr] Tensor device address is null
