EAL: '-c <coremask>' option is deprecated, and will be removed in a future release
EAL: 	Use '-l <corelist>' or '--lcores=<corelist>' option instead
[Diag] after spdk_env_init: rte_lcore_count=1 rte_socket_count=8 spdk_core_count=1
[Diag] reactor: rings w=0x2000008fd600 r=0x2000008fd080 m=0x2000008fcb80 pollers s=0xffffa4001db0 w=0xffffa4001f50 r=0xffffa40020f0 m=0xffffa4002290
[NPU-NVMe] Found matching controller at 0000:83:00.0
[NPU-NVMe] Attached NS: block_size=512 total_blocks=7501476528
[Init] NPUNVME Fully Initialized! Stream/Events ready. Max Pipe Depth: 2
[Init] Initialisation complete.
[Diag] after spdk_env_init: rte_lcore_count=1 rte_socket_count=8 spdk_core_count=1
[Diag] reactor: rings w=0x2000008fd500 r=0x2000008fcf80 m=0x2000004ff580 pollers s=0xffffa4001db0 w=0xffffa4001f50 r=0xffffa40020f0 m=0xffffa4002290
[NPU-NVMe] Found matching controller at 0000:83:00.0
[NPU-NVMe] Attached NS: block_size=512 total_blocks=7501476528
[Init] NPUNVME Fully Initialized! Stream/Events ready. Max Pipe Depth: 2
[Init] Initialisation complete.
[Diag] after spdk_env_init: rte_lcore_count=1 rte_socket_count=8 spdk_core_count=1
[Diag] reactor: rings w=0x2000008fd500 r=0x2000008fcf80 m=0x2000004ff580 pollers s=0xffffa4001db0 w=0xffffa4001f50 r=0xffffa40020f0 m=0xffffa4002290
[NPU-NVMe] Found matching controller at 0000:83:00.0
[NPU-NVMe] Attached NS: block_size=512 total_blocks=7501476528
[Init] NPUNVME Fully Initialized! Stream/Events ready. Max Pipe Depth: 2
[Init] Initialisation complete.
[Diag] after spdk_env_init: rte_lcore_count=1 rte_socket_count=8 spdk_core_count=1
[Diag] reactor: rings w=0x2000008fd500 r=0x2000008fcf80 m=0x2000004ff580 pollers s=0xffffa4001f50 w=0xffffa40020f0 r=0xffffa4002290 m=0xffffa4002430
[NPU-NVMe] Found matching controller at 0000:83:00.0
[NPU-NVMe] Attached NS: block_size=512 total_blocks=7501476528
[Init] NPUNVME Fully Initialized! Stream/Events ready. Max Pipe Depth: 2
[Init] Initialisation complete.
[Diag] after spdk_env_init: rte_lcore_count=1 rte_socket_count=8 spdk_core_count=1
[Diag] reactor: rings w=0x2000008fd500 r=0x2000008fcf80 m=0x2000004ff580 pollers s=0xffffa4002380 w=0xffffa4001b20 r=0xffffa4002640 m=0xffffa40027e0
[NPU-NVMe] Found matching controller at 0000:83:00.0
[NPU-NVMe] Attached NS: block_size=512 total_blocks=7501476528
[Init] NPUNVME Fully Initialized! Stream/Events ready. Max Pipe Depth: 2
[Init] Initialisation complete.
[Diag] after spdk_env_init: rte_lcore_count=1 rte_socket_count=8 spdk_core_count=1
[Diag] reactor: rings w=0x2000008fd500 r=0x2000008fcf80 m=0x2000004ff580 pollers s=0xffffa4002380 w=0xffffa4001b20 r=0xffffa4002640 m=0xffffa40027e0
[NPU-NVMe] Found matching controller at 0000:83:00.0
[NPU-NVMe] Attached NS: block_size=512 total_blocks=7501476528
[Init] NPUNVME Fully Initialized! Stream/Events ready. Max Pipe Depth: 2
[Init] Initialisation complete.
[Diag] after spdk_env_init: rte_lcore_count=1 rte_socket_count=8 spdk_core_count=1
[Diag] reactor: rings w=0x2000008fd500 r=0x2000008fcf80 m=0x2000004ff580 pollers s=0xffffa4002380 w=0xffffa4001b20 r=0xffffa4002640 m=0xffffa40027e0
[NPU-NVMe] Found matching controller at 0000:83:00.0
[NPU-NVMe] Attached NS: block_size=512 total_blocks=7501476528
[Init] NPUNVME Fully Initialized! Stream/Events ready. Max Pipe Depth: 2
[Init] Initialisation complete.
[Diag] after spdk_env_init: rte_lcore_count=1 rte_socket_count=8 spdk_core_count=1
[Diag] reactor: rings w=0x2000008fd500 r=0x2000008fcf80 m=0x2000004ff580 pollers s=0xffffa4001b20 w=0xffffa4002380 r=0xffffa4002640 m=0xffffa40027e0
[NPU-NVMe] Found matching controller at 0000:83:00.0
[NPU-NVMe] Attached NS: block_size=512 total_blocks=7501476528
[Init] NPUNVME Fully Initialized! Stream/Events ready. Max Pipe Depth: 2
[Init] Initialisation complete.
[Diag] after spdk_env_init: rte_lcore_count=1 rte_socket_count=8 spdk_core_count=1
[Diag] reactor: rings w=0x2000008fd500 r=0x2000008fcf80 m=0x2000004ff580 pollers s=0xffffa4002380 w=0xffffa4002640 r=0xffffa40027e0 m=0xffffa4002980
[NPU-NVMe] Found matching controller at 0000:83:00.0
[NPU-NVMe] Attached NS: block_size=512 total_blocks=7501476528
[Init] NPUNVME Fully Initialized! Stream/Events ready. Max Pipe Depth: 2
[Init] Initialisation complete.
[Diag] after spdk_env_init: rte_lcore_count=1 rte_socket_count=8 spdk_core_count=1
[Diag] reactor: rings w=0x2000008fd500 r=0x2000008fcf80 m=0x2000004ff580 pollers s=0xffffa4002380 w=0xffffa4002640 r=0xffffa40027e0 m=0xffffa4002980
[NPU-NVMe] Found matching controller at 0000:83:00.0
[NPU-NVMe] Attached NS: block_size=512 total_blocks=7501476528
[Init] NPUNVME Fully Initialized! Stream/Events ready. Max Pipe Depth: 2
[Init] Initialisation complete.
[Diag] after spdk_env_init: rte_lcore_count=1 rte_socket_count=8 spdk_core_count=1
[Diag] reactor: rings w=0x2000008fd500 r=0x2000008fcf80 m=0x2000004ff580 pollers s=0xffffa4002640 w=0xffffa40027e0 r=0xffffa4002980 m=0xffffa4002b40
[NPU-NVMe] Found matching controller at 0000:83:00.0
[NPU-NVMe] Attached NS: block_size=512 total_blocks=7501476528
[Init] NPUNVME Fully Initialized! Stream/Events ready. Max Pipe Depth: 2
[Init] Initialisation complete.
[Diag] after spdk_env_init: rte_lcore_count=1 rte_socket_count=8 spdk_core_count=1
[Diag] reactor: rings w=0x2000008fd500 r=0x2000008fcf80 m=0x2000004ff580 pollers s=0xffffa4002b40 w=0xffffa4002640 r=0xffffa40027e0 m=0xffffa4002980
[NPU-NVMe] Found matching controller at 0000:83:00.0
[NPU-NVMe] Attached NS: block_size=512 total_blocks=7501476528
[Init] NPUNVME Fully Initialized! Stream/Events ready. Max Pipe Depth: 2
[Init] Initialisation complete.
[Diag] after spdk_env_init: rte_lcore_count=1 rte_socket_count=8 spdk_core_count=1
[Diag] reactor: rings w=0x2000008fd500 r=0x2000008fcf80 m=0x2000004ff580 pollers s=0xffffa4002640 w=0xffffa40027e0 r=0xffffa4002980 m=0xffffa4002b20
[NPU-NVMe] Found matching controller at 0000:83:00.0
[NPU-NVMe] Attached NS: block_size=512 total_blocks=7501476528
[Init] NPUNVME Fully Initialized! Stream/Events ready. Max Pipe Depth: 2
[Init] Initialisation complete.
[Diag] after spdk_env_init: rte_lcore_count=1 rte_socket_count=8 spdk_core_count=1
[Diag] reactor: rings w=0x2000008fd500 r=0x2000008fcf80 m=0x2000004ff580 pollers s=0xffffa4002640 w=0xffffa40027e0 r=0xffffa4002980 m=0xffffa4002b20
[NPU-NVMe] Found matching controller at 0000:83:00.0
[NPU-NVMe] Attached NS: block_size=512 total_blocks=7501476528
[Init] NPUNVME Fully Initialized! Stream/Events ready. Max Pipe Depth: 2
[Init] Initialisation complete.
[Diag] after spdk_env_init: rte_lcore_count=1 rte_socket_count=8 spdk_core_count=1
[Diag] reactor: rings w=0x2000008fd500 r=0x2000008fcf80 m=0x2000004ff580 pollers s=0xffffa4002640 w=0xffffa40027e0 r=0xffffa4002980 m=0xffffa4002b20
[NPU-NVMe] Found matching controller at 0000:83:00.0
[NPU-NVMe] Attached NS: block_size=512 total_blocks=7501476528
[Init] NPUNVME Fully Initialized! Stream/Events ready. Max Pipe Depth: 2
[Init] Initialisation complete.
[Diag] after spdk_env_init: rte_lcore_count=1 rte_socket_count=8 spdk_core_count=1
[Diag] reactor: rings w=0x2000008fd500 r=0x2000008fcf80 m=0x2000004ff580 pollers s=0xffffa4002640 w=0xffffa40027e0 r=0xffffa4002980 m=0xffffa4002b20
[NPU-NVMe] Found matching controller at 0000:83:00.0
[NPU-NVMe] Attached NS: block_size=512 total_blocks=7501476528
[Init] NPUNVME Fully Initialized! Stream/Events ready. Max Pipe Depth: 2
[Init] Initialisation complete.
[Diag] after spdk_env_init: rte_lcore_count=1 rte_socket_count=8 spdk_core_count=1
[Diag] reactor: rings w=0x2000008fd500 r=0x2000008fcf80 m=0x2000004ff580 pollers s=0xffffa40027e0 w=0xffffa4002980 r=0xffffa4002b20 m=0xffffa4002d00
[NPU-NVMe] Found matching controller at 0000:83:00.0
[NPU-NVMe] Attached NS: block_size=512 total_blocks=7501476528
[Init] NPUNVME Fully Initialized! Stream/Events ready. Max Pipe Depth: 2
[Init] Initialisation complete.
[Diag] after spdk_env_init: rte_lcore_count=1 rte_socket_count=8 spdk_core_count=1
[Diag] reactor: rings w=0x2000008fd500 r=0x2000008fcf80 m=0x2000004ff580 pollers s=0xffffa40027e0 w=0xffffa4002980 r=0xffffa4002b20 m=0xffffa4002cc0
[NPU-NVMe] Found matching controller at 0000:83:00.0
[NPU-NVMe] Attached NS: block_size=512 total_blocks=7501476528
[Init] NPUNVME Fully Initialized! Stream/Events ready. Max Pipe Depth: 2
[Init] Initialisation complete.
[Diag] after spdk_env_init: rte_lcore_count=1 rte_socket_count=8 spdk_core_count=1
[Diag] reactor: rings w=0x2000008fd500 r=0x2000008fcf80 m=0x2000004ff580 pollers s=0xffffa40027e0 w=0xffffa4002980 r=0xffffa4002b20 m=0xffffa4002cc0
[NPU-NVMe] Found matching controller at 0000:83:00.0
[NPU-NVMe] Attached NS: block_size=512 total_blocks=7501476528
[Init] NPUNVME Fully Initialized! Stream/Events ready. Max Pipe Depth: 2
[Init] Initialisation complete.
[Diag] after spdk_env_init: rte_lcore_count=1 rte_socket_count=8 spdk_core_count=1
[Diag] reactor: rings w=0x2000008fd500 r=0x2000008fcf80 m=0x2000004ff580 pollers s=0xffffa40027e0 w=0xffffa4002980 r=0xffffa4002b20 m=0xffffa4002cc0
[NPU-NVMe] Found matching controller at 0000:83:00.0
[NPU-NVMe] Attached NS: block_size=512 total_blocks=7501476528
[Init] NPUNVME Fully Initialized! Stream/Events ready. Max Pipe Depth: 2
[Init] Initialisation complete.
[Diag] after spdk_env_init: rte_lcore_count=1 rte_socket_count=8 spdk_core_count=1
[Diag] reactor: rings w=0x2000008fd500 r=0x2000008fcf80 m=0x2000004ff580 pollers s=0xffffa40027e0 w=0xffffa4002980 r=0xffffa4002b20 m=0xffffa4002cc0
[NPU-NVMe] Found matching controller at 0000:83:00.0
[NPU-NVMe] Attached NS: block_size=512 total_blocks=7501476528
[Init] NPUNVME Fully Initialized! Stream/Events ready. Max Pipe Depth: 2
[Init] Initialisation complete.
[Diag] after spdk_env_init: rte_lcore_count=1 rte_socket_count=8 spdk_core_count=1
[Diag] reactor: rings w=0x2000008fd500 r=0x2000008fcf80 m=0x2000004ff580 pollers s=0xffffa40027e0 w=0xffffa4002980 r=0xffffa4002b20 m=0xffffa4002cc0
[NPU-NVMe] Found matching controller at 0000:83:00.0
[NPU-NVMe] Attached NS: block_size=512 total_blocks=7501476528
[Init] NPUNVME Fully Initialized! Stream/Events ready. Max Pipe Depth: 2
[Init] Initialisation complete.
[Diag] after spdk_env_init: rte_lcore_count=1 rte_socket_count=8 spdk_core_count=1
[Diag] reactor: rings w=0x2000008fd500 r=0x2000008fcf80 m=0x2000004ff580 pollers s=0xffffa40027e0 w=0xffffa4002980 r=0xffffa4002b20 m=0xffffa4002cc0
[NPU-NVMe] Found matching controller at 0000:83:00.0
[NPU-NVMe] Attached NS: block_size=512 total_blocks=7501476528
[Init] NPUNVME Fully Initialized! Stream/Events ready. Max Pipe Depth: 2
[Init] Initialisation complete.
[Diag] after spdk_env_init: rte_lcore_count=1 rte_socket_count=8 spdk_core_count=1
[Diag] reactor: rings w=0x2000008fd500 r=0x2000008fcf80 m=0x2000004ff580 pollers s=0xffffa40027e0 w=0xffffa4002980 r=0xffffa4002b20 m=0xffffa4002cc0
[NPU-NVMe] Found matching controller at 0000:83:00.0
[NPU-NVMe] Attached NS: block_size=512 total_blocks=7501476528
[Init] NPUNVME Fully Initialized! Stream/Events ready. Max Pipe Depth: 2
[Init] Initialisation complete.
[Diag] after spdk_env_init: rte_lcore_count=1 rte_socket_count=8 spdk_core_count=1
[Diag] reactor: rings w=0x2000008fd500 r=0x2000008fcf80 m=0x2000004ff580 pollers s=0xffffa40027e0 w=0xffffa4002980 r=0xffffa4002b20 m=0xffffa4002cc0
[NPU-NVMe] Found matching controller at 0000:83:00.0
[NPU-NVMe] Attached NS: block_size=512 total_blocks=7501476528
[Init] NPUNVME Fully Initialized! Stream/Events ready. Max Pipe Depth: 2
[Init] Initialisation complete.
[Diag] after spdk_env_init: rte_lcore_count=1 rte_socket_count=8 spdk_core_count=1
[Diag] reactor: rings w=0x2000008fd500 r=0x2000008fcf80 m=0x2000004ff580 pollers s=0xffffa40027e0 w=0xffffa4002980 r=0xffffa4002b20 m=0xffffa4002cc0
[NPU-NVMe] Found matching controller at 0000:83:00.0
[NPU-NVMe] Attached NS: block_size=512 total_blocks=7501476528
[Init] NPUNVME Fully Initialized! Stream/Events ready. Max Pipe Depth: 2
[Init] Initialisation complete.
[Diag] after spdk_env_init: rte_lcore_count=1 rte_socket_count=8 spdk_core_count=1
[Diag] reactor: rings w=0x2000008fd500 r=0x2000008fcf80 m=0x2000004ff580 pollers s=0xffffa40027e0 w=0xffffa4002980 r=0xffffa4002b20 m=0xffffa4002cc0
[NPU-NVMe] Found matching controller at 0000:83:00.0
[NPU-NVMe] Attached NS: block_size=512 total_blocks=7501476528
[Init] NPUNVME Fully Initialized! Stream/Events ready. Max Pipe Depth: 2
[Init] Initialisation complete.
[Diag] after spdk_env_init: rte_lcore_count=1 rte_socket_count=8 spdk_core_count=1
[Diag] reactor: rings w=0x2000008fd500 r=0x2000008fcf80 m=0x2000004ff580 pollers s=0xffffa40027e0 w=0xffffa4002980 r=0xffffa4002b20 m=0xffffa4002cc0
[NPU-NVMe] Found matching controller at 0000:83:00.0
[NPU-NVMe] Attached NS: block_size=512 total_blocks=7501476528
[Init] NPUNVME Fully Initialized! Stream/Events ready. Max Pipe Depth: 2
[Init] Initialisation complete.
[Diag] after spdk_env_init: rte_lcore_count=1 rte_socket_count=8 spdk_core_count=1
[Diag] reactor: rings w=0x2000008fd500 r=0x2000008fcf80 m=0x2000004ff580 pollers s=0xffffa40027e0 w=0xffffa4002980 r=0xffffa4002b20 m=0xffffa4002cc0
[NPU-NVMe] Found matching controller at 0000:83:00.0
[NPU-NVMe] Attached NS: block_size=512 total_blocks=7501476528
[Init] NPUNVME Fully Initialized! Stream/Events ready. Max Pipe Depth: 2
[Init] Initialisation complete.
[Diag] after spdk_env_init: rte_lcore_count=1 rte_socket_count=8 spdk_core_count=1
[Diag] reactor: rings w=0x2000008fd500 r=0x2000008fcf80 m=0x2000004ff580 pollers s=0xffffa40027e0 w=0xffffa4002980 r=0xffffa4002b20 m=0xffffa4002cc0
[NPU-NVMe] Found matching controller at 0000:83:00.0
[NPU-NVMe] Attached NS: block_size=512 total_blocks=7501476528
[Init] NPUNVME Fully Initialized! Stream/Events ready. Max Pipe Depth: 2
[Init] Initialisation complete.
[Diag] after spdk_env_init: rte_lcore_count=1 rte_socket_count=8 spdk_core_count=1
[Diag] reactor: rings w=0x2000008fd500 r=0x2000008fcf80 m=0x2000004ff580 pollers s=0xffffa40027e0 w=0xffffa4002980 r=0xffffa4002b20 m=0xffffa4002cc0
[NPU-NVMe] Found matching controller at 0000:83:00.0
[NPU-NVMe] Attached NS: block_size=512 total_blocks=7501476528
[Init] NPUNVME Fully Initialized! Stream/Events ready. Max Pipe Depth: 2
[Init] Initialisation complete.
[Diag] after spdk_env_init: rte_lcore_count=1 rte_socket_count=8 spdk_core_count=1
[Diag] reactor: rings w=0x2000008fd500 r=0x2000008fcf80 m=0x2000004ff580 pollers s=0xffffa40027e0 w=0xffffa4002980 r=0xffffa4002b20 m=0xffffa4002cc0
[NPU-NVMe] Found matching controller at 0000:83:00.0
[NPU-NVMe] Attached NS: block_size=512 total_blocks=7501476528
[Init] NPUNVME Fully Initialized! Stream/Events ready. Max Pipe Depth: 2
[Init] Initialisation complete.
[Diag] after spdk_env_init: rte_lcore_count=1 rte_socket_count=8 spdk_core_count=1
[Diag] reactor: rings w=0x2000008fd500 r=0x2000008fcf80 m=0x2000004ff580 pollers s=0xffffa40027e0 w=0xffffa4002980 r=0xffffa4002b20 m=0xffffa4002cc0
[NPU-NVMe] Found matching controller at 0000:83:00.0
[NPU-NVMe] Attached NS: block_size=512 total_blocks=7501476528
[Init] NPUNVME Fully Initialized! Stream/Events ready. Max Pipe Depth: 2
[Init] Initialisation complete.
[Diag] after spdk_env_init: rte_lcore_count=1 rte_socket_count=8 spdk_core_count=1
[Diag] reactor: rings w=0x2000008fd500 r=0x2000008fcf80 m=0x2000004ff580 pollers s=0xffffa40027e0 w=0xffffa4002980 r=0xffffa4002b20 m=0xffffa4002cc0
[NPU-NVMe] Found matching controller at 0000:83:00.0
[NPU-NVMe] Attached NS: block_size=512 total_blocks=7501476528
[Init] NPUNVME Fully Initialized! Stream/Events ready. Max Pipe Depth: 2
[Init] Initialisation complete.
