[INFO] Start profiling...
[INFO] Start export data in msprof.
Sat 29 Aug 2026 14:27:22 [INFO] [MSVP] [1104185] msprof_common.py: Start analyzing data in "/home/user7/npu-nvme/results/ppt-evidence-20260829/E8/formal-gpt2xl-3seed-v2/E8_gpt2_xl_seed42_ArithmeticUtilization_20260829_142413/msprof/PROF_000001_20260829142651371_CJRILGJCIJMAKDDC/host" ...
Sat 29 Aug 2026 14:27:22 [INFO] [MSVP] [1104185] msprof_common.py: It may take few minutes, please be patient ...
Sat 29 Aug 2026 14:27:51 [INFO] [MSVP] [1104185] msprof_common.py: Analysis data in "/home/user7/npu-nvme/results/ppt-evidence-20260829/E8/formal-gpt2xl-3seed-v2/E8_gpt2_xl_seed42_ArithmeticUtilization_20260829_142413/msprof/PROF_000001_20260829142651371_CJRILGJCIJMAKDDC/host" finished.
Sat 29 Aug 2026 14:27:51 [INFO] [MSVP] [1104185] msprof_common.py: Start analyzing data in "/home/user7/npu-nvme/results/ppt-evidence-20260829/E8/formal-gpt2xl-3seed-v2/E8_gpt2_xl_seed42_ArithmeticUtilization_20260829_142413/msprof/PROF_000001_20260829142651371_CJRILGJCIJMAKDDC/device_6" ...
Sat 29 Aug 2026 14:27:51 [INFO] [MSVP] [1104185] msprof_common.py: It may take few minutes, please be patient ...
Sat 29 Aug 2026 14:27:52 [INFO] [MSVP] [1104185] msprof_common.py: Analysis data in "/home/user7/npu-nvme/results/ppt-evidence-20260829/E8/formal-gpt2xl-3seed-v2/E8_gpt2_xl_seed42_ArithmeticUtilization_20260829_142413/msprof/PROF_000001_20260829142651371_CJRILGJCIJMAKDDC/device_6" finished.
Sat 29 Aug 2026 14:28:01 [INFO] [MSVP] [1104185] msprof_export.py: All collected data will be exported, path is: /home/user7/npu-nvme/results/ppt-evidence-20260829/E8/formal-gpt2xl-3seed-v2/E8_gpt2_xl_seed42_ArithmeticUtilization_20260829_142413/msprof/PROF_000001_20260829142651371_CJRILGJCIJMAKDDC/device_6.
Sat 29 Aug 2026 14:28:13 [INFO] [MSVP] [1104185] msprof_export.py: There is no timeline data to export for "/home/user7/npu-nvme/results/ppt-evidence-20260829/E8/formal-gpt2xl-3seed-v2/E8_gpt2_xl_seed42_ArithmeticUtilization_20260829_142413/msprof/PROF_000001_20260829142651371_CJRILGJCIJMAKDDC/host"
Sat 29 Aug 2026 14:28:13 [INFO] [MSVP] [1104185] msprof_export.py: All collected data will be exported, path is: /home/user7/npu-nvme/results/ppt-evidence-20260829/E8/formal-gpt2xl-3seed-v2/E8_gpt2_xl_seed42_ArithmeticUtilization_20260829_142413/msprof/PROF_000001_20260829142651371_CJRILGJCIJMAKDDC/device_6.
Sat 29 Aug 2026 14:30:47 [INFO] [MSVP] [1104185] msprof_common.py: Start exporting timeline output_file.
Sat 29 Aug 2026 14:30:49 [INFO] [MSVP] [1104185] msprof_common.py: End exporting timeline output_file.The file is stored in the /home/user7/npu-nvme/results/ppt-evidence-20260829/E8/formal-gpt2xl-3seed-v2/E8_gpt2_xl_seed42_ArithmeticUtilization_20260829_142413/msprof/PROF_000001_20260829142651371_CJRILGJCIJMAKDDC/mindstudio_profiler_output path.
Sat 29 Aug 2026 14:30:49 [WARNING] [MSVP] [1104185] msprof_export.py: Invalid parsing dir("/home/user7/npu-nvme/results/ppt-evidence-20260829/E8/formal-gpt2xl-3seed-v2/E8_gpt2_xl_seed42_ArithmeticUtilization_20260829_142413/msprof"), no valid dir. 
Sat 29 Aug 2026 14:31:05 [INFO] [MSVP] [1106019] msprof_export.py: The data in "/home/user7/npu-nvme/results/ppt-evidence-20260829/E8/formal-gpt2xl-3seed-v2/E8_gpt2_xl_seed42_ArithmeticUtilization_20260829_142413/msprof/PROF_000001_20260829142651371_CJRILGJCIJMAKDDC/host" has been analyzed.
Sat 29 Aug 2026 14:31:05 [INFO] [MSVP] [1106019] msprof_export.py: The data in "/home/user7/npu-nvme/results/ppt-evidence-20260829/E8/formal-gpt2xl-3seed-v2/E8_gpt2_xl_seed42_ArithmeticUtilization_20260829_142413/msprof/PROF_000001_20260829142651371_CJRILGJCIJMAKDDC/device_6" has been analyzed.
Sat 29 Aug 2026 14:31:05 [INFO] [MSVP] [1106019] msprof_export.py: All collected data will be exported, path is: /home/user7/npu-nvme/results/ppt-evidence-20260829/E8/formal-gpt2xl-3seed-v2/E8_gpt2_xl_seed42_ArithmeticUtilization_20260829_142413/msprof/PROF_000001_20260829142651371_CJRILGJCIJMAKDDC/device_6.
Sat 29 Aug 2026 14:31:08 [INFO] [MSVP] [1106019] msprof_export.py: There is no summary data to export for "/home/user7/npu-nvme/results/ppt-evidence-20260829/E8/formal-gpt2xl-3seed-v2/E8_gpt2_xl_seed42_ArithmeticUtilization_20260829_142413/msprof/PROF_000001_20260829142651371_CJRILGJCIJMAKDDC/host"
Sat 29 Aug 2026 14:31:08 [INFO] [MSVP] [1106019] msprof_export.py: All collected data will be exported, path is: /home/user7/npu-nvme/results/ppt-evidence-20260829/E8/formal-gpt2xl-3seed-v2/E8_gpt2_xl_seed42_ArithmeticUtilization_20260829_142413/msprof/PROF_000001_20260829142651371_CJRILGJCIJMAKDDC/device_6.
Sat 29 Aug 2026 14:31:25 [INFO] [MSVP] [1106019] msprof_common.py: Start exporting summary output_file.
Sat 29 Aug 2026 14:31:25 [INFO] [MSVP] [1106019] msprof_common.py: End exporting summary output_file.The file is stored in the /home/user7/npu-nvme/results/ppt-evidence-20260829/E8/formal-gpt2xl-3seed-v2/E8_gpt2_xl_seed42_ArithmeticUtilization_20260829_142413/msprof/PROF_000001_20260829142651371_CJRILGJCIJMAKDDC/mindstudio_profiler_output path.
Sat 29 Aug 2026 14:31:25 [WARNING] [MSVP] [1106019] msprof_export.py: Invalid parsing dir("/home/user7/npu-nvme/results/ppt-evidence-20260829/E8/formal-gpt2xl-3seed-v2/E8_gpt2_xl_seed42_ArithmeticUtilization_20260829_142413/msprof"), no valid dir. 

Cluster Tuning Report:
1. For slow nodes, pay attention to the data preparation phase (threshold: 20%):
	N/A
2. For slow link, pay attention to the data bandwidth (threshold: 20%):
	N/A


Sat 29 Aug 2026 14:31:25 [WARNING] [MSVP] [1106019] msprof_export.py: Cluster Tuning did not complete!
[INFO] Export all data in msprof done.
[INFO] Profiling finished.
[INFO] Process profiling data complete. Data is saved in results/ppt-evidence-20260829/E8/formal-gpt2xl-3seed-v2/E8_gpt2_xl_seed42_ArithmeticUtilization_20260829_142413/msprof
