/home/user7/miniconda3/envs/ms_2.5/lib/python3.9/site-packages/numpy/core/getlimits.py:549: UserWarning: The value of the smallest subnormal for <class 'numpy.float64'> type is zero.
  setattr(self, word, getattr(machar, word).flat[0])
/home/user7/miniconda3/envs/ms_2.5/lib/python3.9/site-packages/numpy/core/getlimits.py:89: UserWarning: The value of the smallest subnormal for <class 'numpy.float64'> type is zero.
  return self._float_to_str(self.smallest_subnormal)
/home/user7/miniconda3/envs/ms_2.5/lib/python3.9/site-packages/numpy/core/getlimits.py:549: UserWarning: The value of the smallest subnormal for <class 'numpy.float32'> type is zero.
  setattr(self, word, getattr(machar, word).flat[0])
/home/user7/miniconda3/envs/ms_2.5/lib/python3.9/site-packages/numpy/core/getlimits.py:89: UserWarning: The value of the smallest subnormal for <class 'numpy.float32'> type is zero.
  return self._float_to_str(self.smallest_subnormal)
[WARNING] ME(765593:281473307324448,MainProcess):2026-09-14-17:04:30.324.683 [mindspore/context.py:1335] For 'context.set_context', the parameter 'deterministic' will be deprecated and removed in a future version. Please use the api mindspore.set_deterministic() instead.
[WARNING] ME(765593:281473307324448,MainProcess):2026-09-14-17:04:30.326.084 [mindspore/context.py:1335] For 'context.set_context', the parameter 'deterministic' will be deprecated and removed in a future version. Please use the api mindspore.set_deterministic() instead.
[WARNING] ME(765593:281473307324448,MainProcess):2026-09-14-17:04:30.327.062 [mindspore/context.py:1335] For 'context.set_context', the parameter 'device_target' will be deprecated and removed in a future version. Please use the api mindspore.set_device() instead.
[WARNING] ME(765593:281473307324448,MainProcess):2026-09-14-17:04:30.327.800 [mindspore/context.py:1335] For 'context.set_context', the parameter 'device_id' will be deprecated and removed in a future version. Please use the api mindspore.set_device() instead.
/home/user7/miniconda3/envs/ms_2.5/lib/python3.9/site-packages/jieba/_compat.py:18: UserWarning: pkg_resources is deprecated as an API. See https://setuptools.pypa.io/en/latest/pkg_resources.html. The pkg_resources package is slated for removal as early as 2025-11-30. Refrain from using this package or pin to Setuptools<81.
  import pkg_resources
[WARNING] ME(765593:281473307324448,MainProcess):2026-09-14-17:04:31.503.674 [mindspore/ops/primitive.py:217] The in_strategy/in_layout of the operator in your network will not take effect in stand_alone mode. This means the the shard function called in the network is ignored. 
If you want to enable it, please use semi auto or auto parallel mode by context.set_auto_parallel_context(parallel_mode=ParallelMode.SEMI_AUTO_PARALLEL or context.set_auto_parallel_context(parallel_mode=ParallelMode.AUTO_PARALLEL)
[WARNING] ME(765593:281473307324448,MainProcess):2026-09-14-17:04:31.901.052 [mindspore/common/parameter.py:851] This interface may be deleted in the future.
[WARNING] ME(765593:281473307324448,MainProcess):2026-09-14-17:05:00.135.447 [mindspore/hal/stream.py:272] WARN_DEPRECATED: The usage of mindspore.hal.synchronize() is deprecated. Please use mindspore.runtime.synchronize()
[ERROR] COMMON(765593,ffff9c7f3020,python):2026-09-14-17:05:16.879.868 [mindspore/ccsrc/pybind_api/ir/tensor_py.cc:730] DataPtr] Tensor device address is null
[ERROR] COMMON(765593,ffff9c7f3020,python):2026-09-14-17:05:16.959.837 [mindspore/ccsrc/pybind_api/ir/tensor_py.cc:730] DataPtr] Tensor device address is null
[ERROR] COMMON(765593,ffff9c7f3020,python):2026-09-14-17:05:16.970.073 [mindspore/ccsrc/pybind_api/ir/tensor_py.cc:730] DataPtr] Tensor device address is null
[ERROR] COMMON(765593,ffff9c7f3020,python):2026-09-14-17:05:16.977.737 [mindspore/ccsrc/pybind_api/ir/tensor_py.cc:730] DataPtr] Tensor device address is null
[ERROR] COMMON(765593,ffff9c7f3020,python):2026-09-14-17:05:16.978.525 [mindspore/ccsrc/pybind_api/ir/tensor_py.cc:730] DataPtr] Tensor device address is null
[ERROR] COMMON(765593,ffff9c7f3020,python):2026-09-14-17:05:16.979.233 [mindspore/ccsrc/pybind_api/ir/tensor_py.cc:730] DataPtr] Tensor device address is null
[ERROR] COMMON(765593,ffff9c7f3020,python):2026-09-14-17:05:16.979.991 [mindspore/ccsrc/pybind_api/ir/tensor_py.cc:730] DataPtr] Tensor device address is null
[ERROR] COMMON(765593,ffff9c7f3020,python):2026-09-14-17:05:16.980.695 [mindspore/ccsrc/pybind_api/ir/tensor_py.cc:730] DataPtr] Tensor device address is null
[ERROR] COMMON(765593,ffff9c7f3020,python):2026-09-14-17:05:16.981.430 [mindspore/ccsrc/pybind_api/ir/tensor_py.cc:730] DataPtr] Tensor device address is null
[ERROR] COMMON(765593,ffff9c7f3020,python):2026-09-14-17:05:16.991.046 [mindspore/ccsrc/pybind_api/ir/tensor_py.cc:730] DataPtr] Tensor device address is null
[ERROR] COMMON(765593,ffff9c7f3020,python):2026-09-14-17:05:16.991.831 [mindspore/ccsrc/pybind_api/ir/tensor_py.cc:730] DataPtr] Tensor device address is null
[ERROR] COMMON(765593,ffff9c7f3020,python):2026-09-14-17:05:16.994.384 [mindspore/ccsrc/pybind_api/ir/tensor_py.cc:730] DataPtr] Tensor device address is null
[ERROR] COMMON(765593,ffff9c7f3020,python):2026-09-14-17:05:16.995.125 [mindspore/ccsrc/pybind_api/ir/tensor_py.cc:730] DataPtr] Tensor device address is null
[ERROR] COMMON(765593,ffff9c7f3020,python):2026-09-14-17:05:16.997.020 [mindspore/ccsrc/pybind_api/ir/tensor_py.cc:730] DataPtr] Tensor device address is null
[ERROR] COMMON(765593,ffff9c7f3020,python):2026-09-14-17:05:16.997.744 [mindspore/ccsrc/pybind_api/ir/tensor_py.cc:730] DataPtr] Tensor device address is null
[ERROR] COMMON(765593,ffff9c7f3020,python):2026-09-14-17:05:16.999.610 [mindspore/ccsrc/pybind_api/ir/tensor_py.cc:730] DataPtr] Tensor device address is null
[ERROR] COMMON(765593,ffff9c7f3020,python):2026-09-14-17:05:17.000.334 [mindspore/ccsrc/pybind_api/ir/tensor_py.cc:730] DataPtr] Tensor device address is null
[ERROR] COMMON(765593,ffff9c7f3020,python):2026-09-14-17:05:17.013.451 [mindspore/ccsrc/pybind_api/ir/tensor_py.cc:730] DataPtr] Tensor device address is null
[ERROR] COMMON(765593,ffff9c7f3020,python):2026-09-14-17:05:17.021.004 [mindspore/ccsrc/pybind_api/ir/tensor_py.cc:730] DataPtr] Tensor device address is null
[ERROR] COMMON(765593,ffff9c7f3020,python):2026-09-14-17:05:17.033.065 [mindspore/ccsrc/pybind_api/ir/tensor_py.cc:730] DataPtr] Tensor device address is null
[ERROR] COMMON(765593,ffff9c7f3020,python):2026-09-14-17:05:17.033.868 [mindspore/ccsrc/pybind_api/ir/tensor_py.cc:730] DataPtr] Tensor device address is null
[ERROR] COMMON(765593,ffff9c7f3020,python):2026-09-14-17:05:17.034.573 [mindspore/ccsrc/pybind_api/ir/tensor_py.cc:730] DataPtr] Tensor device address is null
[ERROR] COMMON(765593,ffff9c7f3020,python):2026-09-14-17:05:17.035.298 [mindspore/ccsrc/pybind_api/ir/tensor_py.cc:730] DataPtr] Tensor device address is null
[ERROR] COMMON(765593,ffff9c7f3020,python):2026-09-14-17:05:17.036.001 [mindspore/ccsrc/pybind_api/ir/tensor_py.cc:730] DataPtr] Tensor device address is null
[ERROR] COMMON(765593,ffff9c7f3020,python):2026-09-14-17:05:17.036.728 [mindspore/ccsrc/pybind_api/ir/tensor_py.cc:730] DataPtr] Tensor device address is null
[ERROR] COMMON(765593,ffff9c7f3020,python):2026-09-14-17:05:17.038.625 [mindspore/ccsrc/pybind_api/ir/tensor_py.cc:730] DataPtr] Tensor device address is null
[ERROR] COMMON(765593,ffff9c7f3020,python):2026-09-14-17:05:17.039.365 [mindspore/ccsrc/pybind_api/ir/tensor_py.cc:730] DataPtr] Tensor device address is null
[ERROR] COMMON(765593,ffff9c7f3020,python):2026-09-14-17:05:17.042.147 [mindspore/ccsrc/pybind_api/ir/tensor_py.cc:730] DataPtr] Tensor device address is null
[ERROR] COMMON(765593,ffff9c7f3020,python):2026-09-14-17:05:17.042.895 [mindspore/ccsrc/pybind_api/ir/tensor_py.cc:730] DataPtr] Tensor device address is null
[ERROR] COMMON(765593,ffff9c7f3020,python):2026-09-14-17:05:17.045.749 [mindspore/ccsrc/pybind_api/ir/tensor_py.cc:730] DataPtr] Tensor device address is null
[ERROR] COMMON(765593,ffff9c7f3020,python):2026-09-14-17:05:17.046.490 [mindspore/ccsrc/pybind_api/ir/tensor_py.cc:730] DataPtr] Tensor device address is null
[ERROR] COMMON(765593,ffff9c7f3020,python):2026-09-14-17:05:17.049.301 [mindspore/ccsrc/pybind_api/ir/tensor_py.cc:730] DataPtr] Tensor device address is null
[ERROR] COMMON(765593,ffff9c7f3020,python):2026-09-14-17:05:17.050.074 [mindspore/ccsrc/pybind_api/ir/tensor_py.cc:730] DataPtr] Tensor device address is null
[ERROR] COMMON(765593,ffff9c7f3020,python):2026-09-14-17:05:17.055.750 [mindspore/ccsrc/pybind_api/ir/tensor_py.cc:730] DataPtr] Tensor device address is null
[ERROR] COMMON(765593,ffff9c7f3020,python):2026-09-14-17:05:17.056.530 [mindspore/ccsrc/pybind_api/ir/tensor_py.cc:730] DataPtr] Tensor device address is null
[ERROR] COMMON(765593,ffff9c7f3020,python):2026-09-14-17:05:17.062.663 [mindspore/ccsrc/pybind_api/ir/tensor_py.cc:730] DataPtr] Tensor device address is null
[ERROR] COMMON(765593,ffff9c7f3020,python):2026-09-14-17:05:17.063.431 [mindspore/ccsrc/pybind_api/ir/tensor_py.cc:730] DataPtr] Tensor device address is null
[ERROR] COMMON(765593,ffff9c7f3020,python):2026-09-14-17:05:17.064.145 [mindspore/ccsrc/pybind_api/ir/tensor_py.cc:730] DataPtr] Tensor device address is null
[ERROR] COMMON(765593,ffff9c7f3020,python):2026-09-14-17:05:17.064.873 [mindspore/ccsrc/pybind_api/ir/tensor_py.cc:730] DataPtr] Tensor device address is null
[ERROR] COMMON(765593,ffff9c7f3020,python):2026-09-14-17:05:17.065.592 [mindspore/ccsrc/pybind_api/ir/tensor_py.cc:730] DataPtr] Tensor device address is null
[ERROR] COMMON(765593,ffff9c7f3020,python):2026-09-14-17:05:17.066.327 [mindspore/ccsrc/pybind_api/ir/tensor_py.cc:730] DataPtr] Tensor device address is null
[ERROR] COMMON(765593,ffff9c7f3020,python):2026-09-14-17:05:17.069.020 [mindspore/ccsrc/pybind_api/ir/tensor_py.cc:730] DataPtr] Tensor device address is null
[ERROR] COMMON(765593,ffff9c7f3020,python):2026-09-14-17:05:17.069.785 [mindspore/ccsrc/pybind_api/ir/tensor_py.cc:730] DataPtr] Tensor device address is null
[ERROR] COMMON(765593,ffff9c7f3020,python):2026-09-14-17:05:17.072.027 [mindspore/ccsrc/pybind_api/ir/tensor_py.cc:730] DataPtr] Tensor device address is null
[ERROR] COMMON(765593,ffff9c7f3020,python):2026-09-14-17:05:17.072.779 [mindspore/ccsrc/pybind_api/ir/tensor_py.cc:730] DataPtr] Tensor device address is null
[ERROR] COMMON(765593,ffff9c7f3020,python):2026-09-14-17:05:17.075.500 [mindspore/ccsrc/pybind_api/ir/tensor_py.cc:730] DataPtr] Tensor device address is null
[ERROR] COMMON(765593,ffff9c7f3020,python):2026-09-14-17:05:17.076.256 [mindspore/ccsrc/pybind_api/ir/tensor_py.cc:730] DataPtr] Tensor device address is null
[ERROR] COMMON(765593,ffff9c7f3020,python):2026-09-14-17:05:17.079.012 [mindspore/ccsrc/pybind_api/ir/tensor_py.cc:730] DataPtr] Tensor device address is null
[ERROR] COMMON(765593,ffff9c7f3020,python):2026-09-14-17:05:17.079.754 [mindspore/ccsrc/pybind_api/ir/tensor_py.cc:730] DataPtr] Tensor device address is null
[ERROR] COMMON(765593,ffff9c7f3020,python):2026-09-14-17:05:17.085.892 [mindspore/ccsrc/pybind_api/ir/tensor_py.cc:730] DataPtr] Tensor device address is null
[ERROR] COMMON(765593,ffff9c7f3020,python):2026-09-14-17:05:17.086.676 [mindspore/ccsrc/pybind_api/ir/tensor_py.cc:730] DataPtr] Tensor device address is null
[ERROR] COMMON(765593,ffff9c7f3020,python):2026-09-14-17:05:17.092.189 [mindspore/ccsrc/pybind_api/ir/tensor_py.cc:730] DataPtr] Tensor device address is null
[ERROR] COMMON(765593,ffff9c7f3020,python):2026-09-14-17:05:17.092.972 [mindspore/ccsrc/pybind_api/ir/tensor_py.cc:730] DataPtr] Tensor device address is null
[ERROR] COMMON(765593,ffff9c7f3020,python):2026-09-14-17:05:17.093.688 [mindspore/ccsrc/pybind_api/ir/tensor_py.cc:730] DataPtr] Tensor device address is null
[ERROR] COMMON(765593,ffff9c7f3020,python):2026-09-14-17:05:17.094.391 [mindspore/ccsrc/pybind_api/ir/tensor_py.cc:730] DataPtr] Tensor device address is null
[ERROR] COMMON(765593,ffff9c7f3020,python):2026-09-14-17:05:17.095.105 [mindspore/ccsrc/pybind_api/ir/tensor_py.cc:730] DataPtr] Tensor device address is null
[ERROR] COMMON(765593,ffff9c7f3020,python):2026-09-14-17:05:17.095.804 [mindspore/ccsrc/pybind_api/ir/tensor_py.cc:730] DataPtr] Tensor device address is null
[ERROR] COMMON(765593,ffff9c7f3020,python):2026-09-14-17:05:17.098.607 [mindspore/ccsrc/pybind_api/ir/tensor_py.cc:730] DataPtr] Tensor device address is null
[ERROR] COMMON(765593,ffff9c7f3020,python):2026-09-14-17:05:17.099.355 [mindspore/ccsrc/pybind_api/ir/tensor_py.cc:730] DataPtr] Tensor device address is null
[ERROR] COMMON(765593,ffff9c7f3020,python):2026-09-14-17:05:17.102.128 [mindspore/ccsrc/pybind_api/ir/tensor_py.cc:730] DataPtr] Tensor device address is null
[ERROR] COMMON(765593,ffff9c7f3020,python):2026-09-14-17:05:17.102.869 [mindspore/ccsrc/pybind_api/ir/tensor_py.cc:730] DataPtr] Tensor device address is null
[ERROR] COMMON(765593,ffff9c7f3020,python):2026-09-14-17:05:17.105.712 [mindspore/ccsrc/pybind_api/ir/tensor_py.cc:730] DataPtr] Tensor device address is null
[ERROR] COMMON(765593,ffff9c7f3020,python):2026-09-14-17:05:17.106.446 [mindspore/ccsrc/pybind_api/ir/tensor_py.cc:730] DataPtr] Tensor device address is null
[ERROR] COMMON(765593,ffff9c7f3020,python):2026-09-14-17:05:17.109.191 [mindspore/ccsrc/pybind_api/ir/tensor_py.cc:730] DataPtr] Tensor device address is null
[ERROR] COMMON(765593,ffff9c7f3020,python):2026-09-14-17:05:17.109.929 [mindspore/ccsrc/pybind_api/ir/tensor_py.cc:730] DataPtr] Tensor device address is null
[ERROR] COMMON(765593,ffff9c7f3020,python):2026-09-14-17:05:17.115.566 [mindspore/ccsrc/pybind_api/ir/tensor_py.cc:730] DataPtr] Tensor device address is null
[ERROR] COMMON(765593,ffff9c7f3020,python):2026-09-14-17:05:17.116.314 [mindspore/ccsrc/pybind_api/ir/tensor_py.cc:730] DataPtr] Tensor device address is null
[ERROR] COMMON(765593,ffff9c7f3020,python):2026-09-14-17:05:17.122.481 [mindspore/ccsrc/pybind_api/ir/tensor_py.cc:730] DataPtr] Tensor device address is null
[ERROR] COMMON(765593,ffff9c7f3020,python):2026-09-14-17:05:17.123.255 [mindspore/ccsrc/pybind_api/ir/tensor_py.cc:730] DataPtr] Tensor device address is null
[ERROR] COMMON(765593,ffff9c7f3020,python):2026-09-14-17:05:17.123.953 [mindspore/ccsrc/pybind_api/ir/tensor_py.cc:730] DataPtr] Tensor device address is null
[ERROR] COMMON(765593,ffff9c7f3020,python):2026-09-14-17:05:17.124.674 [mindspore/ccsrc/pybind_api/ir/tensor_py.cc:730] DataPtr] Tensor device address is null
[ERROR] COMMON(765593,ffff9c7f3020,python):2026-09-14-17:05:17.125.366 [mindspore/ccsrc/pybind_api/ir/tensor_py.cc:730] DataPtr] Tensor device address is null
[ERROR] COMMON(765593,ffff9c7f3020,python):2026-09-14-17:05:17.126.085 [mindspore/ccsrc/pybind_api/ir/tensor_py.cc:730] DataPtr] Tensor device address is null
[ERROR] COMMON(765593,ffff9c7f3020,python):2026-09-14-17:05:17.128.852 [mindspore/ccsrc/pybind_api/ir/tensor_py.cc:730] DataPtr] Tensor device address is null
[ERROR] COMMON(765593,ffff9c7f3020,python):2026-09-14-17:05:17.129.598 [mindspore/ccsrc/pybind_api/ir/tensor_py.cc:730] DataPtr] Tensor device address is null
[ERROR] COMMON(765593,ffff9c7f3020,python):2026-09-14-17:05:17.131.839 [mindspore/ccsrc/pybind_api/ir/tensor_py.cc:730] DataPtr] Tensor device address is null
[ERROR] COMMON(765593,ffff9c7f3020,python):2026-09-14-17:05:17.132.594 [mindspore/ccsrc/pybind_api/ir/tensor_py.cc:730] DataPtr] Tensor device address is null
[ERROR] COMMON(765593,ffff9c7f3020,python):2026-09-14-17:05:17.135.348 [mindspore/ccsrc/pybind_api/ir/tensor_py.cc:730] DataPtr] Tensor device address is null
[ERROR] COMMON(765593,ffff9c7f3020,python):2026-09-14-17:05:17.136.078 [mindspore/ccsrc/pybind_api/ir/tensor_py.cc:730] DataPtr] Tensor device address is null
[ERROR] COMMON(765593,ffff9c7f3020,python):2026-09-14-17:05:17.138.830 [mindspore/ccsrc/pybind_api/ir/tensor_py.cc:730] DataPtr] Tensor device address is null
[ERROR] COMMON(765593,ffff9c7f3020,python):2026-09-14-17:05:17.139.583 [mindspore/ccsrc/pybind_api/ir/tensor_py.cc:730] DataPtr] Tensor device address is null
[ERROR] COMMON(765593,ffff9c7f3020,python):2026-09-14-17:05:17.145.727 [mindspore/ccsrc/pybind_api/ir/tensor_py.cc:730] DataPtr] Tensor device address is null
[ERROR] COMMON(765593,ffff9c7f3020,python):2026-09-14-17:05:17.146.527 [mindspore/ccsrc/pybind_api/ir/tensor_py.cc:730] DataPtr] Tensor device address is null
[ERROR] COMMON(765593,ffff9c7f3020,python):2026-09-14-17:05:17.152.096 [mindspore/ccsrc/pybind_api/ir/tensor_py.cc:730] DataPtr] Tensor device address is null
[ERROR] COMMON(765593,ffff9c7f3020,python):2026-09-14-17:05:17.152.878 [mindspore/ccsrc/pybind_api/ir/tensor_py.cc:730] DataPtr] Tensor device address is null
[ERROR] COMMON(765593,ffff9c7f3020,python):2026-09-14-17:05:17.153.619 [mindspore/ccsrc/pybind_api/ir/tensor_py.cc:730] DataPtr] Tensor device address is null
[ERROR] COMMON(765593,ffff9c7f3020,python):2026-09-14-17:05:17.154.353 [mindspore/ccsrc/pybind_api/ir/tensor_py.cc:730] DataPtr] Tensor device address is null
[ERROR] COMMON(765593,ffff9c7f3020,python):2026-09-14-17:05:17.155.073 [mindspore/ccsrc/pybind_api/ir/tensor_py.cc:730] DataPtr] Tensor device address is null
[ERROR] COMMON(765593,ffff9c7f3020,python):2026-09-14-17:05:17.155.813 [mindspore/ccsrc/pybind_api/ir/tensor_py.cc:730] DataPtr] Tensor device address is null
[ERROR] COMMON(765593,ffff9c7f3020,python):2026-09-14-17:05:17.158.565 [mindspore/ccsrc/pybind_api/ir/tensor_py.cc:730] DataPtr] Tensor device address is null
[ERROR] COMMON(765593,ffff9c7f3020,python):2026-09-14-17:05:17.159.320 [mindspore/ccsrc/pybind_api/ir/tensor_py.cc:730] DataPtr] Tensor device address is null
[ERROR] COMMON(765593,ffff9c7f3020,python):2026-09-14-17:05:17.162.109 [mindspore/ccsrc/pybind_api/ir/tensor_py.cc:730] DataPtr] Tensor device address is null
[ERROR] COMMON(765593,ffff9c7f3020,python):2026-09-14-17:05:17.162.860 [mindspore/ccsrc/pybind_api/ir/tensor_py.cc:730] DataPtr] Tensor device address is null
[ERROR] COMMON(765593,ffff9c7f3020,python):2026-09-14-17:05:17.165.570 [mindspore/ccsrc/pybind_api/ir/tensor_py.cc:730] DataPtr] Tensor device address is null
[ERROR] COMMON(765593,ffff9c7f3020,python):2026-09-14-17:05:17.166.314 [mindspore/ccsrc/pybind_api/ir/tensor_py.cc:730] DataPtr] Tensor device address is null
[ERROR] COMMON(765593,ffff9c7f3020,python):2026-09-14-17:05:17.169.003 [mindspore/ccsrc/pybind_api/ir/tensor_py.cc:730] DataPtr] Tensor device address is null
[ERROR] COMMON(765593,ffff9c7f3020,python):2026-09-14-17:05:17.169.758 [mindspore/ccsrc/pybind_api/ir/tensor_py.cc:730] DataPtr] Tensor device address is null
[ERROR] COMMON(765593,ffff9c7f3020,python):2026-09-14-17:05:17.175.471 [mindspore/ccsrc/pybind_api/ir/tensor_py.cc:730] DataPtr] Tensor device address is null
[ERROR] COMMON(765593,ffff9c7f3020,python):2026-09-14-17:05:17.176.231 [mindspore/ccsrc/pybind_api/ir/tensor_py.cc:730] DataPtr] Tensor device address is null
[ERROR] COMMON(765593,ffff9c7f3020,python):2026-09-14-17:05:17.182.380 [mindspore/ccsrc/pybind_api/ir/tensor_py.cc:730] DataPtr] Tensor device address is null
[ERROR] COMMON(765593,ffff9c7f3020,python):2026-09-14-17:05:17.183.151 [mindspore/ccsrc/pybind_api/ir/tensor_py.cc:730] DataPtr] Tensor device address is null
[ERROR] COMMON(765593,ffff9c7f3020,python):2026-09-14-17:05:17.183.853 [mindspore/ccsrc/pybind_api/ir/tensor_py.cc:730] DataPtr] Tensor device address is null
[ERROR] COMMON(765593,ffff9c7f3020,python):2026-09-14-17:05:17.184.583 [mindspore/ccsrc/pybind_api/ir/tensor_py.cc:730] DataPtr] Tensor device address is null
[ERROR] COMMON(765593,ffff9c7f3020,python):2026-09-14-17:05:17.185.296 [mindspore/ccsrc/pybind_api/ir/tensor_py.cc:730] DataPtr] Tensor device address is null
[ERROR] COMMON(765593,ffff9c7f3020,python):2026-09-14-17:05:17.186.017 [mindspore/ccsrc/pybind_api/ir/tensor_py.cc:730] DataPtr] Tensor device address is null
[ERROR] COMMON(765593,ffff9c7f3020,python):2026-09-14-17:05:17.188.745 [mindspore/ccsrc/pybind_api/ir/tensor_py.cc:730] DataPtr] Tensor device address is null
[ERROR] COMMON(765593,ffff9c7f3020,python):2026-09-14-17:05:17.189.508 [mindspore/ccsrc/pybind_api/ir/tensor_py.cc:730] DataPtr] Tensor device address is null
[ERROR] COMMON(765593,ffff9c7f3020,python):2026-09-14-17:05:17.191.681 [mindspore/ccsrc/pybind_api/ir/tensor_py.cc:730] DataPtr] Tensor device address is null
[ERROR] COMMON(765593,ffff9c7f3020,python):2026-09-14-17:05:17.192.392 [mindspore/ccsrc/pybind_api/ir/tensor_py.cc:730] DataPtr] Tensor device address is null
[ERROR] COMMON(765593,ffff9c7f3020,python):2026-09-14-17:05:17.195.104 [mindspore/ccsrc/pybind_api/ir/tensor_py.cc:730] DataPtr] Tensor device address is null
[ERROR] COMMON(765593,ffff9c7f3020,python):2026-09-14-17:05:17.195.844 [mindspore/ccsrc/pybind_api/ir/tensor_py.cc:730] DataPtr] Tensor device address is null
[ERROR] COMMON(765593,ffff9c7f3020,python):2026-09-14-17:05:17.198.554 [mindspore/ccsrc/pybind_api/ir/tensor_py.cc:730] DataPtr] Tensor device address is null
[ERROR] COMMON(765593,ffff9c7f3020,python):2026-09-14-17:05:17.199.282 [mindspore/ccsrc/pybind_api/ir/tensor_py.cc:730] DataPtr] Tensor device address is null
[ERROR] COMMON(765593,ffff9c7f3020,python):2026-09-14-17:05:17.205.411 [mindspore/ccsrc/pybind_api/ir/tensor_py.cc:730] DataPtr] Tensor device address is null
[ERROR] COMMON(765593,ffff9c7f3020,python):2026-09-14-17:05:17.206.171 [mindspore/ccsrc/pybind_api/ir/tensor_py.cc:730] DataPtr] Tensor device address is null
[ERROR] COMMON(765593,ffff9c7f3020,python):2026-09-14-17:05:17.211.673 [mindspore/ccsrc/pybind_api/ir/tensor_py.cc:730] DataPtr] Tensor device address is null
[ERROR] COMMON(765593,ffff9c7f3020,python):2026-09-14-17:05:17.212.440 [mindspore/ccsrc/pybind_api/ir/tensor_py.cc:730] DataPtr] Tensor device address is null
[ERROR] COMMON(765593,ffff9c7f3020,python):2026-09-14-17:05:17.213.149 [mindspore/ccsrc/pybind_api/ir/tensor_py.cc:730] DataPtr] Tensor device address is null
[ERROR] COMMON(765593,ffff9c7f3020,python):2026-09-14-17:05:17.213.881 [mindspore/ccsrc/pybind_api/ir/tensor_py.cc:730] DataPtr] Tensor device address is null
[ERROR] COMMON(765593,ffff9c7f3020,python):2026-09-14-17:05:17.214.571 [mindspore/ccsrc/pybind_api/ir/tensor_py.cc:730] DataPtr] Tensor device address is null
[ERROR] COMMON(765593,ffff9c7f3020,python):2026-09-14-17:05:17.215.280 [mindspore/ccsrc/pybind_api/ir/tensor_py.cc:730] DataPtr] Tensor device address is null
[ERROR] COMMON(765593,ffff9c7f3020,python):2026-09-14-17:05:17.218.008 [mindspore/ccsrc/pybind_api/ir/tensor_py.cc:730] DataPtr] Tensor device address is null
[ERROR] COMMON(765593,ffff9c7f3020,python):2026-09-14-17:05:17.218.759 [mindspore/ccsrc/pybind_api/ir/tensor_py.cc:730] DataPtr] Tensor device address is null
[ERROR] COMMON(765593,ffff9c7f3020,python):2026-09-14-17:05:17.221.518 [mindspore/ccsrc/pybind_api/ir/tensor_py.cc:730] DataPtr] Tensor device address is null
[ERROR] COMMON(765593,ffff9c7f3020,python):2026-09-14-17:05:17.222.256 [mindspore/ccsrc/pybind_api/ir/tensor_py.cc:730] DataPtr] Tensor device address is null
[ERROR] COMMON(765593,ffff9c7f3020,python):2026-09-14-17:05:17.225.024 [mindspore/ccsrc/pybind_api/ir/tensor_py.cc:730] DataPtr] Tensor device address is null
[ERROR] COMMON(765593,ffff9c7f3020,python):2026-09-14-17:05:17.225.746 [mindspore/ccsrc/pybind_api/ir/tensor_py.cc:730] DataPtr] Tensor device address is null
[ERROR] COMMON(765593,ffff9c7f3020,python):2026-09-14-17:05:17.228.474 [mindspore/ccsrc/pybind_api/ir/tensor_py.cc:730] DataPtr] Tensor device address is null
[ERROR] COMMON(765593,ffff9c7f3020,python):2026-09-14-17:05:17.229.214 [mindspore/ccsrc/pybind_api/ir/tensor_py.cc:730] DataPtr] Tensor device address is null
[ERROR] COMMON(765593,ffff9c7f3020,python):2026-09-14-17:05:17.234.844 [mindspore/ccsrc/pybind_api/ir/tensor_py.cc:730] DataPtr] Tensor device address is null
[ERROR] COMMON(765593,ffff9c7f3020,python):2026-09-14-17:05:17.235.641 [mindspore/ccsrc/pybind_api/ir/tensor_py.cc:730] DataPtr] Tensor device address is null
[ERROR] COMMON(765593,ffff9c7f3020,python):2026-09-14-17:05:17.241.746 [mindspore/ccsrc/pybind_api/ir/tensor_py.cc:730] DataPtr] Tensor device address is null
[ERROR] COMMON(765593,ffff9c7f3020,python):2026-09-14-17:05:17.242.531 [mindspore/ccsrc/pybind_api/ir/tensor_py.cc:730] DataPtr] Tensor device address is null
[ERROR] COMMON(765593,ffff9c7f3020,python):2026-09-14-17:05:17.243.254 [mindspore/ccsrc/pybind_api/ir/tensor_py.cc:730] DataPtr] Tensor device address is null
[ERROR] COMMON(765593,ffff9c7f3020,python):2026-09-14-17:05:17.243.967 [mindspore/ccsrc/pybind_api/ir/tensor_py.cc:730] DataPtr] Tensor device address is null
[ERROR] COMMON(765593,ffff9c7f3020,python):2026-09-14-17:05:17.244.716 [mindspore/ccsrc/pybind_api/ir/tensor_py.cc:730] DataPtr] Tensor device address is null
[ERROR] COMMON(765593,ffff9c7f3020,python):2026-09-14-17:05:17.245.456 [mindspore/ccsrc/pybind_api/ir/tensor_py.cc:730] DataPtr] Tensor device address is null
[ERROR] COMMON(765593,ffff9c7f3020,python):2026-09-14-17:05:17.248.203 [mindspore/ccsrc/pybind_api/ir/tensor_py.cc:730] DataPtr] Tensor device address is null
[ERROR] COMMON(765593,ffff9c7f3020,python):2026-09-14-17:05:17.248.946 [mindspore/ccsrc/pybind_api/ir/tensor_py.cc:730] DataPtr] Tensor device address is null
[ERROR] COMMON(765593,ffff9c7f3020,python):2026-09-14-17:05:17.251.201 [mindspore/ccsrc/pybind_api/ir/tensor_py.cc:730] DataPtr] Tensor device address is null
[ERROR] COMMON(765593,ffff9c7f3020,python):2026-09-14-17:05:17.251.923 [mindspore/ccsrc/pybind_api/ir/tensor_py.cc:730] DataPtr] Tensor device address is null
[ERROR] COMMON(765593,ffff9c7f3020,python):2026-09-14-17:05:17.254.626 [mindspore/ccsrc/pybind_api/ir/tensor_py.cc:730] DataPtr] Tensor device address is null
[ERROR] COMMON(765593,ffff9c7f3020,python):2026-09-14-17:05:17.255.376 [mindspore/ccsrc/pybind_api/ir/tensor_py.cc:730] DataPtr] Tensor device address is null
[ERROR] COMMON(765593,ffff9c7f3020,python):2026-09-14-17:05:17.258.050 [mindspore/ccsrc/pybind_api/ir/tensor_py.cc:730] DataPtr] Tensor device address is null
[ERROR] COMMON(765593,ffff9c7f3020,python):2026-09-14-17:05:17.258.819 [mindspore/ccsrc/pybind_api/ir/tensor_py.cc:730] DataPtr] Tensor device address is null
[ERROR] COMMON(765593,ffff9c7f3020,python):2026-09-14-17:05:17.264.945 [mindspore/ccsrc/pybind_api/ir/tensor_py.cc:730] DataPtr] Tensor device address is null
[ERROR] COMMON(765593,ffff9c7f3020,python):2026-09-14-17:05:17.265.736 [mindspore/ccsrc/pybind_api/ir/tensor_py.cc:730] DataPtr] Tensor device address is null
[ERROR] COMMON(765593,ffff9c7f3020,python):2026-09-14-17:05:17.271.262 [mindspore/ccsrc/pybind_api/ir/tensor_py.cc:730] DataPtr] Tensor device address is null
[ERROR] COMMON(765593,ffff9c7f3020,python):2026-09-14-17:05:17.272.054 [mindspore/ccsrc/pybind_api/ir/tensor_py.cc:730] DataPtr] Tensor device address is null
[ERROR] COMMON(765593,ffff9c7f3020,python):2026-09-14-17:05:17.272.800 [mindspore/ccsrc/pybind_api/ir/tensor_py.cc:730] DataPtr] Tensor device address is null
[ERROR] COMMON(765593,ffff9c7f3020,python):2026-09-14-17:05:17.273.551 [mindspore/ccsrc/pybind_api/ir/tensor_py.cc:730] DataPtr] Tensor device address is null
[ERROR] COMMON(765593,ffff9c7f3020,python):2026-09-14-17:05:17.274.274 [mindspore/ccsrc/pybind_api/ir/tensor_py.cc:730] DataPtr] Tensor device address is null
[ERROR] COMMON(765593,ffff9c7f3020,python):2026-09-14-17:05:17.275.017 [mindspore/ccsrc/pybind_api/ir/tensor_py.cc:730] DataPtr] Tensor device address is null
[ERROR] COMMON(765593,ffff9c7f3020,python):2026-09-14-17:05:17.277.756 [mindspore/ccsrc/pybind_api/ir/tensor_py.cc:730] DataPtr] Tensor device address is null
[ERROR] COMMON(765593,ffff9c7f3020,python):2026-09-14-17:05:17.278.520 [mindspore/ccsrc/pybind_api/ir/tensor_py.cc:730] DataPtr] Tensor device address is null
[ERROR] COMMON(765593,ffff9c7f3020,python):2026-09-14-17:05:17.281.313 [mindspore/ccsrc/pybind_api/ir/tensor_py.cc:730] DataPtr] Tensor device address is null
[ERROR] COMMON(765593,ffff9c7f3020,python):2026-09-14-17:05:17.282.056 [mindspore/ccsrc/pybind_api/ir/tensor_py.cc:730] DataPtr] Tensor device address is null
[ERROR] COMMON(765593,ffff9c7f3020,python):2026-09-14-17:05:17.284.782 [mindspore/ccsrc/pybind_api/ir/tensor_py.cc:730] DataPtr] Tensor device address is null
[ERROR] COMMON(765593,ffff9c7f3020,python):2026-09-14-17:05:17.285.532 [mindspore/ccsrc/pybind_api/ir/tensor_py.cc:730] DataPtr] Tensor device address is null
[ERROR] COMMON(765593,ffff9c7f3020,python):2026-09-14-17:05:17.288.285 [mindspore/ccsrc/pybind_api/ir/tensor_py.cc:730] DataPtr] Tensor device address is null
[ERROR] COMMON(765593,ffff9c7f3020,python):2026-09-14-17:05:17.289.078 [mindspore/ccsrc/pybind_api/ir/tensor_py.cc:730] DataPtr] Tensor device address is null
[ERROR] COMMON(765593,ffff9c7f3020,python):2026-09-14-17:05:17.294.810 [mindspore/ccsrc/pybind_api/ir/tensor_py.cc:730] DataPtr] Tensor device address is null
[ERROR] COMMON(765593,ffff9c7f3020,python):2026-09-14-17:05:17.295.560 [mindspore/ccsrc/pybind_api/ir/tensor_py.cc:730] DataPtr] Tensor device address is null
[ERROR] COMMON(765593,ffff9c7f3020,python):2026-09-14-17:05:17.301.640 [mindspore/ccsrc/pybind_api/ir/tensor_py.cc:730] DataPtr] Tensor device address is null
[ERROR] COMMON(765593,ffff9c7f3020,python):2026-09-14-17:05:17.302.400 [mindspore/ccsrc/pybind_api/ir/tensor_py.cc:730] DataPtr] Tensor device address is null
[ERROR] COMMON(765593,ffff9c7f3020,python):2026-09-14-17:05:17.303.101 [mindspore/ccsrc/pybind_api/ir/tensor_py.cc:730] DataPtr] Tensor device address is null
[ERROR] COMMON(765593,ffff9c7f3020,python):2026-09-14-17:05:17.303.801 [mindspore/ccsrc/pybind_api/ir/tensor_py.cc:730] DataPtr] Tensor device address is null
[ERROR] COMMON(765593,ffff9c7f3020,python):2026-09-14-17:05:17.304.486 [mindspore/ccsrc/pybind_api/ir/tensor_py.cc:730] DataPtr] Tensor device address is null
[ERROR] COMMON(765593,ffff9c7f3020,python):2026-09-14-17:05:17.305.201 [mindspore/ccsrc/pybind_api/ir/tensor_py.cc:730] DataPtr] Tensor device address is null
[ERROR] COMMON(765593,ffff9c7f3020,python):2026-09-14-17:05:17.307.886 [mindspore/ccsrc/pybind_api/ir/tensor_py.cc:730] DataPtr] Tensor device address is null
[ERROR] COMMON(765593,ffff9c7f3020,python):2026-09-14-17:05:17.308.628 [mindspore/ccsrc/pybind_api/ir/tensor_py.cc:730] DataPtr] Tensor device address is null
[ERROR] COMMON(765593,ffff9c7f3020,python):2026-09-14-17:05:17.310.875 [mindspore/ccsrc/pybind_api/ir/tensor_py.cc:730] DataPtr] Tensor device address is null
[ERROR] COMMON(765593,ffff9c7f3020,python):2026-09-14-17:05:17.311.630 [mindspore/ccsrc/pybind_api/ir/tensor_py.cc:730] DataPtr] Tensor device address is null
[ERROR] COMMON(765593,ffff9c7f3020,python):2026-09-14-17:05:17.314.313 [mindspore/ccsrc/pybind_api/ir/tensor_py.cc:730] DataPtr] Tensor device address is null
[ERROR] COMMON(765593,ffff9c7f3020,python):2026-09-14-17:05:17.315.050 [mindspore/ccsrc/pybind_api/ir/tensor_py.cc:730] DataPtr] Tensor device address is null
[ERROR] COMMON(765593,ffff9c7f3020,python):2026-09-14-17:05:17.317.749 [mindspore/ccsrc/pybind_api/ir/tensor_py.cc:730] DataPtr] Tensor device address is null
[ERROR] COMMON(765593,ffff9c7f3020,python):2026-09-14-17:05:17.318.476 [mindspore/ccsrc/pybind_api/ir/tensor_py.cc:730] DataPtr] Tensor device address is null
[ERROR] COMMON(765593,ffff9c7f3020,python):2026-09-14-17:05:17.324.611 [mindspore/ccsrc/pybind_api/ir/tensor_py.cc:730] DataPtr] Tensor device address is null
[ERROR] COMMON(765593,ffff9c7f3020,python):2026-09-14-17:05:17.325.372 [mindspore/ccsrc/pybind_api/ir/tensor_py.cc:730] DataPtr] Tensor device address is null
[ERROR] COMMON(765593,ffff9c7f3020,python):2026-09-14-17:05:17.330.883 [mindspore/ccsrc/pybind_api/ir/tensor_py.cc:730] DataPtr] Tensor device address is null
[ERROR] COMMON(765593,ffff9c7f3020,python):2026-09-14-17:05:17.331.638 [mindspore/ccsrc/pybind_api/ir/tensor_py.cc:730] DataPtr] Tensor device address is null
[ERROR] COMMON(765593,ffff9c7f3020,python):2026-09-14-17:05:17.332.353 [mindspore/ccsrc/pybind_api/ir/tensor_py.cc:730] DataPtr] Tensor device address is null
[ERROR] COMMON(765593,ffff9c7f3020,python):2026-09-14-17:05:17.333.074 [mindspore/ccsrc/pybind_api/ir/tensor_py.cc:730] DataPtr] Tensor device address is null
[ERROR] COMMON(765593,ffff9c7f3020,python):2026-09-14-17:05:17.333.770 [mindspore/ccsrc/pybind_api/ir/tensor_py.cc:730] DataPtr] Tensor device address is null
[ERROR] COMMON(765593,ffff9c7f3020,python):2026-09-14-17:05:17.334.487 [mindspore/ccsrc/pybind_api/ir/tensor_py.cc:730] DataPtr] Tensor device address is null
[ERROR] COMMON(765593,ffff9c7f3020,python):2026-09-14-17:05:17.337.269 [mindspore/ccsrc/pybind_api/ir/tensor_py.cc:730] DataPtr] Tensor device address is null
[ERROR] COMMON(765593,ffff9c7f3020,python):2026-09-14-17:05:17.338.049 [mindspore/ccsrc/pybind_api/ir/tensor_py.cc:730] DataPtr] Tensor device address is null
[ERROR] COMMON(765593,ffff9c7f3020,python):2026-09-14-17:05:17.340.844 [mindspore/ccsrc/pybind_api/ir/tensor_py.cc:730] DataPtr] Tensor device address is null
[ERROR] COMMON(765593,ffff9c7f3020,python):2026-09-14-17:05:17.341.582 [mindspore/ccsrc/pybind_api/ir/tensor_py.cc:730] DataPtr] Tensor device address is null
[ERROR] COMMON(765593,ffff9c7f3020,python):2026-09-14-17:05:17.344.350 [mindspore/ccsrc/pybind_api/ir/tensor_py.cc:730] DataPtr] Tensor device address is null
[ERROR] COMMON(765593,ffff9c7f3020,python):2026-09-14-17:05:17.345.098 [mindspore/ccsrc/pybind_api/ir/tensor_py.cc:730] DataPtr] Tensor device address is null
[ERROR] COMMON(765593,ffff9c7f3020,python):2026-09-14-17:05:17.347.833 [mindspore/ccsrc/pybind_api/ir/tensor_py.cc:730] DataPtr] Tensor device address is null
[ERROR] COMMON(765593,ffff9c7f3020,python):2026-09-14-17:05:17.348.587 [mindspore/ccsrc/pybind_api/ir/tensor_py.cc:730] DataPtr] Tensor device address is null
[ERROR] COMMON(765593,ffff9c7f3020,python):2026-09-14-17:05:17.354.205 [mindspore/ccsrc/pybind_api/ir/tensor_py.cc:730] DataPtr] Tensor device address is null
[ERROR] COMMON(765593,ffff9c7f3020,python):2026-09-14-17:05:17.354.983 [mindspore/ccsrc/pybind_api/ir/tensor_py.cc:730] DataPtr] Tensor device address is null
[ERROR] COMMON(765593,ffff9c7f3020,python):2026-09-14-17:05:17.361.066 [mindspore/ccsrc/pybind_api/ir/tensor_py.cc:730] DataPtr] Tensor device address is null
[ERROR] COMMON(765593,ffff9c7f3020,python):2026-09-14-17:05:17.361.911 [mindspore/ccsrc/pybind_api/ir/tensor_py.cc:730] DataPtr] Tensor device address is null
[ERROR] COMMON(765593,ffff9c7f3020,python):2026-09-14-17:05:17.369.905 [mindspore/ccsrc/pybind_api/ir/tensor_py.cc:730] DataPtr] Tensor device address is null
[ERROR] COMMON(765593,ffff9c7f3020,python):2026-09-14-17:05:17.376.933 [mindspore/ccsrc/pybind_api/ir/tensor_py.cc:730] DataPtr] Tensor device address is null
[ERROR] COMMON(765593,ffff9c7f3020,python):2026-09-14-17:05:17.451.110 [mindspore/ccsrc/pybind_api/ir/tensor_py.cc:730] DataPtr] Tensor device address is null
[ERROR] COMMON(765593,ffff9c7f3020,python):2026-09-14-17:05:17.452.299 [mindspore/ccsrc/pybind_api/ir/tensor_py.cc:730] DataPtr] Tensor device address is null
[ERROR] COMMON(765593,ffff9c7f3020,python):2026-09-14-17:05:17.453.080 [mindspore/ccsrc/pybind_api/ir/tensor_py.cc:730] DataPtr] Tensor device address is null
[ERROR] COMMON(765593,ffff9c7f3020,python):2026-09-14-17:05:17.453.802 [mindspore/ccsrc/pybind_api/ir/tensor_py.cc:730] DataPtr] Tensor device address is null
[ERROR] COMMON(765593,ffff9c7f3020,python):2026-09-14-17:05:17.454.508 [mindspore/ccsrc/pybind_api/ir/tensor_py.cc:730] DataPtr] Tensor device address is null
[ERROR] COMMON(765593,ffff9c7f3020,python):2026-09-14-17:05:17.455.242 [mindspore/ccsrc/pybind_api/ir/tensor_py.cc:730] DataPtr] Tensor device address is null
[ERROR] COMMON(765593,ffff9c7f3020,python):2026-09-14-17:05:17.455.945 [mindspore/ccsrc/pybind_api/ir/tensor_py.cc:730] DataPtr] Tensor device address is null
[ERROR] COMMON(765593,ffff9c7f3020,python):2026-09-14-17:05:17.456.660 [mindspore/ccsrc/pybind_api/ir/tensor_py.cc:730] DataPtr] Tensor device address is null
[ERROR] COMMON(765593,ffff9c7f3020,python):2026-09-14-17:05:17.460.181 [mindspore/ccsrc/pybind_api/ir/tensor_py.cc:730] DataPtr] Tensor device address is null
[ERROR] COMMON(765593,ffff9c7f3020,python):2026-09-14-17:05:17.460.907 [mindspore/ccsrc/pybind_api/ir/tensor_py.cc:730] DataPtr] Tensor device address is null
[ERROR] COMMON(765593,ffff9c7f3020,python):2026-09-14-17:05:17.463.360 [mindspore/ccsrc/pybind_api/ir/tensor_py.cc:730] DataPtr] Tensor device address is null
[ERROR] COMMON(765593,ffff9c7f3020,python):2026-09-14-17:05:17.464.076 [mindspore/ccsrc/pybind_api/ir/tensor_py.cc:730] DataPtr] Tensor device address is null
[ERROR] COMMON(765593,ffff9c7f3020,python):2026-09-14-17:05:17.467.016 [mindspore/ccsrc/pybind_api/ir/tensor_py.cc:730] DataPtr] Tensor device address is null
[ERROR] COMMON(765593,ffff9c7f3020,python):2026-09-14-17:05:17.467.768 [mindspore/ccsrc/pybind_api/ir/tensor_py.cc:730] DataPtr] Tensor device address is null
[ERROR] COMMON(765593,ffff9c7f3020,python):2026-09-14-17:05:17.470.699 [mindspore/ccsrc/pybind_api/ir/tensor_py.cc:730] DataPtr] Tensor device address is null
[ERROR] COMMON(765593,ffff9c7f3020,python):2026-09-14-17:05:17.471.432 [mindspore/ccsrc/pybind_api/ir/tensor_py.cc:730] DataPtr] Tensor device address is null
[ERROR] COMMON(765593,ffff9c7f3020,python):2026-09-14-17:05:17.477.613 [mindspore/ccsrc/pybind_api/ir/tensor_py.cc:730] DataPtr] Tensor device address is null
[ERROR] COMMON(765593,ffff9c7f3020,python):2026-09-14-17:05:17.478.417 [mindspore/ccsrc/pybind_api/ir/tensor_py.cc:730] DataPtr] Tensor device address is null
[ERROR] COMMON(765593,ffff9c7f3020,python):2026-09-14-17:05:17.484.817 [mindspore/ccsrc/pybind_api/ir/tensor_py.cc:730] DataPtr] Tensor device address is null
[ERROR] COMMON(765593,ffff9c7f3020,python):2026-09-14-17:05:17.485.586 [mindspore/ccsrc/pybind_api/ir/tensor_py.cc:730] DataPtr] Tensor device address is null
[ERROR] COMMON(765593,ffff9c7f3020,python):2026-09-14-17:05:17.486.322 [mindspore/ccsrc/pybind_api/ir/tensor_py.cc:730] DataPtr] Tensor device address is null
[ERROR] COMMON(765593,ffff9c7f3020,python):2026-09-14-17:05:17.487.045 [mindspore/ccsrc/pybind_api/ir/tensor_py.cc:730] DataPtr] Tensor device address is null
[ERROR] COMMON(765593,ffff9c7f3020,python):2026-09-14-17:05:17.487.767 [mindspore/ccsrc/pybind_api/ir/tensor_py.cc:730] DataPtr] Tensor device address is null
[ERROR] COMMON(765593,ffff9c7f3020,python):2026-09-14-17:05:17.488.503 [mindspore/ccsrc/pybind_api/ir/tensor_py.cc:730] DataPtr] Tensor device address is null
[ERROR] COMMON(765593,ffff9c7f3020,python):2026-09-14-17:05:17.491.469 [mindspore/ccsrc/pybind_api/ir/tensor_py.cc:730] DataPtr] Tensor device address is null
[ERROR] COMMON(765593,ffff9c7f3020,python):2026-09-14-17:05:17.492.177 [mindspore/ccsrc/pybind_api/ir/tensor_py.cc:730] DataPtr] Tensor device address is null
[ERROR] COMMON(765593,ffff9c7f3020,python):2026-09-14-17:05:17.498.170 [mindspore/ccsrc/pybind_api/ir/tensor_py.cc:730] DataPtr] Tensor device address is null
[ERROR] COMMON(765593,ffff9c7f3020,python):2026-09-14-17:05:17.498.901 [mindspore/ccsrc/pybind_api/ir/tensor_py.cc:730] DataPtr] Tensor device address is null
[ERROR] COMMON(765593,ffff9c7f3020,python):2026-09-14-17:05:17.502.043 [mindspore/ccsrc/pybind_api/ir/tensor_py.cc:730] DataPtr] Tensor device address is null
[ERROR] COMMON(765593,ffff9c7f3020,python):2026-09-14-17:05:17.502.799 [mindspore/ccsrc/pybind_api/ir/tensor_py.cc:730] DataPtr] Tensor device address is null
[ERROR] COMMON(765593,ffff9c7f3020,python):2026-09-14-17:05:17.505.312 [mindspore/ccsrc/pybind_api/ir/tensor_py.cc:730] DataPtr] Tensor device address is null
[ERROR] COMMON(765593,ffff9c7f3020,python):2026-09-14-17:05:17.506.038 [mindspore/ccsrc/pybind_api/ir/tensor_py.cc:730] DataPtr] Tensor device address is null
[ERROR] COMMON(765593,ffff9c7f3020,python):2026-09-14-17:05:17.512.514 [mindspore/ccsrc/pybind_api/ir/tensor_py.cc:730] DataPtr] Tensor device address is null
[ERROR] COMMON(765593,ffff9c7f3020,python):2026-09-14-17:05:17.513.304 [mindspore/ccsrc/pybind_api/ir/tensor_py.cc:730] DataPtr] Tensor device address is null
[ERROR] COMMON(765593,ffff9c7f3020,python):2026-09-14-17:05:17.520.288 [mindspore/ccsrc/pybind_api/ir/tensor_py.cc:730] DataPtr] Tensor device address is null
[ERROR] COMMON(765593,ffff9c7f3020,python):2026-09-14-17:05:17.521.063 [mindspore/ccsrc/pybind_api/ir/tensor_py.cc:730] DataPtr] Tensor device address is null
[ERROR] COMMON(765593,ffff9c7f3020,python):2026-09-14-17:05:17.521.787 [mindspore/ccsrc/pybind_api/ir/tensor_py.cc:730] DataPtr] Tensor device address is null
[ERROR] COMMON(765593,ffff9c7f3020,python):2026-09-14-17:05:17.522.512 [mindspore/ccsrc/pybind_api/ir/tensor_py.cc:730] DataPtr] Tensor device address is null
[ERROR] COMMON(765593,ffff9c7f3020,python):2026-09-14-17:05:17.523.228 [mindspore/ccsrc/pybind_api/ir/tensor_py.cc:730] DataPtr] Tensor device address is null
[ERROR] COMMON(765593,ffff9c7f3020,python):2026-09-14-17:05:17.523.962 [mindspore/ccsrc/pybind_api/ir/tensor_py.cc:730] DataPtr] Tensor device address is null
[ERROR] COMMON(765593,ffff9c7f3020,python):2026-09-14-17:05:17.527.000 [mindspore/ccsrc/pybind_api/ir/tensor_py.cc:730] DataPtr] Tensor device address is null
[ERROR] COMMON(765593,ffff9c7f3020,python):2026-09-14-17:05:17.527.739 [mindspore/ccsrc/pybind_api/ir/tensor_py.cc:730] DataPtr] Tensor device address is null
[ERROR] COMMON(765593,ffff9c7f3020,python):2026-09-14-17:05:17.531.128 [mindspore/ccsrc/pybind_api/ir/tensor_py.cc:730] DataPtr] Tensor device address is null
[ERROR] COMMON(765593,ffff9c7f3020,python):2026-09-14-17:05:17.531.856 [mindspore/ccsrc/pybind_api/ir/tensor_py.cc:730] DataPtr] Tensor device address is null
[ERROR] COMMON(765593,ffff9c7f3020,python):2026-09-14-17:05:17.535.593 [mindspore/ccsrc/pybind_api/ir/tensor_py.cc:730] DataPtr] Tensor device address is null
[ERROR] COMMON(765593,ffff9c7f3020,python):2026-09-14-17:05:17.536.328 [mindspore/ccsrc/pybind_api/ir/tensor_py.cc:730] DataPtr] Tensor device address is null
[ERROR] COMMON(765593,ffff9c7f3020,python):2026-09-14-17:05:17.538.836 [mindspore/ccsrc/pybind_api/ir/tensor_py.cc:730] DataPtr] Tensor device address is null
[ERROR] COMMON(765593,ffff9c7f3020,python):2026-09-14-17:05:17.539.589 [mindspore/ccsrc/pybind_api/ir/tensor_py.cc:730] DataPtr] Tensor device address is null
[ERROR] COMMON(765593,ffff9c7f3020,python):2026-09-14-17:05:17.546.631 [mindspore/ccsrc/pybind_api/ir/tensor_py.cc:730] DataPtr] Tensor device address is null
[ERROR] COMMON(765593,ffff9c7f3020,python):2026-09-14-17:05:17.547.402 [mindspore/ccsrc/pybind_api/ir/tensor_py.cc:730] DataPtr] Tensor device address is null
[ERROR] COMMON(765593,ffff9c7f3020,python):2026-09-14-17:05:17.553.817 [mindspore/ccsrc/pybind_api/ir/tensor_py.cc:730] DataPtr] Tensor device address is null
[ERROR] COMMON(765593,ffff9c7f3020,python):2026-09-14-17:05:17.554.586 [mindspore/ccsrc/pybind_api/ir/tensor_py.cc:730] DataPtr] Tensor device address is null
[ERROR] COMMON(765593,ffff9c7f3020,python):2026-09-14-17:05:17.555.307 [mindspore/ccsrc/pybind_api/ir/tensor_py.cc:730] DataPtr] Tensor device address is null
[ERROR] COMMON(765593,ffff9c7f3020,python):2026-09-14-17:05:17.556.057 [mindspore/ccsrc/pybind_api/ir/tensor_py.cc:730] DataPtr] Tensor device address is null
[ERROR] COMMON(765593,ffff9c7f3020,python):2026-09-14-17:05:17.556.785 [mindspore/ccsrc/pybind_api/ir/tensor_py.cc:730] DataPtr] Tensor device address is null
[ERROR] COMMON(765593,ffff9c7f3020,python):2026-09-14-17:05:17.557.517 [mindspore/ccsrc/pybind_api/ir/tensor_py.cc:730] DataPtr] Tensor device address is null
[ERROR] COMMON(765593,ffff9c7f3020,python):2026-09-14-17:05:17.560.354 [mindspore/ccsrc/pybind_api/ir/tensor_py.cc:730] DataPtr] Tensor device address is null
[ERROR] COMMON(765593,ffff9c7f3020,python):2026-09-14-17:05:17.561.078 [mindspore/ccsrc/pybind_api/ir/tensor_py.cc:730] DataPtr] Tensor device address is null
[ERROR] COMMON(765593,ffff9c7f3020,python):2026-09-14-17:05:17.566.240 [mindspore/ccsrc/pybind_api/ir/tensor_py.cc:730] DataPtr] Tensor device address is null
[ERROR] COMMON(765593,ffff9c7f3020,python):2026-09-14-17:05:17.566.990 [mindspore/ccsrc/pybind_api/ir/tensor_py.cc:730] DataPtr] Tensor device address is null
[ERROR] COMMON(765593,ffff9c7f3020,python):2026-09-14-17:05:17.570.143 [mindspore/ccsrc/pybind_api/ir/tensor_py.cc:730] DataPtr] Tensor device address is null
[ERROR] COMMON(765593,ffff9c7f3020,python):2026-09-14-17:05:17.570.896 [mindspore/ccsrc/pybind_api/ir/tensor_py.cc:730] DataPtr] Tensor device address is null
[ERROR] COMMON(765593,ffff9c7f3020,python):2026-09-14-17:05:17.573.428 [mindspore/ccsrc/pybind_api/ir/tensor_py.cc:730] DataPtr] Tensor device address is null
[ERROR] COMMON(765593,ffff9c7f3020,python):2026-09-14-17:05:17.574.174 [mindspore/ccsrc/pybind_api/ir/tensor_py.cc:730] DataPtr] Tensor device address is null
[ERROR] COMMON(765593,ffff9c7f3020,python):2026-09-14-17:05:17.580.708 [mindspore/ccsrc/pybind_api/ir/tensor_py.cc:730] DataPtr] Tensor device address is null
[ERROR] COMMON(765593,ffff9c7f3020,python):2026-09-14-17:05:17.581.517 [mindspore/ccsrc/pybind_api/ir/tensor_py.cc:730] DataPtr] Tensor device address is null
[ERROR] COMMON(765593,ffff9c7f3020,python):2026-09-14-17:05:17.588.594 [mindspore/ccsrc/pybind_api/ir/tensor_py.cc:730] DataPtr] Tensor device address is null
[ERROR] COMMON(765593,ffff9c7f3020,python):2026-09-14-17:05:17.589.355 [mindspore/ccsrc/pybind_api/ir/tensor_py.cc:730] DataPtr] Tensor device address is null
[ERROR] COMMON(765593,ffff9c7f3020,python):2026-09-14-17:05:17.590.097 [mindspore/ccsrc/pybind_api/ir/tensor_py.cc:730] DataPtr] Tensor device address is null
[ERROR] COMMON(765593,ffff9c7f3020,python):2026-09-14-17:05:17.590.808 [mindspore/ccsrc/pybind_api/ir/tensor_py.cc:730] DataPtr] Tensor device address is null
[ERROR] COMMON(765593,ffff9c7f3020,python):2026-09-14-17:05:17.591.510 [mindspore/ccsrc/pybind_api/ir/tensor_py.cc:730] DataPtr] Tensor device address is null
[ERROR] COMMON(765593,ffff9c7f3020,python):2026-09-14-17:05:17.592.257 [mindspore/ccsrc/pybind_api/ir/tensor_py.cc:730] DataPtr] Tensor device address is null
[ERROR] COMMON(765593,ffff9c7f3020,python):2026-09-14-17:05:17.595.364 [mindspore/ccsrc/pybind_api/ir/tensor_py.cc:730] DataPtr] Tensor device address is null
[ERROR] COMMON(765593,ffff9c7f3020,python):2026-09-14-17:05:17.596.074 [mindspore/ccsrc/pybind_api/ir/tensor_py.cc:730] DataPtr] Tensor device address is null
[ERROR] COMMON(765593,ffff9c7f3020,python):2026-09-14-17:05:17.601.914 [mindspore/ccsrc/pybind_api/ir/tensor_py.cc:730] DataPtr] Tensor device address is null
[ERROR] COMMON(765593,ffff9c7f3020,python):2026-09-14-17:05:17.602.642 [mindspore/ccsrc/pybind_api/ir/tensor_py.cc:730] DataPtr] Tensor device address is null
[ERROR] COMMON(765593,ffff9c7f3020,python):2026-09-14-17:05:17.605.777 [mindspore/ccsrc/pybind_api/ir/tensor_py.cc:730] DataPtr] Tensor device address is null
[ERROR] COMMON(765593,ffff9c7f3020,python):2026-09-14-17:05:17.606.522 [mindspore/ccsrc/pybind_api/ir/tensor_py.cc:730] DataPtr] Tensor device address is null
[ERROR] COMMON(765593,ffff9c7f3020,python):2026-09-14-17:05:17.609.068 [mindspore/ccsrc/pybind_api/ir/tensor_py.cc:730] DataPtr] Tensor device address is null
[ERROR] COMMON(765593,ffff9c7f3020,python):2026-09-14-17:05:17.609.799 [mindspore/ccsrc/pybind_api/ir/tensor_py.cc:730] DataPtr] Tensor device address is null
[ERROR] COMMON(765593,ffff9c7f3020,python):2026-09-14-17:05:17.616.684 [mindspore/ccsrc/pybind_api/ir/tensor_py.cc:730] DataPtr] Tensor device address is null
[ERROR] COMMON(765593,ffff9c7f3020,python):2026-09-14-17:05:17.617.451 [mindspore/ccsrc/pybind_api/ir/tensor_py.cc:730] DataPtr] Tensor device address is null
[ERROR] COMMON(765593,ffff9c7f3020,python):2026-09-14-17:05:17.623.868 [mindspore/ccsrc/pybind_api/ir/tensor_py.cc:730] DataPtr] Tensor device address is null
[ERROR] COMMON(765593,ffff9c7f3020,python):2026-09-14-17:05:17.624.631 [mindspore/ccsrc/pybind_api/ir/tensor_py.cc:730] DataPtr] Tensor device address is null
[ERROR] COMMON(765593,ffff9c7f3020,python):2026-09-14-17:05:17.625.357 [mindspore/ccsrc/pybind_api/ir/tensor_py.cc:730] DataPtr] Tensor device address is null
[ERROR] COMMON(765593,ffff9c7f3020,python):2026-09-14-17:05:17.626.098 [mindspore/ccsrc/pybind_api/ir/tensor_py.cc:730] DataPtr] Tensor device address is null
[ERROR] COMMON(765593,ffff9c7f3020,python):2026-09-14-17:05:17.626.822 [mindspore/ccsrc/pybind_api/ir/tensor_py.cc:730] DataPtr] Tensor device address is null
[ERROR] COMMON(765593,ffff9c7f3020,python):2026-09-14-17:05:17.627.567 [mindspore/ccsrc/pybind_api/ir/tensor_py.cc:730] DataPtr] Tensor device address is null
[ERROR] COMMON(765593,ffff9c7f3020,python):2026-09-14-17:05:17.630.630 [mindspore/ccsrc/pybind_api/ir/tensor_py.cc:730] DataPtr] Tensor device address is null
[ERROR] COMMON(765593,ffff9c7f3020,python):2026-09-14-17:05:17.631.368 [mindspore/ccsrc/pybind_api/ir/tensor_py.cc:730] DataPtr] Tensor device address is null
[ERROR] COMMON(765593,ffff9c7f3020,python):2026-09-14-17:05:17.635.821 [mindspore/ccsrc/pybind_api/ir/tensor_py.cc:730] DataPtr] Tensor device address is null
[ERROR] COMMON(765593,ffff9c7f3020,python):2026-09-14-17:05:17.636.575 [mindspore/ccsrc/pybind_api/ir/tensor_py.cc:730] DataPtr] Tensor device address is null
[ERROR] COMMON(765593,ffff9c7f3020,python):2026-09-14-17:05:17.639.757 [mindspore/ccsrc/pybind_api/ir/tensor_py.cc:730] DataPtr] Tensor device address is null
[ERROR] COMMON(765593,ffff9c7f3020,python):2026-09-14-17:05:17.640.484 [mindspore/ccsrc/pybind_api/ir/tensor_py.cc:730] DataPtr] Tensor device address is null
[ERROR] COMMON(765593,ffff9c7f3020,python):2026-09-14-17:05:17.643.625 [mindspore/ccsrc/pybind_api/ir/tensor_py.cc:730] DataPtr] Tensor device address is null
[ERROR] COMMON(765593,ffff9c7f3020,python):2026-09-14-17:05:17.644.382 [mindspore/ccsrc/pybind_api/ir/tensor_py.cc:730] DataPtr] Tensor device address is null
[ERROR] COMMON(765593,ffff9c7f3020,python):2026-09-14-17:05:17.650.825 [mindspore/ccsrc/pybind_api/ir/tensor_py.cc:730] DataPtr] Tensor device address is null
[ERROR] COMMON(765593,ffff9c7f3020,python):2026-09-14-17:05:17.651.591 [mindspore/ccsrc/pybind_api/ir/tensor_py.cc:730] DataPtr] Tensor device address is null
[ERROR] COMMON(765593,ffff9c7f3020,python):2026-09-14-17:05:17.658.554 [mindspore/ccsrc/pybind_api/ir/tensor_py.cc:730] DataPtr] Tensor device address is null
[ERROR] COMMON(765593,ffff9c7f3020,python):2026-09-14-17:05:17.659.302 [mindspore/ccsrc/pybind_api/ir/tensor_py.cc:730] DataPtr] Tensor device address is null
[ERROR] COMMON(765593,ffff9c7f3020,python):2026-09-14-17:05:17.660.016 [mindspore/ccsrc/pybind_api/ir/tensor_py.cc:730] DataPtr] Tensor device address is null
[ERROR] COMMON(765593,ffff9c7f3020,python):2026-09-14-17:05:17.660.762 [mindspore/ccsrc/pybind_api/ir/tensor_py.cc:730] DataPtr] Tensor device address is null
[ERROR] COMMON(765593,ffff9c7f3020,python):2026-09-14-17:05:17.661.488 [mindspore/ccsrc/pybind_api/ir/tensor_py.cc:730] DataPtr] Tensor device address is null
[ERROR] COMMON(765593,ffff9c7f3020,python):2026-09-14-17:05:17.662.227 [mindspore/ccsrc/pybind_api/ir/tensor_py.cc:730] DataPtr] Tensor device address is null
[ERROR] COMMON(765593,ffff9c7f3020,python):2026-09-14-17:05:17.665.324 [mindspore/ccsrc/pybind_api/ir/tensor_py.cc:730] DataPtr] Tensor device address is null
[ERROR] COMMON(765593,ffff9c7f3020,python):2026-09-14-17:05:17.666.051 [mindspore/ccsrc/pybind_api/ir/tensor_py.cc:730] DataPtr] Tensor device address is null
[ERROR] COMMON(765593,ffff9c7f3020,python):2026-09-14-17:05:17.671.086 [mindspore/ccsrc/pybind_api/ir/tensor_py.cc:730] DataPtr] Tensor device address is null
[ERROR] COMMON(765593,ffff9c7f3020,python):2026-09-14-17:05:17.671.899 [mindspore/ccsrc/pybind_api/ir/tensor_py.cc:730] DataPtr] Tensor device address is null
[ERROR] COMMON(765593,ffff9c7f3020,python):2026-09-14-17:05:17.675.067 [mindspore/ccsrc/pybind_api/ir/tensor_py.cc:730] DataPtr] Tensor device address is null
[ERROR] COMMON(765593,ffff9c7f3020,python):2026-09-14-17:05:17.675.813 [mindspore/ccsrc/pybind_api/ir/tensor_py.cc:730] DataPtr] Tensor device address is null
[ERROR] COMMON(765593,ffff9c7f3020,python):2026-09-14-17:05:17.678.383 [mindspore/ccsrc/pybind_api/ir/tensor_py.cc:730] DataPtr] Tensor device address is null
[ERROR] COMMON(765593,ffff9c7f3020,python):2026-09-14-17:05:17.679.158 [mindspore/ccsrc/pybind_api/ir/tensor_py.cc:730] DataPtr] Tensor device address is null
[ERROR] COMMON(765593,ffff9c7f3020,python):2026-09-14-17:05:17.686.199 [mindspore/ccsrc/pybind_api/ir/tensor_py.cc:730] DataPtr] Tensor device address is null
[ERROR] COMMON(765593,ffff9c7f3020,python):2026-09-14-17:05:17.687.014 [mindspore/ccsrc/pybind_api/ir/tensor_py.cc:730] DataPtr] Tensor device address is null
[ERROR] COMMON(765593,ffff9c7f3020,python):2026-09-14-17:05:17.693.501 [mindspore/ccsrc/pybind_api/ir/tensor_py.cc:730] DataPtr] Tensor device address is null
[ERROR] COMMON(765593,ffff9c7f3020,python):2026-09-14-17:05:17.694.229 [mindspore/ccsrc/pybind_api/ir/tensor_py.cc:730] DataPtr] Tensor device address is null
[ERROR] COMMON(765593,ffff9c7f3020,python):2026-09-14-17:05:17.694.961 [mindspore/ccsrc/pybind_api/ir/tensor_py.cc:730] DataPtr] Tensor device address is null
[ERROR] COMMON(765593,ffff9c7f3020,python):2026-09-14-17:05:17.695.670 [mindspore/ccsrc/pybind_api/ir/tensor_py.cc:730] DataPtr] Tensor device address is null
[ERROR] COMMON(765593,ffff9c7f3020,python):2026-09-14-17:05:17.696.373 [mindspore/ccsrc/pybind_api/ir/tensor_py.cc:730] DataPtr] Tensor device address is null
[ERROR] COMMON(765593,ffff9c7f3020,python):2026-09-14-17:05:17.697.095 [mindspore/ccsrc/pybind_api/ir/tensor_py.cc:730] DataPtr] Tensor device address is null
[ERROR] COMMON(765593,ffff9c7f3020,python):2026-09-14-17:05:17.700.226 [mindspore/ccsrc/pybind_api/ir/tensor_py.cc:730] DataPtr] Tensor device address is null
[ERROR] COMMON(765593,ffff9c7f3020,python):2026-09-14-17:05:17.700.941 [mindspore/ccsrc/pybind_api/ir/tensor_py.cc:730] DataPtr] Tensor device address is null
[ERROR] COMMON(765593,ffff9c7f3020,python):2026-09-14-17:05:17.704.971 [mindspore/ccsrc/pybind_api/ir/tensor_py.cc:730] DataPtr] Tensor device address is null
[ERROR] COMMON(765593,ffff9c7f3020,python):2026-09-14-17:05:17.705.691 [mindspore/ccsrc/pybind_api/ir/tensor_py.cc:730] DataPtr] Tensor device address is null
[ERROR] COMMON(765593,ffff9c7f3020,python):2026-09-14-17:05:17.708.793 [mindspore/ccsrc/pybind_api/ir/tensor_py.cc:730] DataPtr] Tensor device address is null
[ERROR] COMMON(765593,ffff9c7f3020,python):2026-09-14-17:05:17.709.535 [mindspore/ccsrc/pybind_api/ir/tensor_py.cc:730] DataPtr] Tensor device address is null
[ERROR] COMMON(765593,ffff9c7f3020,python):2026-09-14-17:05:17.712.042 [mindspore/ccsrc/pybind_api/ir/tensor_py.cc:730] DataPtr] Tensor device address is null
[ERROR] COMMON(765593,ffff9c7f3020,python):2026-09-14-17:05:17.712.781 [mindspore/ccsrc/pybind_api/ir/tensor_py.cc:730] DataPtr] Tensor device address is null
[ERROR] COMMON(765593,ffff9c7f3020,python):2026-09-14-17:05:17.719.185 [mindspore/ccsrc/pybind_api/ir/tensor_py.cc:730] DataPtr] Tensor device address is null
[ERROR] COMMON(765593,ffff9c7f3020,python):2026-09-14-17:05:17.719.933 [mindspore/ccsrc/pybind_api/ir/tensor_py.cc:730] DataPtr] Tensor device address is null
[ERROR] COMMON(765593,ffff9c7f3020,python):2026-09-14-17:05:17.726.880 [mindspore/ccsrc/pybind_api/ir/tensor_py.cc:730] DataPtr] Tensor device address is null
[ERROR] COMMON(765593,ffff9c7f3020,python):2026-09-14-17:05:17.727.641 [mindspore/ccsrc/pybind_api/ir/tensor_py.cc:730] DataPtr] Tensor device address is null
[ERROR] COMMON(765593,ffff9c7f3020,python):2026-09-14-17:05:17.728.361 [mindspore/ccsrc/pybind_api/ir/tensor_py.cc:730] DataPtr] Tensor device address is null
[ERROR] COMMON(765593,ffff9c7f3020,python):2026-09-14-17:05:17.729.101 [mindspore/ccsrc/pybind_api/ir/tensor_py.cc:730] DataPtr] Tensor device address is null
[ERROR] COMMON(765593,ffff9c7f3020,python):2026-09-14-17:05:17.729.827 [mindspore/ccsrc/pybind_api/ir/tensor_py.cc:730] DataPtr] Tensor device address is null
[ERROR] COMMON(765593,ffff9c7f3020,python):2026-09-14-17:05:17.730.537 [mindspore/ccsrc/pybind_api/ir/tensor_py.cc:730] DataPtr] Tensor device address is null
[ERROR] COMMON(765593,ffff9c7f3020,python):2026-09-14-17:05:17.733.618 [mindspore/ccsrc/pybind_api/ir/tensor_py.cc:730] DataPtr] Tensor device address is null
[ERROR] COMMON(765593,ffff9c7f3020,python):2026-09-14-17:05:17.734.352 [mindspore/ccsrc/pybind_api/ir/tensor_py.cc:730] DataPtr] Tensor device address is null
[ERROR] COMMON(765593,ffff9c7f3020,python):2026-09-14-17:05:17.738.574 [mindspore/ccsrc/pybind_api/ir/tensor_py.cc:730] DataPtr] Tensor device address is null
[ERROR] COMMON(765593,ffff9c7f3020,python):2026-09-14-17:05:17.739.308 [mindspore/ccsrc/pybind_api/ir/tensor_py.cc:730] DataPtr] Tensor device address is null
[ERROR] COMMON(765593,ffff9c7f3020,python):2026-09-14-17:05:17.742.539 [mindspore/ccsrc/pybind_api/ir/tensor_py.cc:730] DataPtr] Tensor device address is null
[ERROR] COMMON(765593,ffff9c7f3020,python):2026-09-14-17:05:17.743.296 [mindspore/ccsrc/pybind_api/ir/tensor_py.cc:730] DataPtr] Tensor device address is null
[ERROR] COMMON(765593,ffff9c7f3020,python):2026-09-14-17:05:17.745.875 [mindspore/ccsrc/pybind_api/ir/tensor_py.cc:730] DataPtr] Tensor device address is null
[ERROR] COMMON(765593,ffff9c7f3020,python):2026-09-14-17:05:17.746.731 [mindspore/ccsrc/pybind_api/ir/tensor_py.cc:730] DataPtr] Tensor device address is null
[ERROR] COMMON(765593,ffff9c7f3020,python):2026-09-14-17:05:17.753.709 [mindspore/ccsrc/pybind_api/ir/tensor_py.cc:730] DataPtr] Tensor device address is null
[ERROR] COMMON(765593,ffff9c7f3020,python):2026-09-14-17:05:17.754.480 [mindspore/ccsrc/pybind_api/ir/tensor_py.cc:730] DataPtr] Tensor device address is null
[ERROR] COMMON(765593,ffff9c7f3020,python):2026-09-14-17:05:17.760.926 [mindspore/ccsrc/pybind_api/ir/tensor_py.cc:730] DataPtr] Tensor device address is null
[ERROR] COMMON(765593,ffff9c7f3020,python):2026-09-14-17:05:17.761.685 [mindspore/ccsrc/pybind_api/ir/tensor_py.cc:730] DataPtr] Tensor device address is null
[ERROR] COMMON(765593,ffff9c7f3020,python):2026-09-14-17:05:17.762.405 [mindspore/ccsrc/pybind_api/ir/tensor_py.cc:730] DataPtr] Tensor device address is null
[ERROR] COMMON(765593,ffff9c7f3020,python):2026-09-14-17:05:17.763.141 [mindspore/ccsrc/pybind_api/ir/tensor_py.cc:730] DataPtr] Tensor device address is null
[ERROR] COMMON(765593,ffff9c7f3020,python):2026-09-14-17:05:17.763.856 [mindspore/ccsrc/pybind_api/ir/tensor_py.cc:730] DataPtr] Tensor device address is null
[ERROR] COMMON(765593,ffff9c7f3020,python):2026-09-14-17:05:17.764.588 [mindspore/ccsrc/pybind_api/ir/tensor_py.cc:730] DataPtr] Tensor device address is null
[ERROR] COMMON(765593,ffff9c7f3020,python):2026-09-14-17:05:17.767.607 [mindspore/ccsrc/pybind_api/ir/tensor_py.cc:730] DataPtr] Tensor device address is null
[ERROR] COMMON(765593,ffff9c7f3020,python):2026-09-14-17:05:17.768.336 [mindspore/ccsrc/pybind_api/ir/tensor_py.cc:730] DataPtr] Tensor device address is null
[ERROR] COMMON(765593,ffff9c7f3020,python):2026-09-14-17:05:17.774.232 [mindspore/ccsrc/pybind_api/ir/tensor_py.cc:730] DataPtr] Tensor device address is null
[ERROR] COMMON(765593,ffff9c7f3020,python):2026-09-14-17:05:17.774.993 [mindspore/ccsrc/pybind_api/ir/tensor_py.cc:730] DataPtr] Tensor device address is null
[ERROR] COMMON(765593,ffff9c7f3020,python):2026-09-14-17:05:17.778.148 [mindspore/ccsrc/pybind_api/ir/tensor_py.cc:730] DataPtr] Tensor device address is null
[ERROR] COMMON(765593,ffff9c7f3020,python):2026-09-14-17:05:17.778.900 [mindspore/ccsrc/pybind_api/ir/tensor_py.cc:730] DataPtr] Tensor device address is null
[ERROR] COMMON(765593,ffff9c7f3020,python):2026-09-14-17:05:17.781.437 [mindspore/ccsrc/pybind_api/ir/tensor_py.cc:730] DataPtr] Tensor device address is null
[ERROR] COMMON(765593,ffff9c7f3020,python):2026-09-14-17:05:17.782.194 [mindspore/ccsrc/pybind_api/ir/tensor_py.cc:730] DataPtr] Tensor device address is null
[ERROR] COMMON(765593,ffff9c7f3020,python):2026-09-14-17:05:17.788.657 [mindspore/ccsrc/pybind_api/ir/tensor_py.cc:730] DataPtr] Tensor device address is null
[ERROR] COMMON(765593,ffff9c7f3020,python):2026-09-14-17:05:17.789.423 [mindspore/ccsrc/pybind_api/ir/tensor_py.cc:730] DataPtr] Tensor device address is null
[ERROR] COMMON(765593,ffff9c7f3020,python):2026-09-14-17:05:17.796.469 [mindspore/ccsrc/pybind_api/ir/tensor_py.cc:730] DataPtr] Tensor device address is null
[ERROR] COMMON(765593,ffff9c7f3020,python):2026-09-14-17:05:17.797.238 [mindspore/ccsrc/pybind_api/ir/tensor_py.cc:730] DataPtr] Tensor device address is null
[ERROR] COMMON(765593,ffff9c7f3020,python):2026-09-14-17:05:17.797.952 [mindspore/ccsrc/pybind_api/ir/tensor_py.cc:730] DataPtr] Tensor device address is null
[ERROR] COMMON(765593,ffff9c7f3020,python):2026-09-14-17:05:17.798.674 [mindspore/ccsrc/pybind_api/ir/tensor_py.cc:730] DataPtr] Tensor device address is null
[ERROR] COMMON(765593,ffff9c7f3020,python):2026-09-14-17:05:17.799.383 [mindspore/ccsrc/pybind_api/ir/tensor_py.cc:730] DataPtr] Tensor device address is null
[ERROR] COMMON(765593,ffff9c7f3020,python):2026-09-14-17:05:17.800.113 [mindspore/ccsrc/pybind_api/ir/tensor_py.cc:730] DataPtr] Tensor device address is null
[ERROR] COMMON(765593,ffff9c7f3020,python):2026-09-14-17:05:17.803.186 [mindspore/ccsrc/pybind_api/ir/tensor_py.cc:730] DataPtr] Tensor device address is null
[ERROR] COMMON(765593,ffff9c7f3020,python):2026-09-14-17:05:17.803.908 [mindspore/ccsrc/pybind_api/ir/tensor_py.cc:730] DataPtr] Tensor device address is null
[ERROR] COMMON(765593,ffff9c7f3020,python):2026-09-14-17:05:17.807.303 [mindspore/ccsrc/pybind_api/ir/tensor_py.cc:730] DataPtr] Tensor device address is null
[ERROR] COMMON(765593,ffff9c7f3020,python):2026-09-14-17:05:17.808.017 [mindspore/ccsrc/pybind_api/ir/tensor_py.cc:730] DataPtr] Tensor device address is null
[ERROR] COMMON(765593,ffff9c7f3020,python):2026-09-14-17:05:17.811.817 [mindspore/ccsrc/pybind_api/ir/tensor_py.cc:730] DataPtr] Tensor device address is null
[ERROR] COMMON(765593,ffff9c7f3020,python):2026-09-14-17:05:17.812.589 [mindspore/ccsrc/pybind_api/ir/tensor_py.cc:730] DataPtr] Tensor device address is null
[ERROR] COMMON(765593,ffff9c7f3020,python):2026-09-14-17:05:17.815.185 [mindspore/ccsrc/pybind_api/ir/tensor_py.cc:730] DataPtr] Tensor device address is null
[ERROR] COMMON(765593,ffff9c7f3020,python):2026-09-14-17:05:17.815.908 [mindspore/ccsrc/pybind_api/ir/tensor_py.cc:730] DataPtr] Tensor device address is null
[ERROR] COMMON(765593,ffff9c7f3020,python):2026-09-14-17:05:17.823.066 [mindspore/ccsrc/pybind_api/ir/tensor_py.cc:730] DataPtr] Tensor device address is null
[ERROR] COMMON(765593,ffff9c7f3020,python):2026-09-14-17:05:17.823.829 [mindspore/ccsrc/pybind_api/ir/tensor_py.cc:730] DataPtr] Tensor device address is null
[ERROR] COMMON(765593,ffff9c7f3020,python):2026-09-14-17:05:17.830.382 [mindspore/ccsrc/pybind_api/ir/tensor_py.cc:730] DataPtr] Tensor device address is null
[ERROR] COMMON(765593,ffff9c7f3020,python):2026-09-14-17:05:17.831.137 [mindspore/ccsrc/pybind_api/ir/tensor_py.cc:730] DataPtr] Tensor device address is null
[ERROR] COMMON(765593,ffff9c7f3020,python):2026-09-14-17:05:17.831.859 [mindspore/ccsrc/pybind_api/ir/tensor_py.cc:730] DataPtr] Tensor device address is null
[ERROR] COMMON(765593,ffff9c7f3020,python):2026-09-14-17:05:17.832.587 [mindspore/ccsrc/pybind_api/ir/tensor_py.cc:730] DataPtr] Tensor device address is null
[ERROR] COMMON(765593,ffff9c7f3020,python):2026-09-14-17:05:17.833.400 [mindspore/ccsrc/pybind_api/ir/tensor_py.cc:730] DataPtr] Tensor device address is null
[ERROR] COMMON(765593,ffff9c7f3020,python):2026-09-14-17:05:17.834.137 [mindspore/ccsrc/pybind_api/ir/tensor_py.cc:730] DataPtr] Tensor device address is null
[ERROR] COMMON(765593,ffff9c7f3020,python):2026-09-14-17:05:17.837.148 [mindspore/ccsrc/pybind_api/ir/tensor_py.cc:730] DataPtr] Tensor device address is null
[ERROR] COMMON(765593,ffff9c7f3020,python):2026-09-14-17:05:17.837.880 [mindspore/ccsrc/pybind_api/ir/tensor_py.cc:730] DataPtr] Tensor device address is null
[ERROR] COMMON(765593,ffff9c7f3020,python):2026-09-14-17:05:17.842.898 [mindspore/ccsrc/pybind_api/ir/tensor_py.cc:730] DataPtr] Tensor device address is null
[ERROR] COMMON(765593,ffff9c7f3020,python):2026-09-14-17:05:17.843.629 [mindspore/ccsrc/pybind_api/ir/tensor_py.cc:730] DataPtr] Tensor device address is null
[ERROR] COMMON(765593,ffff9c7f3020,python):2026-09-14-17:05:17.846.791 [mindspore/ccsrc/pybind_api/ir/tensor_py.cc:730] DataPtr] Tensor device address is null
[ERROR] COMMON(765593,ffff9c7f3020,python):2026-09-14-17:05:17.847.533 [mindspore/ccsrc/pybind_api/ir/tensor_py.cc:730] DataPtr] Tensor device address is null
[ERROR] COMMON(765593,ffff9c7f3020,python):2026-09-14-17:05:17.850.046 [mindspore/ccsrc/pybind_api/ir/tensor_py.cc:730] DataPtr] Tensor device address is null
[ERROR] COMMON(765593,ffff9c7f3020,python):2026-09-14-17:05:17.850.789 [mindspore/ccsrc/pybind_api/ir/tensor_py.cc:730] DataPtr] Tensor device address is null
[ERROR] COMMON(765593,ffff9c7f3020,python):2026-09-14-17:05:17.857.235 [mindspore/ccsrc/pybind_api/ir/tensor_py.cc:730] DataPtr] Tensor device address is null
[ERROR] COMMON(765593,ffff9c7f3020,python):2026-09-14-17:05:17.858.024 [mindspore/ccsrc/pybind_api/ir/tensor_py.cc:730] DataPtr] Tensor device address is null
[ERROR] COMMON(765593,ffff9c7f3020,python):2026-09-14-17:05:17.864.973 [mindspore/ccsrc/pybind_api/ir/tensor_py.cc:730] DataPtr] Tensor device address is null
[ERROR] COMMON(765593,ffff9c7f3020,python):2026-09-14-17:05:17.865.731 [mindspore/ccsrc/pybind_api/ir/tensor_py.cc:730] DataPtr] Tensor device address is null
[ERROR] COMMON(765593,ffff9c7f3020,python):2026-09-14-17:05:17.939.793 [mindspore/ccsrc/pybind_api/ir/tensor_py.cc:730] DataPtr] Tensor device address is null
[ERROR] COMMON(765593,ffff9c7f3020,python):2026-09-14-17:05:17.941.277 [mindspore/ccsrc/pybind_api/ir/tensor_py.cc:730] DataPtr] Tensor device address is null
[ERROR] COMMON(765593,ffff9c7f3020,python):2026-09-14-17:05:17.942.011 [mindspore/ccsrc/pybind_api/ir/tensor_py.cc:730] DataPtr] Tensor device address is null
[ERROR] COMMON(765593,ffff9c7f3020,python):2026-09-14-17:05:17.942.730 [mindspore/ccsrc/pybind_api/ir/tensor_py.cc:730] DataPtr] Tensor device address is null
[ERROR] COMMON(765593,ffff9c7f3020,python):2026-09-14-17:05:17.943.431 [mindspore/ccsrc/pybind_api/ir/tensor_py.cc:730] DataPtr] Tensor device address is null
[ERROR] COMMON(765593,ffff9c7f3020,python):2026-09-14-17:05:17.944.126 [mindspore/ccsrc/pybind_api/ir/tensor_py.cc:730] DataPtr] Tensor device address is null
[ERROR] COMMON(765593,ffff9c7f3020,python):2026-09-14-17:05:17.944.834 [mindspore/ccsrc/pybind_api/ir/tensor_py.cc:730] DataPtr] Tensor device address is null
[ERROR] COMMON(765593,ffff9c7f3020,python):2026-09-14-17:05:17.945.565 [mindspore/ccsrc/pybind_api/ir/tensor_py.cc:730] DataPtr] Tensor device address is null
[ERROR] COMMON(765593,ffff9c7f3020,python):2026-09-14-17:05:17.948.705 [mindspore/ccsrc/pybind_api/ir/tensor_py.cc:730] DataPtr] Tensor device address is null
[ERROR] COMMON(765593,ffff9c7f3020,python):2026-09-14-17:05:17.949.415 [mindspore/ccsrc/pybind_api/ir/tensor_py.cc:730] DataPtr] Tensor device address is null
[ERROR] COMMON(765593,ffff9c7f3020,python):2026-09-14-17:05:17.955.322 [mindspore/ccsrc/pybind_api/ir/tensor_py.cc:730] DataPtr] Tensor device address is null
[ERROR] COMMON(765593,ffff9c7f3020,python):2026-09-14-17:05:17.956.059 [mindspore/ccsrc/pybind_api/ir/tensor_py.cc:730] DataPtr] Tensor device address is null
[ERROR] COMMON(765593,ffff9c7f3020,python):2026-09-14-17:05:17.959.213 [mindspore/ccsrc/pybind_api/ir/tensor_py.cc:730] DataPtr] Tensor device address is null
[ERROR] COMMON(765593,ffff9c7f3020,python):2026-09-14-17:05:17.959.968 [mindspore/ccsrc/pybind_api/ir/tensor_py.cc:730] DataPtr] Tensor device address is null
[ERROR] COMMON(765593,ffff9c7f3020,python):2026-09-14-17:05:17.962.493 [mindspore/ccsrc/pybind_api/ir/tensor_py.cc:730] DataPtr] Tensor device address is null
[ERROR] COMMON(765593,ffff9c7f3020,python):2026-09-14-17:05:17.963.224 [mindspore/ccsrc/pybind_api/ir/tensor_py.cc:730] DataPtr] Tensor device address is null
[ERROR] COMMON(765593,ffff9c7f3020,python):2026-09-14-17:05:17.970.299 [mindspore/ccsrc/pybind_api/ir/tensor_py.cc:730] DataPtr] Tensor device address is null
[ERROR] COMMON(765593,ffff9c7f3020,python):2026-09-14-17:05:17.971.063 [mindspore/ccsrc/pybind_api/ir/tensor_py.cc:730] DataPtr] Tensor device address is null
[ERROR] COMMON(765593,ffff9c7f3020,python):2026-09-14-17:05:17.977.373 [mindspore/ccsrc/pybind_api/ir/tensor_py.cc:730] DataPtr] Tensor device address is null
[ERROR] COMMON(765593,ffff9c7f3020,python):2026-09-14-17:05:17.978.140 [mindspore/ccsrc/pybind_api/ir/tensor_py.cc:730] DataPtr] Tensor device address is null
[ERROR] COMMON(765593,ffff9c7f3020,python):2026-09-14-17:05:17.978.865 [mindspore/ccsrc/pybind_api/ir/tensor_py.cc:730] DataPtr] Tensor device address is null
[ERROR] COMMON(765593,ffff9c7f3020,python):2026-09-14-17:05:17.979.568 [mindspore/ccsrc/pybind_api/ir/tensor_py.cc:730] DataPtr] Tensor device address is null
[ERROR] COMMON(765593,ffff9c7f3020,python):2026-09-14-17:05:17.980.277 [mindspore/ccsrc/pybind_api/ir/tensor_py.cc:730] DataPtr] Tensor device address is null
[ERROR] COMMON(765593,ffff9c7f3020,python):2026-09-14-17:05:17.981.018 [mindspore/ccsrc/pybind_api/ir/tensor_py.cc:730] DataPtr] Tensor device address is null
[ERROR] COMMON(765593,ffff9c7f3020,python):2026-09-14-17:05:17.983.967 [mindspore/ccsrc/pybind_api/ir/tensor_py.cc:730] DataPtr] Tensor device address is null
[ERROR] COMMON(765593,ffff9c7f3020,python):2026-09-14-17:05:17.984.712 [mindspore/ccsrc/pybind_api/ir/tensor_py.cc:730] DataPtr] Tensor device address is null
[ERROR] COMMON(765593,ffff9c7f3020,python):2026-09-14-17:05:17.989.148 [mindspore/ccsrc/pybind_api/ir/tensor_py.cc:730] DataPtr] Tensor device address is null
[ERROR] COMMON(765593,ffff9c7f3020,python):2026-09-14-17:05:17.989.898 [mindspore/ccsrc/pybind_api/ir/tensor_py.cc:730] DataPtr] Tensor device address is null
[ERROR] COMMON(765593,ffff9c7f3020,python):2026-09-14-17:05:17.993.063 [mindspore/ccsrc/pybind_api/ir/tensor_py.cc:730] DataPtr] Tensor device address is null
[ERROR] COMMON(765593,ffff9c7f3020,python):2026-09-14-17:05:17.993.762 [mindspore/ccsrc/pybind_api/ir/tensor_py.cc:730] DataPtr] Tensor device address is null
[ERROR] COMMON(765593,ffff9c7f3020,python):2026-09-14-17:05:17.996.887 [mindspore/ccsrc/pybind_api/ir/tensor_py.cc:730] DataPtr] Tensor device address is null
[ERROR] COMMON(765593,ffff9c7f3020,python):2026-09-14-17:05:17.997.609 [mindspore/ccsrc/pybind_api/ir/tensor_py.cc:730] DataPtr] Tensor device address is null
[ERROR] COMMON(765593,ffff9c7f3020,python):2026-09-14-17:05:18.004.054 [mindspore/ccsrc/pybind_api/ir/tensor_py.cc:730] DataPtr] Tensor device address is null
[ERROR] COMMON(765593,ffff9c7f3020,python):2026-09-14-17:05:18.004.823 [mindspore/ccsrc/pybind_api/ir/tensor_py.cc:730] DataPtr] Tensor device address is null
[ERROR] COMMON(765593,ffff9c7f3020,python):2026-09-14-17:05:18.011.847 [mindspore/ccsrc/pybind_api/ir/tensor_py.cc:730] DataPtr] Tensor device address is null
[ERROR] COMMON(765593,ffff9c7f3020,python):2026-09-14-17:05:18.012.608 [mindspore/ccsrc/pybind_api/ir/tensor_py.cc:730] DataPtr] Tensor device address is null
[ERROR] COMMON(765593,ffff9c7f3020,python):2026-09-14-17:05:18.013.347 [mindspore/ccsrc/pybind_api/ir/tensor_py.cc:730] DataPtr] Tensor device address is null
[ERROR] COMMON(765593,ffff9c7f3020,python):2026-09-14-17:05:18.014.065 [mindspore/ccsrc/pybind_api/ir/tensor_py.cc:730] DataPtr] Tensor device address is null
[ERROR] COMMON(765593,ffff9c7f3020,python):2026-09-14-17:05:18.014.769 [mindspore/ccsrc/pybind_api/ir/tensor_py.cc:730] DataPtr] Tensor device address is null
[ERROR] COMMON(765593,ffff9c7f3020,python):2026-09-14-17:05:18.015.481 [mindspore/ccsrc/pybind_api/ir/tensor_py.cc:730] DataPtr] Tensor device address is null
[ERROR] COMMON(765593,ffff9c7f3020,python):2026-09-14-17:05:18.018.411 [mindspore/ccsrc/pybind_api/ir/tensor_py.cc:730] DataPtr] Tensor device address is null
[ERROR] COMMON(765593,ffff9c7f3020,python):2026-09-14-17:05:18.019.136 [mindspore/ccsrc/pybind_api/ir/tensor_py.cc:730] DataPtr] Tensor device address is null
[ERROR] COMMON(765593,ffff9c7f3020,python):2026-09-14-17:05:18.024.173 [mindspore/ccsrc/pybind_api/ir/tensor_py.cc:730] DataPtr] Tensor device address is null
[ERROR] COMMON(765593,ffff9c7f3020,python):2026-09-14-17:05:18.024.933 [mindspore/ccsrc/pybind_api/ir/tensor_py.cc:730] DataPtr] Tensor device address is null
[ERROR] COMMON(765593,ffff9c7f3020,python):2026-09-14-17:05:18.028.215 [mindspore/ccsrc/pybind_api/ir/tensor_py.cc:730] DataPtr] Tensor device address is null
[ERROR] COMMON(765593,ffff9c7f3020,python):2026-09-14-17:05:18.028.961 [mindspore/ccsrc/pybind_api/ir/tensor_py.cc:730] DataPtr] Tensor device address is null
[ERROR] COMMON(765593,ffff9c7f3020,python):2026-09-14-17:05:18.031.564 [mindspore/ccsrc/pybind_api/ir/tensor_py.cc:730] DataPtr] Tensor device address is null
[ERROR] COMMON(765593,ffff9c7f3020,python):2026-09-14-17:05:18.032.304 [mindspore/ccsrc/pybind_api/ir/tensor_py.cc:730] DataPtr] Tensor device address is null
[ERROR] COMMON(765593,ffff9c7f3020,python):2026-09-14-17:05:18.039.275 [mindspore/ccsrc/pybind_api/ir/tensor_py.cc:730] DataPtr] Tensor device address is null
[ERROR] COMMON(765593,ffff9c7f3020,python):2026-09-14-17:05:18.040.070 [mindspore/ccsrc/pybind_api/ir/tensor_py.cc:730] DataPtr] Tensor device address is null
[ERROR] COMMON(765593,ffff9c7f3020,python):2026-09-14-17:05:18.046.478 [mindspore/ccsrc/pybind_api/ir/tensor_py.cc:730] DataPtr] Tensor device address is null
[ERROR] COMMON(765593,ffff9c7f3020,python):2026-09-14-17:05:18.047.238 [mindspore/ccsrc/pybind_api/ir/tensor_py.cc:730] DataPtr] Tensor device address is null
[ERROR] COMMON(765593,ffff9c7f3020,python):2026-09-14-17:05:18.047.969 [mindspore/ccsrc/pybind_api/ir/tensor_py.cc:730] DataPtr] Tensor device address is null
[ERROR] COMMON(765593,ffff9c7f3020,python):2026-09-14-17:05:18.048.693 [mindspore/ccsrc/pybind_api/ir/tensor_py.cc:730] DataPtr] Tensor device address is null
[ERROR] COMMON(765593,ffff9c7f3020,python):2026-09-14-17:05:18.049.438 [mindspore/ccsrc/pybind_api/ir/tensor_py.cc:730] DataPtr] Tensor device address is null
[ERROR] COMMON(765593,ffff9c7f3020,python):2026-09-14-17:05:18.050.156 [mindspore/ccsrc/pybind_api/ir/tensor_py.cc:730] DataPtr] Tensor device address is null
[ERROR] COMMON(765593,ffff9c7f3020,python):2026-09-14-17:05:18.053.167 [mindspore/ccsrc/pybind_api/ir/tensor_py.cc:730] DataPtr] Tensor device address is null
[ERROR] COMMON(765593,ffff9c7f3020,python):2026-09-14-17:05:18.053.926 [mindspore/ccsrc/pybind_api/ir/tensor_py.cc:730] DataPtr] Tensor device address is null
[ERROR] COMMON(765593,ffff9c7f3020,python):2026-09-14-17:05:18.058.008 [mindspore/ccsrc/pybind_api/ir/tensor_py.cc:730] DataPtr] Tensor device address is null
[ERROR] COMMON(765593,ffff9c7f3020,python):2026-09-14-17:05:18.058.759 [mindspore/ccsrc/pybind_api/ir/tensor_py.cc:730] DataPtr] Tensor device address is null
[ERROR] COMMON(765593,ffff9c7f3020,python):2026-09-14-17:05:18.061.963 [mindspore/ccsrc/pybind_api/ir/tensor_py.cc:730] DataPtr] Tensor device address is null
[ERROR] COMMON(765593,ffff9c7f3020,python):2026-09-14-17:05:18.062.717 [mindspore/ccsrc/pybind_api/ir/tensor_py.cc:730] DataPtr] Tensor device address is null
[ERROR] COMMON(765593,ffff9c7f3020,python):2026-09-14-17:05:18.065.255 [mindspore/ccsrc/pybind_api/ir/tensor_py.cc:730] DataPtr] Tensor device address is null
[ERROR] COMMON(765593,ffff9c7f3020,python):2026-09-14-17:05:18.066.032 [mindspore/ccsrc/pybind_api/ir/tensor_py.cc:730] DataPtr] Tensor device address is null
[ERROR] COMMON(765593,ffff9c7f3020,python):2026-09-14-17:05:18.072.496 [mindspore/ccsrc/pybind_api/ir/tensor_py.cc:730] DataPtr] Tensor device address is null
[ERROR] COMMON(765593,ffff9c7f3020,python):2026-09-14-17:05:18.073.297 [mindspore/ccsrc/pybind_api/ir/tensor_py.cc:730] DataPtr] Tensor device address is null
[ERROR] COMMON(765593,ffff9c7f3020,python):2026-09-14-17:05:18.080.179 [mindspore/ccsrc/pybind_api/ir/tensor_py.cc:730] DataPtr] Tensor device address is null
[ERROR] COMMON(765593,ffff9c7f3020,python):2026-09-14-17:05:18.080.959 [mindspore/ccsrc/pybind_api/ir/tensor_py.cc:730] DataPtr] Tensor device address is null
[ERROR] COMMON(765593,ffff9c7f3020,python):2026-09-14-17:05:18.081.688 [mindspore/ccsrc/pybind_api/ir/tensor_py.cc:730] DataPtr] Tensor device address is null
[ERROR] COMMON(765593,ffff9c7f3020,python):2026-09-14-17:05:18.082.406 [mindspore/ccsrc/pybind_api/ir/tensor_py.cc:730] DataPtr] Tensor device address is null
[ERROR] COMMON(765593,ffff9c7f3020,python):2026-09-14-17:05:18.083.116 [mindspore/ccsrc/pybind_api/ir/tensor_py.cc:730] DataPtr] Tensor device address is null
[ERROR] COMMON(765593,ffff9c7f3020,python):2026-09-14-17:05:18.083.826 [mindspore/ccsrc/pybind_api/ir/tensor_py.cc:730] DataPtr] Tensor device address is null
[ERROR] COMMON(765593,ffff9c7f3020,python):2026-09-14-17:05:18.086.840 [mindspore/ccsrc/pybind_api/ir/tensor_py.cc:730] DataPtr] Tensor device address is null
[ERROR] COMMON(765593,ffff9c7f3020,python):2026-09-14-17:05:18.087.586 [mindspore/ccsrc/pybind_api/ir/tensor_py.cc:730] DataPtr] Tensor device address is null
[ERROR] COMMON(765593,ffff9c7f3020,python):2026-09-14-17:05:18.091.855 [mindspore/ccsrc/pybind_api/ir/tensor_py.cc:730] DataPtr] Tensor device address is null
[ERROR] COMMON(765593,ffff9c7f3020,python):2026-09-14-17:05:18.092.603 [mindspore/ccsrc/pybind_api/ir/tensor_py.cc:730] DataPtr] Tensor device address is null
[ERROR] COMMON(765593,ffff9c7f3020,python):2026-09-14-17:05:18.095.749 [mindspore/ccsrc/pybind_api/ir/tensor_py.cc:730] DataPtr] Tensor device address is null
[ERROR] COMMON(765593,ffff9c7f3020,python):2026-09-14-17:05:18.096.460 [mindspore/ccsrc/pybind_api/ir/tensor_py.cc:730] DataPtr] Tensor device address is null
[ERROR] COMMON(765593,ffff9c7f3020,python):2026-09-14-17:05:18.098.965 [mindspore/ccsrc/pybind_api/ir/tensor_py.cc:730] DataPtr] Tensor device address is null
[ERROR] COMMON(765593,ffff9c7f3020,python):2026-09-14-17:05:18.099.697 [mindspore/ccsrc/pybind_api/ir/tensor_py.cc:730] DataPtr] Tensor device address is null
[ERROR] COMMON(765593,ffff9c7f3020,python):2026-09-14-17:05:18.106.630 [mindspore/ccsrc/pybind_api/ir/tensor_py.cc:730] DataPtr] Tensor device address is null
[ERROR] COMMON(765593,ffff9c7f3020,python):2026-09-14-17:05:18.107.379 [mindspore/ccsrc/pybind_api/ir/tensor_py.cc:730] DataPtr] Tensor device address is null
[ERROR] COMMON(765593,ffff9c7f3020,python):2026-09-14-17:05:18.113.753 [mindspore/ccsrc/pybind_api/ir/tensor_py.cc:730] DataPtr] Tensor device address is null
[ERROR] COMMON(765593,ffff9c7f3020,python):2026-09-14-17:05:18.114.494 [mindspore/ccsrc/pybind_api/ir/tensor_py.cc:730] DataPtr] Tensor device address is null
[ERROR] COMMON(765593,ffff9c7f3020,python):2026-09-14-17:05:18.115.211 [mindspore/ccsrc/pybind_api/ir/tensor_py.cc:730] DataPtr] Tensor device address is null
[ERROR] COMMON(765593,ffff9c7f3020,python):2026-09-14-17:05:18.115.913 [mindspore/ccsrc/pybind_api/ir/tensor_py.cc:730] DataPtr] Tensor device address is null
[ERROR] COMMON(765593,ffff9c7f3020,python):2026-09-14-17:05:18.116.622 [mindspore/ccsrc/pybind_api/ir/tensor_py.cc:730] DataPtr] Tensor device address is null
[ERROR] COMMON(765593,ffff9c7f3020,python):2026-09-14-17:05:18.117.328 [mindspore/ccsrc/pybind_api/ir/tensor_py.cc:730] DataPtr] Tensor device address is null
[ERROR] COMMON(765593,ffff9c7f3020,python):2026-09-14-17:05:18.120.339 [mindspore/ccsrc/pybind_api/ir/tensor_py.cc:730] DataPtr] Tensor device address is null
[ERROR] COMMON(765593,ffff9c7f3020,python):2026-09-14-17:05:18.121.063 [mindspore/ccsrc/pybind_api/ir/tensor_py.cc:730] DataPtr] Tensor device address is null
[ERROR] COMMON(765593,ffff9c7f3020,python):2026-09-14-17:05:18.127.007 [mindspore/ccsrc/pybind_api/ir/tensor_py.cc:730] DataPtr] Tensor device address is null
[ERROR] COMMON(765593,ffff9c7f3020,python):2026-09-14-17:05:18.127.757 [mindspore/ccsrc/pybind_api/ir/tensor_py.cc:730] DataPtr] Tensor device address is null
[ERROR] COMMON(765593,ffff9c7f3020,python):2026-09-14-17:05:18.130.931 [mindspore/ccsrc/pybind_api/ir/tensor_py.cc:730] DataPtr] Tensor device address is null
[ERROR] COMMON(765593,ffff9c7f3020,python):2026-09-14-17:05:18.131.665 [mindspore/ccsrc/pybind_api/ir/tensor_py.cc:730] DataPtr] Tensor device address is null
[ERROR] COMMON(765593,ffff9c7f3020,python):2026-09-14-17:05:18.134.182 [mindspore/ccsrc/pybind_api/ir/tensor_py.cc:730] DataPtr] Tensor device address is null
[ERROR] COMMON(765593,ffff9c7f3020,python):2026-09-14-17:05:18.134.929 [mindspore/ccsrc/pybind_api/ir/tensor_py.cc:730] DataPtr] Tensor device address is null
[ERROR] COMMON(765593,ffff9c7f3020,python):2026-09-14-17:05:18.141.429 [mindspore/ccsrc/pybind_api/ir/tensor_py.cc:730] DataPtr] Tensor device address is null
[ERROR] COMMON(765593,ffff9c7f3020,python):2026-09-14-17:05:18.142.210 [mindspore/ccsrc/pybind_api/ir/tensor_py.cc:730] DataPtr] Tensor device address is null
[ERROR] COMMON(765593,ffff9c7f3020,python):2026-09-14-17:05:18.149.149 [mindspore/ccsrc/pybind_api/ir/tensor_py.cc:730] DataPtr] Tensor device address is null
[ERROR] COMMON(765593,ffff9c7f3020,python):2026-09-14-17:05:18.149.910 [mindspore/ccsrc/pybind_api/ir/tensor_py.cc:730] DataPtr] Tensor device address is null
[ERROR] COMMON(765593,ffff9c7f3020,python):2026-09-14-17:05:18.150.651 [mindspore/ccsrc/pybind_api/ir/tensor_py.cc:730] DataPtr] Tensor device address is null
[ERROR] COMMON(765593,ffff9c7f3020,python):2026-09-14-17:05:18.151.365 [mindspore/ccsrc/pybind_api/ir/tensor_py.cc:730] DataPtr] Tensor device address is null
[ERROR] COMMON(765593,ffff9c7f3020,python):2026-09-14-17:05:18.152.094 [mindspore/ccsrc/pybind_api/ir/tensor_py.cc:730] DataPtr] Tensor device address is null
[ERROR] COMMON(765593,ffff9c7f3020,python):2026-09-14-17:05:18.152.821 [mindspore/ccsrc/pybind_api/ir/tensor_py.cc:730] DataPtr] Tensor device address is null
[ERROR] COMMON(765593,ffff9c7f3020,python):2026-09-14-17:05:18.155.902 [mindspore/ccsrc/pybind_api/ir/tensor_py.cc:730] DataPtr] Tensor device address is null
[ERROR] COMMON(765593,ffff9c7f3020,python):2026-09-14-17:05:18.156.638 [mindspore/ccsrc/pybind_api/ir/tensor_py.cc:730] DataPtr] Tensor device address is null
[ERROR] COMMON(765593,ffff9c7f3020,python):2026-09-14-17:05:18.160.022 [mindspore/ccsrc/pybind_api/ir/tensor_py.cc:730] DataPtr] Tensor device address is null
[ERROR] COMMON(765593,ffff9c7f3020,python):2026-09-14-17:05:18.160.770 [mindspore/ccsrc/pybind_api/ir/tensor_py.cc:730] DataPtr] Tensor device address is null
[ERROR] COMMON(765593,ffff9c7f3020,python):2026-09-14-17:05:18.164.483 [mindspore/ccsrc/pybind_api/ir/tensor_py.cc:730] DataPtr] Tensor device address is null
[ERROR] COMMON(765593,ffff9c7f3020,python):2026-09-14-17:05:18.165.240 [mindspore/ccsrc/pybind_api/ir/tensor_py.cc:730] DataPtr] Tensor device address is null
[ERROR] COMMON(765593,ffff9c7f3020,python):2026-09-14-17:05:18.167.753 [mindspore/ccsrc/pybind_api/ir/tensor_py.cc:730] DataPtr] Tensor device address is null
[ERROR] COMMON(765593,ffff9c7f3020,python):2026-09-14-17:05:18.168.483 [mindspore/ccsrc/pybind_api/ir/tensor_py.cc:730] DataPtr] Tensor device address is null
[ERROR] COMMON(765593,ffff9c7f3020,python):2026-09-14-17:05:18.175.664 [mindspore/ccsrc/pybind_api/ir/tensor_py.cc:730] DataPtr] Tensor device address is null
[ERROR] COMMON(765593,ffff9c7f3020,python):2026-09-14-17:05:18.176.430 [mindspore/ccsrc/pybind_api/ir/tensor_py.cc:730] DataPtr] Tensor device address is null
[ERROR] COMMON(765593,ffff9c7f3020,python):2026-09-14-17:05:18.182.806 [mindspore/ccsrc/pybind_api/ir/tensor_py.cc:730] DataPtr] Tensor device address is null
[ERROR] COMMON(765593,ffff9c7f3020,python):2026-09-14-17:05:18.183.560 [mindspore/ccsrc/pybind_api/ir/tensor_py.cc:730] DataPtr] Tensor device address is null
[ERROR] COMMON(765593,ffff9c7f3020,python):2026-09-14-17:05:18.184.292 [mindspore/ccsrc/pybind_api/ir/tensor_py.cc:730] DataPtr] Tensor device address is null
[ERROR] COMMON(765593,ffff9c7f3020,python):2026-09-14-17:05:18.185.028 [mindspore/ccsrc/pybind_api/ir/tensor_py.cc:730] DataPtr] Tensor device address is null
[ERROR] COMMON(765593,ffff9c7f3020,python):2026-09-14-17:05:18.185.759 [mindspore/ccsrc/pybind_api/ir/tensor_py.cc:730] DataPtr] Tensor device address is null
[ERROR] COMMON(765593,ffff9c7f3020,python):2026-09-14-17:05:18.186.473 [mindspore/ccsrc/pybind_api/ir/tensor_py.cc:730] DataPtr] Tensor device address is null
[ERROR] COMMON(765593,ffff9c7f3020,python):2026-09-14-17:05:18.189.694 [mindspore/ccsrc/pybind_api/ir/tensor_py.cc:730] DataPtr] Tensor device address is null
[ERROR] COMMON(765593,ffff9c7f3020,python):2026-09-14-17:05:18.190.447 [mindspore/ccsrc/pybind_api/ir/tensor_py.cc:730] DataPtr] Tensor device address is null
[ERROR] COMMON(765593,ffff9c7f3020,python):2026-09-14-17:05:18.195.532 [mindspore/ccsrc/pybind_api/ir/tensor_py.cc:730] DataPtr] Tensor device address is null
[ERROR] COMMON(765593,ffff9c7f3020,python):2026-09-14-17:05:18.196.269 [mindspore/ccsrc/pybind_api/ir/tensor_py.cc:730] DataPtr] Tensor device address is null
[ERROR] COMMON(765593,ffff9c7f3020,python):2026-09-14-17:05:18.199.422 [mindspore/ccsrc/pybind_api/ir/tensor_py.cc:730] DataPtr] Tensor device address is null
[ERROR] COMMON(765593,ffff9c7f3020,python):2026-09-14-17:05:18.200.156 [mindspore/ccsrc/pybind_api/ir/tensor_py.cc:730] DataPtr] Tensor device address is null
[ERROR] COMMON(765593,ffff9c7f3020,python):2026-09-14-17:05:18.202.721 [mindspore/ccsrc/pybind_api/ir/tensor_py.cc:730] DataPtr] Tensor device address is null
[ERROR] COMMON(765593,ffff9c7f3020,python):2026-09-14-17:05:18.203.474 [mindspore/ccsrc/pybind_api/ir/tensor_py.cc:730] DataPtr] Tensor device address is null
[ERROR] COMMON(765593,ffff9c7f3020,python):2026-09-14-17:05:18.210.008 [mindspore/ccsrc/pybind_api/ir/tensor_py.cc:730] DataPtr] Tensor device address is null
[ERROR] COMMON(765593,ffff9c7f3020,python):2026-09-14-17:05:18.210.771 [mindspore/ccsrc/pybind_api/ir/tensor_py.cc:730] DataPtr] Tensor device address is null
[ERROR] COMMON(765593,ffff9c7f3020,python):2026-09-14-17:05:18.217.702 [mindspore/ccsrc/pybind_api/ir/tensor_py.cc:730] DataPtr] Tensor device address is null
[ERROR] COMMON(765593,ffff9c7f3020,python):2026-09-14-17:05:18.218.460 [mindspore/ccsrc/pybind_api/ir/tensor_py.cc:730] DataPtr] Tensor device address is null
[ERROR] COMMON(765593,ffff9c7f3020,python):2026-09-14-17:05:18.219.158 [mindspore/ccsrc/pybind_api/ir/tensor_py.cc:730] DataPtr] Tensor device address is null
[ERROR] COMMON(765593,ffff9c7f3020,python):2026-09-14-17:05:18.219.862 [mindspore/ccsrc/pybind_api/ir/tensor_py.cc:730] DataPtr] Tensor device address is null
[ERROR] COMMON(765593,ffff9c7f3020,python):2026-09-14-17:05:18.220.578 [mindspore/ccsrc/pybind_api/ir/tensor_py.cc:730] DataPtr] Tensor device address is null
[ERROR] COMMON(765593,ffff9c7f3020,python):2026-09-14-17:05:18.221.282 [mindspore/ccsrc/pybind_api/ir/tensor_py.cc:730] DataPtr] Tensor device address is null
[ERROR] COMMON(765593,ffff9c7f3020,python):2026-09-14-17:05:18.224.318 [mindspore/ccsrc/pybind_api/ir/tensor_py.cc:730] DataPtr] Tensor device address is null
[ERROR] COMMON(765593,ffff9c7f3020,python):2026-09-14-17:05:18.225.049 [mindspore/ccsrc/pybind_api/ir/tensor_py.cc:730] DataPtr] Tensor device address is null
[ERROR] COMMON(765593,ffff9c7f3020,python):2026-09-14-17:05:18.230.896 [mindspore/ccsrc/pybind_api/ir/tensor_py.cc:730] DataPtr] Tensor device address is null
[ERROR] COMMON(765593,ffff9c7f3020,python):2026-09-14-17:05:18.231.627 [mindspore/ccsrc/pybind_api/ir/tensor_py.cc:730] DataPtr] Tensor device address is null
[ERROR] COMMON(765593,ffff9c7f3020,python):2026-09-14-17:05:18.234.771 [mindspore/ccsrc/pybind_api/ir/tensor_py.cc:730] DataPtr] Tensor device address is null
[ERROR] COMMON(765593,ffff9c7f3020,python):2026-09-14-17:05:18.235.502 [mindspore/ccsrc/pybind_api/ir/tensor_py.cc:730] DataPtr] Tensor device address is null
[ERROR] COMMON(765593,ffff9c7f3020,python):2026-09-14-17:05:18.238.147 [mindspore/ccsrc/pybind_api/ir/tensor_py.cc:730] DataPtr] Tensor device address is null
[ERROR] COMMON(765593,ffff9c7f3020,python):2026-09-14-17:05:18.238.883 [mindspore/ccsrc/pybind_api/ir/tensor_py.cc:730] DataPtr] Tensor device address is null
[ERROR] COMMON(765593,ffff9c7f3020,python):2026-09-14-17:05:18.245.807 [mindspore/ccsrc/pybind_api/ir/tensor_py.cc:730] DataPtr] Tensor device address is null
[ERROR] COMMON(765593,ffff9c7f3020,python):2026-09-14-17:05:18.246.727 [mindspore/ccsrc/pybind_api/ir/tensor_py.cc:730] DataPtr] Tensor device address is null
[ERROR] COMMON(765593,ffff9c7f3020,python):2026-09-14-17:05:18.253.115 [mindspore/ccsrc/pybind_api/ir/tensor_py.cc:730] DataPtr] Tensor device address is null
[ERROR] COMMON(765593,ffff9c7f3020,python):2026-09-14-17:05:18.253.861 [mindspore/ccsrc/pybind_api/ir/tensor_py.cc:730] DataPtr] Tensor device address is null
[ERROR] COMMON(765593,ffff9c7f3020,python):2026-09-14-17:05:18.254.569 [mindspore/ccsrc/pybind_api/ir/tensor_py.cc:730] DataPtr] Tensor device address is null
[ERROR] COMMON(765593,ffff9c7f3020,python):2026-09-14-17:05:18.255.278 [mindspore/ccsrc/pybind_api/ir/tensor_py.cc:730] DataPtr] Tensor device address is null
[ERROR] COMMON(765593,ffff9c7f3020,python):2026-09-14-17:05:18.255.991 [mindspore/ccsrc/pybind_api/ir/tensor_py.cc:730] DataPtr] Tensor device address is null
[ERROR] COMMON(765593,ffff9c7f3020,python):2026-09-14-17:05:18.256.729 [mindspore/ccsrc/pybind_api/ir/tensor_py.cc:730] DataPtr] Tensor device address is null
[ERROR] COMMON(765593,ffff9c7f3020,python):2026-09-14-17:05:18.259.859 [mindspore/ccsrc/pybind_api/ir/tensor_py.cc:730] DataPtr] Tensor device address is null
[ERROR] COMMON(765593,ffff9c7f3020,python):2026-09-14-17:05:18.260.600 [mindspore/ccsrc/pybind_api/ir/tensor_py.cc:730] DataPtr] Tensor device address is null
[ERROR] COMMON(765593,ffff9c7f3020,python):2026-09-14-17:05:18.264.997 [mindspore/ccsrc/pybind_api/ir/tensor_py.cc:730] DataPtr] Tensor device address is null
[ERROR] COMMON(765593,ffff9c7f3020,python):2026-09-14-17:05:18.265.733 [mindspore/ccsrc/pybind_api/ir/tensor_py.cc:730] DataPtr] Tensor device address is null
[ERROR] COMMON(765593,ffff9c7f3020,python):2026-09-14-17:05:18.269.003 [mindspore/ccsrc/pybind_api/ir/tensor_py.cc:730] DataPtr] Tensor device address is null
[ERROR] COMMON(765593,ffff9c7f3020,python):2026-09-14-17:05:18.269.761 [mindspore/ccsrc/pybind_api/ir/tensor_py.cc:730] DataPtr] Tensor device address is null
[ERROR] COMMON(765593,ffff9c7f3020,python):2026-09-14-17:05:18.272.919 [mindspore/ccsrc/pybind_api/ir/tensor_py.cc:730] DataPtr] Tensor device address is null
[ERROR] COMMON(765593,ffff9c7f3020,python):2026-09-14-17:05:18.273.655 [mindspore/ccsrc/pybind_api/ir/tensor_py.cc:730] DataPtr] Tensor device address is null
[ERROR] COMMON(765593,ffff9c7f3020,python):2026-09-14-17:05:18.280.159 [mindspore/ccsrc/pybind_api/ir/tensor_py.cc:730] DataPtr] Tensor device address is null
[ERROR] COMMON(765593,ffff9c7f3020,python):2026-09-14-17:05:18.280.933 [mindspore/ccsrc/pybind_api/ir/tensor_py.cc:730] DataPtr] Tensor device address is null
[ERROR] COMMON(765593,ffff9c7f3020,python):2026-09-14-17:05:18.287.955 [mindspore/ccsrc/pybind_api/ir/tensor_py.cc:730] DataPtr] Tensor device address is null
[ERROR] COMMON(765593,ffff9c7f3020,python):2026-09-14-17:05:18.288.748 [mindspore/ccsrc/pybind_api/ir/tensor_py.cc:730] DataPtr] Tensor device address is null
[ERROR] COMMON(765593,ffff9c7f3020,python):2026-09-14-17:05:18.289.490 [mindspore/ccsrc/pybind_api/ir/tensor_py.cc:730] DataPtr] Tensor device address is null
[ERROR] COMMON(765593,ffff9c7f3020,python):2026-09-14-17:05:18.290.231 [mindspore/ccsrc/pybind_api/ir/tensor_py.cc:730] DataPtr] Tensor device address is null
[ERROR] COMMON(765593,ffff9c7f3020,python):2026-09-14-17:05:18.290.942 [mindspore/ccsrc/pybind_api/ir/tensor_py.cc:730] DataPtr] Tensor device address is null
[ERROR] COMMON(765593,ffff9c7f3020,python):2026-09-14-17:05:18.291.656 [mindspore/ccsrc/pybind_api/ir/tensor_py.cc:730] DataPtr] Tensor device address is null
[ERROR] COMMON(765593,ffff9c7f3020,python):2026-09-14-17:05:18.294.727 [mindspore/ccsrc/pybind_api/ir/tensor_py.cc:730] DataPtr] Tensor device address is null
[ERROR] COMMON(765593,ffff9c7f3020,python):2026-09-14-17:05:18.295.454 [mindspore/ccsrc/pybind_api/ir/tensor_py.cc:730] DataPtr] Tensor device address is null
[ERROR] COMMON(765593,ffff9c7f3020,python):2026-09-14-17:05:18.300.448 [mindspore/ccsrc/pybind_api/ir/tensor_py.cc:730] DataPtr] Tensor device address is null
[ERROR] COMMON(765593,ffff9c7f3020,python):2026-09-14-17:05:18.301.184 [mindspore/ccsrc/pybind_api/ir/tensor_py.cc:730] DataPtr] Tensor device address is null
[ERROR] COMMON(765593,ffff9c7f3020,python):2026-09-14-17:05:18.304.340 [mindspore/ccsrc/pybind_api/ir/tensor_py.cc:730] DataPtr] Tensor device address is null
[ERROR] COMMON(765593,ffff9c7f3020,python):2026-09-14-17:05:18.305.068 [mindspore/ccsrc/pybind_api/ir/tensor_py.cc:730] DataPtr] Tensor device address is null
[ERROR] COMMON(765593,ffff9c7f3020,python):2026-09-14-17:05:18.307.691 [mindspore/ccsrc/pybind_api/ir/tensor_py.cc:730] DataPtr] Tensor device address is null
[ERROR] COMMON(765593,ffff9c7f3020,python):2026-09-14-17:05:18.308.400 [mindspore/ccsrc/pybind_api/ir/tensor_py.cc:730] DataPtr] Tensor device address is null
[ERROR] COMMON(765593,ffff9c7f3020,python):2026-09-14-17:05:18.315.332 [mindspore/ccsrc/pybind_api/ir/tensor_py.cc:730] DataPtr] Tensor device address is null
[ERROR] COMMON(765593,ffff9c7f3020,python):2026-09-14-17:05:18.316.100 [mindspore/ccsrc/pybind_api/ir/tensor_py.cc:730] DataPtr] Tensor device address is null
[ERROR] COMMON(765593,ffff9c7f3020,python):2026-09-14-17:05:18.322.763 [mindspore/ccsrc/pybind_api/ir/tensor_py.cc:730] DataPtr] Tensor device address is null
[ERROR] COMMON(765593,ffff9c7f3020,python):2026-09-14-17:05:18.323.506 [mindspore/ccsrc/pybind_api/ir/tensor_py.cc:730] DataPtr] Tensor device address is null
[ERROR] COMMON(765593,ffff9c7f3020,python):2026-09-14-17:05:18.324.239 [mindspore/ccsrc/pybind_api/ir/tensor_py.cc:730] DataPtr] Tensor device address is null
[ERROR] COMMON(765593,ffff9c7f3020,python):2026-09-14-17:05:18.324.974 [mindspore/ccsrc/pybind_api/ir/tensor_py.cc:730] DataPtr] Tensor device address is null
[ERROR] COMMON(765593,ffff9c7f3020,python):2026-09-14-17:05:18.325.705 [mindspore/ccsrc/pybind_api/ir/tensor_py.cc:730] DataPtr] Tensor device address is null
[ERROR] COMMON(765593,ffff9c7f3020,python):2026-09-14-17:05:18.326.411 [mindspore/ccsrc/pybind_api/ir/tensor_py.cc:730] DataPtr] Tensor device address is null
[ERROR] COMMON(765593,ffff9c7f3020,python):2026-09-14-17:05:18.329.399 [mindspore/ccsrc/pybind_api/ir/tensor_py.cc:730] DataPtr] Tensor device address is null
[ERROR] COMMON(765593,ffff9c7f3020,python):2026-09-14-17:05:18.330.140 [mindspore/ccsrc/pybind_api/ir/tensor_py.cc:730] DataPtr] Tensor device address is null
[ERROR] COMMON(765593,ffff9c7f3020,python):2026-09-14-17:05:18.334.181 [mindspore/ccsrc/pybind_api/ir/tensor_py.cc:730] DataPtr] Tensor device address is null
[ERROR] COMMON(765593,ffff9c7f3020,python):2026-09-14-17:05:18.334.937 [mindspore/ccsrc/pybind_api/ir/tensor_py.cc:730] DataPtr] Tensor device address is null
[ERROR] COMMON(765593,ffff9c7f3020,python):2026-09-14-17:05:18.338.085 [mindspore/ccsrc/pybind_api/ir/tensor_py.cc:730] DataPtr] Tensor device address is null
[ERROR] COMMON(765593,ffff9c7f3020,python):2026-09-14-17:05:18.338.836 [mindspore/ccsrc/pybind_api/ir/tensor_py.cc:730] DataPtr] Tensor device address is null
[ERROR] COMMON(765593,ffff9c7f3020,python):2026-09-14-17:05:18.341.324 [mindspore/ccsrc/pybind_api/ir/tensor_py.cc:730] DataPtr] Tensor device address is null
[ERROR] COMMON(765593,ffff9c7f3020,python):2026-09-14-17:05:18.342.074 [mindspore/ccsrc/pybind_api/ir/tensor_py.cc:730] DataPtr] Tensor device address is null
[ERROR] COMMON(765593,ffff9c7f3020,python):2026-09-14-17:05:18.348.575 [mindspore/ccsrc/pybind_api/ir/tensor_py.cc:730] DataPtr] Tensor device address is null
[ERROR] COMMON(765593,ffff9c7f3020,python):2026-09-14-17:05:18.349.346 [mindspore/ccsrc/pybind_api/ir/tensor_py.cc:730] DataPtr] Tensor device address is null
[ERROR] COMMON(765593,ffff9c7f3020,python):2026-09-14-17:05:18.356.307 [mindspore/ccsrc/pybind_api/ir/tensor_py.cc:730] DataPtr] Tensor device address is null
