/home/user7/miniconda3/envs/ms_2.5/lib/python3.9/site-packages/numpy/core/getlimits.py:549: UserWarning: The value of the smallest subnormal for <class 'numpy.float64'> type is zero.
  setattr(self, word, getattr(machar, word).flat[0])
/home/user7/miniconda3/envs/ms_2.5/lib/python3.9/site-packages/numpy/core/getlimits.py:89: UserWarning: The value of the smallest subnormal for <class 'numpy.float64'> type is zero.
  return self._float_to_str(self.smallest_subnormal)
/home/user7/miniconda3/envs/ms_2.5/lib/python3.9/site-packages/numpy/core/getlimits.py:549: UserWarning: The value of the smallest subnormal for <class 'numpy.float32'> type is zero.
  setattr(self, word, getattr(machar, word).flat[0])
/home/user7/miniconda3/envs/ms_2.5/lib/python3.9/site-packages/numpy/core/getlimits.py:89: UserWarning: The value of the smallest subnormal for <class 'numpy.float32'> type is zero.
  return self._float_to_str(self.smallest_subnormal)
[WARNING] ME(740012:281473332858912,MainProcess):2026-09-14-16:56:36.849.49 [mindspore/context.py:1335] For 'context.set_context', the parameter 'deterministic' will be deprecated and removed in a future version. Please use the api mindspore.set_deterministic() instead.
[WARNING] ME(740012:281473332858912,MainProcess):2026-09-14-16:56:36.863.89 [mindspore/context.py:1335] For 'context.set_context', the parameter 'deterministic' will be deprecated and removed in a future version. Please use the api mindspore.set_deterministic() instead.
[WARNING] ME(740012:281473332858912,MainProcess):2026-09-14-16:56:36.873.83 [mindspore/context.py:1335] For 'context.set_context', the parameter 'device_target' will be deprecated and removed in a future version. Please use the api mindspore.set_device() instead.
[WARNING] ME(740012:281473332858912,MainProcess):2026-09-14-16:56:36.881.23 [mindspore/context.py:1335] For 'context.set_context', the parameter 'device_id' will be deprecated and removed in a future version. Please use the api mindspore.set_device() instead.
/home/user7/miniconda3/envs/ms_2.5/lib/python3.9/site-packages/jieba/_compat.py:18: UserWarning: pkg_resources is deprecated as an API. See https://setuptools.pypa.io/en/latest/pkg_resources.html. The pkg_resources package is slated for removal as early as 2025-11-30. Refrain from using this package or pin to Setuptools<81.
  import pkg_resources
[WARNING] ME(740012:281473332858912,MainProcess):2026-09-14-16:56:37.272.140 [mindspore/ops/primitive.py:217] The in_strategy/in_layout of the operator in your network will not take effect in stand_alone mode. This means the the shard function called in the network is ignored. 
If you want to enable it, please use semi auto or auto parallel mode by context.set_auto_parallel_context(parallel_mode=ParallelMode.SEMI_AUTO_PARALLEL or context.set_auto_parallel_context(parallel_mode=ParallelMode.AUTO_PARALLEL)
[WARNING] ME(740012:281473332858912,MainProcess):2026-09-14-16:56:37.670.733 [mindspore/common/parameter.py:851] This interface may be deleted in the future.
[WARNING] ME(740012:281473332858912,MainProcess):2026-09-14-16:57:05.502.716 [mindspore/hal/stream.py:272] WARN_DEPRECATED: The usage of mindspore.hal.synchronize() is deprecated. Please use mindspore.runtime.synchronize()
[ERROR] COMMON(740012,ffff9e04d020,python):2026-09-14-16:57:14.216.385 [mindspore/ccsrc/pybind_api/ir/tensor_py.cc:730] DataPtr] Tensor device address is null
[ERROR] COMMON(740012,ffff9e04d020,python):2026-09-14-16:57:14.280.411 [mindspore/ccsrc/pybind_api/ir/tensor_py.cc:730] DataPtr] Tensor device address is null
[ERROR] COMMON(740012,ffff9e04d020,python):2026-09-14-16:57:14.288.742 [mindspore/ccsrc/pybind_api/ir/tensor_py.cc:730] DataPtr] Tensor device address is null
[ERROR] COMMON(740012,ffff9e04d020,python):2026-09-14-16:57:14.296.351 [mindspore/ccsrc/pybind_api/ir/tensor_py.cc:730] DataPtr] Tensor device address is null
[ERROR] COMMON(740012,ffff9e04d020,python):2026-09-14-16:57:14.297.101 [mindspore/ccsrc/pybind_api/ir/tensor_py.cc:730] DataPtr] Tensor device address is null
[ERROR] COMMON(740012,ffff9e04d020,python):2026-09-14-16:57:14.297.803 [mindspore/ccsrc/pybind_api/ir/tensor_py.cc:730] DataPtr] Tensor device address is null
[ERROR] COMMON(740012,ffff9e04d020,python):2026-09-14-16:57:14.298.549 [mindspore/ccsrc/pybind_api/ir/tensor_py.cc:730] DataPtr] Tensor device address is null
[ERROR] COMMON(740012,ffff9e04d020,python):2026-09-14-16:57:14.299.225 [mindspore/ccsrc/pybind_api/ir/tensor_py.cc:730] DataPtr] Tensor device address is null
[ERROR] COMMON(740012,ffff9e04d020,python):2026-09-14-16:57:14.299.927 [mindspore/ccsrc/pybind_api/ir/tensor_py.cc:730] DataPtr] Tensor device address is null
[ERROR] COMMON(740012,ffff9e04d020,python):2026-09-14-16:57:14.309.011 [mindspore/ccsrc/pybind_api/ir/tensor_py.cc:730] DataPtr] Tensor device address is null
[ERROR] COMMON(740012,ffff9e04d020,python):2026-09-14-16:57:14.309.790 [mindspore/ccsrc/pybind_api/ir/tensor_py.cc:730] DataPtr] Tensor device address is null
[ERROR] COMMON(740012,ffff9e04d020,python):2026-09-14-16:57:14.312.371 [mindspore/ccsrc/pybind_api/ir/tensor_py.cc:730] DataPtr] Tensor device address is null
[ERROR] COMMON(740012,ffff9e04d020,python):2026-09-14-16:57:14.313.095 [mindspore/ccsrc/pybind_api/ir/tensor_py.cc:730] DataPtr] Tensor device address is null
[ERROR] COMMON(740012,ffff9e04d020,python):2026-09-14-16:57:14.315.565 [mindspore/ccsrc/pybind_api/ir/tensor_py.cc:730] DataPtr] Tensor device address is null
[ERROR] COMMON(740012,ffff9e04d020,python):2026-09-14-16:57:14.316.271 [mindspore/ccsrc/pybind_api/ir/tensor_py.cc:730] DataPtr] Tensor device address is null
[ERROR] COMMON(740012,ffff9e04d020,python):2026-09-14-16:57:14.318.161 [mindspore/ccsrc/pybind_api/ir/tensor_py.cc:730] DataPtr] Tensor device address is null
[ERROR] COMMON(740012,ffff9e04d020,python):2026-09-14-16:57:14.318.885 [mindspore/ccsrc/pybind_api/ir/tensor_py.cc:730] DataPtr] Tensor device address is null
[ERROR] COMMON(740012,ffff9e04d020,python):2026-09-14-16:57:14.330.283 [mindspore/ccsrc/pybind_api/ir/tensor_py.cc:730] DataPtr] Tensor device address is null
[ERROR] COMMON(740012,ffff9e04d020,python):2026-09-14-16:57:14.337.663 [mindspore/ccsrc/pybind_api/ir/tensor_py.cc:730] DataPtr] Tensor device address is null
[ERROR] COMMON(740012,ffff9e04d020,python):2026-09-14-16:57:14.350.023 [mindspore/ccsrc/pybind_api/ir/tensor_py.cc:730] DataPtr] Tensor device address is null
[ERROR] COMMON(740012,ffff9e04d020,python):2026-09-14-16:57:14.350.831 [mindspore/ccsrc/pybind_api/ir/tensor_py.cc:730] DataPtr] Tensor device address is null
[ERROR] COMMON(740012,ffff9e04d020,python):2026-09-14-16:57:14.351.538 [mindspore/ccsrc/pybind_api/ir/tensor_py.cc:730] DataPtr] Tensor device address is null
[ERROR] COMMON(740012,ffff9e04d020,python):2026-09-14-16:57:14.352.259 [mindspore/ccsrc/pybind_api/ir/tensor_py.cc:730] DataPtr] Tensor device address is null
[ERROR] COMMON(740012,ffff9e04d020,python):2026-09-14-16:57:14.352.962 [mindspore/ccsrc/pybind_api/ir/tensor_py.cc:730] DataPtr] Tensor device address is null
[ERROR] COMMON(740012,ffff9e04d020,python):2026-09-14-16:57:14.353.675 [mindspore/ccsrc/pybind_api/ir/tensor_py.cc:730] DataPtr] Tensor device address is null
[ERROR] COMMON(740012,ffff9e04d020,python):2026-09-14-16:57:14.355.551 [mindspore/ccsrc/pybind_api/ir/tensor_py.cc:730] DataPtr] Tensor device address is null
[ERROR] COMMON(740012,ffff9e04d020,python):2026-09-14-16:57:14.356.263 [mindspore/ccsrc/pybind_api/ir/tensor_py.cc:730] DataPtr] Tensor device address is null
[ERROR] COMMON(740012,ffff9e04d020,python):2026-09-14-16:57:14.357.982 [mindspore/ccsrc/pybind_api/ir/tensor_py.cc:730] DataPtr] Tensor device address is null
[ERROR] COMMON(740012,ffff9e04d020,python):2026-09-14-16:57:14.358.698 [mindspore/ccsrc/pybind_api/ir/tensor_py.cc:730] DataPtr] Tensor device address is null
[ERROR] COMMON(740012,ffff9e04d020,python):2026-09-14-16:57:14.360.808 [mindspore/ccsrc/pybind_api/ir/tensor_py.cc:730] DataPtr] Tensor device address is null
[ERROR] COMMON(740012,ffff9e04d020,python):2026-09-14-16:57:14.361.518 [mindspore/ccsrc/pybind_api/ir/tensor_py.cc:730] DataPtr] Tensor device address is null
[ERROR] COMMON(740012,ffff9e04d020,python):2026-09-14-16:57:14.363.478 [mindspore/ccsrc/pybind_api/ir/tensor_py.cc:730] DataPtr] Tensor device address is null
[ERROR] COMMON(740012,ffff9e04d020,python):2026-09-14-16:57:14.364.201 [mindspore/ccsrc/pybind_api/ir/tensor_py.cc:730] DataPtr] Tensor device address is null
[ERROR] COMMON(740012,ffff9e04d020,python):2026-09-14-16:57:14.368.560 [mindspore/ccsrc/pybind_api/ir/tensor_py.cc:730] DataPtr] Tensor device address is null
[ERROR] COMMON(740012,ffff9e04d020,python):2026-09-14-16:57:14.369.293 [mindspore/ccsrc/pybind_api/ir/tensor_py.cc:730] DataPtr] Tensor device address is null
[ERROR] COMMON(740012,ffff9e04d020,python):2026-09-14-16:57:14.373.989 [mindspore/ccsrc/pybind_api/ir/tensor_py.cc:730] DataPtr] Tensor device address is null
[ERROR] COMMON(740012,ffff9e04d020,python):2026-09-14-16:57:14.374.737 [mindspore/ccsrc/pybind_api/ir/tensor_py.cc:730] DataPtr] Tensor device address is null
[ERROR] COMMON(740012,ffff9e04d020,python):2026-09-14-16:57:14.375.427 [mindspore/ccsrc/pybind_api/ir/tensor_py.cc:730] DataPtr] Tensor device address is null
[ERROR] COMMON(740012,ffff9e04d020,python):2026-09-14-16:57:14.376.118 [mindspore/ccsrc/pybind_api/ir/tensor_py.cc:730] DataPtr] Tensor device address is null
[ERROR] COMMON(740012,ffff9e04d020,python):2026-09-14-16:57:14.376.796 [mindspore/ccsrc/pybind_api/ir/tensor_py.cc:730] DataPtr] Tensor device address is null
[ERROR] COMMON(740012,ffff9e04d020,python):2026-09-14-16:57:14.377.508 [mindspore/ccsrc/pybind_api/ir/tensor_py.cc:730] DataPtr] Tensor device address is null
[ERROR] COMMON(740012,ffff9e04d020,python):2026-09-14-16:57:14.379.359 [mindspore/ccsrc/pybind_api/ir/tensor_py.cc:730] DataPtr] Tensor device address is null
[ERROR] COMMON(740012,ffff9e04d020,python):2026-09-14-16:57:14.380.092 [mindspore/ccsrc/pybind_api/ir/tensor_py.cc:730] DataPtr] Tensor device address is null
[ERROR] COMMON(740012,ffff9e04d020,python):2026-09-14-16:57:14.381.963 [mindspore/ccsrc/pybind_api/ir/tensor_py.cc:730] DataPtr] Tensor device address is null
[ERROR] COMMON(740012,ffff9e04d020,python):2026-09-14-16:57:14.382.660 [mindspore/ccsrc/pybind_api/ir/tensor_py.cc:730] DataPtr] Tensor device address is null
[ERROR] COMMON(740012,ffff9e04d020,python):2026-09-14-16:57:14.384.522 [mindspore/ccsrc/pybind_api/ir/tensor_py.cc:730] DataPtr] Tensor device address is null
[ERROR] COMMON(740012,ffff9e04d020,python):2026-09-14-16:57:14.385.236 [mindspore/ccsrc/pybind_api/ir/tensor_py.cc:730] DataPtr] Tensor device address is null
[ERROR] COMMON(740012,ffff9e04d020,python):2026-09-14-16:57:14.387.235 [mindspore/ccsrc/pybind_api/ir/tensor_py.cc:730] DataPtr] Tensor device address is null
[ERROR] COMMON(740012,ffff9e04d020,python):2026-09-14-16:57:14.387.933 [mindspore/ccsrc/pybind_api/ir/tensor_py.cc:730] DataPtr] Tensor device address is null
[ERROR] COMMON(740012,ffff9e04d020,python):2026-09-14-16:57:14.392.239 [mindspore/ccsrc/pybind_api/ir/tensor_py.cc:730] DataPtr] Tensor device address is null
[ERROR] COMMON(740012,ffff9e04d020,python):2026-09-14-16:57:14.392.981 [mindspore/ccsrc/pybind_api/ir/tensor_py.cc:730] DataPtr] Tensor device address is null
[ERROR] COMMON(740012,ffff9e04d020,python):2026-09-14-16:57:14.397.537 [mindspore/ccsrc/pybind_api/ir/tensor_py.cc:730] DataPtr] Tensor device address is null
[ERROR] COMMON(740012,ffff9e04d020,python):2026-09-14-16:57:14.398.281 [mindspore/ccsrc/pybind_api/ir/tensor_py.cc:730] DataPtr] Tensor device address is null
[ERROR] COMMON(740012,ffff9e04d020,python):2026-09-14-16:57:14.398.972 [mindspore/ccsrc/pybind_api/ir/tensor_py.cc:730] DataPtr] Tensor device address is null
[ERROR] COMMON(740012,ffff9e04d020,python):2026-09-14-16:57:14.399.669 [mindspore/ccsrc/pybind_api/ir/tensor_py.cc:730] DataPtr] Tensor device address is null
[ERROR] COMMON(740012,ffff9e04d020,python):2026-09-14-16:57:14.400.355 [mindspore/ccsrc/pybind_api/ir/tensor_py.cc:730] DataPtr] Tensor device address is null
[ERROR] COMMON(740012,ffff9e04d020,python):2026-09-14-16:57:14.401.066 [mindspore/ccsrc/pybind_api/ir/tensor_py.cc:730] DataPtr] Tensor device address is null
[ERROR] COMMON(740012,ffff9e04d020,python):2026-09-14-16:57:14.402.938 [mindspore/ccsrc/pybind_api/ir/tensor_py.cc:730] DataPtr] Tensor device address is null
[ERROR] COMMON(740012,ffff9e04d020,python):2026-09-14-16:57:14.403.653 [mindspore/ccsrc/pybind_api/ir/tensor_py.cc:730] DataPtr] Tensor device address is null
[ERROR] COMMON(740012,ffff9e04d020,python):2026-09-14-16:57:14.405.484 [mindspore/ccsrc/pybind_api/ir/tensor_py.cc:730] DataPtr] Tensor device address is null
[ERROR] COMMON(740012,ffff9e04d020,python):2026-09-14-16:57:14.406.206 [mindspore/ccsrc/pybind_api/ir/tensor_py.cc:730] DataPtr] Tensor device address is null
[ERROR] COMMON(740012,ffff9e04d020,python):2026-09-14-16:57:14.408.146 [mindspore/ccsrc/pybind_api/ir/tensor_py.cc:730] DataPtr] Tensor device address is null
[ERROR] COMMON(740012,ffff9e04d020,python):2026-09-14-16:57:14.408.851 [mindspore/ccsrc/pybind_api/ir/tensor_py.cc:730] DataPtr] Tensor device address is null
[ERROR] COMMON(740012,ffff9e04d020,python):2026-09-14-16:57:14.410.772 [mindspore/ccsrc/pybind_api/ir/tensor_py.cc:730] DataPtr] Tensor device address is null
[ERROR] COMMON(740012,ffff9e04d020,python):2026-09-14-16:57:14.411.484 [mindspore/ccsrc/pybind_api/ir/tensor_py.cc:730] DataPtr] Tensor device address is null
[ERROR] COMMON(740012,ffff9e04d020,python):2026-09-14-16:57:14.415.728 [mindspore/ccsrc/pybind_api/ir/tensor_py.cc:730] DataPtr] Tensor device address is null
[ERROR] COMMON(740012,ffff9e04d020,python):2026-09-14-16:57:14.416.461 [mindspore/ccsrc/pybind_api/ir/tensor_py.cc:730] DataPtr] Tensor device address is null
[ERROR] COMMON(740012,ffff9e04d020,python):2026-09-14-16:57:14.421.097 [mindspore/ccsrc/pybind_api/ir/tensor_py.cc:730] DataPtr] Tensor device address is null
[ERROR] COMMON(740012,ffff9e04d020,python):2026-09-14-16:57:14.421.834 [mindspore/ccsrc/pybind_api/ir/tensor_py.cc:730] DataPtr] Tensor device address is null
[ERROR] COMMON(740012,ffff9e04d020,python):2026-09-14-16:57:14.422.523 [mindspore/ccsrc/pybind_api/ir/tensor_py.cc:730] DataPtr] Tensor device address is null
[ERROR] COMMON(740012,ffff9e04d020,python):2026-09-14-16:57:14.423.233 [mindspore/ccsrc/pybind_api/ir/tensor_py.cc:730] DataPtr] Tensor device address is null
[ERROR] COMMON(740012,ffff9e04d020,python):2026-09-14-16:57:14.423.904 [mindspore/ccsrc/pybind_api/ir/tensor_py.cc:730] DataPtr] Tensor device address is null
[ERROR] COMMON(740012,ffff9e04d020,python):2026-09-14-16:57:14.424.617 [mindspore/ccsrc/pybind_api/ir/tensor_py.cc:730] DataPtr] Tensor device address is null
[ERROR] COMMON(740012,ffff9e04d020,python):2026-09-14-16:57:14.426.494 [mindspore/ccsrc/pybind_api/ir/tensor_py.cc:730] DataPtr] Tensor device address is null
[ERROR] COMMON(740012,ffff9e04d020,python):2026-09-14-16:57:14.427.213 [mindspore/ccsrc/pybind_api/ir/tensor_py.cc:730] DataPtr] Tensor device address is null
[ERROR] COMMON(740012,ffff9e04d020,python):2026-09-14-16:57:14.429.050 [mindspore/ccsrc/pybind_api/ir/tensor_py.cc:730] DataPtr] Tensor device address is null
[ERROR] COMMON(740012,ffff9e04d020,python):2026-09-14-16:57:14.429.764 [mindspore/ccsrc/pybind_api/ir/tensor_py.cc:730] DataPtr] Tensor device address is null
[ERROR] COMMON(740012,ffff9e04d020,python):2026-09-14-16:57:14.431.625 [mindspore/ccsrc/pybind_api/ir/tensor_py.cc:730] DataPtr] Tensor device address is null
[ERROR] COMMON(740012,ffff9e04d020,python):2026-09-14-16:57:14.432.332 [mindspore/ccsrc/pybind_api/ir/tensor_py.cc:730] DataPtr] Tensor device address is null
[ERROR] COMMON(740012,ffff9e04d020,python):2026-09-14-16:57:14.434.926 [mindspore/ccsrc/pybind_api/ir/tensor_py.cc:730] DataPtr] Tensor device address is null
[ERROR] COMMON(740012,ffff9e04d020,python):2026-09-14-16:57:14.435.650 [mindspore/ccsrc/pybind_api/ir/tensor_py.cc:730] DataPtr] Tensor device address is null
[ERROR] COMMON(740012,ffff9e04d020,python):2026-09-14-16:57:14.440.018 [mindspore/ccsrc/pybind_api/ir/tensor_py.cc:730] DataPtr] Tensor device address is null
[ERROR] COMMON(740012,ffff9e04d020,python):2026-09-14-16:57:14.440.770 [mindspore/ccsrc/pybind_api/ir/tensor_py.cc:730] DataPtr] Tensor device address is null
[ERROR] COMMON(740012,ffff9e04d020,python):2026-09-14-16:57:14.445.183 [mindspore/ccsrc/pybind_api/ir/tensor_py.cc:730] DataPtr] Tensor device address is null
[ERROR] COMMON(740012,ffff9e04d020,python):2026-09-14-16:57:14.445.932 [mindspore/ccsrc/pybind_api/ir/tensor_py.cc:730] DataPtr] Tensor device address is null
[ERROR] COMMON(740012,ffff9e04d020,python):2026-09-14-16:57:14.446.634 [mindspore/ccsrc/pybind_api/ir/tensor_py.cc:730] DataPtr] Tensor device address is null
[ERROR] COMMON(740012,ffff9e04d020,python):2026-09-14-16:57:14.447.341 [mindspore/ccsrc/pybind_api/ir/tensor_py.cc:730] DataPtr] Tensor device address is null
[ERROR] COMMON(740012,ffff9e04d020,python):2026-09-14-16:57:14.448.032 [mindspore/ccsrc/pybind_api/ir/tensor_py.cc:730] DataPtr] Tensor device address is null
[ERROR] COMMON(740012,ffff9e04d020,python):2026-09-14-16:57:14.448.760 [mindspore/ccsrc/pybind_api/ir/tensor_py.cc:730] DataPtr] Tensor device address is null
[ERROR] COMMON(740012,ffff9e04d020,python):2026-09-14-16:57:14.450.599 [mindspore/ccsrc/pybind_api/ir/tensor_py.cc:730] DataPtr] Tensor device address is null
[ERROR] COMMON(740012,ffff9e04d020,python):2026-09-14-16:57:14.451.318 [mindspore/ccsrc/pybind_api/ir/tensor_py.cc:730] DataPtr] Tensor device address is null
[ERROR] COMMON(740012,ffff9e04d020,python):2026-09-14-16:57:14.453.231 [mindspore/ccsrc/pybind_api/ir/tensor_py.cc:730] DataPtr] Tensor device address is null
[ERROR] COMMON(740012,ffff9e04d020,python):2026-09-14-16:57:14.453.940 [mindspore/ccsrc/pybind_api/ir/tensor_py.cc:730] DataPtr] Tensor device address is null
[ERROR] COMMON(740012,ffff9e04d020,python):2026-09-14-16:57:14.455.835 [mindspore/ccsrc/pybind_api/ir/tensor_py.cc:730] DataPtr] Tensor device address is null
[ERROR] COMMON(740012,ffff9e04d020,python):2026-09-14-16:57:14.456.557 [mindspore/ccsrc/pybind_api/ir/tensor_py.cc:730] DataPtr] Tensor device address is null
[ERROR] COMMON(740012,ffff9e04d020,python):2026-09-14-16:57:14.458.511 [mindspore/ccsrc/pybind_api/ir/tensor_py.cc:730] DataPtr] Tensor device address is null
[ERROR] COMMON(740012,ffff9e04d020,python):2026-09-14-16:57:14.459.218 [mindspore/ccsrc/pybind_api/ir/tensor_py.cc:730] DataPtr] Tensor device address is null
[ERROR] COMMON(740012,ffff9e04d020,python):2026-09-14-16:57:14.463.431 [mindspore/ccsrc/pybind_api/ir/tensor_py.cc:730] DataPtr] Tensor device address is null
[ERROR] COMMON(740012,ffff9e04d020,python):2026-09-14-16:57:14.464.161 [mindspore/ccsrc/pybind_api/ir/tensor_py.cc:730] DataPtr] Tensor device address is null
[ERROR] COMMON(740012,ffff9e04d020,python):2026-09-14-16:57:14.468.878 [mindspore/ccsrc/pybind_api/ir/tensor_py.cc:730] DataPtr] Tensor device address is null
[ERROR] COMMON(740012,ffff9e04d020,python):2026-09-14-16:57:14.469.615 [mindspore/ccsrc/pybind_api/ir/tensor_py.cc:730] DataPtr] Tensor device address is null
[ERROR] COMMON(740012,ffff9e04d020,python):2026-09-14-16:57:14.470.311 [mindspore/ccsrc/pybind_api/ir/tensor_py.cc:730] DataPtr] Tensor device address is null
[ERROR] COMMON(740012,ffff9e04d020,python):2026-09-14-16:57:14.471.001 [mindspore/ccsrc/pybind_api/ir/tensor_py.cc:730] DataPtr] Tensor device address is null
[ERROR] COMMON(740012,ffff9e04d020,python):2026-09-14-16:57:14.471.691 [mindspore/ccsrc/pybind_api/ir/tensor_py.cc:730] DataPtr] Tensor device address is null
[ERROR] COMMON(740012,ffff9e04d020,python):2026-09-14-16:57:14.472.389 [mindspore/ccsrc/pybind_api/ir/tensor_py.cc:730] DataPtr] Tensor device address is null
[ERROR] COMMON(740012,ffff9e04d020,python):2026-09-14-16:57:14.474.196 [mindspore/ccsrc/pybind_api/ir/tensor_py.cc:730] DataPtr] Tensor device address is null
[ERROR] COMMON(740012,ffff9e04d020,python):2026-09-14-16:57:14.474.921 [mindspore/ccsrc/pybind_api/ir/tensor_py.cc:730] DataPtr] Tensor device address is null
[ERROR] COMMON(740012,ffff9e04d020,python):2026-09-14-16:57:14.477.646 [mindspore/ccsrc/pybind_api/ir/tensor_py.cc:730] DataPtr] Tensor device address is null
[ERROR] COMMON(740012,ffff9e04d020,python):2026-09-14-16:57:14.478.362 [mindspore/ccsrc/pybind_api/ir/tensor_py.cc:730] DataPtr] Tensor device address is null
[ERROR] COMMON(740012,ffff9e04d020,python):2026-09-14-16:57:14.480.641 [mindspore/ccsrc/pybind_api/ir/tensor_py.cc:730] DataPtr] Tensor device address is null
[ERROR] COMMON(740012,ffff9e04d020,python):2026-09-14-16:57:14.481.368 [mindspore/ccsrc/pybind_api/ir/tensor_py.cc:730] DataPtr] Tensor device address is null
[ERROR] COMMON(740012,ffff9e04d020,python):2026-09-14-16:57:14.484.044 [mindspore/ccsrc/pybind_api/ir/tensor_py.cc:730] DataPtr] Tensor device address is null
[ERROR] COMMON(740012,ffff9e04d020,python):2026-09-14-16:57:14.484.776 [mindspore/ccsrc/pybind_api/ir/tensor_py.cc:730] DataPtr] Tensor device address is null
[ERROR] COMMON(740012,ffff9e04d020,python):2026-09-14-16:57:14.490.830 [mindspore/ccsrc/pybind_api/ir/tensor_py.cc:730] DataPtr] Tensor device address is null
[ERROR] COMMON(740012,ffff9e04d020,python):2026-09-14-16:57:14.491.574 [mindspore/ccsrc/pybind_api/ir/tensor_py.cc:730] DataPtr] Tensor device address is null
[ERROR] COMMON(740012,ffff9e04d020,python):2026-09-14-16:57:14.497.252 [mindspore/ccsrc/pybind_api/ir/tensor_py.cc:730] DataPtr] Tensor device address is null
[ERROR] COMMON(740012,ffff9e04d020,python):2026-09-14-16:57:14.498.005 [mindspore/ccsrc/pybind_api/ir/tensor_py.cc:730] DataPtr] Tensor device address is null
[ERROR] COMMON(740012,ffff9e04d020,python):2026-09-14-16:57:14.498.706 [mindspore/ccsrc/pybind_api/ir/tensor_py.cc:730] DataPtr] Tensor device address is null
[ERROR] COMMON(740012,ffff9e04d020,python):2026-09-14-16:57:14.499.411 [mindspore/ccsrc/pybind_api/ir/tensor_py.cc:730] DataPtr] Tensor device address is null
[ERROR] COMMON(740012,ffff9e04d020,python):2026-09-14-16:57:14.500.083 [mindspore/ccsrc/pybind_api/ir/tensor_py.cc:730] DataPtr] Tensor device address is null
[ERROR] COMMON(740012,ffff9e04d020,python):2026-09-14-16:57:14.500.802 [mindspore/ccsrc/pybind_api/ir/tensor_py.cc:730] DataPtr] Tensor device address is null
[ERROR] COMMON(740012,ffff9e04d020,python):2026-09-14-16:57:14.503.512 [mindspore/ccsrc/pybind_api/ir/tensor_py.cc:730] DataPtr] Tensor device address is null
[ERROR] COMMON(740012,ffff9e04d020,python):2026-09-14-16:57:14.504.232 [mindspore/ccsrc/pybind_api/ir/tensor_py.cc:730] DataPtr] Tensor device address is null
[ERROR] COMMON(740012,ffff9e04d020,python):2026-09-14-16:57:14.506.980 [mindspore/ccsrc/pybind_api/ir/tensor_py.cc:730] DataPtr] Tensor device address is null
[ERROR] COMMON(740012,ffff9e04d020,python):2026-09-14-16:57:14.507.712 [mindspore/ccsrc/pybind_api/ir/tensor_py.cc:730] DataPtr] Tensor device address is null
[ERROR] COMMON(740012,ffff9e04d020,python):2026-09-14-16:57:14.510.420 [mindspore/ccsrc/pybind_api/ir/tensor_py.cc:730] DataPtr] Tensor device address is null
[ERROR] COMMON(740012,ffff9e04d020,python):2026-09-14-16:57:14.511.145 [mindspore/ccsrc/pybind_api/ir/tensor_py.cc:730] DataPtr] Tensor device address is null
[ERROR] COMMON(740012,ffff9e04d020,python):2026-09-14-16:57:14.513.845 [mindspore/ccsrc/pybind_api/ir/tensor_py.cc:730] DataPtr] Tensor device address is null
[ERROR] COMMON(740012,ffff9e04d020,python):2026-09-14-16:57:14.514.562 [mindspore/ccsrc/pybind_api/ir/tensor_py.cc:730] DataPtr] Tensor device address is null
[ERROR] COMMON(740012,ffff9e04d020,python):2026-09-14-16:57:14.520.209 [mindspore/ccsrc/pybind_api/ir/tensor_py.cc:730] DataPtr] Tensor device address is null
[ERROR] COMMON(740012,ffff9e04d020,python):2026-09-14-16:57:14.520.982 [mindspore/ccsrc/pybind_api/ir/tensor_py.cc:730] DataPtr] Tensor device address is null
[ERROR] COMMON(740012,ffff9e04d020,python):2026-09-14-16:57:14.527.252 [mindspore/ccsrc/pybind_api/ir/tensor_py.cc:730] DataPtr] Tensor device address is null
[ERROR] COMMON(740012,ffff9e04d020,python):2026-09-14-16:57:14.527.992 [mindspore/ccsrc/pybind_api/ir/tensor_py.cc:730] DataPtr] Tensor device address is null
[ERROR] COMMON(740012,ffff9e04d020,python):2026-09-14-16:57:14.528.707 [mindspore/ccsrc/pybind_api/ir/tensor_py.cc:730] DataPtr] Tensor device address is null
[ERROR] COMMON(740012,ffff9e04d020,python):2026-09-14-16:57:14.529.412 [mindspore/ccsrc/pybind_api/ir/tensor_py.cc:730] DataPtr] Tensor device address is null
[ERROR] COMMON(740012,ffff9e04d020,python):2026-09-14-16:57:14.530.111 [mindspore/ccsrc/pybind_api/ir/tensor_py.cc:730] DataPtr] Tensor device address is null
[ERROR] COMMON(740012,ffff9e04d020,python):2026-09-14-16:57:14.530.813 [mindspore/ccsrc/pybind_api/ir/tensor_py.cc:730] DataPtr] Tensor device address is null
[ERROR] COMMON(740012,ffff9e04d020,python):2026-09-14-16:57:14.533.501 [mindspore/ccsrc/pybind_api/ir/tensor_py.cc:730] DataPtr] Tensor device address is null
[ERROR] COMMON(740012,ffff9e04d020,python):2026-09-14-16:57:14.534.220 [mindspore/ccsrc/pybind_api/ir/tensor_py.cc:730] DataPtr] Tensor device address is null
[ERROR] COMMON(740012,ffff9e04d020,python):2026-09-14-16:57:14.536.950 [mindspore/ccsrc/pybind_api/ir/tensor_py.cc:730] DataPtr] Tensor device address is null
[ERROR] COMMON(740012,ffff9e04d020,python):2026-09-14-16:57:14.537.689 [mindspore/ccsrc/pybind_api/ir/tensor_py.cc:730] DataPtr] Tensor device address is null
[ERROR] COMMON(740012,ffff9e04d020,python):2026-09-14-16:57:14.540.070 [mindspore/ccsrc/pybind_api/ir/tensor_py.cc:730] DataPtr] Tensor device address is null
[ERROR] COMMON(740012,ffff9e04d020,python):2026-09-14-16:57:14.540.802 [mindspore/ccsrc/pybind_api/ir/tensor_py.cc:730] DataPtr] Tensor device address is null
[ERROR] COMMON(740012,ffff9e04d020,python):2026-09-14-16:57:14.543.514 [mindspore/ccsrc/pybind_api/ir/tensor_py.cc:730] DataPtr] Tensor device address is null
[ERROR] COMMON(740012,ffff9e04d020,python):2026-09-14-16:57:14.544.220 [mindspore/ccsrc/pybind_api/ir/tensor_py.cc:730] DataPtr] Tensor device address is null
[ERROR] COMMON(740012,ffff9e04d020,python):2026-09-14-16:57:14.551.703 [mindspore/ccsrc/pybind_api/ir/tensor_py.cc:730] DataPtr] Tensor device address is null
[ERROR] COMMON(740012,ffff9e04d020,python):2026-09-14-16:57:14.552.519 [mindspore/ccsrc/pybind_api/ir/tensor_py.cc:730] DataPtr] Tensor device address is null
[ERROR] COMMON(740012,ffff9e04d020,python):2026-09-14-16:57:14.558.132 [mindspore/ccsrc/pybind_api/ir/tensor_py.cc:730] DataPtr] Tensor device address is null
[ERROR] COMMON(740012,ffff9e04d020,python):2026-09-14-16:57:14.558.930 [mindspore/ccsrc/pybind_api/ir/tensor_py.cc:730] DataPtr] Tensor device address is null
[ERROR] COMMON(740012,ffff9e04d020,python):2026-09-14-16:57:14.559.652 [mindspore/ccsrc/pybind_api/ir/tensor_py.cc:730] DataPtr] Tensor device address is null
[ERROR] COMMON(740012,ffff9e04d020,python):2026-09-14-16:57:14.560.373 [mindspore/ccsrc/pybind_api/ir/tensor_py.cc:730] DataPtr] Tensor device address is null
[ERROR] COMMON(740012,ffff9e04d020,python):2026-09-14-16:57:14.561.086 [mindspore/ccsrc/pybind_api/ir/tensor_py.cc:730] DataPtr] Tensor device address is null
[ERROR] COMMON(740012,ffff9e04d020,python):2026-09-14-16:57:14.561.815 [mindspore/ccsrc/pybind_api/ir/tensor_py.cc:730] DataPtr] Tensor device address is null
[ERROR] COMMON(740012,ffff9e04d020,python):2026-09-14-16:57:14.564.575 [mindspore/ccsrc/pybind_api/ir/tensor_py.cc:730] DataPtr] Tensor device address is null
[ERROR] COMMON(740012,ffff9e04d020,python):2026-09-14-16:57:14.565.320 [mindspore/ccsrc/pybind_api/ir/tensor_py.cc:730] DataPtr] Tensor device address is null
[ERROR] COMMON(740012,ffff9e04d020,python):2026-09-14-16:57:14.568.100 [mindspore/ccsrc/pybind_api/ir/tensor_py.cc:730] DataPtr] Tensor device address is null
[ERROR] COMMON(740012,ffff9e04d020,python):2026-09-14-16:57:14.568.830 [mindspore/ccsrc/pybind_api/ir/tensor_py.cc:730] DataPtr] Tensor device address is null
[ERROR] COMMON(740012,ffff9e04d020,python):2026-09-14-16:57:14.571.538 [mindspore/ccsrc/pybind_api/ir/tensor_py.cc:730] DataPtr] Tensor device address is null
[ERROR] COMMON(740012,ffff9e04d020,python):2026-09-14-16:57:14.572.255 [mindspore/ccsrc/pybind_api/ir/tensor_py.cc:730] DataPtr] Tensor device address is null
[ERROR] COMMON(740012,ffff9e04d020,python):2026-09-14-16:57:14.574.981 [mindspore/ccsrc/pybind_api/ir/tensor_py.cc:730] DataPtr] Tensor device address is null
[ERROR] COMMON(740012,ffff9e04d020,python):2026-09-14-16:57:14.575.743 [mindspore/ccsrc/pybind_api/ir/tensor_py.cc:730] DataPtr] Tensor device address is null
[ERROR] COMMON(740012,ffff9e04d020,python):2026-09-14-16:57:14.581.458 [mindspore/ccsrc/pybind_api/ir/tensor_py.cc:730] DataPtr] Tensor device address is null
[ERROR] COMMON(740012,ffff9e04d020,python):2026-09-14-16:57:14.582.204 [mindspore/ccsrc/pybind_api/ir/tensor_py.cc:730] DataPtr] Tensor device address is null
[ERROR] COMMON(740012,ffff9e04d020,python):2026-09-14-16:57:14.588.385 [mindspore/ccsrc/pybind_api/ir/tensor_py.cc:730] DataPtr] Tensor device address is null
[ERROR] COMMON(740012,ffff9e04d020,python):2026-09-14-16:57:14.589.191 [mindspore/ccsrc/pybind_api/ir/tensor_py.cc:730] DataPtr] Tensor device address is null
[ERROR] COMMON(740012,ffff9e04d020,python):2026-09-14-16:57:14.589.912 [mindspore/ccsrc/pybind_api/ir/tensor_py.cc:730] DataPtr] Tensor device address is null
[ERROR] COMMON(740012,ffff9e04d020,python):2026-09-14-16:57:14.590.630 [mindspore/ccsrc/pybind_api/ir/tensor_py.cc:730] DataPtr] Tensor device address is null
[ERROR] COMMON(740012,ffff9e04d020,python):2026-09-14-16:57:14.591.324 [mindspore/ccsrc/pybind_api/ir/tensor_py.cc:730] DataPtr] Tensor device address is null
[ERROR] COMMON(740012,ffff9e04d020,python):2026-09-14-16:57:14.592.046 [mindspore/ccsrc/pybind_api/ir/tensor_py.cc:730] DataPtr] Tensor device address is null
[ERROR] COMMON(740012,ffff9e04d020,python):2026-09-14-16:57:14.594.851 [mindspore/ccsrc/pybind_api/ir/tensor_py.cc:730] DataPtr] Tensor device address is null
[ERROR] COMMON(740012,ffff9e04d020,python):2026-09-14-16:57:14.595.608 [mindspore/ccsrc/pybind_api/ir/tensor_py.cc:730] DataPtr] Tensor device address is null
[ERROR] COMMON(740012,ffff9e04d020,python):2026-09-14-16:57:14.598.452 [mindspore/ccsrc/pybind_api/ir/tensor_py.cc:730] DataPtr] Tensor device address is null
[ERROR] COMMON(740012,ffff9e04d020,python):2026-09-14-16:57:14.599.238 [mindspore/ccsrc/pybind_api/ir/tensor_py.cc:730] DataPtr] Tensor device address is null
[ERROR] COMMON(740012,ffff9e04d020,python):2026-09-14-16:57:14.601.523 [mindspore/ccsrc/pybind_api/ir/tensor_py.cc:730] DataPtr] Tensor device address is null
[ERROR] COMMON(740012,ffff9e04d020,python):2026-09-14-16:57:14.602.263 [mindspore/ccsrc/pybind_api/ir/tensor_py.cc:730] DataPtr] Tensor device address is null
[ERROR] COMMON(740012,ffff9e04d020,python):2026-09-14-16:57:14.605.055 [mindspore/ccsrc/pybind_api/ir/tensor_py.cc:730] DataPtr] Tensor device address is null
[ERROR] COMMON(740012,ffff9e04d020,python):2026-09-14-16:57:14.605.792 [mindspore/ccsrc/pybind_api/ir/tensor_py.cc:730] DataPtr] Tensor device address is null
[ERROR] COMMON(740012,ffff9e04d020,python):2026-09-14-16:57:14.611.917 [mindspore/ccsrc/pybind_api/ir/tensor_py.cc:730] DataPtr] Tensor device address is null
[ERROR] COMMON(740012,ffff9e04d020,python):2026-09-14-16:57:14.612.716 [mindspore/ccsrc/pybind_api/ir/tensor_py.cc:730] DataPtr] Tensor device address is null
[ERROR] COMMON(740012,ffff9e04d020,python):2026-09-14-16:57:14.618.485 [mindspore/ccsrc/pybind_api/ir/tensor_py.cc:730] DataPtr] Tensor device address is null
[ERROR] COMMON(740012,ffff9e04d020,python):2026-09-14-16:57:14.619.244 [mindspore/ccsrc/pybind_api/ir/tensor_py.cc:730] DataPtr] Tensor device address is null
[ERROR] COMMON(740012,ffff9e04d020,python):2026-09-14-16:57:14.619.957 [mindspore/ccsrc/pybind_api/ir/tensor_py.cc:730] DataPtr] Tensor device address is null
[ERROR] COMMON(740012,ffff9e04d020,python):2026-09-14-16:57:14.620.673 [mindspore/ccsrc/pybind_api/ir/tensor_py.cc:730] DataPtr] Tensor device address is null
[ERROR] COMMON(740012,ffff9e04d020,python):2026-09-14-16:57:14.621.377 [mindspore/ccsrc/pybind_api/ir/tensor_py.cc:730] DataPtr] Tensor device address is null
[ERROR] COMMON(740012,ffff9e04d020,python):2026-09-14-16:57:14.622.108 [mindspore/ccsrc/pybind_api/ir/tensor_py.cc:730] DataPtr] Tensor device address is null
[ERROR] COMMON(740012,ffff9e04d020,python):2026-09-14-16:57:14.624.924 [mindspore/ccsrc/pybind_api/ir/tensor_py.cc:730] DataPtr] Tensor device address is null
[ERROR] COMMON(740012,ffff9e04d020,python):2026-09-14-16:57:14.625.685 [mindspore/ccsrc/pybind_api/ir/tensor_py.cc:730] DataPtr] Tensor device address is null
[ERROR] COMMON(740012,ffff9e04d020,python):2026-09-14-16:57:14.628.376 [mindspore/ccsrc/pybind_api/ir/tensor_py.cc:730] DataPtr] Tensor device address is null
[ERROR] COMMON(740012,ffff9e04d020,python):2026-09-14-16:57:14.629.098 [mindspore/ccsrc/pybind_api/ir/tensor_py.cc:730] DataPtr] Tensor device address is null
[ERROR] COMMON(740012,ffff9e04d020,python):2026-09-14-16:57:14.631.810 [mindspore/ccsrc/pybind_api/ir/tensor_py.cc:730] DataPtr] Tensor device address is null
[ERROR] COMMON(740012,ffff9e04d020,python):2026-09-14-16:57:14.632.531 [mindspore/ccsrc/pybind_api/ir/tensor_py.cc:730] DataPtr] Tensor device address is null
[ERROR] COMMON(740012,ffff9e04d020,python):2026-09-14-16:57:14.635.259 [mindspore/ccsrc/pybind_api/ir/tensor_py.cc:730] DataPtr] Tensor device address is null
[ERROR] COMMON(740012,ffff9e04d020,python):2026-09-14-16:57:14.635.989 [mindspore/ccsrc/pybind_api/ir/tensor_py.cc:730] DataPtr] Tensor device address is null
[ERROR] COMMON(740012,ffff9e04d020,python):2026-09-14-16:57:14.641.592 [mindspore/ccsrc/pybind_api/ir/tensor_py.cc:730] DataPtr] Tensor device address is null
[ERROR] COMMON(740012,ffff9e04d020,python):2026-09-14-16:57:14.642.347 [mindspore/ccsrc/pybind_api/ir/tensor_py.cc:730] DataPtr] Tensor device address is null
[ERROR] COMMON(740012,ffff9e04d020,python):2026-09-14-16:57:14.648.505 [mindspore/ccsrc/pybind_api/ir/tensor_py.cc:730] DataPtr] Tensor device address is null
[ERROR] COMMON(740012,ffff9e04d020,python):2026-09-14-16:57:14.649.349 [mindspore/ccsrc/pybind_api/ir/tensor_py.cc:730] DataPtr] Tensor device address is null
[ERROR] COMMON(740012,ffff9e04d020,python):2026-09-14-16:57:14.657.999 [mindspore/ccsrc/pybind_api/ir/tensor_py.cc:730] DataPtr] Tensor device address is null
[ERROR] COMMON(740012,ffff9e04d020,python):2026-09-14-16:57:14.665.609 [mindspore/ccsrc/pybind_api/ir/tensor_py.cc:730] DataPtr] Tensor device address is null
[ERROR] COMMON(740012,ffff9e04d020,python):2026-09-14-16:57:14.738.535 [mindspore/ccsrc/pybind_api/ir/tensor_py.cc:730] DataPtr] Tensor device address is null
[ERROR] COMMON(740012,ffff9e04d020,python):2026-09-14-16:57:14.739.658 [mindspore/ccsrc/pybind_api/ir/tensor_py.cc:730] DataPtr] Tensor device address is null
[ERROR] COMMON(740012,ffff9e04d020,python):2026-09-14-16:57:14.740.385 [mindspore/ccsrc/pybind_api/ir/tensor_py.cc:730] DataPtr] Tensor device address is null
[ERROR] COMMON(740012,ffff9e04d020,python):2026-09-14-16:57:14.741.144 [mindspore/ccsrc/pybind_api/ir/tensor_py.cc:730] DataPtr] Tensor device address is null
[ERROR] COMMON(740012,ffff9e04d020,python):2026-09-14-16:57:14.741.844 [mindspore/ccsrc/pybind_api/ir/tensor_py.cc:730] DataPtr] Tensor device address is null
[ERROR] COMMON(740012,ffff9e04d020,python):2026-09-14-16:57:14.742.544 [mindspore/ccsrc/pybind_api/ir/tensor_py.cc:730] DataPtr] Tensor device address is null
[ERROR] COMMON(740012,ffff9e04d020,python):2026-09-14-16:57:14.743.229 [mindspore/ccsrc/pybind_api/ir/tensor_py.cc:730] DataPtr] Tensor device address is null
[ERROR] COMMON(740012,ffff9e04d020,python):2026-09-14-16:57:14.743.915 [mindspore/ccsrc/pybind_api/ir/tensor_py.cc:730] DataPtr] Tensor device address is null
[ERROR] COMMON(740012,ffff9e04d020,python):2026-09-14-16:57:14.746.651 [mindspore/ccsrc/pybind_api/ir/tensor_py.cc:730] DataPtr] Tensor device address is null
[ERROR] COMMON(740012,ffff9e04d020,python):2026-09-14-16:57:14.747.358 [mindspore/ccsrc/pybind_api/ir/tensor_py.cc:730] DataPtr] Tensor device address is null
[ERROR] COMMON(740012,ffff9e04d020,python):2026-09-14-16:57:14.750.311 [mindspore/ccsrc/pybind_api/ir/tensor_py.cc:730] DataPtr] Tensor device address is null
[ERROR] COMMON(740012,ffff9e04d020,python):2026-09-14-16:57:14.751.041 [mindspore/ccsrc/pybind_api/ir/tensor_py.cc:730] DataPtr] Tensor device address is null
[ERROR] COMMON(740012,ffff9e04d020,python):2026-09-14-16:57:14.753.516 [mindspore/ccsrc/pybind_api/ir/tensor_py.cc:730] DataPtr] Tensor device address is null
[ERROR] COMMON(740012,ffff9e04d020,python):2026-09-14-16:57:14.754.254 [mindspore/ccsrc/pybind_api/ir/tensor_py.cc:730] DataPtr] Tensor device address is null
[ERROR] COMMON(740012,ffff9e04d020,python):2026-09-14-16:57:14.757.253 [mindspore/ccsrc/pybind_api/ir/tensor_py.cc:730] DataPtr] Tensor device address is null
[ERROR] COMMON(740012,ffff9e04d020,python):2026-09-14-16:57:14.757.973 [mindspore/ccsrc/pybind_api/ir/tensor_py.cc:730] DataPtr] Tensor device address is null
[ERROR] COMMON(740012,ffff9e04d020,python):2026-09-14-16:57:14.764.182 [mindspore/ccsrc/pybind_api/ir/tensor_py.cc:730] DataPtr] Tensor device address is null
[ERROR] COMMON(740012,ffff9e04d020,python):2026-09-14-16:57:14.764.968 [mindspore/ccsrc/pybind_api/ir/tensor_py.cc:730] DataPtr] Tensor device address is null
[ERROR] COMMON(740012,ffff9e04d020,python):2026-09-14-16:57:14.771.544 [mindspore/ccsrc/pybind_api/ir/tensor_py.cc:730] DataPtr] Tensor device address is null
[ERROR] COMMON(740012,ffff9e04d020,python):2026-09-14-16:57:14.772.286 [mindspore/ccsrc/pybind_api/ir/tensor_py.cc:730] DataPtr] Tensor device address is null
[ERROR] COMMON(740012,ffff9e04d020,python):2026-09-14-16:57:14.773.015 [mindspore/ccsrc/pybind_api/ir/tensor_py.cc:730] DataPtr] Tensor device address is null
[ERROR] COMMON(740012,ffff9e04d020,python):2026-09-14-16:57:14.773.730 [mindspore/ccsrc/pybind_api/ir/tensor_py.cc:730] DataPtr] Tensor device address is null
[ERROR] COMMON(740012,ffff9e04d020,python):2026-09-14-16:57:14.774.430 [mindspore/ccsrc/pybind_api/ir/tensor_py.cc:730] DataPtr] Tensor device address is null
[ERROR] COMMON(740012,ffff9e04d020,python):2026-09-14-16:57:14.775.126 [mindspore/ccsrc/pybind_api/ir/tensor_py.cc:730] DataPtr] Tensor device address is null
[ERROR] COMMON(740012,ffff9e04d020,python):2026-09-14-16:57:14.778.126 [mindspore/ccsrc/pybind_api/ir/tensor_py.cc:730] DataPtr] Tensor device address is null
[ERROR] COMMON(740012,ffff9e04d020,python):2026-09-14-16:57:14.778.853 [mindspore/ccsrc/pybind_api/ir/tensor_py.cc:730] DataPtr] Tensor device address is null
[ERROR] COMMON(740012,ffff9e04d020,python):2026-09-14-16:57:14.784.638 [mindspore/ccsrc/pybind_api/ir/tensor_py.cc:730] DataPtr] Tensor device address is null
[ERROR] COMMON(740012,ffff9e04d020,python):2026-09-14-16:57:14.785.369 [mindspore/ccsrc/pybind_api/ir/tensor_py.cc:730] DataPtr] Tensor device address is null
[ERROR] COMMON(740012,ffff9e04d020,python):2026-09-14-16:57:14.788.516 [mindspore/ccsrc/pybind_api/ir/tensor_py.cc:730] DataPtr] Tensor device address is null
[ERROR] COMMON(740012,ffff9e04d020,python):2026-09-14-16:57:14.789.259 [mindspore/ccsrc/pybind_api/ir/tensor_py.cc:730] DataPtr] Tensor device address is null
[ERROR] COMMON(740012,ffff9e04d020,python):2026-09-14-16:57:14.791.840 [mindspore/ccsrc/pybind_api/ir/tensor_py.cc:730] DataPtr] Tensor device address is null
[ERROR] COMMON(740012,ffff9e04d020,python):2026-09-14-16:57:14.792.576 [mindspore/ccsrc/pybind_api/ir/tensor_py.cc:730] DataPtr] Tensor device address is null
[ERROR] COMMON(740012,ffff9e04d020,python):2026-09-14-16:57:14.799.128 [mindspore/ccsrc/pybind_api/ir/tensor_py.cc:730] DataPtr] Tensor device address is null
[ERROR] COMMON(740012,ffff9e04d020,python):2026-09-14-16:57:14.799.880 [mindspore/ccsrc/pybind_api/ir/tensor_py.cc:730] DataPtr] Tensor device address is null
[ERROR] COMMON(740012,ffff9e04d020,python):2026-09-14-16:57:14.807.041 [mindspore/ccsrc/pybind_api/ir/tensor_py.cc:730] DataPtr] Tensor device address is null
[ERROR] COMMON(740012,ffff9e04d020,python):2026-09-14-16:57:14.807.811 [mindspore/ccsrc/pybind_api/ir/tensor_py.cc:730] DataPtr] Tensor device address is null
[ERROR] COMMON(740012,ffff9e04d020,python):2026-09-14-16:57:14.808.521 [mindspore/ccsrc/pybind_api/ir/tensor_py.cc:730] DataPtr] Tensor device address is null
[ERROR] COMMON(740012,ffff9e04d020,python):2026-09-14-16:57:14.809.245 [mindspore/ccsrc/pybind_api/ir/tensor_py.cc:730] DataPtr] Tensor device address is null
[ERROR] COMMON(740012,ffff9e04d020,python):2026-09-14-16:57:14.809.953 [mindspore/ccsrc/pybind_api/ir/tensor_py.cc:730] DataPtr] Tensor device address is null
[ERROR] COMMON(740012,ffff9e04d020,python):2026-09-14-16:57:14.810.680 [mindspore/ccsrc/pybind_api/ir/tensor_py.cc:730] DataPtr] Tensor device address is null
[ERROR] COMMON(740012,ffff9e04d020,python):2026-09-14-16:57:14.813.577 [mindspore/ccsrc/pybind_api/ir/tensor_py.cc:730] DataPtr] Tensor device address is null
[ERROR] COMMON(740012,ffff9e04d020,python):2026-09-14-16:57:14.814.296 [mindspore/ccsrc/pybind_api/ir/tensor_py.cc:730] DataPtr] Tensor device address is null
[ERROR] COMMON(740012,ffff9e04d020,python):2026-09-14-16:57:14.817.475 [mindspore/ccsrc/pybind_api/ir/tensor_py.cc:730] DataPtr] Tensor device address is null
[ERROR] COMMON(740012,ffff9e04d020,python):2026-09-14-16:57:14.818.210 [mindspore/ccsrc/pybind_api/ir/tensor_py.cc:730] DataPtr] Tensor device address is null
[ERROR] COMMON(740012,ffff9e04d020,python):2026-09-14-16:57:14.821.804 [mindspore/ccsrc/pybind_api/ir/tensor_py.cc:730] DataPtr] Tensor device address is null
[ERROR] COMMON(740012,ffff9e04d020,python):2026-09-14-16:57:14.822.534 [mindspore/ccsrc/pybind_api/ir/tensor_py.cc:730] DataPtr] Tensor device address is null
[ERROR] COMMON(740012,ffff9e04d020,python):2026-09-14-16:57:14.825.646 [mindspore/ccsrc/pybind_api/ir/tensor_py.cc:730] DataPtr] Tensor device address is null
[ERROR] COMMON(740012,ffff9e04d020,python):2026-09-14-16:57:14.826.373 [mindspore/ccsrc/pybind_api/ir/tensor_py.cc:730] DataPtr] Tensor device address is null
[ERROR] COMMON(740012,ffff9e04d020,python):2026-09-14-16:57:14.833.359 [mindspore/ccsrc/pybind_api/ir/tensor_py.cc:730] DataPtr] Tensor device address is null
[ERROR] COMMON(740012,ffff9e04d020,python):2026-09-14-16:57:14.834.112 [mindspore/ccsrc/pybind_api/ir/tensor_py.cc:730] DataPtr] Tensor device address is null
[ERROR] COMMON(740012,ffff9e04d020,python):2026-09-14-16:57:14.840.593 [mindspore/ccsrc/pybind_api/ir/tensor_py.cc:730] DataPtr] Tensor device address is null
[ERROR] COMMON(740012,ffff9e04d020,python):2026-09-14-16:57:14.841.360 [mindspore/ccsrc/pybind_api/ir/tensor_py.cc:730] DataPtr] Tensor device address is null
[ERROR] COMMON(740012,ffff9e04d020,python):2026-09-14-16:57:14.842.073 [mindspore/ccsrc/pybind_api/ir/tensor_py.cc:730] DataPtr] Tensor device address is null
[ERROR] COMMON(740012,ffff9e04d020,python):2026-09-14-16:57:14.842.796 [mindspore/ccsrc/pybind_api/ir/tensor_py.cc:730] DataPtr] Tensor device address is null
[ERROR] COMMON(740012,ffff9e04d020,python):2026-09-14-16:57:14.843.490 [mindspore/ccsrc/pybind_api/ir/tensor_py.cc:730] DataPtr] Tensor device address is null
[ERROR] COMMON(740012,ffff9e04d020,python):2026-09-14-16:57:14.844.184 [mindspore/ccsrc/pybind_api/ir/tensor_py.cc:730] DataPtr] Tensor device address is null
[ERROR] COMMON(740012,ffff9e04d020,python):2026-09-14-16:57:14.846.789 [mindspore/ccsrc/pybind_api/ir/tensor_py.cc:730] DataPtr] Tensor device address is null
[ERROR] COMMON(740012,ffff9e04d020,python):2026-09-14-16:57:14.847.507 [mindspore/ccsrc/pybind_api/ir/tensor_py.cc:730] DataPtr] Tensor device address is null
[ERROR] COMMON(740012,ffff9e04d020,python):2026-09-14-16:57:14.850.680 [mindspore/ccsrc/pybind_api/ir/tensor_py.cc:730] DataPtr] Tensor device address is null
[ERROR] COMMON(740012,ffff9e04d020,python):2026-09-14-16:57:14.851.397 [mindspore/ccsrc/pybind_api/ir/tensor_py.cc:730] DataPtr] Tensor device address is null
[ERROR] COMMON(740012,ffff9e04d020,python):2026-09-14-16:57:14.856.150 [mindspore/ccsrc/pybind_api/ir/tensor_py.cc:730] DataPtr] Tensor device address is null
[ERROR] COMMON(740012,ffff9e04d020,python):2026-09-14-16:57:14.856.896 [mindspore/ccsrc/pybind_api/ir/tensor_py.cc:730] DataPtr] Tensor device address is null
[ERROR] COMMON(740012,ffff9e04d020,python):2026-09-14-16:57:14.860.023 [mindspore/ccsrc/pybind_api/ir/tensor_py.cc:730] DataPtr] Tensor device address is null
[ERROR] COMMON(740012,ffff9e04d020,python):2026-09-14-16:57:14.860.746 [mindspore/ccsrc/pybind_api/ir/tensor_py.cc:730] DataPtr] Tensor device address is null
[ERROR] COMMON(740012,ffff9e04d020,python):2026-09-14-16:57:14.867.207 [mindspore/ccsrc/pybind_api/ir/tensor_py.cc:730] DataPtr] Tensor device address is null
[ERROR] COMMON(740012,ffff9e04d020,python):2026-09-14-16:57:14.867.955 [mindspore/ccsrc/pybind_api/ir/tensor_py.cc:730] DataPtr] Tensor device address is null
[ERROR] COMMON(740012,ffff9e04d020,python):2026-09-14-16:57:14.875.178 [mindspore/ccsrc/pybind_api/ir/tensor_py.cc:730] DataPtr] Tensor device address is null
[ERROR] COMMON(740012,ffff9e04d020,python):2026-09-14-16:57:14.875.929 [mindspore/ccsrc/pybind_api/ir/tensor_py.cc:730] DataPtr] Tensor device address is null
[ERROR] COMMON(740012,ffff9e04d020,python):2026-09-14-16:57:14.876.658 [mindspore/ccsrc/pybind_api/ir/tensor_py.cc:730] DataPtr] Tensor device address is null
[ERROR] COMMON(740012,ffff9e04d020,python):2026-09-14-16:57:14.877.380 [mindspore/ccsrc/pybind_api/ir/tensor_py.cc:730] DataPtr] Tensor device address is null
[ERROR] COMMON(740012,ffff9e04d020,python):2026-09-14-16:57:14.878.088 [mindspore/ccsrc/pybind_api/ir/tensor_py.cc:730] DataPtr] Tensor device address is null
[ERROR] COMMON(740012,ffff9e04d020,python):2026-09-14-16:57:14.878.804 [mindspore/ccsrc/pybind_api/ir/tensor_py.cc:730] DataPtr] Tensor device address is null
[ERROR] COMMON(740012,ffff9e04d020,python):2026-09-14-16:57:14.881.357 [mindspore/ccsrc/pybind_api/ir/tensor_py.cc:730] DataPtr] Tensor device address is null
[ERROR] COMMON(740012,ffff9e04d020,python):2026-09-14-16:57:14.882.069 [mindspore/ccsrc/pybind_api/ir/tensor_py.cc:730] DataPtr] Tensor device address is null
[ERROR] COMMON(740012,ffff9e04d020,python):2026-09-14-16:57:14.885.263 [mindspore/ccsrc/pybind_api/ir/tensor_py.cc:730] DataPtr] Tensor device address is null
[ERROR] COMMON(740012,ffff9e04d020,python):2026-09-14-16:57:14.885.997 [mindspore/ccsrc/pybind_api/ir/tensor_py.cc:730] DataPtr] Tensor device address is null
[ERROR] COMMON(740012,ffff9e04d020,python):2026-09-14-16:57:14.891.417 [mindspore/ccsrc/pybind_api/ir/tensor_py.cc:730] DataPtr] Tensor device address is null
[ERROR] COMMON(740012,ffff9e04d020,python):2026-09-14-16:57:14.892.140 [mindspore/ccsrc/pybind_api/ir/tensor_py.cc:730] DataPtr] Tensor device address is null
[ERROR] COMMON(740012,ffff9e04d020,python):2026-09-14-16:57:14.895.221 [mindspore/ccsrc/pybind_api/ir/tensor_py.cc:730] DataPtr] Tensor device address is null
[ERROR] COMMON(740012,ffff9e04d020,python):2026-09-14-16:57:14.895.940 [mindspore/ccsrc/pybind_api/ir/tensor_py.cc:730] DataPtr] Tensor device address is null
[ERROR] COMMON(740012,ffff9e04d020,python):2026-09-14-16:57:14.903.043 [mindspore/ccsrc/pybind_api/ir/tensor_py.cc:730] DataPtr] Tensor device address is null
[ERROR] COMMON(740012,ffff9e04d020,python):2026-09-14-16:57:14.903.810 [mindspore/ccsrc/pybind_api/ir/tensor_py.cc:730] DataPtr] Tensor device address is null
[ERROR] COMMON(740012,ffff9e04d020,python):2026-09-14-16:57:14.910.293 [mindspore/ccsrc/pybind_api/ir/tensor_py.cc:730] DataPtr] Tensor device address is null
[ERROR] COMMON(740012,ffff9e04d020,python):2026-09-14-16:57:14.911.034 [mindspore/ccsrc/pybind_api/ir/tensor_py.cc:730] DataPtr] Tensor device address is null
[ERROR] COMMON(740012,ffff9e04d020,python):2026-09-14-16:57:14.911.743 [mindspore/ccsrc/pybind_api/ir/tensor_py.cc:730] DataPtr] Tensor device address is null
[ERROR] COMMON(740012,ffff9e04d020,python):2026-09-14-16:57:14.912.454 [mindspore/ccsrc/pybind_api/ir/tensor_py.cc:730] DataPtr] Tensor device address is null
[ERROR] COMMON(740012,ffff9e04d020,python):2026-09-14-16:57:14.913.167 [mindspore/ccsrc/pybind_api/ir/tensor_py.cc:730] DataPtr] Tensor device address is null
[ERROR] COMMON(740012,ffff9e04d020,python):2026-09-14-16:57:14.913.866 [mindspore/ccsrc/pybind_api/ir/tensor_py.cc:730] DataPtr] Tensor device address is null
[ERROR] COMMON(740012,ffff9e04d020,python):2026-09-14-16:57:14.916.369 [mindspore/ccsrc/pybind_api/ir/tensor_py.cc:730] DataPtr] Tensor device address is null
[ERROR] COMMON(740012,ffff9e04d020,python):2026-09-14-16:57:14.917.097 [mindspore/ccsrc/pybind_api/ir/tensor_py.cc:730] DataPtr] Tensor device address is null
[ERROR] COMMON(740012,ffff9e04d020,python):2026-09-14-16:57:14.920.369 [mindspore/ccsrc/pybind_api/ir/tensor_py.cc:730] DataPtr] Tensor device address is null
[ERROR] COMMON(740012,ffff9e04d020,python):2026-09-14-16:57:14.921.097 [mindspore/ccsrc/pybind_api/ir/tensor_py.cc:730] DataPtr] Tensor device address is null
[ERROR] COMMON(740012,ffff9e04d020,python):2026-09-14-16:57:14.925.090 [mindspore/ccsrc/pybind_api/ir/tensor_py.cc:730] DataPtr] Tensor device address is null
[ERROR] COMMON(740012,ffff9e04d020,python):2026-09-14-16:57:14.925.814 [mindspore/ccsrc/pybind_api/ir/tensor_py.cc:730] DataPtr] Tensor device address is null
[ERROR] COMMON(740012,ffff9e04d020,python):2026-09-14-16:57:14.929.507 [mindspore/ccsrc/pybind_api/ir/tensor_py.cc:730] DataPtr] Tensor device address is null
[ERROR] COMMON(740012,ffff9e04d020,python):2026-09-14-16:57:14.930.232 [mindspore/ccsrc/pybind_api/ir/tensor_py.cc:730] DataPtr] Tensor device address is null
[ERROR] COMMON(740012,ffff9e04d020,python):2026-09-14-16:57:14.936.693 [mindspore/ccsrc/pybind_api/ir/tensor_py.cc:730] DataPtr] Tensor device address is null
[ERROR] COMMON(740012,ffff9e04d020,python):2026-09-14-16:57:14.937.451 [mindspore/ccsrc/pybind_api/ir/tensor_py.cc:730] DataPtr] Tensor device address is null
[ERROR] COMMON(740012,ffff9e04d020,python):2026-09-14-16:57:14.944.436 [mindspore/ccsrc/pybind_api/ir/tensor_py.cc:730] DataPtr] Tensor device address is null
[ERROR] COMMON(740012,ffff9e04d020,python):2026-09-14-16:57:14.945.200 [mindspore/ccsrc/pybind_api/ir/tensor_py.cc:730] DataPtr] Tensor device address is null
[ERROR] COMMON(740012,ffff9e04d020,python):2026-09-14-16:57:14.945.914 [mindspore/ccsrc/pybind_api/ir/tensor_py.cc:730] DataPtr] Tensor device address is null
[ERROR] COMMON(740012,ffff9e04d020,python):2026-09-14-16:57:14.946.617 [mindspore/ccsrc/pybind_api/ir/tensor_py.cc:730] DataPtr] Tensor device address is null
[ERROR] COMMON(740012,ffff9e04d020,python):2026-09-14-16:57:14.947.318 [mindspore/ccsrc/pybind_api/ir/tensor_py.cc:730] DataPtr] Tensor device address is null
[ERROR] COMMON(740012,ffff9e04d020,python):2026-09-14-16:57:14.948.020 [mindspore/ccsrc/pybind_api/ir/tensor_py.cc:730] DataPtr] Tensor device address is null
[ERROR] COMMON(740012,ffff9e04d020,python):2026-09-14-16:57:14.950.529 [mindspore/ccsrc/pybind_api/ir/tensor_py.cc:730] DataPtr] Tensor device address is null
[ERROR] COMMON(740012,ffff9e04d020,python):2026-09-14-16:57:14.951.252 [mindspore/ccsrc/pybind_api/ir/tensor_py.cc:730] DataPtr] Tensor device address is null
[ERROR] COMMON(740012,ffff9e04d020,python):2026-09-14-16:57:14.954.347 [mindspore/ccsrc/pybind_api/ir/tensor_py.cc:730] DataPtr] Tensor device address is null
[ERROR] COMMON(740012,ffff9e04d020,python):2026-09-14-16:57:14.955.118 [mindspore/ccsrc/pybind_api/ir/tensor_py.cc:730] DataPtr] Tensor device address is null
[ERROR] COMMON(740012,ffff9e04d020,python):2026-09-14-16:57:14.959.779 [mindspore/ccsrc/pybind_api/ir/tensor_py.cc:730] DataPtr] Tensor device address is null
[ERROR] COMMON(740012,ffff9e04d020,python):2026-09-14-16:57:14.960.515 [mindspore/ccsrc/pybind_api/ir/tensor_py.cc:730] DataPtr] Tensor device address is null
[ERROR] COMMON(740012,ffff9e04d020,python):2026-09-14-16:57:14.963.664 [mindspore/ccsrc/pybind_api/ir/tensor_py.cc:730] DataPtr] Tensor device address is null
[ERROR] COMMON(740012,ffff9e04d020,python):2026-09-14-16:57:14.964.394 [mindspore/ccsrc/pybind_api/ir/tensor_py.cc:730] DataPtr] Tensor device address is null
[ERROR] COMMON(740012,ffff9e04d020,python):2026-09-14-16:57:14.971.330 [mindspore/ccsrc/pybind_api/ir/tensor_py.cc:730] DataPtr] Tensor device address is null
[ERROR] COMMON(740012,ffff9e04d020,python):2026-09-14-16:57:14.972.086 [mindspore/ccsrc/pybind_api/ir/tensor_py.cc:730] DataPtr] Tensor device address is null
[ERROR] COMMON(740012,ffff9e04d020,python):2026-09-14-16:57:14.978.579 [mindspore/ccsrc/pybind_api/ir/tensor_py.cc:730] DataPtr] Tensor device address is null
[ERROR] COMMON(740012,ffff9e04d020,python):2026-09-14-16:57:14.979.323 [mindspore/ccsrc/pybind_api/ir/tensor_py.cc:730] DataPtr] Tensor device address is null
[ERROR] COMMON(740012,ffff9e04d020,python):2026-09-14-16:57:14.980.055 [mindspore/ccsrc/pybind_api/ir/tensor_py.cc:730] DataPtr] Tensor device address is null
[ERROR] COMMON(740012,ffff9e04d020,python):2026-09-14-16:57:14.980.781 [mindspore/ccsrc/pybind_api/ir/tensor_py.cc:730] DataPtr] Tensor device address is null
[ERROR] COMMON(740012,ffff9e04d020,python):2026-09-14-16:57:14.981.493 [mindspore/ccsrc/pybind_api/ir/tensor_py.cc:730] DataPtr] Tensor device address is null
[ERROR] COMMON(740012,ffff9e04d020,python):2026-09-14-16:57:14.982.192 [mindspore/ccsrc/pybind_api/ir/tensor_py.cc:730] DataPtr] Tensor device address is null
[ERROR] COMMON(740012,ffff9e04d020,python):2026-09-14-16:57:14.985.377 [mindspore/ccsrc/pybind_api/ir/tensor_py.cc:730] DataPtr] Tensor device address is null
[ERROR] COMMON(740012,ffff9e04d020,python):2026-09-14-16:57:14.986.114 [mindspore/ccsrc/pybind_api/ir/tensor_py.cc:730] DataPtr] Tensor device address is null
[ERROR] COMMON(740012,ffff9e04d020,python):2026-09-14-16:57:14.989.287 [mindspore/ccsrc/pybind_api/ir/tensor_py.cc:730] DataPtr] Tensor device address is null
[ERROR] COMMON(740012,ffff9e04d020,python):2026-09-14-16:57:14.990.018 [mindspore/ccsrc/pybind_api/ir/tensor_py.cc:730] DataPtr] Tensor device address is null
[ERROR] COMMON(740012,ffff9e04d020,python):2026-09-14-16:57:14.996.336 [mindspore/ccsrc/pybind_api/ir/tensor_py.cc:730] DataPtr] Tensor device address is null
[ERROR] COMMON(740012,ffff9e04d020,python):2026-09-14-16:57:14.997.085 [mindspore/ccsrc/pybind_api/ir/tensor_py.cc:730] DataPtr] Tensor device address is null
[ERROR] COMMON(740012,ffff9e04d020,python):2026-09-14-16:57:15.000.215 [mindspore/ccsrc/pybind_api/ir/tensor_py.cc:730] DataPtr] Tensor device address is null
[ERROR] COMMON(740012,ffff9e04d020,python):2026-09-14-16:57:15.000.953 [mindspore/ccsrc/pybind_api/ir/tensor_py.cc:730] DataPtr] Tensor device address is null
[ERROR] COMMON(740012,ffff9e04d020,python):2026-09-14-16:57:15.007.358 [mindspore/ccsrc/pybind_api/ir/tensor_py.cc:730] DataPtr] Tensor device address is null
[ERROR] COMMON(740012,ffff9e04d020,python):2026-09-14-16:57:15.008.108 [mindspore/ccsrc/pybind_api/ir/tensor_py.cc:730] DataPtr] Tensor device address is null
[ERROR] COMMON(740012,ffff9e04d020,python):2026-09-14-16:57:15.015.193 [mindspore/ccsrc/pybind_api/ir/tensor_py.cc:730] DataPtr] Tensor device address is null
[ERROR] COMMON(740012,ffff9e04d020,python):2026-09-14-16:57:15.015.935 [mindspore/ccsrc/pybind_api/ir/tensor_py.cc:730] DataPtr] Tensor device address is null
[ERROR] COMMON(740012,ffff9e04d020,python):2026-09-14-16:57:15.016.654 [mindspore/ccsrc/pybind_api/ir/tensor_py.cc:730] DataPtr] Tensor device address is null
[ERROR] COMMON(740012,ffff9e04d020,python):2026-09-14-16:57:15.017.371 [mindspore/ccsrc/pybind_api/ir/tensor_py.cc:730] DataPtr] Tensor device address is null
[ERROR] COMMON(740012,ffff9e04d020,python):2026-09-14-16:57:15.018.068 [mindspore/ccsrc/pybind_api/ir/tensor_py.cc:730] DataPtr] Tensor device address is null
[ERROR] COMMON(740012,ffff9e04d020,python):2026-09-14-16:57:15.018.783 [mindspore/ccsrc/pybind_api/ir/tensor_py.cc:730] DataPtr] Tensor device address is null
[ERROR] COMMON(740012,ffff9e04d020,python):2026-09-14-16:57:15.021.963 [mindspore/ccsrc/pybind_api/ir/tensor_py.cc:730] DataPtr] Tensor device address is null
[ERROR] COMMON(740012,ffff9e04d020,python):2026-09-14-16:57:15.022.688 [mindspore/ccsrc/pybind_api/ir/tensor_py.cc:730] DataPtr] Tensor device address is null
[ERROR] COMMON(740012,ffff9e04d020,python):2026-09-14-16:57:15.027.315 [mindspore/ccsrc/pybind_api/ir/tensor_py.cc:730] DataPtr] Tensor device address is null
[ERROR] COMMON(740012,ffff9e04d020,python):2026-09-14-16:57:15.028.098 [mindspore/ccsrc/pybind_api/ir/tensor_py.cc:730] DataPtr] Tensor device address is null
[ERROR] COMMON(740012,ffff9e04d020,python):2026-09-14-16:57:15.031.954 [mindspore/ccsrc/pybind_api/ir/tensor_py.cc:730] DataPtr] Tensor device address is null
[ERROR] COMMON(740012,ffff9e04d020,python):2026-09-14-16:57:15.032.693 [mindspore/ccsrc/pybind_api/ir/tensor_py.cc:730] DataPtr] Tensor device address is null
[ERROR] COMMON(740012,ffff9e04d020,python):2026-09-14-16:57:15.035.809 [mindspore/ccsrc/pybind_api/ir/tensor_py.cc:730] DataPtr] Tensor device address is null
[ERROR] COMMON(740012,ffff9e04d020,python):2026-09-14-16:57:15.036.630 [mindspore/ccsrc/pybind_api/ir/tensor_py.cc:730] DataPtr] Tensor device address is null
[ERROR] COMMON(740012,ffff9e04d020,python):2026-09-14-16:57:15.043.682 [mindspore/ccsrc/pybind_api/ir/tensor_py.cc:730] DataPtr] Tensor device address is null
[ERROR] COMMON(740012,ffff9e04d020,python):2026-09-14-16:57:15.044.440 [mindspore/ccsrc/pybind_api/ir/tensor_py.cc:730] DataPtr] Tensor device address is null
[ERROR] COMMON(740012,ffff9e04d020,python):2026-09-14-16:57:15.050.844 [mindspore/ccsrc/pybind_api/ir/tensor_py.cc:730] DataPtr] Tensor device address is null
[ERROR] COMMON(740012,ffff9e04d020,python):2026-09-14-16:57:15.051.570 [mindspore/ccsrc/pybind_api/ir/tensor_py.cc:730] DataPtr] Tensor device address is null
[ERROR] COMMON(740012,ffff9e04d020,python):2026-09-14-16:57:15.052.272 [mindspore/ccsrc/pybind_api/ir/tensor_py.cc:730] DataPtr] Tensor device address is null
[ERROR] COMMON(740012,ffff9e04d020,python):2026-09-14-16:57:15.052.980 [mindspore/ccsrc/pybind_api/ir/tensor_py.cc:730] DataPtr] Tensor device address is null
[ERROR] COMMON(740012,ffff9e04d020,python):2026-09-14-16:57:15.053.684 [mindspore/ccsrc/pybind_api/ir/tensor_py.cc:730] DataPtr] Tensor device address is null
[ERROR] COMMON(740012,ffff9e04d020,python):2026-09-14-16:57:15.054.387 [mindspore/ccsrc/pybind_api/ir/tensor_py.cc:730] DataPtr] Tensor device address is null
[ERROR] COMMON(740012,ffff9e04d020,python):2026-09-14-16:57:15.057.566 [mindspore/ccsrc/pybind_api/ir/tensor_py.cc:730] DataPtr] Tensor device address is null
[ERROR] COMMON(740012,ffff9e04d020,python):2026-09-14-16:57:15.058.291 [mindspore/ccsrc/pybind_api/ir/tensor_py.cc:730] DataPtr] Tensor device address is null
[ERROR] COMMON(740012,ffff9e04d020,python):2026-09-14-16:57:15.061.466 [mindspore/ccsrc/pybind_api/ir/tensor_py.cc:730] DataPtr] Tensor device address is null
[ERROR] COMMON(740012,ffff9e04d020,python):2026-09-14-16:57:15.062.190 [mindspore/ccsrc/pybind_api/ir/tensor_py.cc:730] DataPtr] Tensor device address is null
[ERROR] COMMON(740012,ffff9e04d020,python):2026-09-14-16:57:15.067.657 [mindspore/ccsrc/pybind_api/ir/tensor_py.cc:730] DataPtr] Tensor device address is null
[ERROR] COMMON(740012,ffff9e04d020,python):2026-09-14-16:57:15.068.374 [mindspore/ccsrc/pybind_api/ir/tensor_py.cc:730] DataPtr] Tensor device address is null
[ERROR] COMMON(740012,ffff9e04d020,python):2026-09-14-16:57:15.071.465 [mindspore/ccsrc/pybind_api/ir/tensor_py.cc:730] DataPtr] Tensor device address is null
[ERROR] COMMON(740012,ffff9e04d020,python):2026-09-14-16:57:15.072.186 [mindspore/ccsrc/pybind_api/ir/tensor_py.cc:730] DataPtr] Tensor device address is null
[ERROR] COMMON(740012,ffff9e04d020,python):2026-09-14-16:57:15.078.572 [mindspore/ccsrc/pybind_api/ir/tensor_py.cc:730] DataPtr] Tensor device address is null
[ERROR] COMMON(740012,ffff9e04d020,python):2026-09-14-16:57:15.079.332 [mindspore/ccsrc/pybind_api/ir/tensor_py.cc:730] DataPtr] Tensor device address is null
[ERROR] COMMON(740012,ffff9e04d020,python):2026-09-14-16:57:15.086.455 [mindspore/ccsrc/pybind_api/ir/tensor_py.cc:730] DataPtr] Tensor device address is null
[ERROR] COMMON(740012,ffff9e04d020,python):2026-09-14-16:57:15.087.215 [mindspore/ccsrc/pybind_api/ir/tensor_py.cc:730] DataPtr] Tensor device address is null
[ERROR] COMMON(740012,ffff9e04d020,python):2026-09-14-16:57:15.087.945 [mindspore/ccsrc/pybind_api/ir/tensor_py.cc:730] DataPtr] Tensor device address is null
[ERROR] COMMON(740012,ffff9e04d020,python):2026-09-14-16:57:15.088.663 [mindspore/ccsrc/pybind_api/ir/tensor_py.cc:730] DataPtr] Tensor device address is null
[ERROR] COMMON(740012,ffff9e04d020,python):2026-09-14-16:57:15.089.369 [mindspore/ccsrc/pybind_api/ir/tensor_py.cc:730] DataPtr] Tensor device address is null
[ERROR] COMMON(740012,ffff9e04d020,python):2026-09-14-16:57:15.090.087 [mindspore/ccsrc/pybind_api/ir/tensor_py.cc:730] DataPtr] Tensor device address is null
[ERROR] COMMON(740012,ffff9e04d020,python):2026-09-14-16:57:15.092.662 [mindspore/ccsrc/pybind_api/ir/tensor_py.cc:730] DataPtr] Tensor device address is null
[ERROR] COMMON(740012,ffff9e04d020,python):2026-09-14-16:57:15.093.405 [mindspore/ccsrc/pybind_api/ir/tensor_py.cc:730] DataPtr] Tensor device address is null
[ERROR] COMMON(740012,ffff9e04d020,python):2026-09-14-16:57:15.096.438 [mindspore/ccsrc/pybind_api/ir/tensor_py.cc:730] DataPtr] Tensor device address is null
[ERROR] COMMON(740012,ffff9e04d020,python):2026-09-14-16:57:15.097.163 [mindspore/ccsrc/pybind_api/ir/tensor_py.cc:730] DataPtr] Tensor device address is null
[ERROR] COMMON(740012,ffff9e04d020,python):2026-09-14-16:57:15.100.738 [mindspore/ccsrc/pybind_api/ir/tensor_py.cc:730] DataPtr] Tensor device address is null
[ERROR] COMMON(740012,ffff9e04d020,python):2026-09-14-16:57:15.101.460 [mindspore/ccsrc/pybind_api/ir/tensor_py.cc:730] DataPtr] Tensor device address is null
[ERROR] COMMON(740012,ffff9e04d020,python):2026-09-14-16:57:15.104.613 [mindspore/ccsrc/pybind_api/ir/tensor_py.cc:730] DataPtr] Tensor device address is null
[ERROR] COMMON(740012,ffff9e04d020,python):2026-09-14-16:57:15.105.348 [mindspore/ccsrc/pybind_api/ir/tensor_py.cc:730] DataPtr] Tensor device address is null
[ERROR] COMMON(740012,ffff9e04d020,python):2026-09-14-16:57:15.112.339 [mindspore/ccsrc/pybind_api/ir/tensor_py.cc:730] DataPtr] Tensor device address is null
[ERROR] COMMON(740012,ffff9e04d020,python):2026-09-14-16:57:15.113.102 [mindspore/ccsrc/pybind_api/ir/tensor_py.cc:730] DataPtr] Tensor device address is null
[ERROR] COMMON(740012,ffff9e04d020,python):2026-09-14-16:57:15.119.616 [mindspore/ccsrc/pybind_api/ir/tensor_py.cc:730] DataPtr] Tensor device address is null
[ERROR] COMMON(740012,ffff9e04d020,python):2026-09-14-16:57:15.120.350 [mindspore/ccsrc/pybind_api/ir/tensor_py.cc:730] DataPtr] Tensor device address is null
[ERROR] COMMON(740012,ffff9e04d020,python):2026-09-14-16:57:15.121.072 [mindspore/ccsrc/pybind_api/ir/tensor_py.cc:730] DataPtr] Tensor device address is null
[ERROR] COMMON(740012,ffff9e04d020,python):2026-09-14-16:57:15.121.785 [mindspore/ccsrc/pybind_api/ir/tensor_py.cc:730] DataPtr] Tensor device address is null
[ERROR] COMMON(740012,ffff9e04d020,python):2026-09-14-16:57:15.122.580 [mindspore/ccsrc/pybind_api/ir/tensor_py.cc:730] DataPtr] Tensor device address is null
[ERROR] COMMON(740012,ffff9e04d020,python):2026-09-14-16:57:15.123.289 [mindspore/ccsrc/pybind_api/ir/tensor_py.cc:730] DataPtr] Tensor device address is null
[ERROR] COMMON(740012,ffff9e04d020,python):2026-09-14-16:57:15.125.841 [mindspore/ccsrc/pybind_api/ir/tensor_py.cc:730] DataPtr] Tensor device address is null
[ERROR] COMMON(740012,ffff9e04d020,python):2026-09-14-16:57:15.126.574 [mindspore/ccsrc/pybind_api/ir/tensor_py.cc:730] DataPtr] Tensor device address is null
[ERROR] COMMON(740012,ffff9e04d020,python):2026-09-14-16:57:15.129.662 [mindspore/ccsrc/pybind_api/ir/tensor_py.cc:730] DataPtr] Tensor device address is null
[ERROR] COMMON(740012,ffff9e04d020,python):2026-09-14-16:57:15.130.398 [mindspore/ccsrc/pybind_api/ir/tensor_py.cc:730] DataPtr] Tensor device address is null
[ERROR] COMMON(740012,ffff9e04d020,python):2026-09-14-16:57:15.135.094 [mindspore/ccsrc/pybind_api/ir/tensor_py.cc:730] DataPtr] Tensor device address is null
[ERROR] COMMON(740012,ffff9e04d020,python):2026-09-14-16:57:15.135.810 [mindspore/ccsrc/pybind_api/ir/tensor_py.cc:730] DataPtr] Tensor device address is null
[ERROR] COMMON(740012,ffff9e04d020,python):2026-09-14-16:57:15.138.952 [mindspore/ccsrc/pybind_api/ir/tensor_py.cc:730] DataPtr] Tensor device address is null
[ERROR] COMMON(740012,ffff9e04d020,python):2026-09-14-16:57:15.139.668 [mindspore/ccsrc/pybind_api/ir/tensor_py.cc:730] DataPtr] Tensor device address is null
[ERROR] COMMON(740012,ffff9e04d020,python):2026-09-14-16:57:15.146.262 [mindspore/ccsrc/pybind_api/ir/tensor_py.cc:730] DataPtr] Tensor device address is null
[ERROR] COMMON(740012,ffff9e04d020,python):2026-09-14-16:57:15.147.041 [mindspore/ccsrc/pybind_api/ir/tensor_py.cc:730] DataPtr] Tensor device address is null
[ERROR] COMMON(740012,ffff9e04d020,python):2026-09-14-16:57:15.154.158 [mindspore/ccsrc/pybind_api/ir/tensor_py.cc:730] DataPtr] Tensor device address is null
[ERROR] COMMON(740012,ffff9e04d020,python):2026-09-14-16:57:15.154.887 [mindspore/ccsrc/pybind_api/ir/tensor_py.cc:730] DataPtr] Tensor device address is null
[ERROR] COMMON(740012,ffff9e04d020,python):2026-09-14-16:57:15.227.668 [mindspore/ccsrc/pybind_api/ir/tensor_py.cc:730] DataPtr] Tensor device address is null
[ERROR] COMMON(740012,ffff9e04d020,python):2026-09-14-16:57:15.229.127 [mindspore/ccsrc/pybind_api/ir/tensor_py.cc:730] DataPtr] Tensor device address is null
[ERROR] COMMON(740012,ffff9e04d020,python):2026-09-14-16:57:15.229.854 [mindspore/ccsrc/pybind_api/ir/tensor_py.cc:730] DataPtr] Tensor device address is null
[ERROR] COMMON(740012,ffff9e04d020,python):2026-09-14-16:57:15.230.548 [mindspore/ccsrc/pybind_api/ir/tensor_py.cc:730] DataPtr] Tensor device address is null
[ERROR] COMMON(740012,ffff9e04d020,python):2026-09-14-16:57:15.231.258 [mindspore/ccsrc/pybind_api/ir/tensor_py.cc:730] DataPtr] Tensor device address is null
[ERROR] COMMON(740012,ffff9e04d020,python):2026-09-14-16:57:15.231.956 [mindspore/ccsrc/pybind_api/ir/tensor_py.cc:730] DataPtr] Tensor device address is null
[ERROR] COMMON(740012,ffff9e04d020,python):2026-09-14-16:57:15.232.679 [mindspore/ccsrc/pybind_api/ir/tensor_py.cc:730] DataPtr] Tensor device address is null
[ERROR] COMMON(740012,ffff9e04d020,python):2026-09-14-16:57:15.233.393 [mindspore/ccsrc/pybind_api/ir/tensor_py.cc:730] DataPtr] Tensor device address is null
[ERROR] COMMON(740012,ffff9e04d020,python):2026-09-14-16:57:15.235.916 [mindspore/ccsrc/pybind_api/ir/tensor_py.cc:730] DataPtr] Tensor device address is null
[ERROR] COMMON(740012,ffff9e04d020,python):2026-09-14-16:57:15.236.631 [mindspore/ccsrc/pybind_api/ir/tensor_py.cc:730] DataPtr] Tensor device address is null
[ERROR] COMMON(740012,ffff9e04d020,python):2026-09-14-16:57:15.239.182 [mindspore/ccsrc/pybind_api/ir/tensor_py.cc:730] DataPtr] Tensor device address is null
[ERROR] COMMON(740012,ffff9e04d020,python):2026-09-14-16:57:15.239.893 [mindspore/ccsrc/pybind_api/ir/tensor_py.cc:730] DataPtr] Tensor device address is null
[ERROR] COMMON(740012,ffff9e04d020,python):2026-09-14-16:57:15.242.538 [mindspore/ccsrc/pybind_api/ir/tensor_py.cc:730] DataPtr] Tensor device address is null
[ERROR] COMMON(740012,ffff9e04d020,python):2026-09-14-16:57:15.243.254 [mindspore/ccsrc/pybind_api/ir/tensor_py.cc:730] DataPtr] Tensor device address is null
[ERROR] COMMON(740012,ffff9e04d020,python):2026-09-14-16:57:15.248.756 [mindspore/ccsrc/pybind_api/ir/tensor_py.cc:730] DataPtr] Tensor device address is null
[ERROR] COMMON(740012,ffff9e04d020,python):2026-09-14-16:57:15.249.481 [mindspore/ccsrc/pybind_api/ir/tensor_py.cc:730] DataPtr] Tensor device address is null
[ERROR] COMMON(740012,ffff9e04d020,python):2026-09-14-16:57:15.256.446 [mindspore/ccsrc/pybind_api/ir/tensor_py.cc:730] DataPtr] Tensor device address is null
[ERROR] COMMON(740012,ffff9e04d020,python):2026-09-14-16:57:15.257.222 [mindspore/ccsrc/pybind_api/ir/tensor_py.cc:730] DataPtr] Tensor device address is null
[ERROR] COMMON(740012,ffff9e04d020,python):2026-09-14-16:57:15.263.759 [mindspore/ccsrc/pybind_api/ir/tensor_py.cc:730] DataPtr] Tensor device address is null
[ERROR] COMMON(740012,ffff9e04d020,python):2026-09-14-16:57:15.264.499 [mindspore/ccsrc/pybind_api/ir/tensor_py.cc:730] DataPtr] Tensor device address is null
[ERROR] COMMON(740012,ffff9e04d020,python):2026-09-14-16:57:15.265.383 [mindspore/ccsrc/pybind_api/ir/tensor_py.cc:730] DataPtr] Tensor device address is null
[ERROR] COMMON(740012,ffff9e04d020,python):2026-09-14-16:57:15.266.106 [mindspore/ccsrc/pybind_api/ir/tensor_py.cc:730] DataPtr] Tensor device address is null
[ERROR] COMMON(740012,ffff9e04d020,python):2026-09-14-16:57:15.266.811 [mindspore/ccsrc/pybind_api/ir/tensor_py.cc:730] DataPtr] Tensor device address is null
[ERROR] COMMON(740012,ffff9e04d020,python):2026-09-14-16:57:15.267.528 [mindspore/ccsrc/pybind_api/ir/tensor_py.cc:730] DataPtr] Tensor device address is null
[ERROR] COMMON(740012,ffff9e04d020,python):2026-09-14-16:57:15.270.128 [mindspore/ccsrc/pybind_api/ir/tensor_py.cc:730] DataPtr] Tensor device address is null
[ERROR] COMMON(740012,ffff9e04d020,python):2026-09-14-16:57:15.270.844 [mindspore/ccsrc/pybind_api/ir/tensor_py.cc:730] DataPtr] Tensor device address is null
[ERROR] COMMON(740012,ffff9e04d020,python):2026-09-14-16:57:15.274.823 [mindspore/ccsrc/pybind_api/ir/tensor_py.cc:730] DataPtr] Tensor device address is null
[ERROR] COMMON(740012,ffff9e04d020,python):2026-09-14-16:57:15.275.551 [mindspore/ccsrc/pybind_api/ir/tensor_py.cc:730] DataPtr] Tensor device address is null
[ERROR] COMMON(740012,ffff9e04d020,python):2026-09-14-16:57:15.279.216 [mindspore/ccsrc/pybind_api/ir/tensor_py.cc:730] DataPtr] Tensor device address is null
[ERROR] COMMON(740012,ffff9e04d020,python):2026-09-14-16:57:15.279.955 [mindspore/ccsrc/pybind_api/ir/tensor_py.cc:730] DataPtr] Tensor device address is null
[ERROR] COMMON(740012,ffff9e04d020,python):2026-09-14-16:57:15.282.489 [mindspore/ccsrc/pybind_api/ir/tensor_py.cc:730] DataPtr] Tensor device address is null
[ERROR] COMMON(740012,ffff9e04d020,python):2026-09-14-16:57:15.283.215 [mindspore/ccsrc/pybind_api/ir/tensor_py.cc:730] DataPtr] Tensor device address is null
[ERROR] COMMON(740012,ffff9e04d020,python):2026-09-14-16:57:15.289.754 [mindspore/ccsrc/pybind_api/ir/tensor_py.cc:730] DataPtr] Tensor device address is null
[ERROR] COMMON(740012,ffff9e04d020,python):2026-09-14-16:57:15.290.499 [mindspore/ccsrc/pybind_api/ir/tensor_py.cc:730] DataPtr] Tensor device address is null
[ERROR] COMMON(740012,ffff9e04d020,python):2026-09-14-16:57:15.297.495 [mindspore/ccsrc/pybind_api/ir/tensor_py.cc:730] DataPtr] Tensor device address is null
[ERROR] COMMON(740012,ffff9e04d020,python):2026-09-14-16:57:15.298.235 [mindspore/ccsrc/pybind_api/ir/tensor_py.cc:730] DataPtr] Tensor device address is null
[ERROR] COMMON(740012,ffff9e04d020,python):2026-09-14-16:57:15.298.944 [mindspore/ccsrc/pybind_api/ir/tensor_py.cc:730] DataPtr] Tensor device address is null
[ERROR] COMMON(740012,ffff9e04d020,python):2026-09-14-16:57:15.299.652 [mindspore/ccsrc/pybind_api/ir/tensor_py.cc:730] DataPtr] Tensor device address is null
[ERROR] COMMON(740012,ffff9e04d020,python):2026-09-14-16:57:15.300.353 [mindspore/ccsrc/pybind_api/ir/tensor_py.cc:730] DataPtr] Tensor device address is null
[ERROR] COMMON(740012,ffff9e04d020,python):2026-09-14-16:57:15.301.092 [mindspore/ccsrc/pybind_api/ir/tensor_py.cc:730] DataPtr] Tensor device address is null
[ERROR] COMMON(740012,ffff9e04d020,python):2026-09-14-16:57:15.304.091 [mindspore/ccsrc/pybind_api/ir/tensor_py.cc:730] DataPtr] Tensor device address is null
[ERROR] COMMON(740012,ffff9e04d020,python):2026-09-14-16:57:15.304.814 [mindspore/ccsrc/pybind_api/ir/tensor_py.cc:730] DataPtr] Tensor device address is null
[ERROR] COMMON(740012,ffff9e04d020,python):2026-09-14-16:57:15.309.969 [mindspore/ccsrc/pybind_api/ir/tensor_py.cc:730] DataPtr] Tensor device address is null
[ERROR] COMMON(740012,ffff9e04d020,python):2026-09-14-16:57:15.310.711 [mindspore/ccsrc/pybind_api/ir/tensor_py.cc:730] DataPtr] Tensor device address is null
[ERROR] COMMON(740012,ffff9e04d020,python):2026-09-14-16:57:15.313.363 [mindspore/ccsrc/pybind_api/ir/tensor_py.cc:730] DataPtr] Tensor device address is null
[ERROR] COMMON(740012,ffff9e04d020,python):2026-09-14-16:57:15.314.090 [mindspore/ccsrc/pybind_api/ir/tensor_py.cc:730] DataPtr] Tensor device address is null
[ERROR] COMMON(740012,ffff9e04d020,python):2026-09-14-16:57:15.316.610 [mindspore/ccsrc/pybind_api/ir/tensor_py.cc:730] DataPtr] Tensor device address is null
[ERROR] COMMON(740012,ffff9e04d020,python):2026-09-14-16:57:15.317.334 [mindspore/ccsrc/pybind_api/ir/tensor_py.cc:730] DataPtr] Tensor device address is null
[ERROR] COMMON(740012,ffff9e04d020,python):2026-09-14-16:57:15.324.276 [mindspore/ccsrc/pybind_api/ir/tensor_py.cc:730] DataPtr] Tensor device address is null
[ERROR] COMMON(740012,ffff9e04d020,python):2026-09-14-16:57:15.325.047 [mindspore/ccsrc/pybind_api/ir/tensor_py.cc:730] DataPtr] Tensor device address is null
[ERROR] COMMON(740012,ffff9e04d020,python):2026-09-14-16:57:15.331.594 [mindspore/ccsrc/pybind_api/ir/tensor_py.cc:730] DataPtr] Tensor device address is null
[ERROR] COMMON(740012,ffff9e04d020,python):2026-09-14-16:57:15.332.339 [mindspore/ccsrc/pybind_api/ir/tensor_py.cc:730] DataPtr] Tensor device address is null
[ERROR] COMMON(740012,ffff9e04d020,python):2026-09-14-16:57:15.333.053 [mindspore/ccsrc/pybind_api/ir/tensor_py.cc:730] DataPtr] Tensor device address is null
[ERROR] COMMON(740012,ffff9e04d020,python):2026-09-14-16:57:15.333.769 [mindspore/ccsrc/pybind_api/ir/tensor_py.cc:730] DataPtr] Tensor device address is null
[ERROR] COMMON(740012,ffff9e04d020,python):2026-09-14-16:57:15.334.477 [mindspore/ccsrc/pybind_api/ir/tensor_py.cc:730] DataPtr] Tensor device address is null
[ERROR] COMMON(740012,ffff9e04d020,python):2026-09-14-16:57:15.335.185 [mindspore/ccsrc/pybind_api/ir/tensor_py.cc:730] DataPtr] Tensor device address is null
[ERROR] COMMON(740012,ffff9e04d020,python):2026-09-14-16:57:15.338.302 [mindspore/ccsrc/pybind_api/ir/tensor_py.cc:730] DataPtr] Tensor device address is null
[ERROR] COMMON(740012,ffff9e04d020,python):2026-09-14-16:57:15.339.027 [mindspore/ccsrc/pybind_api/ir/tensor_py.cc:730] DataPtr] Tensor device address is null
[ERROR] COMMON(740012,ffff9e04d020,python):2026-09-14-16:57:15.345.346 [mindspore/ccsrc/pybind_api/ir/tensor_py.cc:730] DataPtr] Tensor device address is null
[ERROR] COMMON(740012,ffff9e04d020,python):2026-09-14-16:57:15.346.073 [mindspore/ccsrc/pybind_api/ir/tensor_py.cc:730] DataPtr] Tensor device address is null
[ERROR] COMMON(740012,ffff9e04d020,python):2026-09-14-16:57:15.349.138 [mindspore/ccsrc/pybind_api/ir/tensor_py.cc:730] DataPtr] Tensor device address is null
[ERROR] COMMON(740012,ffff9e04d020,python):2026-09-14-16:57:15.349.865 [mindspore/ccsrc/pybind_api/ir/tensor_py.cc:730] DataPtr] Tensor device address is null
[ERROR] COMMON(740012,ffff9e04d020,python):2026-09-14-16:57:15.352.368 [mindspore/ccsrc/pybind_api/ir/tensor_py.cc:730] DataPtr] Tensor device address is null
[ERROR] COMMON(740012,ffff9e04d020,python):2026-09-14-16:57:15.353.117 [mindspore/ccsrc/pybind_api/ir/tensor_py.cc:730] DataPtr] Tensor device address is null
[ERROR] COMMON(740012,ffff9e04d020,python):2026-09-14-16:57:15.359.591 [mindspore/ccsrc/pybind_api/ir/tensor_py.cc:730] DataPtr] Tensor device address is null
[ERROR] COMMON(740012,ffff9e04d020,python):2026-09-14-16:57:15.360.342 [mindspore/ccsrc/pybind_api/ir/tensor_py.cc:730] DataPtr] Tensor device address is null
[ERROR] COMMON(740012,ffff9e04d020,python):2026-09-14-16:57:15.367.444 [mindspore/ccsrc/pybind_api/ir/tensor_py.cc:730] DataPtr] Tensor device address is null
[ERROR] COMMON(740012,ffff9e04d020,python):2026-09-14-16:57:15.368.192 [mindspore/ccsrc/pybind_api/ir/tensor_py.cc:730] DataPtr] Tensor device address is null
[ERROR] COMMON(740012,ffff9e04d020,python):2026-09-14-16:57:15.368.911 [mindspore/ccsrc/pybind_api/ir/tensor_py.cc:730] DataPtr] Tensor device address is null
[ERROR] COMMON(740012,ffff9e04d020,python):2026-09-14-16:57:15.369.641 [mindspore/ccsrc/pybind_api/ir/tensor_py.cc:730] DataPtr] Tensor device address is null
[ERROR] COMMON(740012,ffff9e04d020,python):2026-09-14-16:57:15.370.351 [mindspore/ccsrc/pybind_api/ir/tensor_py.cc:730] DataPtr] Tensor device address is null
[ERROR] COMMON(740012,ffff9e04d020,python):2026-09-14-16:57:15.371.050 [mindspore/ccsrc/pybind_api/ir/tensor_py.cc:730] DataPtr] Tensor device address is null
[ERROR] COMMON(740012,ffff9e04d020,python):2026-09-14-16:57:15.374.111 [mindspore/ccsrc/pybind_api/ir/tensor_py.cc:730] DataPtr] Tensor device address is null
[ERROR] COMMON(740012,ffff9e04d020,python):2026-09-14-16:57:15.374.846 [mindspore/ccsrc/pybind_api/ir/tensor_py.cc:730] DataPtr] Tensor device address is null
[ERROR] COMMON(740012,ffff9e04d020,python):2026-09-14-16:57:15.379.171 [mindspore/ccsrc/pybind_api/ir/tensor_py.cc:730] DataPtr] Tensor device address is null
[ERROR] COMMON(740012,ffff9e04d020,python):2026-09-14-16:57:15.379.916 [mindspore/ccsrc/pybind_api/ir/tensor_py.cc:730] DataPtr] Tensor device address is null
[ERROR] COMMON(740012,ffff9e04d020,python):2026-09-14-16:57:15.382.611 [mindspore/ccsrc/pybind_api/ir/tensor_py.cc:730] DataPtr] Tensor device address is null
[ERROR] COMMON(740012,ffff9e04d020,python):2026-09-14-16:57:15.383.335 [mindspore/ccsrc/pybind_api/ir/tensor_py.cc:730] DataPtr] Tensor device address is null
[ERROR] COMMON(740012,ffff9e04d020,python):2026-09-14-16:57:15.386.496 [mindspore/ccsrc/pybind_api/ir/tensor_py.cc:730] DataPtr] Tensor device address is null
[ERROR] COMMON(740012,ffff9e04d020,python):2026-09-14-16:57:15.387.216 [mindspore/ccsrc/pybind_api/ir/tensor_py.cc:730] DataPtr] Tensor device address is null
[ERROR] COMMON(740012,ffff9e04d020,python):2026-09-14-16:57:15.394.116 [mindspore/ccsrc/pybind_api/ir/tensor_py.cc:730] DataPtr] Tensor device address is null
[ERROR] COMMON(740012,ffff9e04d020,python):2026-09-14-16:57:15.394.857 [mindspore/ccsrc/pybind_api/ir/tensor_py.cc:730] DataPtr] Tensor device address is null
[ERROR] COMMON(740012,ffff9e04d020,python):2026-09-14-16:57:15.401.249 [mindspore/ccsrc/pybind_api/ir/tensor_py.cc:730] DataPtr] Tensor device address is null
[ERROR] COMMON(740012,ffff9e04d020,python):2026-09-14-16:57:15.401.982 [mindspore/ccsrc/pybind_api/ir/tensor_py.cc:730] DataPtr] Tensor device address is null
[ERROR] COMMON(740012,ffff9e04d020,python):2026-09-14-16:57:15.402.694 [mindspore/ccsrc/pybind_api/ir/tensor_py.cc:730] DataPtr] Tensor device address is null
[ERROR] COMMON(740012,ffff9e04d020,python):2026-09-14-16:57:15.403.409 [mindspore/ccsrc/pybind_api/ir/tensor_py.cc:730] DataPtr] Tensor device address is null
[ERROR] COMMON(740012,ffff9e04d020,python):2026-09-14-16:57:15.404.105 [mindspore/ccsrc/pybind_api/ir/tensor_py.cc:730] DataPtr] Tensor device address is null
[ERROR] COMMON(740012,ffff9e04d020,python):2026-09-14-16:57:15.404.825 [mindspore/ccsrc/pybind_api/ir/tensor_py.cc:730] DataPtr] Tensor device address is null
[ERROR] COMMON(740012,ffff9e04d020,python):2026-09-14-16:57:15.407.803 [mindspore/ccsrc/pybind_api/ir/tensor_py.cc:730] DataPtr] Tensor device address is null
[ERROR] COMMON(740012,ffff9e04d020,python):2026-09-14-16:57:15.408.525 [mindspore/ccsrc/pybind_api/ir/tensor_py.cc:730] DataPtr] Tensor device address is null
[ERROR] COMMON(740012,ffff9e04d020,python):2026-09-14-16:57:15.414.149 [mindspore/ccsrc/pybind_api/ir/tensor_py.cc:730] DataPtr] Tensor device address is null
[ERROR] COMMON(740012,ffff9e04d020,python):2026-09-14-16:57:15.414.889 [mindspore/ccsrc/pybind_api/ir/tensor_py.cc:730] DataPtr] Tensor device address is null
[ERROR] COMMON(740012,ffff9e04d020,python):2026-09-14-16:57:15.417.979 [mindspore/ccsrc/pybind_api/ir/tensor_py.cc:730] DataPtr] Tensor device address is null
[ERROR] COMMON(740012,ffff9e04d020,python):2026-09-14-16:57:15.418.709 [mindspore/ccsrc/pybind_api/ir/tensor_py.cc:730] DataPtr] Tensor device address is null
[ERROR] COMMON(740012,ffff9e04d020,python):2026-09-14-16:57:15.421.248 [mindspore/ccsrc/pybind_api/ir/tensor_py.cc:730] DataPtr] Tensor device address is null
[ERROR] COMMON(740012,ffff9e04d020,python):2026-09-14-16:57:15.421.980 [mindspore/ccsrc/pybind_api/ir/tensor_py.cc:730] DataPtr] Tensor device address is null
[ERROR] COMMON(740012,ffff9e04d020,python):2026-09-14-16:57:15.428.449 [mindspore/ccsrc/pybind_api/ir/tensor_py.cc:730] DataPtr] Tensor device address is null
[ERROR] COMMON(740012,ffff9e04d020,python):2026-09-14-16:57:15.429.208 [mindspore/ccsrc/pybind_api/ir/tensor_py.cc:730] DataPtr] Tensor device address is null
[ERROR] COMMON(740012,ffff9e04d020,python):2026-09-14-16:57:15.436.257 [mindspore/ccsrc/pybind_api/ir/tensor_py.cc:730] DataPtr] Tensor device address is null
[ERROR] COMMON(740012,ffff9e04d020,python):2026-09-14-16:57:15.437.015 [mindspore/ccsrc/pybind_api/ir/tensor_py.cc:730] DataPtr] Tensor device address is null
[ERROR] COMMON(740012,ffff9e04d020,python):2026-09-14-16:57:15.437.741 [mindspore/ccsrc/pybind_api/ir/tensor_py.cc:730] DataPtr] Tensor device address is null
[ERROR] COMMON(740012,ffff9e04d020,python):2026-09-14-16:57:15.438.445 [mindspore/ccsrc/pybind_api/ir/tensor_py.cc:730] DataPtr] Tensor device address is null
[ERROR] COMMON(740012,ffff9e04d020,python):2026-09-14-16:57:15.439.139 [mindspore/ccsrc/pybind_api/ir/tensor_py.cc:730] DataPtr] Tensor device address is null
[ERROR] COMMON(740012,ffff9e04d020,python):2026-09-14-16:57:15.439.834 [mindspore/ccsrc/pybind_api/ir/tensor_py.cc:730] DataPtr] Tensor device address is null
[ERROR] COMMON(740012,ffff9e04d020,python):2026-09-14-16:57:15.442.731 [mindspore/ccsrc/pybind_api/ir/tensor_py.cc:730] DataPtr] Tensor device address is null
[ERROR] COMMON(740012,ffff9e04d020,python):2026-09-14-16:57:15.443.457 [mindspore/ccsrc/pybind_api/ir/tensor_py.cc:730] DataPtr] Tensor device address is null
[ERROR] COMMON(740012,ffff9e04d020,python):2026-09-14-16:57:15.447.509 [mindspore/ccsrc/pybind_api/ir/tensor_py.cc:730] DataPtr] Tensor device address is null
[ERROR] COMMON(740012,ffff9e04d020,python):2026-09-14-16:57:15.448.230 [mindspore/ccsrc/pybind_api/ir/tensor_py.cc:730] DataPtr] Tensor device address is null
[ERROR] COMMON(740012,ffff9e04d020,python):2026-09-14-16:57:15.450.853 [mindspore/ccsrc/pybind_api/ir/tensor_py.cc:730] DataPtr] Tensor device address is null
[ERROR] COMMON(740012,ffff9e04d020,python):2026-09-14-16:57:15.451.570 [mindspore/ccsrc/pybind_api/ir/tensor_py.cc:730] DataPtr] Tensor device address is null
[ERROR] COMMON(740012,ffff9e04d020,python):2026-09-14-16:57:15.454.078 [mindspore/ccsrc/pybind_api/ir/tensor_py.cc:730] DataPtr] Tensor device address is null
[ERROR] COMMON(740012,ffff9e04d020,python):2026-09-14-16:57:15.454.793 [mindspore/ccsrc/pybind_api/ir/tensor_py.cc:730] DataPtr] Tensor device address is null
[ERROR] COMMON(740012,ffff9e04d020,python):2026-09-14-16:57:15.461.648 [mindspore/ccsrc/pybind_api/ir/tensor_py.cc:730] DataPtr] Tensor device address is null
[ERROR] COMMON(740012,ffff9e04d020,python):2026-09-14-16:57:15.462.408 [mindspore/ccsrc/pybind_api/ir/tensor_py.cc:730] DataPtr] Tensor device address is null
[ERROR] COMMON(740012,ffff9e04d020,python):2026-09-14-16:57:15.468.827 [mindspore/ccsrc/pybind_api/ir/tensor_py.cc:730] DataPtr] Tensor device address is null
[ERROR] COMMON(740012,ffff9e04d020,python):2026-09-14-16:57:15.469.560 [mindspore/ccsrc/pybind_api/ir/tensor_py.cc:730] DataPtr] Tensor device address is null
[ERROR] COMMON(740012,ffff9e04d020,python):2026-09-14-16:57:15.470.264 [mindspore/ccsrc/pybind_api/ir/tensor_py.cc:730] DataPtr] Tensor device address is null
[ERROR] COMMON(740012,ffff9e04d020,python):2026-09-14-16:57:15.470.970 [mindspore/ccsrc/pybind_api/ir/tensor_py.cc:730] DataPtr] Tensor device address is null
[ERROR] COMMON(740012,ffff9e04d020,python):2026-09-14-16:57:15.471.663 [mindspore/ccsrc/pybind_api/ir/tensor_py.cc:730] DataPtr] Tensor device address is null
[ERROR] COMMON(740012,ffff9e04d020,python):2026-09-14-16:57:15.472.360 [mindspore/ccsrc/pybind_api/ir/tensor_py.cc:730] DataPtr] Tensor device address is null
[ERROR] COMMON(740012,ffff9e04d020,python):2026-09-14-16:57:15.475.585 [mindspore/ccsrc/pybind_api/ir/tensor_py.cc:730] DataPtr] Tensor device address is null
[ERROR] COMMON(740012,ffff9e04d020,python):2026-09-14-16:57:15.476.302 [mindspore/ccsrc/pybind_api/ir/tensor_py.cc:730] DataPtr] Tensor device address is null
[ERROR] COMMON(740012,ffff9e04d020,python):2026-09-14-16:57:15.481.011 [mindspore/ccsrc/pybind_api/ir/tensor_py.cc:730] DataPtr] Tensor device address is null
[ERROR] COMMON(740012,ffff9e04d020,python):2026-09-14-16:57:15.481.746 [mindspore/ccsrc/pybind_api/ir/tensor_py.cc:730] DataPtr] Tensor device address is null
[ERROR] COMMON(740012,ffff9e04d020,python):2026-09-14-16:57:15.484.820 [mindspore/ccsrc/pybind_api/ir/tensor_py.cc:730] DataPtr] Tensor device address is null
[ERROR] COMMON(740012,ffff9e04d020,python):2026-09-14-16:57:15.485.548 [mindspore/ccsrc/pybind_api/ir/tensor_py.cc:730] DataPtr] Tensor device address is null
[ERROR] COMMON(740012,ffff9e04d020,python):2026-09-14-16:57:15.488.094 [mindspore/ccsrc/pybind_api/ir/tensor_py.cc:730] DataPtr] Tensor device address is null
[ERROR] COMMON(740012,ffff9e04d020,python):2026-09-14-16:57:15.488.840 [mindspore/ccsrc/pybind_api/ir/tensor_py.cc:730] DataPtr] Tensor device address is null
[ERROR] COMMON(740012,ffff9e04d020,python):2026-09-14-16:57:15.495.403 [mindspore/ccsrc/pybind_api/ir/tensor_py.cc:730] DataPtr] Tensor device address is null
[ERROR] COMMON(740012,ffff9e04d020,python):2026-09-14-16:57:15.496.155 [mindspore/ccsrc/pybind_api/ir/tensor_py.cc:730] DataPtr] Tensor device address is null
[ERROR] COMMON(740012,ffff9e04d020,python):2026-09-14-16:57:15.504.772 [mindspore/ccsrc/pybind_api/ir/tensor_py.cc:730] DataPtr] Tensor device address is null
[ERROR] COMMON(740012,ffff9e04d020,python):2026-09-14-16:57:15.505.543 [mindspore/ccsrc/pybind_api/ir/tensor_py.cc:730] DataPtr] Tensor device address is null
[ERROR] COMMON(740012,ffff9e04d020,python):2026-09-14-16:57:15.506.259 [mindspore/ccsrc/pybind_api/ir/tensor_py.cc:730] DataPtr] Tensor device address is null
[ERROR] COMMON(740012,ffff9e04d020,python):2026-09-14-16:57:15.506.959 [mindspore/ccsrc/pybind_api/ir/tensor_py.cc:730] DataPtr] Tensor device address is null
[ERROR] COMMON(740012,ffff9e04d020,python):2026-09-14-16:57:15.507.675 [mindspore/ccsrc/pybind_api/ir/tensor_py.cc:730] DataPtr] Tensor device address is null
[ERROR] COMMON(740012,ffff9e04d020,python):2026-09-14-16:57:15.508.377 [mindspore/ccsrc/pybind_api/ir/tensor_py.cc:730] DataPtr] Tensor device address is null
[ERROR] COMMON(740012,ffff9e04d020,python):2026-09-14-16:57:15.511.343 [mindspore/ccsrc/pybind_api/ir/tensor_py.cc:730] DataPtr] Tensor device address is null
[ERROR] COMMON(740012,ffff9e04d020,python):2026-09-14-16:57:15.512.062 [mindspore/ccsrc/pybind_api/ir/tensor_py.cc:730] DataPtr] Tensor device address is null
[ERROR] COMMON(740012,ffff9e04d020,python):2026-09-14-16:57:15.517.967 [mindspore/ccsrc/pybind_api/ir/tensor_py.cc:730] DataPtr] Tensor device address is null
[ERROR] COMMON(740012,ffff9e04d020,python):2026-09-14-16:57:15.518.694 [mindspore/ccsrc/pybind_api/ir/tensor_py.cc:730] DataPtr] Tensor device address is null
[ERROR] COMMON(740012,ffff9e04d020,python):2026-09-14-16:57:15.521.319 [mindspore/ccsrc/pybind_api/ir/tensor_py.cc:730] DataPtr] Tensor device address is null
[ERROR] COMMON(740012,ffff9e04d020,python):2026-09-14-16:57:15.522.045 [mindspore/ccsrc/pybind_api/ir/tensor_py.cc:730] DataPtr] Tensor device address is null
[ERROR] COMMON(740012,ffff9e04d020,python):2026-09-14-16:57:15.524.568 [mindspore/ccsrc/pybind_api/ir/tensor_py.cc:730] DataPtr] Tensor device address is null
[ERROR] COMMON(740012,ffff9e04d020,python):2026-09-14-16:57:15.525.303 [mindspore/ccsrc/pybind_api/ir/tensor_py.cc:730] DataPtr] Tensor device address is null
[ERROR] COMMON(740012,ffff9e04d020,python):2026-09-14-16:57:15.532.235 [mindspore/ccsrc/pybind_api/ir/tensor_py.cc:730] DataPtr] Tensor device address is null
[ERROR] COMMON(740012,ffff9e04d020,python):2026-09-14-16:57:15.533.035 [mindspore/ccsrc/pybind_api/ir/tensor_py.cc:730] DataPtr] Tensor device address is null
[ERROR] COMMON(740012,ffff9e04d020,python):2026-09-14-16:57:15.539.486 [mindspore/ccsrc/pybind_api/ir/tensor_py.cc:730] DataPtr] Tensor device address is null
[ERROR] COMMON(740012,ffff9e04d020,python):2026-09-14-16:57:15.540.226 [mindspore/ccsrc/pybind_api/ir/tensor_py.cc:730] DataPtr] Tensor device address is null
[ERROR] COMMON(740012,ffff9e04d020,python):2026-09-14-16:57:15.540.944 [mindspore/ccsrc/pybind_api/ir/tensor_py.cc:730] DataPtr] Tensor device address is null
[ERROR] COMMON(740012,ffff9e04d020,python):2026-09-14-16:57:15.541.653 [mindspore/ccsrc/pybind_api/ir/tensor_py.cc:730] DataPtr] Tensor device address is null
[ERROR] COMMON(740012,ffff9e04d020,python):2026-09-14-16:57:15.542.353 [mindspore/ccsrc/pybind_api/ir/tensor_py.cc:730] DataPtr] Tensor device address is null
[ERROR] COMMON(740012,ffff9e04d020,python):2026-09-14-16:57:15.543.051 [mindspore/ccsrc/pybind_api/ir/tensor_py.cc:730] DataPtr] Tensor device address is null
[ERROR] COMMON(740012,ffff9e04d020,python):2026-09-14-16:57:15.545.993 [mindspore/ccsrc/pybind_api/ir/tensor_py.cc:730] DataPtr] Tensor device address is null
[ERROR] COMMON(740012,ffff9e04d020,python):2026-09-14-16:57:15.546.722 [mindspore/ccsrc/pybind_api/ir/tensor_py.cc:730] DataPtr] Tensor device address is null
[ERROR] COMMON(740012,ffff9e04d020,python):2026-09-14-16:57:15.550.669 [mindspore/ccsrc/pybind_api/ir/tensor_py.cc:730] DataPtr] Tensor device address is null
[ERROR] COMMON(740012,ffff9e04d020,python):2026-09-14-16:57:15.551.391 [mindspore/ccsrc/pybind_api/ir/tensor_py.cc:730] DataPtr] Tensor device address is null
[ERROR] COMMON(740012,ffff9e04d020,python):2026-09-14-16:57:15.555.113 [mindspore/ccsrc/pybind_api/ir/tensor_py.cc:730] DataPtr] Tensor device address is null
[ERROR] COMMON(740012,ffff9e04d020,python):2026-09-14-16:57:15.555.845 [mindspore/ccsrc/pybind_api/ir/tensor_py.cc:730] DataPtr] Tensor device address is null
[ERROR] COMMON(740012,ffff9e04d020,python):2026-09-14-16:57:15.558.439 [mindspore/ccsrc/pybind_api/ir/tensor_py.cc:730] DataPtr] Tensor device address is null
[ERROR] COMMON(740012,ffff9e04d020,python):2026-09-14-16:57:15.559.169 [mindspore/ccsrc/pybind_api/ir/tensor_py.cc:730] DataPtr] Tensor device address is null
[ERROR] COMMON(740012,ffff9e04d020,python):2026-09-14-16:57:15.565.593 [mindspore/ccsrc/pybind_api/ir/tensor_py.cc:730] DataPtr] Tensor device address is null
[ERROR] COMMON(740012,ffff9e04d020,python):2026-09-14-16:57:15.566.339 [mindspore/ccsrc/pybind_api/ir/tensor_py.cc:730] DataPtr] Tensor device address is null
[ERROR] COMMON(740012,ffff9e04d020,python):2026-09-14-16:57:15.573.376 [mindspore/ccsrc/pybind_api/ir/tensor_py.cc:730] DataPtr] Tensor device address is null
[ERROR] COMMON(740012,ffff9e04d020,python):2026-09-14-16:57:15.574.119 [mindspore/ccsrc/pybind_api/ir/tensor_py.cc:730] DataPtr] Tensor device address is null
[ERROR] COMMON(740012,ffff9e04d020,python):2026-09-14-16:57:15.574.824 [mindspore/ccsrc/pybind_api/ir/tensor_py.cc:730] DataPtr] Tensor device address is null
[ERROR] COMMON(740012,ffff9e04d020,python):2026-09-14-16:57:15.575.537 [mindspore/ccsrc/pybind_api/ir/tensor_py.cc:730] DataPtr] Tensor device address is null
[ERROR] COMMON(740012,ffff9e04d020,python):2026-09-14-16:57:15.576.245 [mindspore/ccsrc/pybind_api/ir/tensor_py.cc:730] DataPtr] Tensor device address is null
[ERROR] COMMON(740012,ffff9e04d020,python):2026-09-14-16:57:15.576.951 [mindspore/ccsrc/pybind_api/ir/tensor_py.cc:730] DataPtr] Tensor device address is null
[ERROR] COMMON(740012,ffff9e04d020,python):2026-09-14-16:57:15.580.062 [mindspore/ccsrc/pybind_api/ir/tensor_py.cc:730] DataPtr] Tensor device address is null
[ERROR] COMMON(740012,ffff9e04d020,python):2026-09-14-16:57:15.580.787 [mindspore/ccsrc/pybind_api/ir/tensor_py.cc:730] DataPtr] Tensor device address is null
[ERROR] COMMON(740012,ffff9e04d020,python):2026-09-14-16:57:15.585.907 [mindspore/ccsrc/pybind_api/ir/tensor_py.cc:730] DataPtr] Tensor device address is null
[ERROR] COMMON(740012,ffff9e04d020,python):2026-09-14-16:57:15.586.632 [mindspore/ccsrc/pybind_api/ir/tensor_py.cc:730] DataPtr] Tensor device address is null
[ERROR] COMMON(740012,ffff9e04d020,python):2026-09-14-16:57:15.590.807 [mindspore/ccsrc/pybind_api/ir/tensor_py.cc:730] DataPtr] Tensor device address is null
[ERROR] COMMON(740012,ffff9e04d020,python):2026-09-14-16:57:15.591.528 [mindspore/ccsrc/pybind_api/ir/tensor_py.cc:730] DataPtr] Tensor device address is null
[ERROR] COMMON(740012,ffff9e04d020,python):2026-09-14-16:57:15.594.107 [mindspore/ccsrc/pybind_api/ir/tensor_py.cc:730] DataPtr] Tensor device address is null
[ERROR] COMMON(740012,ffff9e04d020,python):2026-09-14-16:57:15.594.826 [mindspore/ccsrc/pybind_api/ir/tensor_py.cc:730] DataPtr] Tensor device address is null
[ERROR] COMMON(740012,ffff9e04d020,python):2026-09-14-16:57:15.601.679 [mindspore/ccsrc/pybind_api/ir/tensor_py.cc:730] DataPtr] Tensor device address is null
[ERROR] COMMON(740012,ffff9e04d020,python):2026-09-14-16:57:15.602.441 [mindspore/ccsrc/pybind_api/ir/tensor_py.cc:730] DataPtr] Tensor device address is null
[ERROR] COMMON(740012,ffff9e04d020,python):2026-09-14-16:57:15.608.960 [mindspore/ccsrc/pybind_api/ir/tensor_py.cc:730] DataPtr] Tensor device address is null
[ERROR] COMMON(740012,ffff9e04d020,python):2026-09-14-16:57:15.609.694 [mindspore/ccsrc/pybind_api/ir/tensor_py.cc:730] DataPtr] Tensor device address is null
[ERROR] COMMON(740012,ffff9e04d020,python):2026-09-14-16:57:15.610.403 [mindspore/ccsrc/pybind_api/ir/tensor_py.cc:730] DataPtr] Tensor device address is null
[ERROR] COMMON(740012,ffff9e04d020,python):2026-09-14-16:57:15.611.096 [mindspore/ccsrc/pybind_api/ir/tensor_py.cc:730] DataPtr] Tensor device address is null
[ERROR] COMMON(740012,ffff9e04d020,python):2026-09-14-16:57:15.611.798 [mindspore/ccsrc/pybind_api/ir/tensor_py.cc:730] DataPtr] Tensor device address is null
[ERROR] COMMON(740012,ffff9e04d020,python):2026-09-14-16:57:15.612.498 [mindspore/ccsrc/pybind_api/ir/tensor_py.cc:730] DataPtr] Tensor device address is null
[ERROR] COMMON(740012,ffff9e04d020,python):2026-09-14-16:57:15.615.583 [mindspore/ccsrc/pybind_api/ir/tensor_py.cc:730] DataPtr] Tensor device address is null
[ERROR] COMMON(740012,ffff9e04d020,python):2026-09-14-16:57:15.616.299 [mindspore/ccsrc/pybind_api/ir/tensor_py.cc:730] DataPtr] Tensor device address is null
[ERROR] COMMON(740012,ffff9e04d020,python):2026-09-14-16:57:15.622.604 [mindspore/ccsrc/pybind_api/ir/tensor_py.cc:730] DataPtr] Tensor device address is null
[ERROR] COMMON(740012,ffff9e04d020,python):2026-09-14-16:57:15.623.324 [mindspore/ccsrc/pybind_api/ir/tensor_py.cc:730] DataPtr] Tensor device address is null
[ERROR] COMMON(740012,ffff9e04d020,python):2026-09-14-16:57:15.626.400 [mindspore/ccsrc/pybind_api/ir/tensor_py.cc:730] DataPtr] Tensor device address is null
[ERROR] COMMON(740012,ffff9e04d020,python):2026-09-14-16:57:15.627.128 [mindspore/ccsrc/pybind_api/ir/tensor_py.cc:730] DataPtr] Tensor device address is null
[ERROR] COMMON(740012,ffff9e04d020,python):2026-09-14-16:57:15.629.614 [mindspore/ccsrc/pybind_api/ir/tensor_py.cc:730] DataPtr] Tensor device address is null
[ERROR] COMMON(740012,ffff9e04d020,python):2026-09-14-16:57:15.630.337 [mindspore/ccsrc/pybind_api/ir/tensor_py.cc:730] DataPtr] Tensor device address is null
[ERROR] COMMON(740012,ffff9e04d020,python):2026-09-14-16:57:15.636.824 [mindspore/ccsrc/pybind_api/ir/tensor_py.cc:730] DataPtr] Tensor device address is null
[ERROR] COMMON(740012,ffff9e04d020,python):2026-09-14-16:57:15.637.559 [mindspore/ccsrc/pybind_api/ir/tensor_py.cc:730] DataPtr] Tensor device address is null
[ERROR] COMMON(740012,ffff9e04d020,python):2026-09-14-16:57:15.644.488 [mindspore/ccsrc/pybind_api/ir/tensor_py.cc:730] DataPtr] Tensor device address is null
