[INFO] Start profiling...
[INFO] Start export data in msprof.
Sat 29 Aug 2026 14:03:18 [INFO] [MSVP] [1034978] msprof_common.py: Start analyzing data in "/home/user7/npu-nvme/results/ppt-evidence-20260829/E8/formal-gpt2xl-3seed-v2/E8_gpt2_xl_seed41_ArithmeticUtilization_20260829_140003/msprof/PROF_000001_20260829140247381_OCMFRGBOARNILDOA/host" ...
Sat 29 Aug 2026 14:03:18 [INFO] [MSVP] [1034978] msprof_common.py: It may take few minutes, please be patient ...
Sat 29 Aug 2026 14:03:47 [INFO] [MSVP] [1034978] msprof_common.py: Analysis data in "/home/user7/npu-nvme/results/ppt-evidence-20260829/E8/formal-gpt2xl-3seed-v2/E8_gpt2_xl_seed41_ArithmeticUtilization_20260829_140003/msprof/PROF_000001_20260829140247381_OCMFRGBOARNILDOA/host" finished.
Sat 29 Aug 2026 14:03:47 [INFO] [MSVP] [1034978] msprof_common.py: Start analyzing data in "/home/user7/npu-nvme/results/ppt-evidence-20260829/E8/formal-gpt2xl-3seed-v2/E8_gpt2_xl_seed41_ArithmeticUtilization_20260829_140003/msprof/PROF_000001_20260829140247381_OCMFRGBOARNILDOA/device_6" ...
Sat 29 Aug 2026 14:03:47 [INFO] [MSVP] [1034978] msprof_common.py: It may take few minutes, please be patient ...
Sat 29 Aug 2026 14:03:48 [INFO] [MSVP] [1034978] msprof_common.py: Analysis data in "/home/user7/npu-nvme/results/ppt-evidence-20260829/E8/formal-gpt2xl-3seed-v2/E8_gpt2_xl_seed41_ArithmeticUtilization_20260829_140003/msprof/PROF_000001_20260829140247381_OCMFRGBOARNILDOA/device_6" finished.
Sat 29 Aug 2026 14:03:57 [INFO] [MSVP] [1034978] msprof_export.py: All collected data will be exported, path is: /home/user7/npu-nvme/results/ppt-evidence-20260829/E8/formal-gpt2xl-3seed-v2/E8_gpt2_xl_seed41_ArithmeticUtilization_20260829_140003/msprof/PROF_000001_20260829140247381_OCMFRGBOARNILDOA/device_6.
Sat 29 Aug 2026 14:04:10 [INFO] [MSVP] [1034978] msprof_export.py: There is no timeline data to export for "/home/user7/npu-nvme/results/ppt-evidence-20260829/E8/formal-gpt2xl-3seed-v2/E8_gpt2_xl_seed41_ArithmeticUtilization_20260829_140003/msprof/PROF_000001_20260829140247381_OCMFRGBOARNILDOA/host"
Sat 29 Aug 2026 14:04:10 [INFO] [MSVP] [1034978] msprof_export.py: All collected data will be exported, path is: /home/user7/npu-nvme/results/ppt-evidence-20260829/E8/formal-gpt2xl-3seed-v2/E8_gpt2_xl_seed41_ArithmeticUtilization_20260829_140003/msprof/PROF_000001_20260829140247381_OCMFRGBOARNILDOA/device_6.
Sat 29 Aug 2026 14:06:41 [INFO] [MSVP] [1034978] msprof_common.py: Start exporting timeline output_file.
Sat 29 Aug 2026 14:06:44 [INFO] [MSVP] [1034978] msprof_common.py: End exporting timeline output_file.The file is stored in the /home/user7/npu-nvme/results/ppt-evidence-20260829/E8/formal-gpt2xl-3seed-v2/E8_gpt2_xl_seed41_ArithmeticUtilization_20260829_140003/msprof/PROF_000001_20260829140247381_OCMFRGBOARNILDOA/mindstudio_profiler_output path.
Sat 29 Aug 2026 14:06:44 [WARNING] [MSVP] [1034978] msprof_export.py: Invalid parsing dir("/home/user7/npu-nvme/results/ppt-evidence-20260829/E8/formal-gpt2xl-3seed-v2/E8_gpt2_xl_seed41_ArithmeticUtilization_20260829_140003/msprof"), no valid dir. 
Sat 29 Aug 2026 14:07:00 [INFO] [MSVP] [1036853] msprof_export.py: The data in "/home/user7/npu-nvme/results/ppt-evidence-20260829/E8/formal-gpt2xl-3seed-v2/E8_gpt2_xl_seed41_ArithmeticUtilization_20260829_140003/msprof/PROF_000001_20260829140247381_OCMFRGBOARNILDOA/host" has been analyzed.
Sat 29 Aug 2026 14:07:00 [INFO] [MSVP] [1036853] msprof_export.py: The data in "/home/user7/npu-nvme/results/ppt-evidence-20260829/E8/formal-gpt2xl-3seed-v2/E8_gpt2_xl_seed41_ArithmeticUtilization_20260829_140003/msprof/PROF_000001_20260829140247381_OCMFRGBOARNILDOA/device_6" has been analyzed.
Sat 29 Aug 2026 14:07:00 [INFO] [MSVP] [1036853] msprof_export.py: All collected data will be exported, path is: /home/user7/npu-nvme/results/ppt-evidence-20260829/E8/formal-gpt2xl-3seed-v2/E8_gpt2_xl_seed41_ArithmeticUtilization_20260829_140003/msprof/PROF_000001_20260829140247381_OCMFRGBOARNILDOA/device_6.
Sat 29 Aug 2026 14:07:03 [INFO] [MSVP] [1036853] msprof_export.py: There is no summary data to export for "/home/user7/npu-nvme/results/ppt-evidence-20260829/E8/formal-gpt2xl-3seed-v2/E8_gpt2_xl_seed41_ArithmeticUtilization_20260829_140003/msprof/PROF_000001_20260829140247381_OCMFRGBOARNILDOA/host"
Sat 29 Aug 2026 14:07:03 [INFO] [MSVP] [1036853] msprof_export.py: All collected data will be exported, path is: /home/user7/npu-nvme/results/ppt-evidence-20260829/E8/formal-gpt2xl-3seed-v2/E8_gpt2_xl_seed41_ArithmeticUtilization_20260829_140003/msprof/PROF_000001_20260829140247381_OCMFRGBOARNILDOA/device_6.
Sat 29 Aug 2026 14:07:19 [INFO] [MSVP] [1036853] msprof_common.py: Start exporting summary output_file.
Sat 29 Aug 2026 14:07:19 [INFO] [MSVP] [1036853] msprof_common.py: End exporting summary output_file.The file is stored in the /home/user7/npu-nvme/results/ppt-evidence-20260829/E8/formal-gpt2xl-3seed-v2/E8_gpt2_xl_seed41_ArithmeticUtilization_20260829_140003/msprof/PROF_000001_20260829140247381_OCMFRGBOARNILDOA/mindstudio_profiler_output path.
Sat 29 Aug 2026 14:07:19 [WARNING] [MSVP] [1036853] msprof_export.py: Invalid parsing dir("/home/user7/npu-nvme/results/ppt-evidence-20260829/E8/formal-gpt2xl-3seed-v2/E8_gpt2_xl_seed41_ArithmeticUtilization_20260829_140003/msprof"), no valid dir. 

Cluster Tuning Report:
1. For slow nodes, pay attention to the data preparation phase (threshold: 20%):
	N/A
2. For slow link, pay attention to the data bandwidth (threshold: 20%):
	N/A


Sat 29 Aug 2026 14:07:19 [WARNING] [MSVP] [1036853] msprof_export.py: Cluster Tuning did not complete!
[INFO] Export all data in msprof done.
[INFO] Profiling finished.
[INFO] Process profiling data complete. Data is saved in results/ppt-evidence-20260829/E8/formal-gpt2xl-3seed-v2/E8_gpt2_xl_seed41_ArithmeticUtilization_20260829_140003/msprof
