EAL: '-c <coremask>' option is deprecated, and will be removed in a future release
EAL: 	Use '-l <corelist>' or '--lcores=<corelist>' option instead
[Diag] after spdk_env_init: rte_lcore_count=1 rte_socket_count=8 spdk_core_count=1
[Diag] reactor: rings w=0x2000008fd600 r=0x2000008fd080 m=0x2000008fcb80 pollers s=0xffff9c001db0 w=0xffff9c001f50 r=0xffff9c0020f0 m=0xffff9c002290
[NPU-NVMe] Found matching controller at 0000:83:00.0
[NPU-NVMe] Attached NS: block_size=512 total_blocks=7501476528
[Init] NPUNVME Fully Initialized! Stream/Events ready. Max Pipe Depth: 2
[Init] Initialisation complete.
[Diag] after spdk_env_init: rte_lcore_count=1 rte_socket_count=8 spdk_core_count=1
[Diag] reactor: rings w=0x2000008fd500 r=0x2000008fcf80 m=0x2000004ff580 pollers s=0xffff9c001db0 w=0xffff9c001f50 r=0xffff9c0020f0 m=0xffff9c002290
[NPU-NVMe] Found matching controller at 0000:83:00.0
[NPU-NVMe] Attached NS: block_size=512 total_blocks=7501476528
[Init] NPUNVME Fully Initialized! Stream/Events ready. Max Pipe Depth: 2
[Init] Initialisation complete.
[Diag] after spdk_env_init: rte_lcore_count=1 rte_socket_count=8 spdk_core_count=1
[Diag] reactor: rings w=0x2000008fd500 r=0x2000008fcf80 m=0x2000004ff580 pollers s=0xffff80001db0 w=0xffff80001f50 r=0xffff800020f0 m=0xffff80002290
[NPU-NVMe] Found matching controller at 0000:83:00.0
[NPU-NVMe] Attached NS: block_size=512 total_blocks=7501476528
[Init] NPUNVME Fully Initialized! Stream/Events ready. Max Pipe Depth: 2
[Init] Initialisation complete.
[Diag] after spdk_env_init: rte_lcore_count=1 rte_socket_count=8 spdk_core_count=1
[Diag] reactor: rings w=0x2000008fd500 r=0x2000008fcf80 m=0x2000004ff580 pollers s=0xffff80001db0 w=0xffff80001f50 r=0xffff800020f0 m=0xffff80002290
[NPU-NVMe] Found matching controller at 0000:83:00.0
[NPU-NVMe] Attached NS: block_size=512 total_blocks=7501476528
[Init] NPUNVME Fully Initialized! Stream/Events ready. Max Pipe Depth: 2
[Init] Initialisation complete.
[Diag] after spdk_env_init: rte_lcore_count=1 rte_socket_count=8 spdk_core_count=1
[Diag] reactor: rings w=0x2000008fd500 r=0x2000008fcf80 m=0x2000004ff580 pollers s=0xffff80001db0 w=0xffff80001f50 r=0xffff800020f0 m=0xffff80002290
[NPU-NVMe] Found matching controller at 0000:83:00.0
[NPU-NVMe] Attached NS: block_size=512 total_blocks=7501476528
[Init] NPUNVME Fully Initialized! Stream/Events ready. Max Pipe Depth: 2
[Init] Initialisation complete.
[Diag] after spdk_env_init: rte_lcore_count=1 rte_socket_count=8 spdk_core_count=1
[Diag] reactor: rings w=0x2000008fd500 r=0x2000008fcf80 m=0x2000004ff580 pollers s=0xffff80001db0 w=0xffff80001f50 r=0xffff800020f0 m=0xffff80002290
[NPU-NVMe] Found matching controller at 0000:83:00.0
[NPU-NVMe] Attached NS: block_size=512 total_blocks=7501476528
[Init] NPUNVME Fully Initialized! Stream/Events ready. Max Pipe Depth: 2
[Init] Initialisation complete.
[Diag] after spdk_env_init: rte_lcore_count=1 rte_socket_count=8 spdk_core_count=1
[Diag] reactor: rings w=0x2000008fd500 r=0x2000008fcf80 m=0x2000004ff580 pollers s=0xffff80001db0 w=0xffff80001f50 r=0xffff800020f0 m=0xffff80002290
[NPU-NVMe] Found matching controller at 0000:83:00.0
[NPU-NVMe] Attached NS: block_size=512 total_blocks=7501476528
[Init] NPUNVME Fully Initialized! Stream/Events ready. Max Pipe Depth: 2
[Init] Initialisation complete.
[Diag] after spdk_env_init: rte_lcore_count=1 rte_socket_count=8 spdk_core_count=1
[Diag] reactor: rings w=0x2000008fd500 r=0x2000008fcf80 m=0x2000004ff580 pollers s=0xffff80001db0 w=0xffff80001f50 r=0xffff800020f0 m=0xffff80002290
[NPU-NVMe] Found matching controller at 0000:83:00.0
[NPU-NVMe] Attached NS: block_size=512 total_blocks=7501476528
[Init] NPUNVME Fully Initialized! Stream/Events ready. Max Pipe Depth: 2
[Init] Initialisation complete.
[Diag] after spdk_env_init: rte_lcore_count=1 rte_socket_count=8 spdk_core_count=1
[Diag] reactor: rings w=0x2000008fd500 r=0x2000008fcf80 m=0x2000004ff580 pollers s=0xffff80001f50 w=0xffff800020f0 r=0xffff80002290 m=0xffff80002430
[NPU-NVMe] Found matching controller at 0000:83:00.0
[NPU-NVMe] Attached NS: block_size=512 total_blocks=7501476528
[Init] NPUNVME Fully Initialized! Stream/Events ready. Max Pipe Depth: 2
[Init] Initialisation complete.
[Diag] after spdk_env_init: rte_lcore_count=1 rte_socket_count=8 spdk_core_count=1
[Diag] reactor: rings w=0x2000008fd500 r=0x2000008fcf80 m=0x2000004ff580 pollers s=0xffff80001b20 w=0xffff800021e0 r=0xffff80002380 m=0xffff80002640
[NPU-NVMe] Found matching controller at 0000:83:00.0
[NPU-NVMe] Attached NS: block_size=512 total_blocks=7501476528
[Init] NPUNVME Fully Initialized! Stream/Events ready. Max Pipe Depth: 2
[Init] Initialisation complete.
[Diag] after spdk_env_init: rte_lcore_count=1 rte_socket_count=8 spdk_core_count=1
[Diag] reactor: rings w=0x2000008fd500 r=0x2000008fcf80 m=0x2000004ff580 pollers s=0xffff80001b20 w=0xffff800021e0 r=0xffff80002380 m=0xffff80002640
[NPU-NVMe] Found matching controller at 0000:83:00.0
[NPU-NVMe] Attached NS: block_size=512 total_blocks=7501476528
[Init] NPUNVME Fully Initialized! Stream/Events ready. Max Pipe Depth: 2
[Init] Initialisation complete.
[Diag] after spdk_env_init: rte_lcore_count=1 rte_socket_count=8 spdk_core_count=1
[Diag] reactor: rings w=0x2000008fd500 r=0x2000008fcf80 m=0x2000004ff580 pollers s=0xffff800021e0 w=0xffff80002380 r=0xffff80002590 m=0xffff80002730
[NPU-NVMe] Found matching controller at 0000:83:00.0
[NPU-NVMe] Attached NS: block_size=512 total_blocks=7501476528
[Init] NPUNVME Fully Initialized! Stream/Events ready. Max Pipe Depth: 2
[Init] Initialisation complete.
[Diag] after spdk_env_init: rte_lcore_count=1 rte_socket_count=8 spdk_core_count=1
[Diag] reactor: rings w=0x2000008fd500 r=0x2000008fcf80 m=0x2000004ff580 pollers s=0xffff80002380 w=0xffff80002520 r=0xffff800026c0 m=0xffff80002860
[NPU-NVMe] Found matching controller at 0000:83:00.0
[NPU-NVMe] Attached NS: block_size=512 total_blocks=7501476528
[Init] NPUNVME Fully Initialized! Stream/Events ready. Max Pipe Depth: 2
[Init] Initialisation complete.
[Diag] after spdk_env_init: rte_lcore_count=1 rte_socket_count=8 spdk_core_count=1
[Diag] reactor: rings w=0x2000008fd500 r=0x2000008fcf80 m=0x2000004ff580 pollers s=0xffff80002380 w=0xffff80002520 r=0xffff800026c0 m=0xffff80002860
[NPU-NVMe] Found matching controller at 0000:83:00.0
[NPU-NVMe] Attached NS: block_size=512 total_blocks=7501476528
[Init] NPUNVME Fully Initialized! Stream/Events ready. Max Pipe Depth: 2
[Init] Initialisation complete.
[Diag] after spdk_env_init: rte_lcore_count=1 rte_socket_count=8 spdk_core_count=1
[Diag] reactor: rings w=0x2000008fd500 r=0x2000008fcf80 m=0x2000004ff580 pollers s=0xffff80002520 w=0xffff800026c0 r=0xffff80002860 m=0xffff80002a20
[NPU-NVMe] Found matching controller at 0000:83:00.0
[NPU-NVMe] Attached NS: block_size=512 total_blocks=7501476528
[Init] NPUNVME Fully Initialized! Stream/Events ready. Max Pipe Depth: 2
[Init] Initialisation complete.
[Diag] after spdk_env_init: rte_lcore_count=1 rte_socket_count=8 spdk_core_count=1
[Diag] reactor: rings w=0x2000008fd500 r=0x2000008fcf80 m=0x2000004ff580 pollers s=0xffff80002520 w=0xffff800026c0 r=0xffff80002860 m=0xffff80002a20
[NPU-NVMe] Found matching controller at 0000:83:00.0
[NPU-NVMe] Attached NS: block_size=512 total_blocks=7501476528
[Init] NPUNVME Fully Initialized! Stream/Events ready. Max Pipe Depth: 2
[Init] Initialisation complete.
[Diag] after spdk_env_init: rte_lcore_count=1 rte_socket_count=8 spdk_core_count=1
[Diag] reactor: rings w=0x2000008fd500 r=0x2000008fcf80 m=0x2000004ff580 pollers s=0xffff800026c0 w=0xffff80002860 r=0xffff80002a20 m=0xffff80002bc0
[NPU-NVMe] Found matching controller at 0000:83:00.0
[NPU-NVMe] Attached NS: block_size=512 total_blocks=7501476528
[Init] NPUNVME Fully Initialized! Stream/Events ready. Max Pipe Depth: 2
[Init] Initialisation complete.
[Diag] after spdk_env_init: rte_lcore_count=1 rte_socket_count=8 spdk_core_count=1
[Diag] reactor: rings w=0x2000008fd500 r=0x2000008fcf80 m=0x2000004ff580 pollers s=0xffff800026c0 w=0xffff80002860 r=0xffff80002a20 m=0xffff80002bc0
[NPU-NVMe] Found matching controller at 0000:83:00.0
[NPU-NVMe] Attached NS: block_size=512 total_blocks=7501476528
[Init] NPUNVME Fully Initialized! Stream/Events ready. Max Pipe Depth: 2
[Init] Initialisation complete.
[Diag] after spdk_env_init: rte_lcore_count=1 rte_socket_count=8 spdk_core_count=1
[Diag] reactor: rings w=0x2000008fd500 r=0x2000008fcf80 m=0x2000004ff580 pollers s=0xffff800026c0 w=0xffff80002860 r=0xffff80002a00 m=0xffff80002ba0
[NPU-NVMe] Found matching controller at 0000:83:00.0
[NPU-NVMe] Attached NS: block_size=512 total_blocks=7501476528
[Init] NPUNVME Fully Initialized! Stream/Events ready. Max Pipe Depth: 2
[Init] Initialisation complete.
[Diag] after spdk_env_init: rte_lcore_count=1 rte_socket_count=8 spdk_core_count=1
[Diag] reactor: rings w=0x2000008fd500 r=0x2000008fcf80 m=0x2000004ff580 pollers s=0xffff800026c0 w=0xffff80002860 r=0xffff80002a00 m=0xffff80002ba0
[NPU-NVMe] Found matching controller at 0000:83:00.0
[NPU-NVMe] Attached NS: block_size=512 total_blocks=7501476528
[Init] NPUNVME Fully Initialized! Stream/Events ready. Max Pipe Depth: 2
[Init] Initialisation complete.
[Diag] after spdk_env_init: rte_lcore_count=1 rte_socket_count=8 spdk_core_count=1
[Diag] reactor: rings w=0x2000008fd500 r=0x2000008fcf80 m=0x2000004ff580 pollers s=0xffff800026c0 w=0xffff80002860 r=0xffff80002a00 m=0xffff80002ba0
[NPU-NVMe] Found matching controller at 0000:83:00.0
[NPU-NVMe] Attached NS: block_size=512 total_blocks=7501476528
[Init] NPUNVME Fully Initialized! Stream/Events ready. Max Pipe Depth: 2
[Init] Initialisation complete.
[Diag] after spdk_env_init: rte_lcore_count=1 rte_socket_count=8 spdk_core_count=1
[Diag] reactor: rings w=0x2000008fd500 r=0x2000008fcf80 m=0x2000004ff580 pollers s=0xffff800026c0 w=0xffff80002860 r=0xffff80002a00 m=0xffff80002ba0
[NPU-NVMe] Found matching controller at 0000:83:00.0
[NPU-NVMe] Attached NS: block_size=512 total_blocks=7501476528
[Init] NPUNVME Fully Initialized! Stream/Events ready. Max Pipe Depth: 2
[Init] Initialisation complete.
[Diag] after spdk_env_init: rte_lcore_count=1 rte_socket_count=8 spdk_core_count=1
[Diag] reactor: rings w=0x2000008fd500 r=0x2000008fcf80 m=0x2000004ff580 pollers s=0xffff800026c0 w=0xffff80002860 r=0xffff80002a00 m=0xffff80002ba0
[NPU-NVMe] Found matching controller at 0000:83:00.0
[NPU-NVMe] Attached NS: block_size=512 total_blocks=7501476528
[Init] NPUNVME Fully Initialized! Stream/Events ready. Max Pipe Depth: 2
[Init] Initialisation complete.
[Diag] after spdk_env_init: rte_lcore_count=1 rte_socket_count=8 spdk_core_count=1
[Diag] reactor: rings w=0x2000008fd500 r=0x2000008fcf80 m=0x2000004ff580 pollers s=0xffff800026c0 w=0xffff80002860 r=0xffff80002a00 m=0xffff80002ba0
[NPU-NVMe] Found matching controller at 0000:83:00.0
[NPU-NVMe] Attached NS: block_size=512 total_blocks=7501476528
[Init] NPUNVME Fully Initialized! Stream/Events ready. Max Pipe Depth: 2
[Init] Initialisation complete.
[Diag] after spdk_env_init: rte_lcore_count=1 rte_socket_count=8 spdk_core_count=1
[Diag] reactor: rings w=0x2000008fd500 r=0x2000008fcf80 m=0x2000004ff580 pollers s=0xffff800026c0 w=0xffff80002860 r=0xffff80002a00 m=0xffff80002ba0
[NPU-NVMe] Found matching controller at 0000:83:00.0
[NPU-NVMe] Attached NS: block_size=512 total_blocks=7501476528
[Init] NPUNVME Fully Initialized! Stream/Events ready. Max Pipe Depth: 2
[Init] Initialisation complete.
[Diag] after spdk_env_init: rte_lcore_count=1 rte_socket_count=8 spdk_core_count=1
[Diag] reactor: rings w=0x2000008fd500 r=0x2000008fcf80 m=0x2000004ff580 pollers s=0xffff800026c0 w=0xffff80002860 r=0xffff80002a00 m=0xffff80002ba0
[NPU-NVMe] Found matching controller at 0000:83:00.0
[NPU-NVMe] Attached NS: block_size=512 total_blocks=7501476528
[Init] NPUNVME Fully Initialized! Stream/Events ready. Max Pipe Depth: 2
[Init] Initialisation complete.
[Diag] after spdk_env_init: rte_lcore_count=1 rte_socket_count=8 spdk_core_count=1
[Diag] reactor: rings w=0x2000008fd500 r=0x2000008fcf80 m=0x2000004ff580 pollers s=0xffff800026c0 w=0xffff80002860 r=0xffff80002a00 m=0xffff80002ba0
[NPU-NVMe] Found matching controller at 0000:83:00.0
[NPU-NVMe] Attached NS: block_size=512 total_blocks=7501476528
[Init] NPUNVME Fully Initialized! Stream/Events ready. Max Pipe Depth: 2
[Init] Initialisation complete.
[Diag] after spdk_env_init: rte_lcore_count=1 rte_socket_count=8 spdk_core_count=1
[Diag] reactor: rings w=0x2000008fd500 r=0x2000008fcf80 m=0x2000004ff580 pollers s=0xffff800026c0 w=0xffff80002860 r=0xffff80002a00 m=0xffff80002ba0
[NPU-NVMe] Found matching controller at 0000:83:00.0
[NPU-NVMe] Attached NS: block_size=512 total_blocks=7501476528
[Init] NPUNVME Fully Initialized! Stream/Events ready. Max Pipe Depth: 2
[Init] Initialisation complete.
[Diag] after spdk_env_init: rte_lcore_count=1 rte_socket_count=8 spdk_core_count=1
[Diag] reactor: rings w=0x2000008fd500 r=0x2000008fcf80 m=0x2000004ff580 pollers s=0xffff800026c0 w=0xffff80002860 r=0xffff80002a00 m=0xffff80002ba0
[NPU-NVMe] Found matching controller at 0000:83:00.0
[NPU-NVMe] Attached NS: block_size=512 total_blocks=7501476528
[Init] NPUNVME Fully Initialized! Stream/Events ready. Max Pipe Depth: 2
[Init] Initialisation complete.
[Diag] after spdk_env_init: rte_lcore_count=1 rte_socket_count=8 spdk_core_count=1
[Diag] reactor: rings w=0x2000008fd500 r=0x2000008fcf80 m=0x2000004ff580 pollers s=0xffff800026c0 w=0xffff80002860 r=0xffff80002a00 m=0xffff80002ba0
[NPU-NVMe] Found matching controller at 0000:83:00.0
[NPU-NVMe] Attached NS: block_size=512 total_blocks=7501476528
[Init] NPUNVME Fully Initialized! Stream/Events ready. Max Pipe Depth: 2
[Init] Initialisation complete.
[Diag] after spdk_env_init: rte_lcore_count=1 rte_socket_count=8 spdk_core_count=1
[Diag] reactor: rings w=0x2000008fd500 r=0x2000008fcf80 m=0x2000004ff580 pollers s=0xffff800026c0 w=0xffff80002860 r=0xffff80002a00 m=0xffff80002ba0
[NPU-NVMe] Found matching controller at 0000:83:00.0
[NPU-NVMe] Attached NS: block_size=512 total_blocks=7501476528
[Init] NPUNVME Fully Initialized! Stream/Events ready. Max Pipe Depth: 2
[Init] Initialisation complete.
[Diag] after spdk_env_init: rte_lcore_count=1 rte_socket_count=8 spdk_core_count=1
[Diag] reactor: rings w=0x2000008fd500 r=0x2000008fcf80 m=0x2000004ff580 pollers s=0xffff800026c0 w=0xffff80002860 r=0xffff80002a00 m=0xffff80002ba0
[NPU-NVMe] Found matching controller at 0000:83:00.0
[NPU-NVMe] Attached NS: block_size=512 total_blocks=7501476528
[Init] NPUNVME Fully Initialized! Stream/Events ready. Max Pipe Depth: 2
[Init] Initialisation complete.
[Diag] after spdk_env_init: rte_lcore_count=1 rte_socket_count=8 spdk_core_count=1
[Diag] reactor: rings w=0x2000008fd500 r=0x2000008fcf80 m=0x2000004ff580 pollers s=0xffff800026c0 w=0xffff80002860 r=0xffff80002a00 m=0xffff80002ba0
[NPU-NVMe] Found matching controller at 0000:83:00.0
[NPU-NVMe] Attached NS: block_size=512 total_blocks=7501476528
[Init] NPUNVME Fully Initialized! Stream/Events ready. Max Pipe Depth: 2
[Init] Initialisation complete.
[Diag] after spdk_env_init: rte_lcore_count=1 rte_socket_count=8 spdk_core_count=1
[Diag] reactor: rings w=0x2000008fd500 r=0x2000008fcf80 m=0x2000004ff580 pollers s=0xffff800026c0 w=0xffff80002860 r=0xffff80002a00 m=0xffff80002ba0
[NPU-NVMe] Found matching controller at 0000:83:00.0
[NPU-NVMe] Attached NS: block_size=512 total_blocks=7501476528
[Init] NPUNVME Fully Initialized! Stream/Events ready. Max Pipe Depth: 2
[Init] Initialisation complete.
