/home/user7/miniconda3/envs/ms_2.5/lib/python3.9/site-packages/numpy/core/getlimits.py:549: UserWarning: The value of the smallest subnormal for <class 'numpy.float64'> type is zero.
  setattr(self, word, getattr(machar, word).flat[0])
/home/user7/miniconda3/envs/ms_2.5/lib/python3.9/site-packages/numpy/core/getlimits.py:89: UserWarning: The value of the smallest subnormal for <class 'numpy.float64'> type is zero.
  return self._float_to_str(self.smallest_subnormal)
/home/user7/miniconda3/envs/ms_2.5/lib/python3.9/site-packages/numpy/core/getlimits.py:549: UserWarning: The value of the smallest subnormal for <class 'numpy.float32'> type is zero.
  setattr(self, word, getattr(machar, word).flat[0])
/home/user7/miniconda3/envs/ms_2.5/lib/python3.9/site-packages/numpy/core/getlimits.py:89: UserWarning: The value of the smallest subnormal for <class 'numpy.float32'> type is zero.
  return self._float_to_str(self.smallest_subnormal)
[WARNING] ME(938970:281473267531808,MainProcess):2026-09-14-18:10:32.111.371 [mindspore/context.py:1335] For 'context.set_context', the parameter 'deterministic' will be deprecated and removed in a future version. Please use the api mindspore.set_deterministic() instead.
[WARNING] ME(938970:281473267531808,MainProcess):2026-09-14-18:10:32.112.746 [mindspore/context.py:1335] For 'context.set_context', the parameter 'deterministic' will be deprecated and removed in a future version. Please use the api mindspore.set_deterministic() instead.
[WARNING] ME(938970:281473267531808,MainProcess):2026-09-14-18:10:32.113.674 [mindspore/context.py:1335] For 'context.set_context', the parameter 'device_target' will be deprecated and removed in a future version. Please use the api mindspore.set_device() instead.
[WARNING] ME(938970:281473267531808,MainProcess):2026-09-14-18:10:32.114.416 [mindspore/context.py:1335] For 'context.set_context', the parameter 'device_id' will be deprecated and removed in a future version. Please use the api mindspore.set_device() instead.
/home/user7/miniconda3/envs/ms_2.5/lib/python3.9/site-packages/jieba/_compat.py:18: UserWarning: pkg_resources is deprecated as an API. See https://setuptools.pypa.io/en/latest/pkg_resources.html. The pkg_resources package is slated for removal as early as 2025-11-30. Refrain from using this package or pin to Setuptools<81.
  import pkg_resources
[WARNING] ME(938970:281473267531808,MainProcess):2026-09-14-18:10:33.285.482 [mindspore/ops/primitive.py:217] The in_strategy/in_layout of the operator in your network will not take effect in stand_alone mode. This means the the shard function called in the network is ignored. 
If you want to enable it, please use semi auto or auto parallel mode by context.set_auto_parallel_context(parallel_mode=ParallelMode.SEMI_AUTO_PARALLEL or context.set_auto_parallel_context(parallel_mode=ParallelMode.AUTO_PARALLEL)
[WARNING] ME(938970:281473267531808,MainProcess):2026-09-14-18:10:33.683.611 [mindspore/common/parameter.py:851] This interface may be deleted in the future.
[WARNING] ME(938970:281473267531808,MainProcess):2026-09-14-18:11:02.551.03 [mindspore/hal/stream.py:272] WARN_DEPRECATED: The usage of mindspore.hal.synchronize() is deprecated. Please use mindspore.runtime.synchronize()
[ERROR] COMMON(938970,ffff9a200020,python):2026-09-14-18:11:19.160.489 [mindspore/ccsrc/pybind_api/ir/tensor_py.cc:730] DataPtr] Tensor device address is null
[ERROR] COMMON(938970,ffff9a200020,python):2026-09-14-18:11:19.239.475 [mindspore/ccsrc/pybind_api/ir/tensor_py.cc:730] DataPtr] Tensor device address is null
[ERROR] COMMON(938970,ffff9a200020,python):2026-09-14-18:11:19.248.795 [mindspore/ccsrc/pybind_api/ir/tensor_py.cc:730] DataPtr] Tensor device address is null
[ERROR] COMMON(938970,ffff9a200020,python):2026-09-14-18:11:19.256.918 [mindspore/ccsrc/pybind_api/ir/tensor_py.cc:730] DataPtr] Tensor device address is null
[ERROR] COMMON(938970,ffff9a200020,python):2026-09-14-18:11:19.257.706 [mindspore/ccsrc/pybind_api/ir/tensor_py.cc:730] DataPtr] Tensor device address is null
[ERROR] COMMON(938970,ffff9a200020,python):2026-09-14-18:11:19.258.403 [mindspore/ccsrc/pybind_api/ir/tensor_py.cc:730] DataPtr] Tensor device address is null
[ERROR] COMMON(938970,ffff9a200020,python):2026-09-14-18:11:19.259.151 [mindspore/ccsrc/pybind_api/ir/tensor_py.cc:730] DataPtr] Tensor device address is null
[ERROR] COMMON(938970,ffff9a200020,python):2026-09-14-18:11:19.259.848 [mindspore/ccsrc/pybind_api/ir/tensor_py.cc:730] DataPtr] Tensor device address is null
[ERROR] COMMON(938970,ffff9a200020,python):2026-09-14-18:11:19.260.569 [mindspore/ccsrc/pybind_api/ir/tensor_py.cc:730] DataPtr] Tensor device address is null
[ERROR] COMMON(938970,ffff9a200020,python):2026-09-14-18:11:19.269.659 [mindspore/ccsrc/pybind_api/ir/tensor_py.cc:730] DataPtr] Tensor device address is null
[ERROR] COMMON(938970,ffff9a200020,python):2026-09-14-18:11:19.270.451 [mindspore/ccsrc/pybind_api/ir/tensor_py.cc:730] DataPtr] Tensor device address is null
[ERROR] COMMON(938970,ffff9a200020,python):2026-09-14-18:11:19.272.389 [mindspore/ccsrc/pybind_api/ir/tensor_py.cc:730] DataPtr] Tensor device address is null
[ERROR] COMMON(938970,ffff9a200020,python):2026-09-14-18:11:19.273.118 [mindspore/ccsrc/pybind_api/ir/tensor_py.cc:730] DataPtr] Tensor device address is null
[ERROR] COMMON(938970,ffff9a200020,python):2026-09-14-18:11:19.275.397 [mindspore/ccsrc/pybind_api/ir/tensor_py.cc:730] DataPtr] Tensor device address is null
[ERROR] COMMON(938970,ffff9a200020,python):2026-09-14-18:11:19.276.105 [mindspore/ccsrc/pybind_api/ir/tensor_py.cc:730] DataPtr] Tensor device address is null
[ERROR] COMMON(938970,ffff9a200020,python):2026-09-14-18:11:19.278.011 [mindspore/ccsrc/pybind_api/ir/tensor_py.cc:730] DataPtr] Tensor device address is null
[ERROR] COMMON(938970,ffff9a200020,python):2026-09-14-18:11:19.278.751 [mindspore/ccsrc/pybind_api/ir/tensor_py.cc:730] DataPtr] Tensor device address is null
[ERROR] COMMON(938970,ffff9a200020,python):2026-09-14-18:11:19.290.610 [mindspore/ccsrc/pybind_api/ir/tensor_py.cc:730] DataPtr] Tensor device address is null
[ERROR] COMMON(938970,ffff9a200020,python):2026-09-14-18:11:19.298.418 [mindspore/ccsrc/pybind_api/ir/tensor_py.cc:730] DataPtr] Tensor device address is null
[ERROR] COMMON(938970,ffff9a200020,python):2026-09-14-18:11:19.311.191 [mindspore/ccsrc/pybind_api/ir/tensor_py.cc:730] DataPtr] Tensor device address is null
[ERROR] COMMON(938970,ffff9a200020,python):2026-09-14-18:11:19.312.000 [mindspore/ccsrc/pybind_api/ir/tensor_py.cc:730] DataPtr] Tensor device address is null
[ERROR] COMMON(938970,ffff9a200020,python):2026-09-14-18:11:19.312.736 [mindspore/ccsrc/pybind_api/ir/tensor_py.cc:730] DataPtr] Tensor device address is null
[ERROR] COMMON(938970,ffff9a200020,python):2026-09-14-18:11:19.313.478 [mindspore/ccsrc/pybind_api/ir/tensor_py.cc:730] DataPtr] Tensor device address is null
[ERROR] COMMON(938970,ffff9a200020,python):2026-09-14-18:11:19.314.190 [mindspore/ccsrc/pybind_api/ir/tensor_py.cc:730] DataPtr] Tensor device address is null
[ERROR] COMMON(938970,ffff9a200020,python):2026-09-14-18:11:19.314.911 [mindspore/ccsrc/pybind_api/ir/tensor_py.cc:730] DataPtr] Tensor device address is null
[ERROR] COMMON(938970,ffff9a200020,python):2026-09-14-18:11:19.316.738 [mindspore/ccsrc/pybind_api/ir/tensor_py.cc:730] DataPtr] Tensor device address is null
[ERROR] COMMON(938970,ffff9a200020,python):2026-09-14-18:11:19.317.485 [mindspore/ccsrc/pybind_api/ir/tensor_py.cc:730] DataPtr] Tensor device address is null
[ERROR] COMMON(938970,ffff9a200020,python):2026-09-14-18:11:19.319.646 [mindspore/ccsrc/pybind_api/ir/tensor_py.cc:730] DataPtr] Tensor device address is null
[ERROR] COMMON(938970,ffff9a200020,python):2026-09-14-18:11:19.320.381 [mindspore/ccsrc/pybind_api/ir/tensor_py.cc:730] DataPtr] Tensor device address is null
[ERROR] COMMON(938970,ffff9a200020,python):2026-09-14-18:11:19.323.135 [mindspore/ccsrc/pybind_api/ir/tensor_py.cc:730] DataPtr] Tensor device address is null
[ERROR] COMMON(938970,ffff9a200020,python):2026-09-14-18:11:19.323.869 [mindspore/ccsrc/pybind_api/ir/tensor_py.cc:730] DataPtr] Tensor device address is null
[ERROR] COMMON(938970,ffff9a200020,python):2026-09-14-18:11:19.326.576 [mindspore/ccsrc/pybind_api/ir/tensor_py.cc:730] DataPtr] Tensor device address is null
[ERROR] COMMON(938970,ffff9a200020,python):2026-09-14-18:11:19.327.342 [mindspore/ccsrc/pybind_api/ir/tensor_py.cc:730] DataPtr] Tensor device address is null
[ERROR] COMMON(938970,ffff9a200020,python):2026-09-14-18:11:19.333.270 [mindspore/ccsrc/pybind_api/ir/tensor_py.cc:730] DataPtr] Tensor device address is null
[ERROR] COMMON(938970,ffff9a200020,python):2026-09-14-18:11:19.334.050 [mindspore/ccsrc/pybind_api/ir/tensor_py.cc:730] DataPtr] Tensor device address is null
[ERROR] COMMON(938970,ffff9a200020,python):2026-09-14-18:11:19.339.415 [mindspore/ccsrc/pybind_api/ir/tensor_py.cc:730] DataPtr] Tensor device address is null
[ERROR] COMMON(938970,ffff9a200020,python):2026-09-14-18:11:19.340.176 [mindspore/ccsrc/pybind_api/ir/tensor_py.cc:730] DataPtr] Tensor device address is null
[ERROR] COMMON(938970,ffff9a200020,python):2026-09-14-18:11:19.340.900 [mindspore/ccsrc/pybind_api/ir/tensor_py.cc:730] DataPtr] Tensor device address is null
[ERROR] COMMON(938970,ffff9a200020,python):2026-09-14-18:11:19.341.635 [mindspore/ccsrc/pybind_api/ir/tensor_py.cc:730] DataPtr] Tensor device address is null
[ERROR] COMMON(938970,ffff9a200020,python):2026-09-14-18:11:19.342.338 [mindspore/ccsrc/pybind_api/ir/tensor_py.cc:730] DataPtr] Tensor device address is null
[ERROR] COMMON(938970,ffff9a200020,python):2026-09-14-18:11:19.343.060 [mindspore/ccsrc/pybind_api/ir/tensor_py.cc:730] DataPtr] Tensor device address is null
[ERROR] COMMON(938970,ffff9a200020,python):2026-09-14-18:11:19.345.699 [mindspore/ccsrc/pybind_api/ir/tensor_py.cc:730] DataPtr] Tensor device address is null
[ERROR] COMMON(938970,ffff9a200020,python):2026-09-14-18:11:19.346.441 [mindspore/ccsrc/pybind_api/ir/tensor_py.cc:730] DataPtr] Tensor device address is null
[ERROR] COMMON(938970,ffff9a200020,python):2026-09-14-18:11:19.349.068 [mindspore/ccsrc/pybind_api/ir/tensor_py.cc:730] DataPtr] Tensor device address is null
[ERROR] COMMON(938970,ffff9a200020,python):2026-09-14-18:11:19.349.810 [mindspore/ccsrc/pybind_api/ir/tensor_py.cc:730] DataPtr] Tensor device address is null
[ERROR] COMMON(938970,ffff9a200020,python):2026-09-14-18:11:19.352.401 [mindspore/ccsrc/pybind_api/ir/tensor_py.cc:730] DataPtr] Tensor device address is null
[ERROR] COMMON(938970,ffff9a200020,python):2026-09-14-18:11:19.353.159 [mindspore/ccsrc/pybind_api/ir/tensor_py.cc:730] DataPtr] Tensor device address is null
[ERROR] COMMON(938970,ffff9a200020,python):2026-09-14-18:11:19.355.721 [mindspore/ccsrc/pybind_api/ir/tensor_py.cc:730] DataPtr] Tensor device address is null
[ERROR] COMMON(938970,ffff9a200020,python):2026-09-14-18:11:19.356.442 [mindspore/ccsrc/pybind_api/ir/tensor_py.cc:730] DataPtr] Tensor device address is null
[ERROR] COMMON(938970,ffff9a200020,python):2026-09-14-18:11:19.361.792 [mindspore/ccsrc/pybind_api/ir/tensor_py.cc:730] DataPtr] Tensor device address is null
[ERROR] COMMON(938970,ffff9a200020,python):2026-09-14-18:11:19.362.558 [mindspore/ccsrc/pybind_api/ir/tensor_py.cc:730] DataPtr] Tensor device address is null
[ERROR] COMMON(938970,ffff9a200020,python):2026-09-14-18:11:19.368.485 [mindspore/ccsrc/pybind_api/ir/tensor_py.cc:730] DataPtr] Tensor device address is null
[ERROR] COMMON(938970,ffff9a200020,python):2026-09-14-18:11:19.369.275 [mindspore/ccsrc/pybind_api/ir/tensor_py.cc:730] DataPtr] Tensor device address is null
[ERROR] COMMON(938970,ffff9a200020,python):2026-09-14-18:11:19.370.084 [mindspore/ccsrc/pybind_api/ir/tensor_py.cc:730] DataPtr] Tensor device address is null
[ERROR] COMMON(938970,ffff9a200020,python):2026-09-14-18:11:19.370.812 [mindspore/ccsrc/pybind_api/ir/tensor_py.cc:730] DataPtr] Tensor device address is null
[ERROR] COMMON(938970,ffff9a200020,python):2026-09-14-18:11:19.371.525 [mindspore/ccsrc/pybind_api/ir/tensor_py.cc:730] DataPtr] Tensor device address is null
[ERROR] COMMON(938970,ffff9a200020,python):2026-09-14-18:11:19.372.243 [mindspore/ccsrc/pybind_api/ir/tensor_py.cc:730] DataPtr] Tensor device address is null
[ERROR] COMMON(938970,ffff9a200020,python):2026-09-14-18:11:19.374.810 [mindspore/ccsrc/pybind_api/ir/tensor_py.cc:730] DataPtr] Tensor device address is null
[ERROR] COMMON(938970,ffff9a200020,python):2026-09-14-18:11:19.375.584 [mindspore/ccsrc/pybind_api/ir/tensor_py.cc:730] DataPtr] Tensor device address is null
[ERROR] COMMON(938970,ffff9a200020,python):2026-09-14-18:11:19.377.702 [mindspore/ccsrc/pybind_api/ir/tensor_py.cc:730] DataPtr] Tensor device address is null
[ERROR] COMMON(938970,ffff9a200020,python):2026-09-14-18:11:19.378.450 [mindspore/ccsrc/pybind_api/ir/tensor_py.cc:730] DataPtr] Tensor device address is null
[ERROR] COMMON(938970,ffff9a200020,python):2026-09-14-18:11:19.381.094 [mindspore/ccsrc/pybind_api/ir/tensor_py.cc:730] DataPtr] Tensor device address is null
[ERROR] COMMON(938970,ffff9a200020,python):2026-09-14-18:11:19.381.834 [mindspore/ccsrc/pybind_api/ir/tensor_py.cc:730] DataPtr] Tensor device address is null
[ERROR] COMMON(938970,ffff9a200020,python):2026-09-14-18:11:19.384.386 [mindspore/ccsrc/pybind_api/ir/tensor_py.cc:730] DataPtr] Tensor device address is null
[ERROR] COMMON(938970,ffff9a200020,python):2026-09-14-18:11:19.385.131 [mindspore/ccsrc/pybind_api/ir/tensor_py.cc:730] DataPtr] Tensor device address is null
[ERROR] COMMON(938970,ffff9a200020,python):2026-09-14-18:11:19.390.886 [mindspore/ccsrc/pybind_api/ir/tensor_py.cc:730] DataPtr] Tensor device address is null
[ERROR] COMMON(938970,ffff9a200020,python):2026-09-14-18:11:19.391.656 [mindspore/ccsrc/pybind_api/ir/tensor_py.cc:730] DataPtr] Tensor device address is null
[ERROR] COMMON(938970,ffff9a200020,python):2026-09-14-18:11:19.397.167 [mindspore/ccsrc/pybind_api/ir/tensor_py.cc:730] DataPtr] Tensor device address is null
[ERROR] COMMON(938970,ffff9a200020,python):2026-09-14-18:11:19.397.928 [mindspore/ccsrc/pybind_api/ir/tensor_py.cc:730] DataPtr] Tensor device address is null
[ERROR] COMMON(938970,ffff9a200020,python):2026-09-14-18:11:19.398.636 [mindspore/ccsrc/pybind_api/ir/tensor_py.cc:730] DataPtr] Tensor device address is null
[ERROR] COMMON(938970,ffff9a200020,python):2026-09-14-18:11:19.399.366 [mindspore/ccsrc/pybind_api/ir/tensor_py.cc:730] DataPtr] Tensor device address is null
[ERROR] COMMON(938970,ffff9a200020,python):2026-09-14-18:11:19.400.073 [mindspore/ccsrc/pybind_api/ir/tensor_py.cc:730] DataPtr] Tensor device address is null
[ERROR] COMMON(938970,ffff9a200020,python):2026-09-14-18:11:19.400.809 [mindspore/ccsrc/pybind_api/ir/tensor_py.cc:730] DataPtr] Tensor device address is null
[ERROR] COMMON(938970,ffff9a200020,python):2026-09-14-18:11:19.403.465 [mindspore/ccsrc/pybind_api/ir/tensor_py.cc:730] DataPtr] Tensor device address is null
[ERROR] COMMON(938970,ffff9a200020,python):2026-09-14-18:11:19.404.206 [mindspore/ccsrc/pybind_api/ir/tensor_py.cc:730] DataPtr] Tensor device address is null
[ERROR] COMMON(938970,ffff9a200020,python):2026-09-14-18:11:19.406.866 [mindspore/ccsrc/pybind_api/ir/tensor_py.cc:730] DataPtr] Tensor device address is null
[ERROR] COMMON(938970,ffff9a200020,python):2026-09-14-18:11:19.407.643 [mindspore/ccsrc/pybind_api/ir/tensor_py.cc:730] DataPtr] Tensor device address is null
[ERROR] COMMON(938970,ffff9a200020,python):2026-09-14-18:11:19.410.234 [mindspore/ccsrc/pybind_api/ir/tensor_py.cc:730] DataPtr] Tensor device address is null
[ERROR] COMMON(938970,ffff9a200020,python):2026-09-14-18:11:19.410.970 [mindspore/ccsrc/pybind_api/ir/tensor_py.cc:730] DataPtr] Tensor device address is null
[ERROR] COMMON(938970,ffff9a200020,python):2026-09-14-18:11:19.413.588 [mindspore/ccsrc/pybind_api/ir/tensor_py.cc:730] DataPtr] Tensor device address is null
[ERROR] COMMON(938970,ffff9a200020,python):2026-09-14-18:11:19.414.334 [mindspore/ccsrc/pybind_api/ir/tensor_py.cc:730] DataPtr] Tensor device address is null
[ERROR] COMMON(938970,ffff9a200020,python):2026-09-14-18:11:19.419.916 [mindspore/ccsrc/pybind_api/ir/tensor_py.cc:730] DataPtr] Tensor device address is null
[ERROR] COMMON(938970,ffff9a200020,python):2026-09-14-18:11:19.420.718 [mindspore/ccsrc/pybind_api/ir/tensor_py.cc:730] DataPtr] Tensor device address is null
[ERROR] COMMON(938970,ffff9a200020,python):2026-09-14-18:11:19.426.747 [mindspore/ccsrc/pybind_api/ir/tensor_py.cc:730] DataPtr] Tensor device address is null
[ERROR] COMMON(938970,ffff9a200020,python):2026-09-14-18:11:19.427.525 [mindspore/ccsrc/pybind_api/ir/tensor_py.cc:730] DataPtr] Tensor device address is null
[ERROR] COMMON(938970,ffff9a200020,python):2026-09-14-18:11:19.428.235 [mindspore/ccsrc/pybind_api/ir/tensor_py.cc:730] DataPtr] Tensor device address is null
[ERROR] COMMON(938970,ffff9a200020,python):2026-09-14-18:11:19.428.984 [mindspore/ccsrc/pybind_api/ir/tensor_py.cc:730] DataPtr] Tensor device address is null
[ERROR] COMMON(938970,ffff9a200020,python):2026-09-14-18:11:19.429.704 [mindspore/ccsrc/pybind_api/ir/tensor_py.cc:730] DataPtr] Tensor device address is null
[ERROR] COMMON(938970,ffff9a200020,python):2026-09-14-18:11:19.430.443 [mindspore/ccsrc/pybind_api/ir/tensor_py.cc:730] DataPtr] Tensor device address is null
[ERROR] COMMON(938970,ffff9a200020,python):2026-09-14-18:11:19.433.045 [mindspore/ccsrc/pybind_api/ir/tensor_py.cc:730] DataPtr] Tensor device address is null
[ERROR] COMMON(938970,ffff9a200020,python):2026-09-14-18:11:19.433.789 [mindspore/ccsrc/pybind_api/ir/tensor_py.cc:730] DataPtr] Tensor device address is null
[ERROR] COMMON(938970,ffff9a200020,python):2026-09-14-18:11:19.435.982 [mindspore/ccsrc/pybind_api/ir/tensor_py.cc:730] DataPtr] Tensor device address is null
[ERROR] COMMON(938970,ffff9a200020,python):2026-09-14-18:11:19.436.729 [mindspore/ccsrc/pybind_api/ir/tensor_py.cc:730] DataPtr] Tensor device address is null
[ERROR] COMMON(938970,ffff9a200020,python):2026-09-14-18:11:19.439.321 [mindspore/ccsrc/pybind_api/ir/tensor_py.cc:730] DataPtr] Tensor device address is null
[ERROR] COMMON(938970,ffff9a200020,python):2026-09-14-18:11:19.440.040 [mindspore/ccsrc/pybind_api/ir/tensor_py.cc:730] DataPtr] Tensor device address is null
[ERROR] COMMON(938970,ffff9a200020,python):2026-09-14-18:11:19.442.641 [mindspore/ccsrc/pybind_api/ir/tensor_py.cc:730] DataPtr] Tensor device address is null
[ERROR] COMMON(938970,ffff9a200020,python):2026-09-14-18:11:19.443.394 [mindspore/ccsrc/pybind_api/ir/tensor_py.cc:730] DataPtr] Tensor device address is null
[ERROR] COMMON(938970,ffff9a200020,python):2026-09-14-18:11:19.449.179 [mindspore/ccsrc/pybind_api/ir/tensor_py.cc:730] DataPtr] Tensor device address is null
[ERROR] COMMON(938970,ffff9a200020,python):2026-09-14-18:11:19.449.951 [mindspore/ccsrc/pybind_api/ir/tensor_py.cc:730] DataPtr] Tensor device address is null
[ERROR] COMMON(938970,ffff9a200020,python):2026-09-14-18:11:19.455.358 [mindspore/ccsrc/pybind_api/ir/tensor_py.cc:730] DataPtr] Tensor device address is null
[ERROR] COMMON(938970,ffff9a200020,python):2026-09-14-18:11:19.456.145 [mindspore/ccsrc/pybind_api/ir/tensor_py.cc:730] DataPtr] Tensor device address is null
[ERROR] COMMON(938970,ffff9a200020,python):2026-09-14-18:11:19.456.862 [mindspore/ccsrc/pybind_api/ir/tensor_py.cc:730] DataPtr] Tensor device address is null
[ERROR] COMMON(938970,ffff9a200020,python):2026-09-14-18:11:19.457.590 [mindspore/ccsrc/pybind_api/ir/tensor_py.cc:730] DataPtr] Tensor device address is null
[ERROR] COMMON(938970,ffff9a200020,python):2026-09-14-18:11:19.458.313 [mindspore/ccsrc/pybind_api/ir/tensor_py.cc:730] DataPtr] Tensor device address is null
[ERROR] COMMON(938970,ffff9a200020,python):2026-09-14-18:11:19.459.027 [mindspore/ccsrc/pybind_api/ir/tensor_py.cc:730] DataPtr] Tensor device address is null
[ERROR] COMMON(938970,ffff9a200020,python):2026-09-14-18:11:19.461.610 [mindspore/ccsrc/pybind_api/ir/tensor_py.cc:730] DataPtr] Tensor device address is null
[ERROR] COMMON(938970,ffff9a200020,python):2026-09-14-18:11:19.462.362 [mindspore/ccsrc/pybind_api/ir/tensor_py.cc:730] DataPtr] Tensor device address is null
[ERROR] COMMON(938970,ffff9a200020,python):2026-09-14-18:11:19.464.934 [mindspore/ccsrc/pybind_api/ir/tensor_py.cc:730] DataPtr] Tensor device address is null
[ERROR] COMMON(938970,ffff9a200020,python):2026-09-14-18:11:19.465.679 [mindspore/ccsrc/pybind_api/ir/tensor_py.cc:730] DataPtr] Tensor device address is null
[ERROR] COMMON(938970,ffff9a200020,python):2026-09-14-18:11:19.468.275 [mindspore/ccsrc/pybind_api/ir/tensor_py.cc:730] DataPtr] Tensor device address is null
[ERROR] COMMON(938970,ffff9a200020,python):2026-09-14-18:11:19.469.028 [mindspore/ccsrc/pybind_api/ir/tensor_py.cc:730] DataPtr] Tensor device address is null
[ERROR] COMMON(938970,ffff9a200020,python):2026-09-14-18:11:19.471.690 [mindspore/ccsrc/pybind_api/ir/tensor_py.cc:730] DataPtr] Tensor device address is null
[ERROR] COMMON(938970,ffff9a200020,python):2026-09-14-18:11:19.472.433 [mindspore/ccsrc/pybind_api/ir/tensor_py.cc:730] DataPtr] Tensor device address is null
[ERROR] COMMON(938970,ffff9a200020,python):2026-09-14-18:11:19.477.977 [mindspore/ccsrc/pybind_api/ir/tensor_py.cc:730] DataPtr] Tensor device address is null
[ERROR] COMMON(938970,ffff9a200020,python):2026-09-14-18:11:19.478.751 [mindspore/ccsrc/pybind_api/ir/tensor_py.cc:730] DataPtr] Tensor device address is null
[ERROR] COMMON(938970,ffff9a200020,python):2026-09-14-18:11:19.484.777 [mindspore/ccsrc/pybind_api/ir/tensor_py.cc:730] DataPtr] Tensor device address is null
[ERROR] COMMON(938970,ffff9a200020,python):2026-09-14-18:11:19.485.571 [mindspore/ccsrc/pybind_api/ir/tensor_py.cc:730] DataPtr] Tensor device address is null
[ERROR] COMMON(938970,ffff9a200020,python):2026-09-14-18:11:19.486.285 [mindspore/ccsrc/pybind_api/ir/tensor_py.cc:730] DataPtr] Tensor device address is null
[ERROR] COMMON(938970,ffff9a200020,python):2026-09-14-18:11:19.487.003 [mindspore/ccsrc/pybind_api/ir/tensor_py.cc:730] DataPtr] Tensor device address is null
[ERROR] COMMON(938970,ffff9a200020,python):2026-09-14-18:11:19.487.710 [mindspore/ccsrc/pybind_api/ir/tensor_py.cc:730] DataPtr] Tensor device address is null
[ERROR] COMMON(938970,ffff9a200020,python):2026-09-14-18:11:19.488.427 [mindspore/ccsrc/pybind_api/ir/tensor_py.cc:730] DataPtr] Tensor device address is null
[ERROR] COMMON(938970,ffff9a200020,python):2026-09-14-18:11:19.491.045 [mindspore/ccsrc/pybind_api/ir/tensor_py.cc:730] DataPtr] Tensor device address is null
[ERROR] COMMON(938970,ffff9a200020,python):2026-09-14-18:11:19.491.788 [mindspore/ccsrc/pybind_api/ir/tensor_py.cc:730] DataPtr] Tensor device address is null
[ERROR] COMMON(938970,ffff9a200020,python):2026-09-14-18:11:19.493.978 [mindspore/ccsrc/pybind_api/ir/tensor_py.cc:730] DataPtr] Tensor device address is null
[ERROR] COMMON(938970,ffff9a200020,python):2026-09-14-18:11:19.494.718 [mindspore/ccsrc/pybind_api/ir/tensor_py.cc:730] DataPtr] Tensor device address is null
[ERROR] COMMON(938970,ffff9a200020,python):2026-09-14-18:11:19.497.389 [mindspore/ccsrc/pybind_api/ir/tensor_py.cc:730] DataPtr] Tensor device address is null
[ERROR] COMMON(938970,ffff9a200020,python):2026-09-14-18:11:19.498.144 [mindspore/ccsrc/pybind_api/ir/tensor_py.cc:730] DataPtr] Tensor device address is null
[ERROR] COMMON(938970,ffff9a200020,python):2026-09-14-18:11:19.500.761 [mindspore/ccsrc/pybind_api/ir/tensor_py.cc:730] DataPtr] Tensor device address is null
[ERROR] COMMON(938970,ffff9a200020,python):2026-09-14-18:11:19.501.515 [mindspore/ccsrc/pybind_api/ir/tensor_py.cc:730] DataPtr] Tensor device address is null
[ERROR] COMMON(938970,ffff9a200020,python):2026-09-14-18:11:19.507.445 [mindspore/ccsrc/pybind_api/ir/tensor_py.cc:730] DataPtr] Tensor device address is null
[ERROR] COMMON(938970,ffff9a200020,python):2026-09-14-18:11:19.508.232 [mindspore/ccsrc/pybind_api/ir/tensor_py.cc:730] DataPtr] Tensor device address is null
[ERROR] COMMON(938970,ffff9a200020,python):2026-09-14-18:11:19.513.762 [mindspore/ccsrc/pybind_api/ir/tensor_py.cc:730] DataPtr] Tensor device address is null
[ERROR] COMMON(938970,ffff9a200020,python):2026-09-14-18:11:19.514.541 [mindspore/ccsrc/pybind_api/ir/tensor_py.cc:730] DataPtr] Tensor device address is null
[ERROR] COMMON(938970,ffff9a200020,python):2026-09-14-18:11:19.515.259 [mindspore/ccsrc/pybind_api/ir/tensor_py.cc:730] DataPtr] Tensor device address is null
[ERROR] COMMON(938970,ffff9a200020,python):2026-09-14-18:11:19.515.973 [mindspore/ccsrc/pybind_api/ir/tensor_py.cc:730] DataPtr] Tensor device address is null
[ERROR] COMMON(938970,ffff9a200020,python):2026-09-14-18:11:19.516.714 [mindspore/ccsrc/pybind_api/ir/tensor_py.cc:730] DataPtr] Tensor device address is null
[ERROR] COMMON(938970,ffff9a200020,python):2026-09-14-18:11:19.517.471 [mindspore/ccsrc/pybind_api/ir/tensor_py.cc:730] DataPtr] Tensor device address is null
[ERROR] COMMON(938970,ffff9a200020,python):2026-09-14-18:11:19.520.040 [mindspore/ccsrc/pybind_api/ir/tensor_py.cc:730] DataPtr] Tensor device address is null
[ERROR] COMMON(938970,ffff9a200020,python):2026-09-14-18:11:19.521.297 [mindspore/ccsrc/pybind_api/ir/tensor_py.cc:730] DataPtr] Tensor device address is null
[ERROR] COMMON(938970,ffff9a200020,python):2026-09-14-18:11:19.523.918 [mindspore/ccsrc/pybind_api/ir/tensor_py.cc:730] DataPtr] Tensor device address is null
[ERROR] COMMON(938970,ffff9a200020,python):2026-09-14-18:11:19.524.659 [mindspore/ccsrc/pybind_api/ir/tensor_py.cc:730] DataPtr] Tensor device address is null
[ERROR] COMMON(938970,ffff9a200020,python):2026-09-14-18:11:19.527.302 [mindspore/ccsrc/pybind_api/ir/tensor_py.cc:730] DataPtr] Tensor device address is null
[ERROR] COMMON(938970,ffff9a200020,python):2026-09-14-18:11:19.528.048 [mindspore/ccsrc/pybind_api/ir/tensor_py.cc:730] DataPtr] Tensor device address is null
[ERROR] COMMON(938970,ffff9a200020,python):2026-09-14-18:11:19.530.673 [mindspore/ccsrc/pybind_api/ir/tensor_py.cc:730] DataPtr] Tensor device address is null
[ERROR] COMMON(938970,ffff9a200020,python):2026-09-14-18:11:19.531.425 [mindspore/ccsrc/pybind_api/ir/tensor_py.cc:730] DataPtr] Tensor device address is null
[ERROR] COMMON(938970,ffff9a200020,python):2026-09-14-18:11:19.536.775 [mindspore/ccsrc/pybind_api/ir/tensor_py.cc:730] DataPtr] Tensor device address is null
[ERROR] COMMON(938970,ffff9a200020,python):2026-09-14-18:11:19.537.542 [mindspore/ccsrc/pybind_api/ir/tensor_py.cc:730] DataPtr] Tensor device address is null
[ERROR] COMMON(938970,ffff9a200020,python):2026-09-14-18:11:19.543.379 [mindspore/ccsrc/pybind_api/ir/tensor_py.cc:730] DataPtr] Tensor device address is null
[ERROR] COMMON(938970,ffff9a200020,python):2026-09-14-18:11:19.544.189 [mindspore/ccsrc/pybind_api/ir/tensor_py.cc:730] DataPtr] Tensor device address is null
[ERROR] COMMON(938970,ffff9a200020,python):2026-09-14-18:11:19.544.930 [mindspore/ccsrc/pybind_api/ir/tensor_py.cc:730] DataPtr] Tensor device address is null
[ERROR] COMMON(938970,ffff9a200020,python):2026-09-14-18:11:19.545.675 [mindspore/ccsrc/pybind_api/ir/tensor_py.cc:730] DataPtr] Tensor device address is null
[ERROR] COMMON(938970,ffff9a200020,python):2026-09-14-18:11:19.546.400 [mindspore/ccsrc/pybind_api/ir/tensor_py.cc:730] DataPtr] Tensor device address is null
[ERROR] COMMON(938970,ffff9a200020,python):2026-09-14-18:11:19.547.124 [mindspore/ccsrc/pybind_api/ir/tensor_py.cc:730] DataPtr] Tensor device address is null
[ERROR] COMMON(938970,ffff9a200020,python):2026-09-14-18:11:19.549.699 [mindspore/ccsrc/pybind_api/ir/tensor_py.cc:730] DataPtr] Tensor device address is null
[ERROR] COMMON(938970,ffff9a200020,python):2026-09-14-18:11:19.550.450 [mindspore/ccsrc/pybind_api/ir/tensor_py.cc:730] DataPtr] Tensor device address is null
[ERROR] COMMON(938970,ffff9a200020,python):2026-09-14-18:11:19.552.677 [mindspore/ccsrc/pybind_api/ir/tensor_py.cc:730] DataPtr] Tensor device address is null
[ERROR] COMMON(938970,ffff9a200020,python):2026-09-14-18:11:19.553.411 [mindspore/ccsrc/pybind_api/ir/tensor_py.cc:730] DataPtr] Tensor device address is null
[ERROR] COMMON(938970,ffff9a200020,python):2026-09-14-18:11:19.556.003 [mindspore/ccsrc/pybind_api/ir/tensor_py.cc:730] DataPtr] Tensor device address is null
[ERROR] COMMON(938970,ffff9a200020,python):2026-09-14-18:11:19.556.731 [mindspore/ccsrc/pybind_api/ir/tensor_py.cc:730] DataPtr] Tensor device address is null
[ERROR] COMMON(938970,ffff9a200020,python):2026-09-14-18:11:19.559.326 [mindspore/ccsrc/pybind_api/ir/tensor_py.cc:730] DataPtr] Tensor device address is null
[ERROR] COMMON(938970,ffff9a200020,python):2026-09-14-18:11:19.560.079 [mindspore/ccsrc/pybind_api/ir/tensor_py.cc:730] DataPtr] Tensor device address is null
[ERROR] COMMON(938970,ffff9a200020,python):2026-09-14-18:11:19.566.057 [mindspore/ccsrc/pybind_api/ir/tensor_py.cc:730] DataPtr] Tensor device address is null
[ERROR] COMMON(938970,ffff9a200020,python):2026-09-14-18:11:19.566.833 [mindspore/ccsrc/pybind_api/ir/tensor_py.cc:730] DataPtr] Tensor device address is null
[ERROR] COMMON(938970,ffff9a200020,python):2026-09-14-18:11:19.572.292 [mindspore/ccsrc/pybind_api/ir/tensor_py.cc:730] DataPtr] Tensor device address is null
[ERROR] COMMON(938970,ffff9a200020,python):2026-09-14-18:11:19.573.080 [mindspore/ccsrc/pybind_api/ir/tensor_py.cc:730] DataPtr] Tensor device address is null
[ERROR] COMMON(938970,ffff9a200020,python):2026-09-14-18:11:19.573.811 [mindspore/ccsrc/pybind_api/ir/tensor_py.cc:730] DataPtr] Tensor device address is null
[ERROR] COMMON(938970,ffff9a200020,python):2026-09-14-18:11:19.574.536 [mindspore/ccsrc/pybind_api/ir/tensor_py.cc:730] DataPtr] Tensor device address is null
[ERROR] COMMON(938970,ffff9a200020,python):2026-09-14-18:11:19.575.238 [mindspore/ccsrc/pybind_api/ir/tensor_py.cc:730] DataPtr] Tensor device address is null
[ERROR] COMMON(938970,ffff9a200020,python):2026-09-14-18:11:19.575.966 [mindspore/ccsrc/pybind_api/ir/tensor_py.cc:730] DataPtr] Tensor device address is null
[ERROR] COMMON(938970,ffff9a200020,python):2026-09-14-18:11:19.578.643 [mindspore/ccsrc/pybind_api/ir/tensor_py.cc:730] DataPtr] Tensor device address is null
[ERROR] COMMON(938970,ffff9a200020,python):2026-09-14-18:11:19.579.389 [mindspore/ccsrc/pybind_api/ir/tensor_py.cc:730] DataPtr] Tensor device address is null
[ERROR] COMMON(938970,ffff9a200020,python):2026-09-14-18:11:19.582.020 [mindspore/ccsrc/pybind_api/ir/tensor_py.cc:730] DataPtr] Tensor device address is null
[ERROR] COMMON(938970,ffff9a200020,python):2026-09-14-18:11:19.582.787 [mindspore/ccsrc/pybind_api/ir/tensor_py.cc:730] DataPtr] Tensor device address is null
[ERROR] COMMON(938970,ffff9a200020,python):2026-09-14-18:11:19.585.400 [mindspore/ccsrc/pybind_api/ir/tensor_py.cc:730] DataPtr] Tensor device address is null
[ERROR] COMMON(938970,ffff9a200020,python):2026-09-14-18:11:19.586.147 [mindspore/ccsrc/pybind_api/ir/tensor_py.cc:730] DataPtr] Tensor device address is null
[ERROR] COMMON(938970,ffff9a200020,python):2026-09-14-18:11:19.588.721 [mindspore/ccsrc/pybind_api/ir/tensor_py.cc:730] DataPtr] Tensor device address is null
[ERROR] COMMON(938970,ffff9a200020,python):2026-09-14-18:11:19.589.476 [mindspore/ccsrc/pybind_api/ir/tensor_py.cc:730] DataPtr] Tensor device address is null
[ERROR] COMMON(938970,ffff9a200020,python):2026-09-14-18:11:19.594.791 [mindspore/ccsrc/pybind_api/ir/tensor_py.cc:730] DataPtr] Tensor device address is null
[ERROR] COMMON(938970,ffff9a200020,python):2026-09-14-18:11:19.595.580 [mindspore/ccsrc/pybind_api/ir/tensor_py.cc:730] DataPtr] Tensor device address is null
[ERROR] COMMON(938970,ffff9a200020,python):2026-09-14-18:11:19.601.341 [mindspore/ccsrc/pybind_api/ir/tensor_py.cc:730] DataPtr] Tensor device address is null
[ERROR] COMMON(938970,ffff9a200020,python):2026-09-14-18:11:19.602.109 [mindspore/ccsrc/pybind_api/ir/tensor_py.cc:730] DataPtr] Tensor device address is null
[ERROR] COMMON(938970,ffff9a200020,python):2026-09-14-18:11:19.602.828 [mindspore/ccsrc/pybind_api/ir/tensor_py.cc:730] DataPtr] Tensor device address is null
[ERROR] COMMON(938970,ffff9a200020,python):2026-09-14-18:11:19.603.542 [mindspore/ccsrc/pybind_api/ir/tensor_py.cc:730] DataPtr] Tensor device address is null
[ERROR] COMMON(938970,ffff9a200020,python):2026-09-14-18:11:19.604.239 [mindspore/ccsrc/pybind_api/ir/tensor_py.cc:730] DataPtr] Tensor device address is null
[ERROR] COMMON(938970,ffff9a200020,python):2026-09-14-18:11:19.604.978 [mindspore/ccsrc/pybind_api/ir/tensor_py.cc:730] DataPtr] Tensor device address is null
[ERROR] COMMON(938970,ffff9a200020,python):2026-09-14-18:11:19.607.602 [mindspore/ccsrc/pybind_api/ir/tensor_py.cc:730] DataPtr] Tensor device address is null
[ERROR] COMMON(938970,ffff9a200020,python):2026-09-14-18:11:19.608.350 [mindspore/ccsrc/pybind_api/ir/tensor_py.cc:730] DataPtr] Tensor device address is null
[ERROR] COMMON(938970,ffff9a200020,python):2026-09-14-18:11:19.610.482 [mindspore/ccsrc/pybind_api/ir/tensor_py.cc:730] DataPtr] Tensor device address is null
[ERROR] COMMON(938970,ffff9a200020,python):2026-09-14-18:11:19.611.230 [mindspore/ccsrc/pybind_api/ir/tensor_py.cc:730] DataPtr] Tensor device address is null
[ERROR] COMMON(938970,ffff9a200020,python):2026-09-14-18:11:19.613.774 [mindspore/ccsrc/pybind_api/ir/tensor_py.cc:730] DataPtr] Tensor device address is null
[ERROR] COMMON(938970,ffff9a200020,python):2026-09-14-18:11:19.614.517 [mindspore/ccsrc/pybind_api/ir/tensor_py.cc:730] DataPtr] Tensor device address is null
[ERROR] COMMON(938970,ffff9a200020,python):2026-09-14-18:11:19.617.083 [mindspore/ccsrc/pybind_api/ir/tensor_py.cc:730] DataPtr] Tensor device address is null
[ERROR] COMMON(938970,ffff9a200020,python):2026-09-14-18:11:19.617.826 [mindspore/ccsrc/pybind_api/ir/tensor_py.cc:730] DataPtr] Tensor device address is null
[ERROR] COMMON(938970,ffff9a200020,python):2026-09-14-18:11:19.623.563 [mindspore/ccsrc/pybind_api/ir/tensor_py.cc:730] DataPtr] Tensor device address is null
[ERROR] COMMON(938970,ffff9a200020,python):2026-09-14-18:11:19.624.346 [mindspore/ccsrc/pybind_api/ir/tensor_py.cc:730] DataPtr] Tensor device address is null
[ERROR] COMMON(938970,ffff9a200020,python):2026-09-14-18:11:19.629.839 [mindspore/ccsrc/pybind_api/ir/tensor_py.cc:730] DataPtr] Tensor device address is null
[ERROR] COMMON(938970,ffff9a200020,python):2026-09-14-18:11:19.630.659 [mindspore/ccsrc/pybind_api/ir/tensor_py.cc:730] DataPtr] Tensor device address is null
[ERROR] COMMON(938970,ffff9a200020,python):2026-09-14-18:11:19.638.835 [mindspore/ccsrc/pybind_api/ir/tensor_py.cc:730] DataPtr] Tensor device address is null
[ERROR] COMMON(938970,ffff9a200020,python):2026-09-14-18:11:19.646.147 [mindspore/ccsrc/pybind_api/ir/tensor_py.cc:730] DataPtr] Tensor device address is null
[ERROR] COMMON(938970,ffff9a200020,python):2026-09-14-18:11:19.715.930 [mindspore/ccsrc/pybind_api/ir/tensor_py.cc:730] DataPtr] Tensor device address is null
[ERROR] COMMON(938970,ffff9a200020,python):2026-09-14-18:11:19.717.293 [mindspore/ccsrc/pybind_api/ir/tensor_py.cc:730] DataPtr] Tensor device address is null
[ERROR] COMMON(938970,ffff9a200020,python):2026-09-14-18:11:19.718.768 [mindspore/ccsrc/pybind_api/ir/tensor_py.cc:730] DataPtr] Tensor device address is null
[ERROR] COMMON(938970,ffff9a200020,python):2026-09-14-18:11:19.719.485 [mindspore/ccsrc/pybind_api/ir/tensor_py.cc:730] DataPtr] Tensor device address is null
[ERROR] COMMON(938970,ffff9a200020,python):2026-09-14-18:11:19.720.186 [mindspore/ccsrc/pybind_api/ir/tensor_py.cc:730] DataPtr] Tensor device address is null
[ERROR] COMMON(938970,ffff9a200020,python):2026-09-14-18:11:19.720.915 [mindspore/ccsrc/pybind_api/ir/tensor_py.cc:730] DataPtr] Tensor device address is null
[ERROR] COMMON(938970,ffff9a200020,python):2026-09-14-18:11:19.721.618 [mindspore/ccsrc/pybind_api/ir/tensor_py.cc:730] DataPtr] Tensor device address is null
[ERROR] COMMON(938970,ffff9a200020,python):2026-09-14-18:11:19.722.322 [mindspore/ccsrc/pybind_api/ir/tensor_py.cc:730] DataPtr] Tensor device address is null
[ERROR] COMMON(938970,ffff9a200020,python):2026-09-14-18:11:19.724.839 [mindspore/ccsrc/pybind_api/ir/tensor_py.cc:730] DataPtr] Tensor device address is null
[ERROR] COMMON(938970,ffff9a200020,python):2026-09-14-18:11:19.725.567 [mindspore/ccsrc/pybind_api/ir/tensor_py.cc:730] DataPtr] Tensor device address is null
[ERROR] COMMON(938970,ffff9a200020,python):2026-09-14-18:11:19.728.010 [mindspore/ccsrc/pybind_api/ir/tensor_py.cc:730] DataPtr] Tensor device address is null
[ERROR] COMMON(938970,ffff9a200020,python):2026-09-14-18:11:19.728.741 [mindspore/ccsrc/pybind_api/ir/tensor_py.cc:730] DataPtr] Tensor device address is null
[ERROR] COMMON(938970,ffff9a200020,python):2026-09-14-18:11:19.731.197 [mindspore/ccsrc/pybind_api/ir/tensor_py.cc:730] DataPtr] Tensor device address is null
[ERROR] COMMON(938970,ffff9a200020,python):2026-09-14-18:11:19.731.944 [mindspore/ccsrc/pybind_api/ir/tensor_py.cc:730] DataPtr] Tensor device address is null
[ERROR] COMMON(938970,ffff9a200020,python):2026-09-14-18:11:19.734.340 [mindspore/ccsrc/pybind_api/ir/tensor_py.cc:730] DataPtr] Tensor device address is null
[ERROR] COMMON(938970,ffff9a200020,python):2026-09-14-18:11:19.735.072 [mindspore/ccsrc/pybind_api/ir/tensor_py.cc:730] DataPtr] Tensor device address is null
[ERROR] COMMON(938970,ffff9a200020,python):2026-09-14-18:11:19.740.590 [mindspore/ccsrc/pybind_api/ir/tensor_py.cc:730] DataPtr] Tensor device address is null
[ERROR] COMMON(938970,ffff9a200020,python):2026-09-14-18:11:19.741.352 [mindspore/ccsrc/pybind_api/ir/tensor_py.cc:730] DataPtr] Tensor device address is null
[ERROR] COMMON(938970,ffff9a200020,python):2026-09-14-18:11:19.747.205 [mindspore/ccsrc/pybind_api/ir/tensor_py.cc:730] DataPtr] Tensor device address is null
[ERROR] COMMON(938970,ffff9a200020,python):2026-09-14-18:11:19.747.975 [mindspore/ccsrc/pybind_api/ir/tensor_py.cc:730] DataPtr] Tensor device address is null
[ERROR] COMMON(938970,ffff9a200020,python):2026-09-14-18:11:19.748.719 [mindspore/ccsrc/pybind_api/ir/tensor_py.cc:730] DataPtr] Tensor device address is null
[ERROR] COMMON(938970,ffff9a200020,python):2026-09-14-18:11:19.749.461 [mindspore/ccsrc/pybind_api/ir/tensor_py.cc:730] DataPtr] Tensor device address is null
[ERROR] COMMON(938970,ffff9a200020,python):2026-09-14-18:11:19.750.171 [mindspore/ccsrc/pybind_api/ir/tensor_py.cc:730] DataPtr] Tensor device address is null
[ERROR] COMMON(938970,ffff9a200020,python):2026-09-14-18:11:19.750.887 [mindspore/ccsrc/pybind_api/ir/tensor_py.cc:730] DataPtr] Tensor device address is null
[ERROR] COMMON(938970,ffff9a200020,python):2026-09-14-18:11:19.753.338 [mindspore/ccsrc/pybind_api/ir/tensor_py.cc:730] DataPtr] Tensor device address is null
[ERROR] COMMON(938970,ffff9a200020,python):2026-09-14-18:11:19.754.063 [mindspore/ccsrc/pybind_api/ir/tensor_py.cc:730] DataPtr] Tensor device address is null
[ERROR] COMMON(938970,ffff9a200020,python):2026-09-14-18:11:19.756.109 [mindspore/ccsrc/pybind_api/ir/tensor_py.cc:730] DataPtr] Tensor device address is null
[ERROR] COMMON(938970,ffff9a200020,python):2026-09-14-18:11:19.756.828 [mindspore/ccsrc/pybind_api/ir/tensor_py.cc:730] DataPtr] Tensor device address is null
[ERROR] COMMON(938970,ffff9a200020,python):2026-09-14-18:11:19.759.196 [mindspore/ccsrc/pybind_api/ir/tensor_py.cc:730] DataPtr] Tensor device address is null
[ERROR] COMMON(938970,ffff9a200020,python):2026-09-14-18:11:19.759.942 [mindspore/ccsrc/pybind_api/ir/tensor_py.cc:730] DataPtr] Tensor device address is null
[ERROR] COMMON(938970,ffff9a200020,python):2026-09-14-18:11:19.762.322 [mindspore/ccsrc/pybind_api/ir/tensor_py.cc:730] DataPtr] Tensor device address is null
[ERROR] COMMON(938970,ffff9a200020,python):2026-09-14-18:11:19.763.060 [mindspore/ccsrc/pybind_api/ir/tensor_py.cc:730] DataPtr] Tensor device address is null
[ERROR] COMMON(938970,ffff9a200020,python):2026-09-14-18:11:19.771.398 [mindspore/ccsrc/pybind_api/ir/tensor_py.cc:730] DataPtr] Tensor device address is null
[ERROR] COMMON(938970,ffff9a200020,python):2026-09-14-18:11:19.772.219 [mindspore/ccsrc/pybind_api/ir/tensor_py.cc:730] DataPtr] Tensor device address is null
[ERROR] COMMON(938970,ffff9a200020,python):2026-09-14-18:11:19.777.831 [mindspore/ccsrc/pybind_api/ir/tensor_py.cc:730] DataPtr] Tensor device address is null
[ERROR] COMMON(938970,ffff9a200020,python):2026-09-14-18:11:19.778.596 [mindspore/ccsrc/pybind_api/ir/tensor_py.cc:730] DataPtr] Tensor device address is null
[ERROR] COMMON(938970,ffff9a200020,python):2026-09-14-18:11:19.779.324 [mindspore/ccsrc/pybind_api/ir/tensor_py.cc:730] DataPtr] Tensor device address is null
[ERROR] COMMON(938970,ffff9a200020,python):2026-09-14-18:11:19.780.045 [mindspore/ccsrc/pybind_api/ir/tensor_py.cc:730] DataPtr] Tensor device address is null
[ERROR] COMMON(938970,ffff9a200020,python):2026-09-14-18:11:19.780.769 [mindspore/ccsrc/pybind_api/ir/tensor_py.cc:730] DataPtr] Tensor device address is null
[ERROR] COMMON(938970,ffff9a200020,python):2026-09-14-18:11:19.781.530 [mindspore/ccsrc/pybind_api/ir/tensor_py.cc:730] DataPtr] Tensor device address is null
[ERROR] COMMON(938970,ffff9a200020,python):2026-09-14-18:11:19.784.390 [mindspore/ccsrc/pybind_api/ir/tensor_py.cc:730] DataPtr] Tensor device address is null
[ERROR] COMMON(938970,ffff9a200020,python):2026-09-14-18:11:19.785.133 [mindspore/ccsrc/pybind_api/ir/tensor_py.cc:730] DataPtr] Tensor device address is null
[ERROR] COMMON(938970,ffff9a200020,python):2026-09-14-18:11:19.787.608 [mindspore/ccsrc/pybind_api/ir/tensor_py.cc:730] DataPtr] Tensor device address is null
[ERROR] COMMON(938970,ffff9a200020,python):2026-09-14-18:11:19.788.329 [mindspore/ccsrc/pybind_api/ir/tensor_py.cc:730] DataPtr] Tensor device address is null
[ERROR] COMMON(938970,ffff9a200020,python):2026-09-14-18:11:19.790.796 [mindspore/ccsrc/pybind_api/ir/tensor_py.cc:730] DataPtr] Tensor device address is null
[ERROR] COMMON(938970,ffff9a200020,python):2026-09-14-18:11:19.791.533 [mindspore/ccsrc/pybind_api/ir/tensor_py.cc:730] DataPtr] Tensor device address is null
[ERROR] COMMON(938970,ffff9a200020,python):2026-09-14-18:11:19.794.007 [mindspore/ccsrc/pybind_api/ir/tensor_py.cc:730] DataPtr] Tensor device address is null
[ERROR] COMMON(938970,ffff9a200020,python):2026-09-14-18:11:19.794.765 [mindspore/ccsrc/pybind_api/ir/tensor_py.cc:730] DataPtr] Tensor device address is null
[ERROR] COMMON(938970,ffff9a200020,python):2026-09-14-18:11:19.800.947 [mindspore/ccsrc/pybind_api/ir/tensor_py.cc:730] DataPtr] Tensor device address is null
[ERROR] COMMON(938970,ffff9a200020,python):2026-09-14-18:11:19.801.710 [mindspore/ccsrc/pybind_api/ir/tensor_py.cc:730] DataPtr] Tensor device address is null
[ERROR] COMMON(938970,ffff9a200020,python):2026-09-14-18:11:19.808.365 [mindspore/ccsrc/pybind_api/ir/tensor_py.cc:730] DataPtr] Tensor device address is null
[ERROR] COMMON(938970,ffff9a200020,python):2026-09-14-18:11:19.809.121 [mindspore/ccsrc/pybind_api/ir/tensor_py.cc:730] DataPtr] Tensor device address is null
[ERROR] COMMON(938970,ffff9a200020,python):2026-09-14-18:11:19.809.862 [mindspore/ccsrc/pybind_api/ir/tensor_py.cc:730] DataPtr] Tensor device address is null
[ERROR] COMMON(938970,ffff9a200020,python):2026-09-14-18:11:19.810.582 [mindspore/ccsrc/pybind_api/ir/tensor_py.cc:730] DataPtr] Tensor device address is null
[ERROR] COMMON(938970,ffff9a200020,python):2026-09-14-18:11:19.811.297 [mindspore/ccsrc/pybind_api/ir/tensor_py.cc:730] DataPtr] Tensor device address is null
[ERROR] COMMON(938970,ffff9a200020,python):2026-09-14-18:11:19.812.015 [mindspore/ccsrc/pybind_api/ir/tensor_py.cc:730] DataPtr] Tensor device address is null
[ERROR] COMMON(938970,ffff9a200020,python):2026-09-14-18:11:19.814.538 [mindspore/ccsrc/pybind_api/ir/tensor_py.cc:730] DataPtr] Tensor device address is null
[ERROR] COMMON(938970,ffff9a200020,python):2026-09-14-18:11:19.815.271 [mindspore/ccsrc/pybind_api/ir/tensor_py.cc:730] DataPtr] Tensor device address is null
[ERROR] COMMON(938970,ffff9a200020,python):2026-09-14-18:11:19.817.356 [mindspore/ccsrc/pybind_api/ir/tensor_py.cc:730] DataPtr] Tensor device address is null
[ERROR] COMMON(938970,ffff9a200020,python):2026-09-14-18:11:19.818.090 [mindspore/ccsrc/pybind_api/ir/tensor_py.cc:730] DataPtr] Tensor device address is null
[ERROR] COMMON(938970,ffff9a200020,python):2026-09-14-18:11:19.820.505 [mindspore/ccsrc/pybind_api/ir/tensor_py.cc:730] DataPtr] Tensor device address is null
[ERROR] COMMON(938970,ffff9a200020,python):2026-09-14-18:11:19.821.253 [mindspore/ccsrc/pybind_api/ir/tensor_py.cc:730] DataPtr] Tensor device address is null
[ERROR] COMMON(938970,ffff9a200020,python):2026-09-14-18:11:19.823.681 [mindspore/ccsrc/pybind_api/ir/tensor_py.cc:730] DataPtr] Tensor device address is null
[ERROR] COMMON(938970,ffff9a200020,python):2026-09-14-18:11:19.824.405 [mindspore/ccsrc/pybind_api/ir/tensor_py.cc:730] DataPtr] Tensor device address is null
[ERROR] COMMON(938970,ffff9a200020,python):2026-09-14-18:11:19.830.955 [mindspore/ccsrc/pybind_api/ir/tensor_py.cc:730] DataPtr] Tensor device address is null
[ERROR] COMMON(938970,ffff9a200020,python):2026-09-14-18:11:19.831.711 [mindspore/ccsrc/pybind_api/ir/tensor_py.cc:730] DataPtr] Tensor device address is null
[ERROR] COMMON(938970,ffff9a200020,python):2026-09-14-18:11:19.837.788 [mindspore/ccsrc/pybind_api/ir/tensor_py.cc:730] DataPtr] Tensor device address is null
[ERROR] COMMON(938970,ffff9a200020,python):2026-09-14-18:11:19.838.541 [mindspore/ccsrc/pybind_api/ir/tensor_py.cc:730] DataPtr] Tensor device address is null
[ERROR] COMMON(938970,ffff9a200020,python):2026-09-14-18:11:19.839.273 [mindspore/ccsrc/pybind_api/ir/tensor_py.cc:730] DataPtr] Tensor device address is null
[ERROR] COMMON(938970,ffff9a200020,python):2026-09-14-18:11:19.839.992 [mindspore/ccsrc/pybind_api/ir/tensor_py.cc:730] DataPtr] Tensor device address is null
[ERROR] COMMON(938970,ffff9a200020,python):2026-09-14-18:11:19.840.730 [mindspore/ccsrc/pybind_api/ir/tensor_py.cc:730] DataPtr] Tensor device address is null
[ERROR] COMMON(938970,ffff9a200020,python):2026-09-14-18:11:19.841.465 [mindspore/ccsrc/pybind_api/ir/tensor_py.cc:730] DataPtr] Tensor device address is null
[ERROR] COMMON(938970,ffff9a200020,python):2026-09-14-18:11:19.843.941 [mindspore/ccsrc/pybind_api/ir/tensor_py.cc:730] DataPtr] Tensor device address is null
[ERROR] COMMON(938970,ffff9a200020,python):2026-09-14-18:11:19.844.668 [mindspore/ccsrc/pybind_api/ir/tensor_py.cc:730] DataPtr] Tensor device address is null
[ERROR] COMMON(938970,ffff9a200020,python):2026-09-14-18:11:19.847.175 [mindspore/ccsrc/pybind_api/ir/tensor_py.cc:730] DataPtr] Tensor device address is null
[ERROR] COMMON(938970,ffff9a200020,python):2026-09-14-18:11:19.847.891 [mindspore/ccsrc/pybind_api/ir/tensor_py.cc:730] DataPtr] Tensor device address is null
[ERROR] COMMON(938970,ffff9a200020,python):2026-09-14-18:11:19.850.292 [mindspore/ccsrc/pybind_api/ir/tensor_py.cc:730] DataPtr] Tensor device address is null
[ERROR] COMMON(938970,ffff9a200020,python):2026-09-14-18:11:19.851.032 [mindspore/ccsrc/pybind_api/ir/tensor_py.cc:730] DataPtr] Tensor device address is null
[ERROR] COMMON(938970,ffff9a200020,python):2026-09-14-18:11:19.853.419 [mindspore/ccsrc/pybind_api/ir/tensor_py.cc:730] DataPtr] Tensor device address is null
[ERROR] COMMON(938970,ffff9a200020,python):2026-09-14-18:11:19.854.159 [mindspore/ccsrc/pybind_api/ir/tensor_py.cc:730] DataPtr] Tensor device address is null
[ERROR] COMMON(938970,ffff9a200020,python):2026-09-14-18:11:19.859.455 [mindspore/ccsrc/pybind_api/ir/tensor_py.cc:730] DataPtr] Tensor device address is null
[ERROR] COMMON(938970,ffff9a200020,python):2026-09-14-18:11:19.860.208 [mindspore/ccsrc/pybind_api/ir/tensor_py.cc:730] DataPtr] Tensor device address is null
[ERROR] COMMON(938970,ffff9a200020,python):2026-09-14-18:11:19.865.901 [mindspore/ccsrc/pybind_api/ir/tensor_py.cc:730] DataPtr] Tensor device address is null
[ERROR] COMMON(938970,ffff9a200020,python):2026-09-14-18:11:19.866.658 [mindspore/ccsrc/pybind_api/ir/tensor_py.cc:730] DataPtr] Tensor device address is null
[ERROR] COMMON(938970,ffff9a200020,python):2026-09-14-18:11:19.867.371 [mindspore/ccsrc/pybind_api/ir/tensor_py.cc:730] DataPtr] Tensor device address is null
[ERROR] COMMON(938970,ffff9a200020,python):2026-09-14-18:11:19.868.096 [mindspore/ccsrc/pybind_api/ir/tensor_py.cc:730] DataPtr] Tensor device address is null
[ERROR] COMMON(938970,ffff9a200020,python):2026-09-14-18:11:19.868.834 [mindspore/ccsrc/pybind_api/ir/tensor_py.cc:730] DataPtr] Tensor device address is null
[ERROR] COMMON(938970,ffff9a200020,python):2026-09-14-18:11:19.869.564 [mindspore/ccsrc/pybind_api/ir/tensor_py.cc:730] DataPtr] Tensor device address is null
[ERROR] COMMON(938970,ffff9a200020,python):2026-09-14-18:11:19.872.009 [mindspore/ccsrc/pybind_api/ir/tensor_py.cc:730] DataPtr] Tensor device address is null
[ERROR] COMMON(938970,ffff9a200020,python):2026-09-14-18:11:19.872.739 [mindspore/ccsrc/pybind_api/ir/tensor_py.cc:730] DataPtr] Tensor device address is null
[ERROR] COMMON(938970,ffff9a200020,python):2026-09-14-18:11:19.874.770 [mindspore/ccsrc/pybind_api/ir/tensor_py.cc:730] DataPtr] Tensor device address is null
[ERROR] COMMON(938970,ffff9a200020,python):2026-09-14-18:11:19.875.484 [mindspore/ccsrc/pybind_api/ir/tensor_py.cc:730] DataPtr] Tensor device address is null
[ERROR] COMMON(938970,ffff9a200020,python):2026-09-14-18:11:19.877.915 [mindspore/ccsrc/pybind_api/ir/tensor_py.cc:730] DataPtr] Tensor device address is null
[ERROR] COMMON(938970,ffff9a200020,python):2026-09-14-18:11:19.878.649 [mindspore/ccsrc/pybind_api/ir/tensor_py.cc:730] DataPtr] Tensor device address is null
[ERROR] COMMON(938970,ffff9a200020,python):2026-09-14-18:11:19.881.051 [mindspore/ccsrc/pybind_api/ir/tensor_py.cc:730] DataPtr] Tensor device address is null
[ERROR] COMMON(938970,ffff9a200020,python):2026-09-14-18:11:19.881.793 [mindspore/ccsrc/pybind_api/ir/tensor_py.cc:730] DataPtr] Tensor device address is null
[ERROR] COMMON(938970,ffff9a200020,python):2026-09-14-18:11:19.887.658 [mindspore/ccsrc/pybind_api/ir/tensor_py.cc:730] DataPtr] Tensor device address is null
[ERROR] COMMON(938970,ffff9a200020,python):2026-09-14-18:11:19.888.412 [mindspore/ccsrc/pybind_api/ir/tensor_py.cc:730] DataPtr] Tensor device address is null
[ERROR] COMMON(938970,ffff9a200020,python):2026-09-14-18:11:19.893.691 [mindspore/ccsrc/pybind_api/ir/tensor_py.cc:730] DataPtr] Tensor device address is null
[ERROR] COMMON(938970,ffff9a200020,python):2026-09-14-18:11:19.894.426 [mindspore/ccsrc/pybind_api/ir/tensor_py.cc:730] DataPtr] Tensor device address is null
[ERROR] COMMON(938970,ffff9a200020,python):2026-09-14-18:11:19.895.147 [mindspore/ccsrc/pybind_api/ir/tensor_py.cc:730] DataPtr] Tensor device address is null
[ERROR] COMMON(938970,ffff9a200020,python):2026-09-14-18:11:19.895.883 [mindspore/ccsrc/pybind_api/ir/tensor_py.cc:730] DataPtr] Tensor device address is null
[ERROR] COMMON(938970,ffff9a200020,python):2026-09-14-18:11:19.896.600 [mindspore/ccsrc/pybind_api/ir/tensor_py.cc:730] DataPtr] Tensor device address is null
[ERROR] COMMON(938970,ffff9a200020,python):2026-09-14-18:11:19.897.326 [mindspore/ccsrc/pybind_api/ir/tensor_py.cc:730] DataPtr] Tensor device address is null
[ERROR] COMMON(938970,ffff9a200020,python):2026-09-14-18:11:19.899.789 [mindspore/ccsrc/pybind_api/ir/tensor_py.cc:730] DataPtr] Tensor device address is null
[ERROR] COMMON(938970,ffff9a200020,python):2026-09-14-18:11:19.900.504 [mindspore/ccsrc/pybind_api/ir/tensor_py.cc:730] DataPtr] Tensor device address is null
[ERROR] COMMON(938970,ffff9a200020,python):2026-09-14-18:11:19.902.950 [mindspore/ccsrc/pybind_api/ir/tensor_py.cc:730] DataPtr] Tensor device address is null
[ERROR] COMMON(938970,ffff9a200020,python):2026-09-14-18:11:19.903.755 [mindspore/ccsrc/pybind_api/ir/tensor_py.cc:730] DataPtr] Tensor device address is null
[ERROR] COMMON(938970,ffff9a200020,python):2026-09-14-18:11:19.906.193 [mindspore/ccsrc/pybind_api/ir/tensor_py.cc:730] DataPtr] Tensor device address is null
[ERROR] COMMON(938970,ffff9a200020,python):2026-09-14-18:11:19.906.932 [mindspore/ccsrc/pybind_api/ir/tensor_py.cc:730] DataPtr] Tensor device address is null
[ERROR] COMMON(938970,ffff9a200020,python):2026-09-14-18:11:19.909.373 [mindspore/ccsrc/pybind_api/ir/tensor_py.cc:730] DataPtr] Tensor device address is null
[ERROR] COMMON(938970,ffff9a200020,python):2026-09-14-18:11:19.910.117 [mindspore/ccsrc/pybind_api/ir/tensor_py.cc:730] DataPtr] Tensor device address is null
[ERROR] COMMON(938970,ffff9a200020,python):2026-09-14-18:11:19.915.380 [mindspore/ccsrc/pybind_api/ir/tensor_py.cc:730] DataPtr] Tensor device address is null
[ERROR] COMMON(938970,ffff9a200020,python):2026-09-14-18:11:19.916.138 [mindspore/ccsrc/pybind_api/ir/tensor_py.cc:730] DataPtr] Tensor device address is null
[ERROR] COMMON(938970,ffff9a200020,python):2026-09-14-18:11:19.921.828 [mindspore/ccsrc/pybind_api/ir/tensor_py.cc:730] DataPtr] Tensor device address is null
[ERROR] COMMON(938970,ffff9a200020,python):2026-09-14-18:11:19.922.582 [mindspore/ccsrc/pybind_api/ir/tensor_py.cc:730] DataPtr] Tensor device address is null
[ERROR] COMMON(938970,ffff9a200020,python):2026-09-14-18:11:19.923.335 [mindspore/ccsrc/pybind_api/ir/tensor_py.cc:730] DataPtr] Tensor device address is null
[ERROR] COMMON(938970,ffff9a200020,python):2026-09-14-18:11:19.924.046 [mindspore/ccsrc/pybind_api/ir/tensor_py.cc:730] DataPtr] Tensor device address is null
[ERROR] COMMON(938970,ffff9a200020,python):2026-09-14-18:11:19.924.764 [mindspore/ccsrc/pybind_api/ir/tensor_py.cc:730] DataPtr] Tensor device address is null
[ERROR] COMMON(938970,ffff9a200020,python):2026-09-14-18:11:19.925.504 [mindspore/ccsrc/pybind_api/ir/tensor_py.cc:730] DataPtr] Tensor device address is null
[ERROR] COMMON(938970,ffff9a200020,python):2026-09-14-18:11:19.927.950 [mindspore/ccsrc/pybind_api/ir/tensor_py.cc:730] DataPtr] Tensor device address is null
[ERROR] COMMON(938970,ffff9a200020,python):2026-09-14-18:11:19.928.688 [mindspore/ccsrc/pybind_api/ir/tensor_py.cc:730] DataPtr] Tensor device address is null
[ERROR] COMMON(938970,ffff9a200020,python):2026-09-14-18:11:19.930.675 [mindspore/ccsrc/pybind_api/ir/tensor_py.cc:730] DataPtr] Tensor device address is null
[ERROR] COMMON(938970,ffff9a200020,python):2026-09-14-18:11:19.931.396 [mindspore/ccsrc/pybind_api/ir/tensor_py.cc:730] DataPtr] Tensor device address is null
[ERROR] COMMON(938970,ffff9a200020,python):2026-09-14-18:11:19.933.787 [mindspore/ccsrc/pybind_api/ir/tensor_py.cc:730] DataPtr] Tensor device address is null
[ERROR] COMMON(938970,ffff9a200020,python):2026-09-14-18:11:19.934.531 [mindspore/ccsrc/pybind_api/ir/tensor_py.cc:730] DataPtr] Tensor device address is null
[ERROR] COMMON(938970,ffff9a200020,python):2026-09-14-18:11:19.936.926 [mindspore/ccsrc/pybind_api/ir/tensor_py.cc:730] DataPtr] Tensor device address is null
[ERROR] COMMON(938970,ffff9a200020,python):2026-09-14-18:11:19.937.645 [mindspore/ccsrc/pybind_api/ir/tensor_py.cc:730] DataPtr] Tensor device address is null
[ERROR] COMMON(938970,ffff9a200020,python):2026-09-14-18:11:19.943.316 [mindspore/ccsrc/pybind_api/ir/tensor_py.cc:730] DataPtr] Tensor device address is null
[ERROR] COMMON(938970,ffff9a200020,python):2026-09-14-18:11:19.944.071 [mindspore/ccsrc/pybind_api/ir/tensor_py.cc:730] DataPtr] Tensor device address is null
[ERROR] COMMON(938970,ffff9a200020,python):2026-09-14-18:11:19.949.452 [mindspore/ccsrc/pybind_api/ir/tensor_py.cc:730] DataPtr] Tensor device address is null
[ERROR] COMMON(938970,ffff9a200020,python):2026-09-14-18:11:19.950.211 [mindspore/ccsrc/pybind_api/ir/tensor_py.cc:730] DataPtr] Tensor device address is null
[ERROR] COMMON(938970,ffff9a200020,python):2026-09-14-18:11:19.950.922 [mindspore/ccsrc/pybind_api/ir/tensor_py.cc:730] DataPtr] Tensor device address is null
[ERROR] COMMON(938970,ffff9a200020,python):2026-09-14-18:11:19.951.650 [mindspore/ccsrc/pybind_api/ir/tensor_py.cc:730] DataPtr] Tensor device address is null
[ERROR] COMMON(938970,ffff9a200020,python):2026-09-14-18:11:19.952.364 [mindspore/ccsrc/pybind_api/ir/tensor_py.cc:730] DataPtr] Tensor device address is null
[ERROR] COMMON(938970,ffff9a200020,python):2026-09-14-18:11:19.953.084 [mindspore/ccsrc/pybind_api/ir/tensor_py.cc:730] DataPtr] Tensor device address is null
[ERROR] COMMON(938970,ffff9a200020,python):2026-09-14-18:11:19.955.511 [mindspore/ccsrc/pybind_api/ir/tensor_py.cc:730] DataPtr] Tensor device address is null
[ERROR] COMMON(938970,ffff9a200020,python):2026-09-14-18:11:19.956.228 [mindspore/ccsrc/pybind_api/ir/tensor_py.cc:730] DataPtr] Tensor device address is null
[ERROR] COMMON(938970,ffff9a200020,python):2026-09-14-18:11:19.958.667 [mindspore/ccsrc/pybind_api/ir/tensor_py.cc:730] DataPtr] Tensor device address is null
[ERROR] COMMON(938970,ffff9a200020,python):2026-09-14-18:11:19.959.383 [mindspore/ccsrc/pybind_api/ir/tensor_py.cc:730] DataPtr] Tensor device address is null
[ERROR] COMMON(938970,ffff9a200020,python):2026-09-14-18:11:19.961.836 [mindspore/ccsrc/pybind_api/ir/tensor_py.cc:730] DataPtr] Tensor device address is null
[ERROR] COMMON(938970,ffff9a200020,python):2026-09-14-18:11:19.962.562 [mindspore/ccsrc/pybind_api/ir/tensor_py.cc:730] DataPtr] Tensor device address is null
[ERROR] COMMON(938970,ffff9a200020,python):2026-09-14-18:11:19.964.951 [mindspore/ccsrc/pybind_api/ir/tensor_py.cc:730] DataPtr] Tensor device address is null
[ERROR] COMMON(938970,ffff9a200020,python):2026-09-14-18:11:19.965.797 [mindspore/ccsrc/pybind_api/ir/tensor_py.cc:730] DataPtr] Tensor device address is null
[ERROR] COMMON(938970,ffff9a200020,python):2026-09-14-18:11:19.971.292 [mindspore/ccsrc/pybind_api/ir/tensor_py.cc:730] DataPtr] Tensor device address is null
[ERROR] COMMON(938970,ffff9a200020,python):2026-09-14-18:11:19.972.054 [mindspore/ccsrc/pybind_api/ir/tensor_py.cc:730] DataPtr] Tensor device address is null
[ERROR] COMMON(938970,ffff9a200020,python):2026-09-14-18:11:19.977.930 [mindspore/ccsrc/pybind_api/ir/tensor_py.cc:730] DataPtr] Tensor device address is null
[ERROR] COMMON(938970,ffff9a200020,python):2026-09-14-18:11:19.978.672 [mindspore/ccsrc/pybind_api/ir/tensor_py.cc:730] DataPtr] Tensor device address is null
[ERROR] COMMON(938970,ffff9a200020,python):2026-09-14-18:11:19.979.394 [mindspore/ccsrc/pybind_api/ir/tensor_py.cc:730] DataPtr] Tensor device address is null
[ERROR] COMMON(938970,ffff9a200020,python):2026-09-14-18:11:19.980.116 [mindspore/ccsrc/pybind_api/ir/tensor_py.cc:730] DataPtr] Tensor device address is null
[ERROR] COMMON(938970,ffff9a200020,python):2026-09-14-18:11:19.980.830 [mindspore/ccsrc/pybind_api/ir/tensor_py.cc:730] DataPtr] Tensor device address is null
[ERROR] COMMON(938970,ffff9a200020,python):2026-09-14-18:11:19.981.547 [mindspore/ccsrc/pybind_api/ir/tensor_py.cc:730] DataPtr] Tensor device address is null
[ERROR] COMMON(938970,ffff9a200020,python):2026-09-14-18:11:19.984.029 [mindspore/ccsrc/pybind_api/ir/tensor_py.cc:730] DataPtr] Tensor device address is null
[ERROR] COMMON(938970,ffff9a200020,python):2026-09-14-18:11:19.984.754 [mindspore/ccsrc/pybind_api/ir/tensor_py.cc:730] DataPtr] Tensor device address is null
[ERROR] COMMON(938970,ffff9a200020,python):2026-09-14-18:11:19.986.750 [mindspore/ccsrc/pybind_api/ir/tensor_py.cc:730] DataPtr] Tensor device address is null
[ERROR] COMMON(938970,ffff9a200020,python):2026-09-14-18:11:19.987.487 [mindspore/ccsrc/pybind_api/ir/tensor_py.cc:730] DataPtr] Tensor device address is null
[ERROR] COMMON(938970,ffff9a200020,python):2026-09-14-18:11:19.989.859 [mindspore/ccsrc/pybind_api/ir/tensor_py.cc:730] DataPtr] Tensor device address is null
[ERROR] COMMON(938970,ffff9a200020,python):2026-09-14-18:11:19.990.597 [mindspore/ccsrc/pybind_api/ir/tensor_py.cc:730] DataPtr] Tensor device address is null
[ERROR] COMMON(938970,ffff9a200020,python):2026-09-14-18:11:19.993.010 [mindspore/ccsrc/pybind_api/ir/tensor_py.cc:730] DataPtr] Tensor device address is null
[ERROR] COMMON(938970,ffff9a200020,python):2026-09-14-18:11:19.993.746 [mindspore/ccsrc/pybind_api/ir/tensor_py.cc:730] DataPtr] Tensor device address is null
[ERROR] COMMON(938970,ffff9a200020,python):2026-09-14-18:11:20.002.018 [mindspore/ccsrc/pybind_api/ir/tensor_py.cc:730] DataPtr] Tensor device address is null
[ERROR] COMMON(938970,ffff9a200020,python):2026-09-14-18:11:20.002.859 [mindspore/ccsrc/pybind_api/ir/tensor_py.cc:730] DataPtr] Tensor device address is null
[ERROR] COMMON(938970,ffff9a200020,python):2026-09-14-18:11:20.008.177 [mindspore/ccsrc/pybind_api/ir/tensor_py.cc:730] DataPtr] Tensor device address is null
[ERROR] COMMON(938970,ffff9a200020,python):2026-09-14-18:11:20.008.938 [mindspore/ccsrc/pybind_api/ir/tensor_py.cc:730] DataPtr] Tensor device address is null
[ERROR] COMMON(938970,ffff9a200020,python):2026-09-14-18:11:20.009.685 [mindspore/ccsrc/pybind_api/ir/tensor_py.cc:730] DataPtr] Tensor device address is null
[ERROR] COMMON(938970,ffff9a200020,python):2026-09-14-18:11:20.010.409 [mindspore/ccsrc/pybind_api/ir/tensor_py.cc:730] DataPtr] Tensor device address is null
[ERROR] COMMON(938970,ffff9a200020,python):2026-09-14-18:11:20.011.117 [mindspore/ccsrc/pybind_api/ir/tensor_py.cc:730] DataPtr] Tensor device address is null
[ERROR] COMMON(938970,ffff9a200020,python):2026-09-14-18:11:20.011.854 [mindspore/ccsrc/pybind_api/ir/tensor_py.cc:730] DataPtr] Tensor device address is null
[ERROR] COMMON(938970,ffff9a200020,python):2026-09-14-18:11:20.014.265 [mindspore/ccsrc/pybind_api/ir/tensor_py.cc:730] DataPtr] Tensor device address is null
[ERROR] COMMON(938970,ffff9a200020,python):2026-09-14-18:11:20.014.993 [mindspore/ccsrc/pybind_api/ir/tensor_py.cc:730] DataPtr] Tensor device address is null
[ERROR] COMMON(938970,ffff9a200020,python):2026-09-14-18:11:20.017.401 [mindspore/ccsrc/pybind_api/ir/tensor_py.cc:730] DataPtr] Tensor device address is null
[ERROR] COMMON(938970,ffff9a200020,python):2026-09-14-18:11:20.018.134 [mindspore/ccsrc/pybind_api/ir/tensor_py.cc:730] DataPtr] Tensor device address is null
[ERROR] COMMON(938970,ffff9a200020,python):2026-09-14-18:11:20.020.525 [mindspore/ccsrc/pybind_api/ir/tensor_py.cc:730] DataPtr] Tensor device address is null
[ERROR] COMMON(938970,ffff9a200020,python):2026-09-14-18:11:20.021.287 [mindspore/ccsrc/pybind_api/ir/tensor_py.cc:730] DataPtr] Tensor device address is null
[ERROR] COMMON(938970,ffff9a200020,python):2026-09-14-18:11:20.023.683 [mindspore/ccsrc/pybind_api/ir/tensor_py.cc:730] DataPtr] Tensor device address is null
[ERROR] COMMON(938970,ffff9a200020,python):2026-09-14-18:11:20.024.401 [mindspore/ccsrc/pybind_api/ir/tensor_py.cc:730] DataPtr] Tensor device address is null
[ERROR] COMMON(938970,ffff9a200020,python):2026-09-14-18:11:20.029.846 [mindspore/ccsrc/pybind_api/ir/tensor_py.cc:730] DataPtr] Tensor device address is null
[ERROR] COMMON(938970,ffff9a200020,python):2026-09-14-18:11:20.030.591 [mindspore/ccsrc/pybind_api/ir/tensor_py.cc:730] DataPtr] Tensor device address is null
[ERROR] COMMON(938970,ffff9a200020,python):2026-09-14-18:11:20.036.421 [mindspore/ccsrc/pybind_api/ir/tensor_py.cc:730] DataPtr] Tensor device address is null
[ERROR] COMMON(938970,ffff9a200020,python):2026-09-14-18:11:20.037.194 [mindspore/ccsrc/pybind_api/ir/tensor_py.cc:730] DataPtr] Tensor device address is null
[ERROR] COMMON(938970,ffff9a200020,python):2026-09-14-18:11:20.037.932 [mindspore/ccsrc/pybind_api/ir/tensor_py.cc:730] DataPtr] Tensor device address is null
[ERROR] COMMON(938970,ffff9a200020,python):2026-09-14-18:11:20.038.646 [mindspore/ccsrc/pybind_api/ir/tensor_py.cc:730] DataPtr] Tensor device address is null
[ERROR] COMMON(938970,ffff9a200020,python):2026-09-14-18:11:20.039.465 [mindspore/ccsrc/pybind_api/ir/tensor_py.cc:730] DataPtr] Tensor device address is null
[ERROR] COMMON(938970,ffff9a200020,python):2026-09-14-18:11:20.040.180 [mindspore/ccsrc/pybind_api/ir/tensor_py.cc:730] DataPtr] Tensor device address is null
[ERROR] COMMON(938970,ffff9a200020,python):2026-09-14-18:11:20.042.578 [mindspore/ccsrc/pybind_api/ir/tensor_py.cc:730] DataPtr] Tensor device address is null
[ERROR] COMMON(938970,ffff9a200020,python):2026-09-14-18:11:20.043.305 [mindspore/ccsrc/pybind_api/ir/tensor_py.cc:730] DataPtr] Tensor device address is null
[ERROR] COMMON(938970,ffff9a200020,python):2026-09-14-18:11:20.045.257 [mindspore/ccsrc/pybind_api/ir/tensor_py.cc:730] DataPtr] Tensor device address is null
[ERROR] COMMON(938970,ffff9a200020,python):2026-09-14-18:11:20.045.986 [mindspore/ccsrc/pybind_api/ir/tensor_py.cc:730] DataPtr] Tensor device address is null
[ERROR] COMMON(938970,ffff9a200020,python):2026-09-14-18:11:20.048.473 [mindspore/ccsrc/pybind_api/ir/tensor_py.cc:730] DataPtr] Tensor device address is null
[ERROR] COMMON(938970,ffff9a200020,python):2026-09-14-18:11:20.049.210 [mindspore/ccsrc/pybind_api/ir/tensor_py.cc:730] DataPtr] Tensor device address is null
[ERROR] COMMON(938970,ffff9a200020,python):2026-09-14-18:11:20.051.644 [mindspore/ccsrc/pybind_api/ir/tensor_py.cc:730] DataPtr] Tensor device address is null
[ERROR] COMMON(938970,ffff9a200020,python):2026-09-14-18:11:20.052.392 [mindspore/ccsrc/pybind_api/ir/tensor_py.cc:730] DataPtr] Tensor device address is null
[ERROR] COMMON(938970,ffff9a200020,python):2026-09-14-18:11:20.058.312 [mindspore/ccsrc/pybind_api/ir/tensor_py.cc:730] DataPtr] Tensor device address is null
[ERROR] COMMON(938970,ffff9a200020,python):2026-09-14-18:11:20.059.090 [mindspore/ccsrc/pybind_api/ir/tensor_py.cc:730] DataPtr] Tensor device address is null
[ERROR] COMMON(938970,ffff9a200020,python):2026-09-14-18:11:20.064.449 [mindspore/ccsrc/pybind_api/ir/tensor_py.cc:730] DataPtr] Tensor device address is null
[ERROR] COMMON(938970,ffff9a200020,python):2026-09-14-18:11:20.065.214 [mindspore/ccsrc/pybind_api/ir/tensor_py.cc:730] DataPtr] Tensor device address is null
[ERROR] COMMON(938970,ffff9a200020,python):2026-09-14-18:11:20.135.555 [mindspore/ccsrc/pybind_api/ir/tensor_py.cc:730] DataPtr] Tensor device address is null
[ERROR] COMMON(938970,ffff9a200020,python):2026-09-14-18:11:20.136.682 [mindspore/ccsrc/pybind_api/ir/tensor_py.cc:730] DataPtr] Tensor device address is null
[ERROR] COMMON(938970,ffff9a200020,python):2026-09-14-18:11:20.137.415 [mindspore/ccsrc/pybind_api/ir/tensor_py.cc:730] DataPtr] Tensor device address is null
[ERROR] COMMON(938970,ffff9a200020,python):2026-09-14-18:11:20.138.112 [mindspore/ccsrc/pybind_api/ir/tensor_py.cc:730] DataPtr] Tensor device address is null
[ERROR] COMMON(938970,ffff9a200020,python):2026-09-14-18:11:20.138.822 [mindspore/ccsrc/pybind_api/ir/tensor_py.cc:730] DataPtr] Tensor device address is null
[ERROR] COMMON(938970,ffff9a200020,python):2026-09-14-18:11:20.139.512 [mindspore/ccsrc/pybind_api/ir/tensor_py.cc:730] DataPtr] Tensor device address is null
[ERROR] COMMON(938970,ffff9a200020,python):2026-09-14-18:11:20.140.221 [mindspore/ccsrc/pybind_api/ir/tensor_py.cc:730] DataPtr] Tensor device address is null
[ERROR] COMMON(938970,ffff9a200020,python):2026-09-14-18:11:20.140.937 [mindspore/ccsrc/pybind_api/ir/tensor_py.cc:730] DataPtr] Tensor device address is null
[ERROR] COMMON(938970,ffff9a200020,python):2026-09-14-18:11:20.143.334 [mindspore/ccsrc/pybind_api/ir/tensor_py.cc:730] DataPtr] Tensor device address is null
[ERROR] COMMON(938970,ffff9a200020,python):2026-09-14-18:11:20.144.041 [mindspore/ccsrc/pybind_api/ir/tensor_py.cc:730] DataPtr] Tensor device address is null
[ERROR] COMMON(938970,ffff9a200020,python):2026-09-14-18:11:20.146.438 [mindspore/ccsrc/pybind_api/ir/tensor_py.cc:730] DataPtr] Tensor device address is null
[ERROR] COMMON(938970,ffff9a200020,python):2026-09-14-18:11:20.147.172 [mindspore/ccsrc/pybind_api/ir/tensor_py.cc:730] DataPtr] Tensor device address is null
[ERROR] COMMON(938970,ffff9a200020,python):2026-09-14-18:11:20.149.547 [mindspore/ccsrc/pybind_api/ir/tensor_py.cc:730] DataPtr] Tensor device address is null
[ERROR] COMMON(938970,ffff9a200020,python):2026-09-14-18:11:20.150.266 [mindspore/ccsrc/pybind_api/ir/tensor_py.cc:730] DataPtr] Tensor device address is null
[ERROR] COMMON(938970,ffff9a200020,python):2026-09-14-18:11:20.152.655 [mindspore/ccsrc/pybind_api/ir/tensor_py.cc:730] DataPtr] Tensor device address is null
[ERROR] COMMON(938970,ffff9a200020,python):2026-09-14-18:11:20.153.377 [mindspore/ccsrc/pybind_api/ir/tensor_py.cc:730] DataPtr] Tensor device address is null
[ERROR] COMMON(938970,ffff9a200020,python):2026-09-14-18:11:20.158.685 [mindspore/ccsrc/pybind_api/ir/tensor_py.cc:730] DataPtr] Tensor device address is null
[ERROR] COMMON(938970,ffff9a200020,python):2026-09-14-18:11:20.159.459 [mindspore/ccsrc/pybind_api/ir/tensor_py.cc:730] DataPtr] Tensor device address is null
[ERROR] COMMON(938970,ffff9a200020,python):2026-09-14-18:11:20.165.146 [mindspore/ccsrc/pybind_api/ir/tensor_py.cc:730] DataPtr] Tensor device address is null
[ERROR] COMMON(938970,ffff9a200020,python):2026-09-14-18:11:20.165.921 [mindspore/ccsrc/pybind_api/ir/tensor_py.cc:730] DataPtr] Tensor device address is null
[ERROR] COMMON(938970,ffff9a200020,python):2026-09-14-18:11:20.166.625 [mindspore/ccsrc/pybind_api/ir/tensor_py.cc:730] DataPtr] Tensor device address is null
[ERROR] COMMON(938970,ffff9a200020,python):2026-09-14-18:11:20.167.326 [mindspore/ccsrc/pybind_api/ir/tensor_py.cc:730] DataPtr] Tensor device address is null
[ERROR] COMMON(938970,ffff9a200020,python):2026-09-14-18:11:20.168.034 [mindspore/ccsrc/pybind_api/ir/tensor_py.cc:730] DataPtr] Tensor device address is null
[ERROR] COMMON(938970,ffff9a200020,python):2026-09-14-18:11:20.168.755 [mindspore/ccsrc/pybind_api/ir/tensor_py.cc:730] DataPtr] Tensor device address is null
[ERROR] COMMON(938970,ffff9a200020,python):2026-09-14-18:11:20.171.212 [mindspore/ccsrc/pybind_api/ir/tensor_py.cc:730] DataPtr] Tensor device address is null
[ERROR] COMMON(938970,ffff9a200020,python):2026-09-14-18:11:20.171.936 [mindspore/ccsrc/pybind_api/ir/tensor_py.cc:730] DataPtr] Tensor device address is null
[ERROR] COMMON(938970,ffff9a200020,python):2026-09-14-18:11:20.173.963 [mindspore/ccsrc/pybind_api/ir/tensor_py.cc:730] DataPtr] Tensor device address is null
[ERROR] COMMON(938970,ffff9a200020,python):2026-09-14-18:11:20.174.706 [mindspore/ccsrc/pybind_api/ir/tensor_py.cc:730] DataPtr] Tensor device address is null
[ERROR] COMMON(938970,ffff9a200020,python):2026-09-14-18:11:20.177.112 [mindspore/ccsrc/pybind_api/ir/tensor_py.cc:730] DataPtr] Tensor device address is null
[ERROR] COMMON(938970,ffff9a200020,python):2026-09-14-18:11:20.177.823 [mindspore/ccsrc/pybind_api/ir/tensor_py.cc:730] DataPtr] Tensor device address is null
[ERROR] COMMON(938970,ffff9a200020,python):2026-09-14-18:11:20.180.218 [mindspore/ccsrc/pybind_api/ir/tensor_py.cc:730] DataPtr] Tensor device address is null
[ERROR] COMMON(938970,ffff9a200020,python):2026-09-14-18:11:20.180.933 [mindspore/ccsrc/pybind_api/ir/tensor_py.cc:730] DataPtr] Tensor device address is null
[ERROR] COMMON(938970,ffff9a200020,python):2026-09-14-18:11:20.186.794 [mindspore/ccsrc/pybind_api/ir/tensor_py.cc:730] DataPtr] Tensor device address is null
[ERROR] COMMON(938970,ffff9a200020,python):2026-09-14-18:11:20.187.571 [mindspore/ccsrc/pybind_api/ir/tensor_py.cc:730] DataPtr] Tensor device address is null
[ERROR] COMMON(938970,ffff9a200020,python):2026-09-14-18:11:20.192.822 [mindspore/ccsrc/pybind_api/ir/tensor_py.cc:730] DataPtr] Tensor device address is null
[ERROR] COMMON(938970,ffff9a200020,python):2026-09-14-18:11:20.193.562 [mindspore/ccsrc/pybind_api/ir/tensor_py.cc:730] DataPtr] Tensor device address is null
[ERROR] COMMON(938970,ffff9a200020,python):2026-09-14-18:11:20.194.264 [mindspore/ccsrc/pybind_api/ir/tensor_py.cc:730] DataPtr] Tensor device address is null
[ERROR] COMMON(938970,ffff9a200020,python):2026-09-14-18:11:20.194.969 [mindspore/ccsrc/pybind_api/ir/tensor_py.cc:730] DataPtr] Tensor device address is null
[ERROR] COMMON(938970,ffff9a200020,python):2026-09-14-18:11:20.195.659 [mindspore/ccsrc/pybind_api/ir/tensor_py.cc:730] DataPtr] Tensor device address is null
[ERROR] COMMON(938970,ffff9a200020,python):2026-09-14-18:11:20.196.355 [mindspore/ccsrc/pybind_api/ir/tensor_py.cc:730] DataPtr] Tensor device address is null
[ERROR] COMMON(938970,ffff9a200020,python):2026-09-14-18:11:20.198.797 [mindspore/ccsrc/pybind_api/ir/tensor_py.cc:730] DataPtr] Tensor device address is null
[ERROR] COMMON(938970,ffff9a200020,python):2026-09-14-18:11:20.199.507 [mindspore/ccsrc/pybind_api/ir/tensor_py.cc:730] DataPtr] Tensor device address is null
[ERROR] COMMON(938970,ffff9a200020,python):2026-09-14-18:11:20.201.955 [mindspore/ccsrc/pybind_api/ir/tensor_py.cc:730] DataPtr] Tensor device address is null
[ERROR] COMMON(938970,ffff9a200020,python):2026-09-14-18:11:20.202.696 [mindspore/ccsrc/pybind_api/ir/tensor_py.cc:730] DataPtr] Tensor device address is null
[ERROR] COMMON(938970,ffff9a200020,python):2026-09-14-18:11:20.205.186 [mindspore/ccsrc/pybind_api/ir/tensor_py.cc:730] DataPtr] Tensor device address is null
[ERROR] COMMON(938970,ffff9a200020,python):2026-09-14-18:11:20.205.910 [mindspore/ccsrc/pybind_api/ir/tensor_py.cc:730] DataPtr] Tensor device address is null
[ERROR] COMMON(938970,ffff9a200020,python):2026-09-14-18:11:20.208.359 [mindspore/ccsrc/pybind_api/ir/tensor_py.cc:730] DataPtr] Tensor device address is null
[ERROR] COMMON(938970,ffff9a200020,python):2026-09-14-18:11:20.209.078 [mindspore/ccsrc/pybind_api/ir/tensor_py.cc:730] DataPtr] Tensor device address is null
[ERROR] COMMON(938970,ffff9a200020,python):2026-09-14-18:11:20.214.371 [mindspore/ccsrc/pybind_api/ir/tensor_py.cc:730] DataPtr] Tensor device address is null
[ERROR] COMMON(938970,ffff9a200020,python):2026-09-14-18:11:20.215.126 [mindspore/ccsrc/pybind_api/ir/tensor_py.cc:730] DataPtr] Tensor device address is null
[ERROR] COMMON(938970,ffff9a200020,python):2026-09-14-18:11:20.220.752 [mindspore/ccsrc/pybind_api/ir/tensor_py.cc:730] DataPtr] Tensor device address is null
[ERROR] COMMON(938970,ffff9a200020,python):2026-09-14-18:11:20.221.496 [mindspore/ccsrc/pybind_api/ir/tensor_py.cc:730] DataPtr] Tensor device address is null
[ERROR] COMMON(938970,ffff9a200020,python):2026-09-14-18:11:20.222.189 [mindspore/ccsrc/pybind_api/ir/tensor_py.cc:730] DataPtr] Tensor device address is null
[ERROR] COMMON(938970,ffff9a200020,python):2026-09-14-18:11:20.222.884 [mindspore/ccsrc/pybind_api/ir/tensor_py.cc:730] DataPtr] Tensor device address is null
[ERROR] COMMON(938970,ffff9a200020,python):2026-09-14-18:11:20.223.584 [mindspore/ccsrc/pybind_api/ir/tensor_py.cc:730] DataPtr] Tensor device address is null
[ERROR] COMMON(938970,ffff9a200020,python):2026-09-14-18:11:20.224.272 [mindspore/ccsrc/pybind_api/ir/tensor_py.cc:730] DataPtr] Tensor device address is null
[ERROR] COMMON(938970,ffff9a200020,python):2026-09-14-18:11:20.226.698 [mindspore/ccsrc/pybind_api/ir/tensor_py.cc:730] DataPtr] Tensor device address is null
[ERROR] COMMON(938970,ffff9a200020,python):2026-09-14-18:11:20.227.414 [mindspore/ccsrc/pybind_api/ir/tensor_py.cc:730] DataPtr] Tensor device address is null
[ERROR] COMMON(938970,ffff9a200020,python):2026-09-14-18:11:20.229.368 [mindspore/ccsrc/pybind_api/ir/tensor_py.cc:730] DataPtr] Tensor device address is null
[ERROR] COMMON(938970,ffff9a200020,python):2026-09-14-18:11:20.230.089 [mindspore/ccsrc/pybind_api/ir/tensor_py.cc:730] DataPtr] Tensor device address is null
[ERROR] COMMON(938970,ffff9a200020,python):2026-09-14-18:11:20.232.508 [mindspore/ccsrc/pybind_api/ir/tensor_py.cc:730] DataPtr] Tensor device address is null
[ERROR] COMMON(938970,ffff9a200020,python):2026-09-14-18:11:20.233.237 [mindspore/ccsrc/pybind_api/ir/tensor_py.cc:730] DataPtr] Tensor device address is null
[ERROR] COMMON(938970,ffff9a200020,python):2026-09-14-18:11:20.235.606 [mindspore/ccsrc/pybind_api/ir/tensor_py.cc:730] DataPtr] Tensor device address is null
[ERROR] COMMON(938970,ffff9a200020,python):2026-09-14-18:11:20.236.333 [mindspore/ccsrc/pybind_api/ir/tensor_py.cc:730] DataPtr] Tensor device address is null
[ERROR] COMMON(938970,ffff9a200020,python):2026-09-14-18:11:20.241.990 [mindspore/ccsrc/pybind_api/ir/tensor_py.cc:730] DataPtr] Tensor device address is null
[ERROR] COMMON(938970,ffff9a200020,python):2026-09-14-18:11:20.242.736 [mindspore/ccsrc/pybind_api/ir/tensor_py.cc:730] DataPtr] Tensor device address is null
[ERROR] COMMON(938970,ffff9a200020,python):2026-09-14-18:11:20.248.100 [mindspore/ccsrc/pybind_api/ir/tensor_py.cc:730] DataPtr] Tensor device address is null
[ERROR] COMMON(938970,ffff9a200020,python):2026-09-14-18:11:20.248.866 [mindspore/ccsrc/pybind_api/ir/tensor_py.cc:730] DataPtr] Tensor device address is null
[ERROR] COMMON(938970,ffff9a200020,python):2026-09-14-18:11:20.249.572 [mindspore/ccsrc/pybind_api/ir/tensor_py.cc:730] DataPtr] Tensor device address is null
[ERROR] COMMON(938970,ffff9a200020,python):2026-09-14-18:11:20.250.266 [mindspore/ccsrc/pybind_api/ir/tensor_py.cc:730] DataPtr] Tensor device address is null
[ERROR] COMMON(938970,ffff9a200020,python):2026-09-14-18:11:20.250.977 [mindspore/ccsrc/pybind_api/ir/tensor_py.cc:730] DataPtr] Tensor device address is null
[ERROR] COMMON(938970,ffff9a200020,python):2026-09-14-18:11:20.251.676 [mindspore/ccsrc/pybind_api/ir/tensor_py.cc:730] DataPtr] Tensor device address is null
[ERROR] COMMON(938970,ffff9a200020,python):2026-09-14-18:11:20.254.110 [mindspore/ccsrc/pybind_api/ir/tensor_py.cc:730] DataPtr] Tensor device address is null
[ERROR] COMMON(938970,ffff9a200020,python):2026-09-14-18:11:20.254.848 [mindspore/ccsrc/pybind_api/ir/tensor_py.cc:730] DataPtr] Tensor device address is null
[ERROR] COMMON(938970,ffff9a200020,python):2026-09-14-18:11:20.257.264 [mindspore/ccsrc/pybind_api/ir/tensor_py.cc:730] DataPtr] Tensor device address is null
[ERROR] COMMON(938970,ffff9a200020,python):2026-09-14-18:11:20.258.012 [mindspore/ccsrc/pybind_api/ir/tensor_py.cc:730] DataPtr] Tensor device address is null
[ERROR] COMMON(938970,ffff9a200020,python):2026-09-14-18:11:20.260.479 [mindspore/ccsrc/pybind_api/ir/tensor_py.cc:730] DataPtr] Tensor device address is null
[ERROR] COMMON(938970,ffff9a200020,python):2026-09-14-18:11:20.261.213 [mindspore/ccsrc/pybind_api/ir/tensor_py.cc:730] DataPtr] Tensor device address is null
[ERROR] COMMON(938970,ffff9a200020,python):2026-09-14-18:11:20.263.649 [mindspore/ccsrc/pybind_api/ir/tensor_py.cc:730] DataPtr] Tensor device address is null
[ERROR] COMMON(938970,ffff9a200020,python):2026-09-14-18:11:20.264.374 [mindspore/ccsrc/pybind_api/ir/tensor_py.cc:730] DataPtr] Tensor device address is null
[ERROR] COMMON(938970,ffff9a200020,python):2026-09-14-18:11:20.269.808 [mindspore/ccsrc/pybind_api/ir/tensor_py.cc:730] DataPtr] Tensor device address is null
[ERROR] COMMON(938970,ffff9a200020,python):2026-09-14-18:11:20.270.559 [mindspore/ccsrc/pybind_api/ir/tensor_py.cc:730] DataPtr] Tensor device address is null
[ERROR] COMMON(938970,ffff9a200020,python):2026-09-14-18:11:20.276.405 [mindspore/ccsrc/pybind_api/ir/tensor_py.cc:730] DataPtr] Tensor device address is null
[ERROR] COMMON(938970,ffff9a200020,python):2026-09-14-18:11:20.277.155 [mindspore/ccsrc/pybind_api/ir/tensor_py.cc:730] DataPtr] Tensor device address is null
[ERROR] COMMON(938970,ffff9a200020,python):2026-09-14-18:11:20.277.878 [mindspore/ccsrc/pybind_api/ir/tensor_py.cc:730] DataPtr] Tensor device address is null
[ERROR] COMMON(938970,ffff9a200020,python):2026-09-14-18:11:20.278.595 [mindspore/ccsrc/pybind_api/ir/tensor_py.cc:730] DataPtr] Tensor device address is null
[ERROR] COMMON(938970,ffff9a200020,python):2026-09-14-18:11:20.279.293 [mindspore/ccsrc/pybind_api/ir/tensor_py.cc:730] DataPtr] Tensor device address is null
[ERROR] COMMON(938970,ffff9a200020,python):2026-09-14-18:11:20.280.000 [mindspore/ccsrc/pybind_api/ir/tensor_py.cc:730] DataPtr] Tensor device address is null
[ERROR] COMMON(938970,ffff9a200020,python):2026-09-14-18:11:20.282.468 [mindspore/ccsrc/pybind_api/ir/tensor_py.cc:730] DataPtr] Tensor device address is null
[ERROR] COMMON(938970,ffff9a200020,python):2026-09-14-18:11:20.283.195 [mindspore/ccsrc/pybind_api/ir/tensor_py.cc:730] DataPtr] Tensor device address is null
[ERROR] COMMON(938970,ffff9a200020,python):2026-09-14-18:11:20.285.197 [mindspore/ccsrc/pybind_api/ir/tensor_py.cc:730] DataPtr] Tensor device address is null
[ERROR] COMMON(938970,ffff9a200020,python):2026-09-14-18:11:20.285.917 [mindspore/ccsrc/pybind_api/ir/tensor_py.cc:730] DataPtr] Tensor device address is null
[ERROR] COMMON(938970,ffff9a200020,python):2026-09-14-18:11:20.288.282 [mindspore/ccsrc/pybind_api/ir/tensor_py.cc:730] DataPtr] Tensor device address is null
[ERROR] COMMON(938970,ffff9a200020,python):2026-09-14-18:11:20.289.017 [mindspore/ccsrc/pybind_api/ir/tensor_py.cc:730] DataPtr] Tensor device address is null
[ERROR] COMMON(938970,ffff9a200020,python):2026-09-14-18:11:20.291.399 [mindspore/ccsrc/pybind_api/ir/tensor_py.cc:730] DataPtr] Tensor device address is null
[ERROR] COMMON(938970,ffff9a200020,python):2026-09-14-18:11:20.292.113 [mindspore/ccsrc/pybind_api/ir/tensor_py.cc:730] DataPtr] Tensor device address is null
[ERROR] COMMON(938970,ffff9a200020,python):2026-09-14-18:11:20.297.794 [mindspore/ccsrc/pybind_api/ir/tensor_py.cc:730] DataPtr] Tensor device address is null
[ERROR] COMMON(938970,ffff9a200020,python):2026-09-14-18:11:20.298.565 [mindspore/ccsrc/pybind_api/ir/tensor_py.cc:730] DataPtr] Tensor device address is null
[ERROR] COMMON(938970,ffff9a200020,python):2026-09-14-18:11:20.303.820 [mindspore/ccsrc/pybind_api/ir/tensor_py.cc:730] DataPtr] Tensor device address is null
[ERROR] COMMON(938970,ffff9a200020,python):2026-09-14-18:11:20.304.575 [mindspore/ccsrc/pybind_api/ir/tensor_py.cc:730] DataPtr] Tensor device address is null
[ERROR] COMMON(938970,ffff9a200020,python):2026-09-14-18:11:20.305.317 [mindspore/ccsrc/pybind_api/ir/tensor_py.cc:730] DataPtr] Tensor device address is null
[ERROR] COMMON(938970,ffff9a200020,python):2026-09-14-18:11:20.306.036 [mindspore/ccsrc/pybind_api/ir/tensor_py.cc:730] DataPtr] Tensor device address is null
[ERROR] COMMON(938970,ffff9a200020,python):2026-09-14-18:11:20.306.740 [mindspore/ccsrc/pybind_api/ir/tensor_py.cc:730] DataPtr] Tensor device address is null
[ERROR] COMMON(938970,ffff9a200020,python):2026-09-14-18:11:20.307.452 [mindspore/ccsrc/pybind_api/ir/tensor_py.cc:730] DataPtr] Tensor device address is null
[ERROR] COMMON(938970,ffff9a200020,python):2026-09-14-18:11:20.309.925 [mindspore/ccsrc/pybind_api/ir/tensor_py.cc:730] DataPtr] Tensor device address is null
[ERROR] COMMON(938970,ffff9a200020,python):2026-09-14-18:11:20.310.664 [mindspore/ccsrc/pybind_api/ir/tensor_py.cc:730] DataPtr] Tensor device address is null
[ERROR] COMMON(938970,ffff9a200020,python):2026-09-14-18:11:20.313.037 [mindspore/ccsrc/pybind_api/ir/tensor_py.cc:730] DataPtr] Tensor device address is null
[ERROR] COMMON(938970,ffff9a200020,python):2026-09-14-18:11:20.313.757 [mindspore/ccsrc/pybind_api/ir/tensor_py.cc:730] DataPtr] Tensor device address is null
[ERROR] COMMON(938970,ffff9a200020,python):2026-09-14-18:11:20.316.111 [mindspore/ccsrc/pybind_api/ir/tensor_py.cc:730] DataPtr] Tensor device address is null
[ERROR] COMMON(938970,ffff9a200020,python):2026-09-14-18:11:20.316.841 [mindspore/ccsrc/pybind_api/ir/tensor_py.cc:730] DataPtr] Tensor device address is null
[ERROR] COMMON(938970,ffff9a200020,python):2026-09-14-18:11:20.319.245 [mindspore/ccsrc/pybind_api/ir/tensor_py.cc:730] DataPtr] Tensor device address is null
[ERROR] COMMON(938970,ffff9a200020,python):2026-09-14-18:11:20.319.963 [mindspore/ccsrc/pybind_api/ir/tensor_py.cc:730] DataPtr] Tensor device address is null
[ERROR] COMMON(938970,ffff9a200020,python):2026-09-14-18:11:20.325.398 [mindspore/ccsrc/pybind_api/ir/tensor_py.cc:730] DataPtr] Tensor device address is null
[ERROR] COMMON(938970,ffff9a200020,python):2026-09-14-18:11:20.326.147 [mindspore/ccsrc/pybind_api/ir/tensor_py.cc:730] DataPtr] Tensor device address is null
[ERROR] COMMON(938970,ffff9a200020,python):2026-09-14-18:11:20.332.006 [mindspore/ccsrc/pybind_api/ir/tensor_py.cc:730] DataPtr] Tensor device address is null
[ERROR] COMMON(938970,ffff9a200020,python):2026-09-14-18:11:20.332.775 [mindspore/ccsrc/pybind_api/ir/tensor_py.cc:730] DataPtr] Tensor device address is null
[ERROR] COMMON(938970,ffff9a200020,python):2026-09-14-18:11:20.333.483 [mindspore/ccsrc/pybind_api/ir/tensor_py.cc:730] DataPtr] Tensor device address is null
[ERROR] COMMON(938970,ffff9a200020,python):2026-09-14-18:11:20.334.187 [mindspore/ccsrc/pybind_api/ir/tensor_py.cc:730] DataPtr] Tensor device address is null
[ERROR] COMMON(938970,ffff9a200020,python):2026-09-14-18:11:20.334.889 [mindspore/ccsrc/pybind_api/ir/tensor_py.cc:730] DataPtr] Tensor device address is null
[ERROR] COMMON(938970,ffff9a200020,python):2026-09-14-18:11:20.335.616 [mindspore/ccsrc/pybind_api/ir/tensor_py.cc:730] DataPtr] Tensor device address is null
[ERROR] COMMON(938970,ffff9a200020,python):2026-09-14-18:11:20.338.087 [mindspore/ccsrc/pybind_api/ir/tensor_py.cc:730] DataPtr] Tensor device address is null
[ERROR] COMMON(938970,ffff9a200020,python):2026-09-14-18:11:20.338.809 [mindspore/ccsrc/pybind_api/ir/tensor_py.cc:730] DataPtr] Tensor device address is null
[ERROR] COMMON(938970,ffff9a200020,python):2026-09-14-18:11:20.340.740 [mindspore/ccsrc/pybind_api/ir/tensor_py.cc:730] DataPtr] Tensor device address is null
[ERROR] COMMON(938970,ffff9a200020,python):2026-09-14-18:11:20.341.474 [mindspore/ccsrc/pybind_api/ir/tensor_py.cc:730] DataPtr] Tensor device address is null
[ERROR] COMMON(938970,ffff9a200020,python):2026-09-14-18:11:20.343.881 [mindspore/ccsrc/pybind_api/ir/tensor_py.cc:730] DataPtr] Tensor device address is null
[ERROR] COMMON(938970,ffff9a200020,python):2026-09-14-18:11:20.344.596 [mindspore/ccsrc/pybind_api/ir/tensor_py.cc:730] DataPtr] Tensor device address is null
[ERROR] COMMON(938970,ffff9a200020,python):2026-09-14-18:11:20.347.096 [mindspore/ccsrc/pybind_api/ir/tensor_py.cc:730] DataPtr] Tensor device address is null
[ERROR] COMMON(938970,ffff9a200020,python):2026-09-14-18:11:20.347.820 [mindspore/ccsrc/pybind_api/ir/tensor_py.cc:730] DataPtr] Tensor device address is null
[ERROR] COMMON(938970,ffff9a200020,python):2026-09-14-18:11:20.353.738 [mindspore/ccsrc/pybind_api/ir/tensor_py.cc:730] DataPtr] Tensor device address is null
[ERROR] COMMON(938970,ffff9a200020,python):2026-09-14-18:11:20.354.513 [mindspore/ccsrc/pybind_api/ir/tensor_py.cc:730] DataPtr] Tensor device address is null
[ERROR] COMMON(938970,ffff9a200020,python):2026-09-14-18:11:20.359.814 [mindspore/ccsrc/pybind_api/ir/tensor_py.cc:730] DataPtr] Tensor device address is null
[ERROR] COMMON(938970,ffff9a200020,python):2026-09-14-18:11:20.360.581 [mindspore/ccsrc/pybind_api/ir/tensor_py.cc:730] DataPtr] Tensor device address is null
[ERROR] COMMON(938970,ffff9a200020,python):2026-09-14-18:11:20.361.301 [mindspore/ccsrc/pybind_api/ir/tensor_py.cc:730] DataPtr] Tensor device address is null
[ERROR] COMMON(938970,ffff9a200020,python):2026-09-14-18:11:20.362.000 [mindspore/ccsrc/pybind_api/ir/tensor_py.cc:730] DataPtr] Tensor device address is null
[ERROR] COMMON(938970,ffff9a200020,python):2026-09-14-18:11:20.362.710 [mindspore/ccsrc/pybind_api/ir/tensor_py.cc:730] DataPtr] Tensor device address is null
[ERROR] COMMON(938970,ffff9a200020,python):2026-09-14-18:11:20.363.411 [mindspore/ccsrc/pybind_api/ir/tensor_py.cc:730] DataPtr] Tensor device address is null
[ERROR] COMMON(938970,ffff9a200020,python):2026-09-14-18:11:20.365.861 [mindspore/ccsrc/pybind_api/ir/tensor_py.cc:730] DataPtr] Tensor device address is null
[ERROR] COMMON(938970,ffff9a200020,python):2026-09-14-18:11:20.366.577 [mindspore/ccsrc/pybind_api/ir/tensor_py.cc:730] DataPtr] Tensor device address is null
[ERROR] COMMON(938970,ffff9a200020,python):2026-09-14-18:11:20.369.026 [mindspore/ccsrc/pybind_api/ir/tensor_py.cc:730] DataPtr] Tensor device address is null
[ERROR] COMMON(938970,ffff9a200020,python):2026-09-14-18:11:20.369.754 [mindspore/ccsrc/pybind_api/ir/tensor_py.cc:730] DataPtr] Tensor device address is null
[ERROR] COMMON(938970,ffff9a200020,python):2026-09-14-18:11:20.372.180 [mindspore/ccsrc/pybind_api/ir/tensor_py.cc:730] DataPtr] Tensor device address is null
[ERROR] COMMON(938970,ffff9a200020,python):2026-09-14-18:11:20.373.046 [mindspore/ccsrc/pybind_api/ir/tensor_py.cc:730] DataPtr] Tensor device address is null
[ERROR] COMMON(938970,ffff9a200020,python):2026-09-14-18:11:20.375.542 [mindspore/ccsrc/pybind_api/ir/tensor_py.cc:730] DataPtr] Tensor device address is null
[ERROR] COMMON(938970,ffff9a200020,python):2026-09-14-18:11:20.376.262 [mindspore/ccsrc/pybind_api/ir/tensor_py.cc:730] DataPtr] Tensor device address is null
[ERROR] COMMON(938970,ffff9a200020,python):2026-09-14-18:11:20.381.461 [mindspore/ccsrc/pybind_api/ir/tensor_py.cc:730] DataPtr] Tensor device address is null
[ERROR] COMMON(938970,ffff9a200020,python):2026-09-14-18:11:20.382.223 [mindspore/ccsrc/pybind_api/ir/tensor_py.cc:730] DataPtr] Tensor device address is null
[ERROR] COMMON(938970,ffff9a200020,python):2026-09-14-18:11:20.387.902 [mindspore/ccsrc/pybind_api/ir/tensor_py.cc:730] DataPtr] Tensor device address is null
[ERROR] COMMON(938970,ffff9a200020,python):2026-09-14-18:11:20.388.660 [mindspore/ccsrc/pybind_api/ir/tensor_py.cc:730] DataPtr] Tensor device address is null
[ERROR] COMMON(938970,ffff9a200020,python):2026-09-14-18:11:20.389.379 [mindspore/ccsrc/pybind_api/ir/tensor_py.cc:730] DataPtr] Tensor device address is null
[ERROR] COMMON(938970,ffff9a200020,python):2026-09-14-18:11:20.390.080 [mindspore/ccsrc/pybind_api/ir/tensor_py.cc:730] DataPtr] Tensor device address is null
[ERROR] COMMON(938970,ffff9a200020,python):2026-09-14-18:11:20.390.777 [mindspore/ccsrc/pybind_api/ir/tensor_py.cc:730] DataPtr] Tensor device address is null
[ERROR] COMMON(938970,ffff9a200020,python):2026-09-14-18:11:20.391.463 [mindspore/ccsrc/pybind_api/ir/tensor_py.cc:730] DataPtr] Tensor device address is null
[ERROR] COMMON(938970,ffff9a200020,python):2026-09-14-18:11:20.393.862 [mindspore/ccsrc/pybind_api/ir/tensor_py.cc:730] DataPtr] Tensor device address is null
[ERROR] COMMON(938970,ffff9a200020,python):2026-09-14-18:11:20.394.580 [mindspore/ccsrc/pybind_api/ir/tensor_py.cc:730] DataPtr] Tensor device address is null
[ERROR] COMMON(938970,ffff9a200020,python):2026-09-14-18:11:20.396.545 [mindspore/ccsrc/pybind_api/ir/tensor_py.cc:730] DataPtr] Tensor device address is null
[ERROR] COMMON(938970,ffff9a200020,python):2026-09-14-18:11:20.397.273 [mindspore/ccsrc/pybind_api/ir/tensor_py.cc:730] DataPtr] Tensor device address is null
[ERROR] COMMON(938970,ffff9a200020,python):2026-09-14-18:11:20.399.682 [mindspore/ccsrc/pybind_api/ir/tensor_py.cc:730] DataPtr] Tensor device address is null
[ERROR] COMMON(938970,ffff9a200020,python):2026-09-14-18:11:20.400.387 [mindspore/ccsrc/pybind_api/ir/tensor_py.cc:730] DataPtr] Tensor device address is null
[ERROR] COMMON(938970,ffff9a200020,python):2026-09-14-18:11:20.402.802 [mindspore/ccsrc/pybind_api/ir/tensor_py.cc:730] DataPtr] Tensor device address is null
[ERROR] COMMON(938970,ffff9a200020,python):2026-09-14-18:11:20.403.526 [mindspore/ccsrc/pybind_api/ir/tensor_py.cc:730] DataPtr] Tensor device address is null
[ERROR] COMMON(938970,ffff9a200020,python):2026-09-14-18:11:20.409.428 [mindspore/ccsrc/pybind_api/ir/tensor_py.cc:730] DataPtr] Tensor device address is null
[ERROR] COMMON(938970,ffff9a200020,python):2026-09-14-18:11:20.410.177 [mindspore/ccsrc/pybind_api/ir/tensor_py.cc:730] DataPtr] Tensor device address is null
[ERROR] COMMON(938970,ffff9a200020,python):2026-09-14-18:11:20.415.361 [mindspore/ccsrc/pybind_api/ir/tensor_py.cc:730] DataPtr] Tensor device address is null
[ERROR] COMMON(938970,ffff9a200020,python):2026-09-14-18:11:20.416.108 [mindspore/ccsrc/pybind_api/ir/tensor_py.cc:730] DataPtr] Tensor device address is null
[ERROR] COMMON(938970,ffff9a200020,python):2026-09-14-18:11:20.416.816 [mindspore/ccsrc/pybind_api/ir/tensor_py.cc:730] DataPtr] Tensor device address is null
[ERROR] COMMON(938970,ffff9a200020,python):2026-09-14-18:11:20.417.518 [mindspore/ccsrc/pybind_api/ir/tensor_py.cc:730] DataPtr] Tensor device address is null
[ERROR] COMMON(938970,ffff9a200020,python):2026-09-14-18:11:20.418.225 [mindspore/ccsrc/pybind_api/ir/tensor_py.cc:730] DataPtr] Tensor device address is null
[ERROR] COMMON(938970,ffff9a200020,python):2026-09-14-18:11:20.418.936 [mindspore/ccsrc/pybind_api/ir/tensor_py.cc:730] DataPtr] Tensor device address is null
[ERROR] COMMON(938970,ffff9a200020,python):2026-09-14-18:11:20.421.365 [mindspore/ccsrc/pybind_api/ir/tensor_py.cc:730] DataPtr] Tensor device address is null
[ERROR] COMMON(938970,ffff9a200020,python):2026-09-14-18:11:20.422.107 [mindspore/ccsrc/pybind_api/ir/tensor_py.cc:730] DataPtr] Tensor device address is null
[ERROR] COMMON(938970,ffff9a200020,python):2026-09-14-18:11:20.424.531 [mindspore/ccsrc/pybind_api/ir/tensor_py.cc:730] DataPtr] Tensor device address is null
[ERROR] COMMON(938970,ffff9a200020,python):2026-09-14-18:11:20.425.281 [mindspore/ccsrc/pybind_api/ir/tensor_py.cc:730] DataPtr] Tensor device address is null
[ERROR] COMMON(938970,ffff9a200020,python):2026-09-14-18:11:20.427.766 [mindspore/ccsrc/pybind_api/ir/tensor_py.cc:730] DataPtr] Tensor device address is null
[ERROR] COMMON(938970,ffff9a200020,python):2026-09-14-18:11:20.428.484 [mindspore/ccsrc/pybind_api/ir/tensor_py.cc:730] DataPtr] Tensor device address is null
[ERROR] COMMON(938970,ffff9a200020,python):2026-09-14-18:11:20.431.026 [mindspore/ccsrc/pybind_api/ir/tensor_py.cc:730] DataPtr] Tensor device address is null
[ERROR] COMMON(938970,ffff9a200020,python):2026-09-14-18:11:20.431.755 [mindspore/ccsrc/pybind_api/ir/tensor_py.cc:730] DataPtr] Tensor device address is null
[ERROR] COMMON(938970,ffff9a200020,python):2026-09-14-18:11:20.436.969 [mindspore/ccsrc/pybind_api/ir/tensor_py.cc:730] DataPtr] Tensor device address is null
[ERROR] COMMON(938970,ffff9a200020,python):2026-09-14-18:11:20.437.729 [mindspore/ccsrc/pybind_api/ir/tensor_py.cc:730] DataPtr] Tensor device address is null
[ERROR] COMMON(938970,ffff9a200020,python):2026-09-14-18:11:20.443.518 [mindspore/ccsrc/pybind_api/ir/tensor_py.cc:730] DataPtr] Tensor device address is null
[ERROR] COMMON(938970,ffff9a200020,python):2026-09-14-18:11:20.444.263 [mindspore/ccsrc/pybind_api/ir/tensor_py.cc:730] DataPtr] Tensor device address is null
[ERROR] COMMON(938970,ffff9a200020,python):2026-09-14-18:11:20.445.002 [mindspore/ccsrc/pybind_api/ir/tensor_py.cc:730] DataPtr] Tensor device address is null
[ERROR] COMMON(938970,ffff9a200020,python):2026-09-14-18:11:20.445.721 [mindspore/ccsrc/pybind_api/ir/tensor_py.cc:730] DataPtr] Tensor device address is null
[ERROR] COMMON(938970,ffff9a200020,python):2026-09-14-18:11:20.446.433 [mindspore/ccsrc/pybind_api/ir/tensor_py.cc:730] DataPtr] Tensor device address is null
[ERROR] COMMON(938970,ffff9a200020,python):2026-09-14-18:11:20.447.154 [mindspore/ccsrc/pybind_api/ir/tensor_py.cc:730] DataPtr] Tensor device address is null
[ERROR] COMMON(938970,ffff9a200020,python):2026-09-14-18:11:20.449.564 [mindspore/ccsrc/pybind_api/ir/tensor_py.cc:730] DataPtr] Tensor device address is null
[ERROR] COMMON(938970,ffff9a200020,python):2026-09-14-18:11:20.450.296 [mindspore/ccsrc/pybind_api/ir/tensor_py.cc:730] DataPtr] Tensor device address is null
[ERROR] COMMON(938970,ffff9a200020,python):2026-09-14-18:11:20.452.243 [mindspore/ccsrc/pybind_api/ir/tensor_py.cc:730] DataPtr] Tensor device address is null
[ERROR] COMMON(938970,ffff9a200020,python):2026-09-14-18:11:20.452.978 [mindspore/ccsrc/pybind_api/ir/tensor_py.cc:730] DataPtr] Tensor device address is null
[ERROR] COMMON(938970,ffff9a200020,python):2026-09-14-18:11:20.455.363 [mindspore/ccsrc/pybind_api/ir/tensor_py.cc:730] DataPtr] Tensor device address is null
[ERROR] COMMON(938970,ffff9a200020,python):2026-09-14-18:11:20.456.070 [mindspore/ccsrc/pybind_api/ir/tensor_py.cc:730] DataPtr] Tensor device address is null
[ERROR] COMMON(938970,ffff9a200020,python):2026-09-14-18:11:20.458.444 [mindspore/ccsrc/pybind_api/ir/tensor_py.cc:730] DataPtr] Tensor device address is null
[ERROR] COMMON(938970,ffff9a200020,python):2026-09-14-18:11:20.459.161 [mindspore/ccsrc/pybind_api/ir/tensor_py.cc:730] DataPtr] Tensor device address is null
[ERROR] COMMON(938970,ffff9a200020,python):2026-09-14-18:11:20.464.846 [mindspore/ccsrc/pybind_api/ir/tensor_py.cc:730] DataPtr] Tensor device address is null
[ERROR] COMMON(938970,ffff9a200020,python):2026-09-14-18:11:20.465.599 [mindspore/ccsrc/pybind_api/ir/tensor_py.cc:730] DataPtr] Tensor device address is null
[ERROR] COMMON(938970,ffff9a200020,python):2026-09-14-18:11:20.471.364 [mindspore/ccsrc/pybind_api/ir/tensor_py.cc:730] DataPtr] Tensor device address is null
