/home/user7/miniconda3/envs/ms_2.5/lib/python3.9/site-packages/numpy/core/getlimits.py:549: UserWarning: The value of the smallest subnormal for <class 'numpy.float64'> type is zero.
  setattr(self, word, getattr(machar, word).flat[0])
/home/user7/miniconda3/envs/ms_2.5/lib/python3.9/site-packages/numpy/core/getlimits.py:89: UserWarning: The value of the smallest subnormal for <class 'numpy.float64'> type is zero.
  return self._float_to_str(self.smallest_subnormal)
/home/user7/miniconda3/envs/ms_2.5/lib/python3.9/site-packages/numpy/core/getlimits.py:549: UserWarning: The value of the smallest subnormal for <class 'numpy.float32'> type is zero.
  setattr(self, word, getattr(machar, word).flat[0])
/home/user7/miniconda3/envs/ms_2.5/lib/python3.9/site-packages/numpy/core/getlimits.py:89: UserWarning: The value of the smallest subnormal for <class 'numpy.float32'> type is zero.
  return self._float_to_str(self.smallest_subnormal)
[WARNING] ME(964771:281472968511520,MainProcess):2026-09-14-18:18:04.577.298 [mindspore/context.py:1335] For 'context.set_context', the parameter 'deterministic' will be deprecated and removed in a future version. Please use the api mindspore.set_deterministic() instead.
[WARNING] ME(964771:281472968511520,MainProcess):2026-09-14-18:18:04.578.655 [mindspore/context.py:1335] For 'context.set_context', the parameter 'deterministic' will be deprecated and removed in a future version. Please use the api mindspore.set_deterministic() instead.
[WARNING] ME(964771:281472968511520,MainProcess):2026-09-14-18:18:04.579.593 [mindspore/context.py:1335] For 'context.set_context', the parameter 'device_target' will be deprecated and removed in a future version. Please use the api mindspore.set_device() instead.
[WARNING] ME(964771:281472968511520,MainProcess):2026-09-14-18:18:04.580.323 [mindspore/context.py:1335] For 'context.set_context', the parameter 'device_id' will be deprecated and removed in a future version. Please use the api mindspore.set_device() instead.
/home/user7/miniconda3/envs/ms_2.5/lib/python3.9/site-packages/jieba/_compat.py:18: UserWarning: pkg_resources is deprecated as an API. See https://setuptools.pypa.io/en/latest/pkg_resources.html. The pkg_resources package is slated for removal as early as 2025-11-30. Refrain from using this package or pin to Setuptools<81.
  import pkg_resources
[WARNING] ME(964771:281472968511520,MainProcess):2026-09-14-18:18:05.758.525 [mindspore/ops/primitive.py:217] The in_strategy/in_layout of the operator in your network will not take effect in stand_alone mode. This means the the shard function called in the network is ignored. 
If you want to enable it, please use semi auto or auto parallel mode by context.set_auto_parallel_context(parallel_mode=ParallelMode.SEMI_AUTO_PARALLEL or context.set_auto_parallel_context(parallel_mode=ParallelMode.AUTO_PARALLEL)
[WARNING] ME(964771:281472968511520,MainProcess):2026-09-14-18:18:06.157.150 [mindspore/common/parameter.py:851] This interface may be deleted in the future.
[WARNING] ME(964771:281472968511520,MainProcess):2026-09-14-18:18:33.770.330 [mindspore/hal/stream.py:272] WARN_DEPRECATED: The usage of mindspore.hal.synchronize() is deprecated. Please use mindspore.runtime.synchronize()
[ERROR] COMMON(964771,ffff884d5020,python):2026-09-14-18:18:42.187.881 [mindspore/ccsrc/pybind_api/ir/tensor_py.cc:730] DataPtr] Tensor device address is null
[ERROR] COMMON(964771,ffff884d5020,python):2026-09-14-18:18:42.251.091 [mindspore/ccsrc/pybind_api/ir/tensor_py.cc:730] DataPtr] Tensor device address is null
[ERROR] COMMON(964771,ffff884d5020,python):2026-09-14-18:18:42.258.085 [mindspore/ccsrc/pybind_api/ir/tensor_py.cc:730] DataPtr] Tensor device address is null
[ERROR] COMMON(964771,ffff884d5020,python):2026-09-14-18:18:42.264.347 [mindspore/ccsrc/pybind_api/ir/tensor_py.cc:730] DataPtr] Tensor device address is null
[ERROR] COMMON(964771,ffff884d5020,python):2026-09-14-18:18:42.265.076 [mindspore/ccsrc/pybind_api/ir/tensor_py.cc:730] DataPtr] Tensor device address is null
[ERROR] COMMON(964771,ffff884d5020,python):2026-09-14-18:18:42.265.760 [mindspore/ccsrc/pybind_api/ir/tensor_py.cc:730] DataPtr] Tensor device address is null
[ERROR] COMMON(964771,ffff884d5020,python):2026-09-14-18:18:42.266.467 [mindspore/ccsrc/pybind_api/ir/tensor_py.cc:730] DataPtr] Tensor device address is null
[ERROR] COMMON(964771,ffff884d5020,python):2026-09-14-18:18:42.267.129 [mindspore/ccsrc/pybind_api/ir/tensor_py.cc:730] DataPtr] Tensor device address is null
[ERROR] COMMON(964771,ffff884d5020,python):2026-09-14-18:18:42.267.801 [mindspore/ccsrc/pybind_api/ir/tensor_py.cc:730] DataPtr] Tensor device address is null
[ERROR] COMMON(964771,ffff884d5020,python):2026-09-14-18:18:42.275.144 [mindspore/ccsrc/pybind_api/ir/tensor_py.cc:730] DataPtr] Tensor device address is null
[ERROR] COMMON(964771,ffff884d5020,python):2026-09-14-18:18:42.275.853 [mindspore/ccsrc/pybind_api/ir/tensor_py.cc:730] DataPtr] Tensor device address is null
[ERROR] COMMON(964771,ffff884d5020,python):2026-09-14-18:18:42.277.825 [mindspore/ccsrc/pybind_api/ir/tensor_py.cc:730] DataPtr] Tensor device address is null
[ERROR] COMMON(964771,ffff884d5020,python):2026-09-14-18:18:42.278.525 [mindspore/ccsrc/pybind_api/ir/tensor_py.cc:730] DataPtr] Tensor device address is null
[ERROR] COMMON(964771,ffff884d5020,python):2026-09-14-18:18:42.280.205 [mindspore/ccsrc/pybind_api/ir/tensor_py.cc:730] DataPtr] Tensor device address is null
[ERROR] COMMON(964771,ffff884d5020,python):2026-09-14-18:18:42.280.894 [mindspore/ccsrc/pybind_api/ir/tensor_py.cc:730] DataPtr] Tensor device address is null
[ERROR] COMMON(964771,ffff884d5020,python):2026-09-14-18:18:42.282.591 [mindspore/ccsrc/pybind_api/ir/tensor_py.cc:730] DataPtr] Tensor device address is null
[ERROR] COMMON(964771,ffff884d5020,python):2026-09-14-18:18:42.283.277 [mindspore/ccsrc/pybind_api/ir/tensor_py.cc:730] DataPtr] Tensor device address is null
[ERROR] COMMON(964771,ffff884d5020,python):2026-09-14-18:18:42.293.088 [mindspore/ccsrc/pybind_api/ir/tensor_py.cc:730] DataPtr] Tensor device address is null
[ERROR] COMMON(964771,ffff884d5020,python):2026-09-14-18:18:42.299.435 [mindspore/ccsrc/pybind_api/ir/tensor_py.cc:730] DataPtr] Tensor device address is null
[ERROR] COMMON(964771,ffff884d5020,python):2026-09-14-18:18:42.309.295 [mindspore/ccsrc/pybind_api/ir/tensor_py.cc:730] DataPtr] Tensor device address is null
[ERROR] COMMON(964771,ffff884d5020,python):2026-09-14-18:18:42.310.023 [mindspore/ccsrc/pybind_api/ir/tensor_py.cc:730] DataPtr] Tensor device address is null
[ERROR] COMMON(964771,ffff884d5020,python):2026-09-14-18:18:42.310.705 [mindspore/ccsrc/pybind_api/ir/tensor_py.cc:730] DataPtr] Tensor device address is null
[ERROR] COMMON(964771,ffff884d5020,python):2026-09-14-18:18:42.311.396 [mindspore/ccsrc/pybind_api/ir/tensor_py.cc:730] DataPtr] Tensor device address is null
[ERROR] COMMON(964771,ffff884d5020,python):2026-09-14-18:18:42.312.066 [mindspore/ccsrc/pybind_api/ir/tensor_py.cc:730] DataPtr] Tensor device address is null
[ERROR] COMMON(964771,ffff884d5020,python):2026-09-14-18:18:42.312.759 [mindspore/ccsrc/pybind_api/ir/tensor_py.cc:730] DataPtr] Tensor device address is null
[ERROR] COMMON(964771,ffff884d5020,python):2026-09-14-18:18:42.314.391 [mindspore/ccsrc/pybind_api/ir/tensor_py.cc:730] DataPtr] Tensor device address is null
[ERROR] COMMON(964771,ffff884d5020,python):2026-09-14-18:18:42.315.080 [mindspore/ccsrc/pybind_api/ir/tensor_py.cc:730] DataPtr] Tensor device address is null
[ERROR] COMMON(964771,ffff884d5020,python):2026-09-14-18:18:42.316.770 [mindspore/ccsrc/pybind_api/ir/tensor_py.cc:730] DataPtr] Tensor device address is null
[ERROR] COMMON(964771,ffff884d5020,python):2026-09-14-18:18:42.317.461 [mindspore/ccsrc/pybind_api/ir/tensor_py.cc:730] DataPtr] Tensor device address is null
[ERROR] COMMON(964771,ffff884d5020,python):2026-09-14-18:18:42.319.191 [mindspore/ccsrc/pybind_api/ir/tensor_py.cc:730] DataPtr] Tensor device address is null
[ERROR] COMMON(964771,ffff884d5020,python):2026-09-14-18:18:42.319.872 [mindspore/ccsrc/pybind_api/ir/tensor_py.cc:730] DataPtr] Tensor device address is null
[ERROR] COMMON(964771,ffff884d5020,python):2026-09-14-18:18:42.321.676 [mindspore/ccsrc/pybind_api/ir/tensor_py.cc:730] DataPtr] Tensor device address is null
[ERROR] COMMON(964771,ffff884d5020,python):2026-09-14-18:18:42.322.388 [mindspore/ccsrc/pybind_api/ir/tensor_py.cc:730] DataPtr] Tensor device address is null
[ERROR] COMMON(964771,ffff884d5020,python):2026-09-14-18:18:42.326.711 [mindspore/ccsrc/pybind_api/ir/tensor_py.cc:730] DataPtr] Tensor device address is null
[ERROR] COMMON(964771,ffff884d5020,python):2026-09-14-18:18:42.327.430 [mindspore/ccsrc/pybind_api/ir/tensor_py.cc:730] DataPtr] Tensor device address is null
[ERROR] COMMON(964771,ffff884d5020,python):2026-09-14-18:18:42.331.868 [mindspore/ccsrc/pybind_api/ir/tensor_py.cc:730] DataPtr] Tensor device address is null
[ERROR] COMMON(964771,ffff884d5020,python):2026-09-14-18:18:42.332.587 [mindspore/ccsrc/pybind_api/ir/tensor_py.cc:730] DataPtr] Tensor device address is null
[ERROR] COMMON(964771,ffff884d5020,python):2026-09-14-18:18:42.333.270 [mindspore/ccsrc/pybind_api/ir/tensor_py.cc:730] DataPtr] Tensor device address is null
[ERROR] COMMON(964771,ffff884d5020,python):2026-09-14-18:18:42.333.952 [mindspore/ccsrc/pybind_api/ir/tensor_py.cc:730] DataPtr] Tensor device address is null
[ERROR] COMMON(964771,ffff884d5020,python):2026-09-14-18:18:42.334.617 [mindspore/ccsrc/pybind_api/ir/tensor_py.cc:730] DataPtr] Tensor device address is null
[ERROR] COMMON(964771,ffff884d5020,python):2026-09-14-18:18:42.335.310 [mindspore/ccsrc/pybind_api/ir/tensor_py.cc:730] DataPtr] Tensor device address is null
[ERROR] COMMON(964771,ffff884d5020,python):2026-09-14-18:18:42.336.950 [mindspore/ccsrc/pybind_api/ir/tensor_py.cc:730] DataPtr] Tensor device address is null
[ERROR] COMMON(964771,ffff884d5020,python):2026-09-14-18:18:42.337.651 [mindspore/ccsrc/pybind_api/ir/tensor_py.cc:730] DataPtr] Tensor device address is null
[ERROR] COMMON(964771,ffff884d5020,python):2026-09-14-18:18:42.339.290 [mindspore/ccsrc/pybind_api/ir/tensor_py.cc:730] DataPtr] Tensor device address is null
[ERROR] COMMON(964771,ffff884d5020,python):2026-09-14-18:18:42.339.975 [mindspore/ccsrc/pybind_api/ir/tensor_py.cc:730] DataPtr] Tensor device address is null
[ERROR] COMMON(964771,ffff884d5020,python):2026-09-14-18:18:42.341.675 [mindspore/ccsrc/pybind_api/ir/tensor_py.cc:730] DataPtr] Tensor device address is null
[ERROR] COMMON(964771,ffff884d5020,python):2026-09-14-18:18:42.342.372 [mindspore/ccsrc/pybind_api/ir/tensor_py.cc:730] DataPtr] Tensor device address is null
[ERROR] COMMON(964771,ffff884d5020,python):2026-09-14-18:18:42.344.101 [mindspore/ccsrc/pybind_api/ir/tensor_py.cc:730] DataPtr] Tensor device address is null
[ERROR] COMMON(964771,ffff884d5020,python):2026-09-14-18:18:42.344.797 [mindspore/ccsrc/pybind_api/ir/tensor_py.cc:730] DataPtr] Tensor device address is null
[ERROR] COMMON(964771,ffff884d5020,python):2026-09-14-18:18:42.349.028 [mindspore/ccsrc/pybind_api/ir/tensor_py.cc:730] DataPtr] Tensor device address is null
[ERROR] COMMON(964771,ffff884d5020,python):2026-09-14-18:18:42.349.735 [mindspore/ccsrc/pybind_api/ir/tensor_py.cc:730] DataPtr] Tensor device address is null
[ERROR] COMMON(964771,ffff884d5020,python):2026-09-14-18:18:42.354.557 [mindspore/ccsrc/pybind_api/ir/tensor_py.cc:730] DataPtr] Tensor device address is null
[ERROR] COMMON(964771,ffff884d5020,python):2026-09-14-18:18:42.355.277 [mindspore/ccsrc/pybind_api/ir/tensor_py.cc:730] DataPtr] Tensor device address is null
[ERROR] COMMON(964771,ffff884d5020,python):2026-09-14-18:18:42.355.954 [mindspore/ccsrc/pybind_api/ir/tensor_py.cc:730] DataPtr] Tensor device address is null
[ERROR] COMMON(964771,ffff884d5020,python):2026-09-14-18:18:42.356.632 [mindspore/ccsrc/pybind_api/ir/tensor_py.cc:730] DataPtr] Tensor device address is null
[ERROR] COMMON(964771,ffff884d5020,python):2026-09-14-18:18:42.357.313 [mindspore/ccsrc/pybind_api/ir/tensor_py.cc:730] DataPtr] Tensor device address is null
[ERROR] COMMON(964771,ffff884d5020,python):2026-09-14-18:18:42.357.988 [mindspore/ccsrc/pybind_api/ir/tensor_py.cc:730] DataPtr] Tensor device address is null
[ERROR] COMMON(964771,ffff884d5020,python):2026-09-14-18:18:42.359.640 [mindspore/ccsrc/pybind_api/ir/tensor_py.cc:730] DataPtr] Tensor device address is null
[ERROR] COMMON(964771,ffff884d5020,python):2026-09-14-18:18:42.360.336 [mindspore/ccsrc/pybind_api/ir/tensor_py.cc:730] DataPtr] Tensor device address is null
[ERROR] COMMON(964771,ffff884d5020,python):2026-09-14-18:18:42.362.001 [mindspore/ccsrc/pybind_api/ir/tensor_py.cc:730] DataPtr] Tensor device address is null
[ERROR] COMMON(964771,ffff884d5020,python):2026-09-14-18:18:42.362.694 [mindspore/ccsrc/pybind_api/ir/tensor_py.cc:730] DataPtr] Tensor device address is null
[ERROR] COMMON(964771,ffff884d5020,python):2026-09-14-18:18:42.364.393 [mindspore/ccsrc/pybind_api/ir/tensor_py.cc:730] DataPtr] Tensor device address is null
[ERROR] COMMON(964771,ffff884d5020,python):2026-09-14-18:18:42.365.094 [mindspore/ccsrc/pybind_api/ir/tensor_py.cc:730] DataPtr] Tensor device address is null
[ERROR] COMMON(964771,ffff884d5020,python):2026-09-14-18:18:42.366.862 [mindspore/ccsrc/pybind_api/ir/tensor_py.cc:730] DataPtr] Tensor device address is null
[ERROR] COMMON(964771,ffff884d5020,python):2026-09-14-18:18:42.367.552 [mindspore/ccsrc/pybind_api/ir/tensor_py.cc:730] DataPtr] Tensor device address is null
[ERROR] COMMON(964771,ffff884d5020,python):2026-09-14-18:18:42.371.675 [mindspore/ccsrc/pybind_api/ir/tensor_py.cc:730] DataPtr] Tensor device address is null
[ERROR] COMMON(964771,ffff884d5020,python):2026-09-14-18:18:42.372.382 [mindspore/ccsrc/pybind_api/ir/tensor_py.cc:730] DataPtr] Tensor device address is null
[ERROR] COMMON(964771,ffff884d5020,python):2026-09-14-18:18:42.376.820 [mindspore/ccsrc/pybind_api/ir/tensor_py.cc:730] DataPtr] Tensor device address is null
[ERROR] COMMON(964771,ffff884d5020,python):2026-09-14-18:18:42.377.531 [mindspore/ccsrc/pybind_api/ir/tensor_py.cc:730] DataPtr] Tensor device address is null
[ERROR] COMMON(964771,ffff884d5020,python):2026-09-14-18:18:42.378.206 [mindspore/ccsrc/pybind_api/ir/tensor_py.cc:730] DataPtr] Tensor device address is null
[ERROR] COMMON(964771,ffff884d5020,python):2026-09-14-18:18:42.378.891 [mindspore/ccsrc/pybind_api/ir/tensor_py.cc:730] DataPtr] Tensor device address is null
[ERROR] COMMON(964771,ffff884d5020,python):2026-09-14-18:18:42.379.566 [mindspore/ccsrc/pybind_api/ir/tensor_py.cc:730] DataPtr] Tensor device address is null
[ERROR] COMMON(964771,ffff884d5020,python):2026-09-14-18:18:42.380.255 [mindspore/ccsrc/pybind_api/ir/tensor_py.cc:730] DataPtr] Tensor device address is null
[ERROR] COMMON(964771,ffff884d5020,python):2026-09-14-18:18:42.381.907 [mindspore/ccsrc/pybind_api/ir/tensor_py.cc:730] DataPtr] Tensor device address is null
[ERROR] COMMON(964771,ffff884d5020,python):2026-09-14-18:18:42.382.608 [mindspore/ccsrc/pybind_api/ir/tensor_py.cc:730] DataPtr] Tensor device address is null
[ERROR] COMMON(964771,ffff884d5020,python):2026-09-14-18:18:42.384.244 [mindspore/ccsrc/pybind_api/ir/tensor_py.cc:730] DataPtr] Tensor device address is null
[ERROR] COMMON(964771,ffff884d5020,python):2026-09-14-18:18:42.384.954 [mindspore/ccsrc/pybind_api/ir/tensor_py.cc:730] DataPtr] Tensor device address is null
[ERROR] COMMON(964771,ffff884d5020,python):2026-09-14-18:18:42.386.637 [mindspore/ccsrc/pybind_api/ir/tensor_py.cc:730] DataPtr] Tensor device address is null
[ERROR] COMMON(964771,ffff884d5020,python):2026-09-14-18:18:42.387.316 [mindspore/ccsrc/pybind_api/ir/tensor_py.cc:730] DataPtr] Tensor device address is null
[ERROR] COMMON(964771,ffff884d5020,python):2026-09-14-18:18:42.389.052 [mindspore/ccsrc/pybind_api/ir/tensor_py.cc:730] DataPtr] Tensor device address is null
[ERROR] COMMON(964771,ffff884d5020,python):2026-09-14-18:18:42.389.756 [mindspore/ccsrc/pybind_api/ir/tensor_py.cc:730] DataPtr] Tensor device address is null
[ERROR] COMMON(964771,ffff884d5020,python):2026-09-14-18:18:42.394.168 [mindspore/ccsrc/pybind_api/ir/tensor_py.cc:730] DataPtr] Tensor device address is null
[ERROR] COMMON(964771,ffff884d5020,python):2026-09-14-18:18:42.394.877 [mindspore/ccsrc/pybind_api/ir/tensor_py.cc:730] DataPtr] Tensor device address is null
[ERROR] COMMON(964771,ffff884d5020,python):2026-09-14-18:18:42.399.492 [mindspore/ccsrc/pybind_api/ir/tensor_py.cc:730] DataPtr] Tensor device address is null
[ERROR] COMMON(964771,ffff884d5020,python):2026-09-14-18:18:42.400.218 [mindspore/ccsrc/pybind_api/ir/tensor_py.cc:730] DataPtr] Tensor device address is null
[ERROR] COMMON(964771,ffff884d5020,python):2026-09-14-18:18:42.400.904 [mindspore/ccsrc/pybind_api/ir/tensor_py.cc:730] DataPtr] Tensor device address is null
[ERROR] COMMON(964771,ffff884d5020,python):2026-09-14-18:18:42.401.601 [mindspore/ccsrc/pybind_api/ir/tensor_py.cc:730] DataPtr] Tensor device address is null
[ERROR] COMMON(964771,ffff884d5020,python):2026-09-14-18:18:42.402.268 [mindspore/ccsrc/pybind_api/ir/tensor_py.cc:730] DataPtr] Tensor device address is null
[ERROR] COMMON(964771,ffff884d5020,python):2026-09-14-18:18:42.402.956 [mindspore/ccsrc/pybind_api/ir/tensor_py.cc:730] DataPtr] Tensor device address is null
[ERROR] COMMON(964771,ffff884d5020,python):2026-09-14-18:18:42.404.607 [mindspore/ccsrc/pybind_api/ir/tensor_py.cc:730] DataPtr] Tensor device address is null
[ERROR] COMMON(964771,ffff884d5020,python):2026-09-14-18:18:42.405.303 [mindspore/ccsrc/pybind_api/ir/tensor_py.cc:730] DataPtr] Tensor device address is null
[ERROR] COMMON(964771,ffff884d5020,python):2026-09-14-18:18:42.407.035 [mindspore/ccsrc/pybind_api/ir/tensor_py.cc:730] DataPtr] Tensor device address is null
[ERROR] COMMON(964771,ffff884d5020,python):2026-09-14-18:18:42.407.724 [mindspore/ccsrc/pybind_api/ir/tensor_py.cc:730] DataPtr] Tensor device address is null
[ERROR] COMMON(964771,ffff884d5020,python):2026-09-14-18:18:42.409.380 [mindspore/ccsrc/pybind_api/ir/tensor_py.cc:730] DataPtr] Tensor device address is null
[ERROR] COMMON(964771,ffff884d5020,python):2026-09-14-18:18:42.410.070 [mindspore/ccsrc/pybind_api/ir/tensor_py.cc:730] DataPtr] Tensor device address is null
[ERROR] COMMON(964771,ffff884d5020,python):2026-09-14-18:18:42.411.832 [mindspore/ccsrc/pybind_api/ir/tensor_py.cc:730] DataPtr] Tensor device address is null
[ERROR] COMMON(964771,ffff884d5020,python):2026-09-14-18:18:42.412.509 [mindspore/ccsrc/pybind_api/ir/tensor_py.cc:730] DataPtr] Tensor device address is null
[ERROR] COMMON(964771,ffff884d5020,python):2026-09-14-18:18:42.416.675 [mindspore/ccsrc/pybind_api/ir/tensor_py.cc:730] DataPtr] Tensor device address is null
[ERROR] COMMON(964771,ffff884d5020,python):2026-09-14-18:18:42.417.376 [mindspore/ccsrc/pybind_api/ir/tensor_py.cc:730] DataPtr] Tensor device address is null
[ERROR] COMMON(964771,ffff884d5020,python):2026-09-14-18:18:42.421.917 [mindspore/ccsrc/pybind_api/ir/tensor_py.cc:730] DataPtr] Tensor device address is null
[ERROR] COMMON(964771,ffff884d5020,python):2026-09-14-18:18:42.422.635 [mindspore/ccsrc/pybind_api/ir/tensor_py.cc:730] DataPtr] Tensor device address is null
[ERROR] COMMON(964771,ffff884d5020,python):2026-09-14-18:18:42.423.305 [mindspore/ccsrc/pybind_api/ir/tensor_py.cc:730] DataPtr] Tensor device address is null
[ERROR] COMMON(964771,ffff884d5020,python):2026-09-14-18:18:42.423.975 [mindspore/ccsrc/pybind_api/ir/tensor_py.cc:730] DataPtr] Tensor device address is null
[ERROR] COMMON(964771,ffff884d5020,python):2026-09-14-18:18:42.424.642 [mindspore/ccsrc/pybind_api/ir/tensor_py.cc:730] DataPtr] Tensor device address is null
[ERROR] COMMON(964771,ffff884d5020,python):2026-09-14-18:18:42.425.335 [mindspore/ccsrc/pybind_api/ir/tensor_py.cc:730] DataPtr] Tensor device address is null
[ERROR] COMMON(964771,ffff884d5020,python):2026-09-14-18:18:42.426.958 [mindspore/ccsrc/pybind_api/ir/tensor_py.cc:730] DataPtr] Tensor device address is null
[ERROR] COMMON(964771,ffff884d5020,python):2026-09-14-18:18:42.427.665 [mindspore/ccsrc/pybind_api/ir/tensor_py.cc:730] DataPtr] Tensor device address is null
[ERROR] COMMON(964771,ffff884d5020,python):2026-09-14-18:18:42.430.195 [mindspore/ccsrc/pybind_api/ir/tensor_py.cc:730] DataPtr] Tensor device address is null
[ERROR] COMMON(964771,ffff884d5020,python):2026-09-14-18:18:42.430.888 [mindspore/ccsrc/pybind_api/ir/tensor_py.cc:730] DataPtr] Tensor device address is null
[ERROR] COMMON(964771,ffff884d5020,python):2026-09-14-18:18:42.433.388 [mindspore/ccsrc/pybind_api/ir/tensor_py.cc:730] DataPtr] Tensor device address is null
[ERROR] COMMON(964771,ffff884d5020,python):2026-09-14-18:18:42.434.100 [mindspore/ccsrc/pybind_api/ir/tensor_py.cc:730] DataPtr] Tensor device address is null
[ERROR] COMMON(964771,ffff884d5020,python):2026-09-14-18:18:42.436.594 [mindspore/ccsrc/pybind_api/ir/tensor_py.cc:730] DataPtr] Tensor device address is null
[ERROR] COMMON(964771,ffff884d5020,python):2026-09-14-18:18:42.437.312 [mindspore/ccsrc/pybind_api/ir/tensor_py.cc:730] DataPtr] Tensor device address is null
[ERROR] COMMON(964771,ffff884d5020,python):2026-09-14-18:18:42.442.945 [mindspore/ccsrc/pybind_api/ir/tensor_py.cc:730] DataPtr] Tensor device address is null
[ERROR] COMMON(964771,ffff884d5020,python):2026-09-14-18:18:42.443.666 [mindspore/ccsrc/pybind_api/ir/tensor_py.cc:730] DataPtr] Tensor device address is null
[ERROR] COMMON(964771,ffff884d5020,python):2026-09-14-18:18:42.449.739 [mindspore/ccsrc/pybind_api/ir/tensor_py.cc:730] DataPtr] Tensor device address is null
[ERROR] COMMON(964771,ffff884d5020,python):2026-09-14-18:18:42.450.479 [mindspore/ccsrc/pybind_api/ir/tensor_py.cc:730] DataPtr] Tensor device address is null
[ERROR] COMMON(964771,ffff884d5020,python):2026-09-14-18:18:42.451.177 [mindspore/ccsrc/pybind_api/ir/tensor_py.cc:730] DataPtr] Tensor device address is null
[ERROR] COMMON(964771,ffff884d5020,python):2026-09-14-18:18:42.451.865 [mindspore/ccsrc/pybind_api/ir/tensor_py.cc:730] DataPtr] Tensor device address is null
[ERROR] COMMON(964771,ffff884d5020,python):2026-09-14-18:18:42.452.554 [mindspore/ccsrc/pybind_api/ir/tensor_py.cc:730] DataPtr] Tensor device address is null
[ERROR] COMMON(964771,ffff884d5020,python):2026-09-14-18:18:42.453.259 [mindspore/ccsrc/pybind_api/ir/tensor_py.cc:730] DataPtr] Tensor device address is null
[ERROR] COMMON(964771,ffff884d5020,python):2026-09-14-18:18:42.455.780 [mindspore/ccsrc/pybind_api/ir/tensor_py.cc:730] DataPtr] Tensor device address is null
[ERROR] COMMON(964771,ffff884d5020,python):2026-09-14-18:18:42.456.485 [mindspore/ccsrc/pybind_api/ir/tensor_py.cc:730] DataPtr] Tensor device address is null
[ERROR] COMMON(964771,ffff884d5020,python):2026-09-14-18:18:42.459.013 [mindspore/ccsrc/pybind_api/ir/tensor_py.cc:730] DataPtr] Tensor device address is null
[ERROR] COMMON(964771,ffff884d5020,python):2026-09-14-18:18:42.459.714 [mindspore/ccsrc/pybind_api/ir/tensor_py.cc:730] DataPtr] Tensor device address is null
[ERROR] COMMON(964771,ffff884d5020,python):2026-09-14-18:18:42.461.754 [mindspore/ccsrc/pybind_api/ir/tensor_py.cc:730] DataPtr] Tensor device address is null
[ERROR] COMMON(964771,ffff884d5020,python):2026-09-14-18:18:42.462.450 [mindspore/ccsrc/pybind_api/ir/tensor_py.cc:730] DataPtr] Tensor device address is null
[ERROR] COMMON(964771,ffff884d5020,python):2026-09-14-18:18:42.464.921 [mindspore/ccsrc/pybind_api/ir/tensor_py.cc:730] DataPtr] Tensor device address is null
[ERROR] COMMON(964771,ffff884d5020,python):2026-09-14-18:18:42.465.628 [mindspore/ccsrc/pybind_api/ir/tensor_py.cc:730] DataPtr] Tensor device address is null
[ERROR] COMMON(964771,ffff884d5020,python):2026-09-14-18:18:42.471.827 [mindspore/ccsrc/pybind_api/ir/tensor_py.cc:730] DataPtr] Tensor device address is null
[ERROR] COMMON(964771,ffff884d5020,python):2026-09-14-18:18:42.472.571 [mindspore/ccsrc/pybind_api/ir/tensor_py.cc:730] DataPtr] Tensor device address is null
[ERROR] COMMON(964771,ffff884d5020,python):2026-09-14-18:18:42.478.234 [mindspore/ccsrc/pybind_api/ir/tensor_py.cc:730] DataPtr] Tensor device address is null
[ERROR] COMMON(964771,ffff884d5020,python):2026-09-14-18:18:42.478.966 [mindspore/ccsrc/pybind_api/ir/tensor_py.cc:730] DataPtr] Tensor device address is null
[ERROR] COMMON(964771,ffff884d5020,python):2026-09-14-18:18:42.479.656 [mindspore/ccsrc/pybind_api/ir/tensor_py.cc:730] DataPtr] Tensor device address is null
[ERROR] COMMON(964771,ffff884d5020,python):2026-09-14-18:18:42.480.337 [mindspore/ccsrc/pybind_api/ir/tensor_py.cc:730] DataPtr] Tensor device address is null
[ERROR] COMMON(964771,ffff884d5020,python):2026-09-14-18:18:42.481.042 [mindspore/ccsrc/pybind_api/ir/tensor_py.cc:730] DataPtr] Tensor device address is null
[ERROR] COMMON(964771,ffff884d5020,python):2026-09-14-18:18:42.481.741 [mindspore/ccsrc/pybind_api/ir/tensor_py.cc:730] DataPtr] Tensor device address is null
[ERROR] COMMON(964771,ffff884d5020,python):2026-09-14-18:18:42.484.243 [mindspore/ccsrc/pybind_api/ir/tensor_py.cc:730] DataPtr] Tensor device address is null
[ERROR] COMMON(964771,ffff884d5020,python):2026-09-14-18:18:42.484.952 [mindspore/ccsrc/pybind_api/ir/tensor_py.cc:730] DataPtr] Tensor device address is null
[ERROR] COMMON(964771,ffff884d5020,python):2026-09-14-18:18:42.487.405 [mindspore/ccsrc/pybind_api/ir/tensor_py.cc:730] DataPtr] Tensor device address is null
[ERROR] COMMON(964771,ffff884d5020,python):2026-09-14-18:18:42.488.109 [mindspore/ccsrc/pybind_api/ir/tensor_py.cc:730] DataPtr] Tensor device address is null
[ERROR] COMMON(964771,ffff884d5020,python):2026-09-14-18:18:42.490.612 [mindspore/ccsrc/pybind_api/ir/tensor_py.cc:730] DataPtr] Tensor device address is null
[ERROR] COMMON(964771,ffff884d5020,python):2026-09-14-18:18:42.491.321 [mindspore/ccsrc/pybind_api/ir/tensor_py.cc:730] DataPtr] Tensor device address is null
[ERROR] COMMON(964771,ffff884d5020,python):2026-09-14-18:18:42.493.779 [mindspore/ccsrc/pybind_api/ir/tensor_py.cc:730] DataPtr] Tensor device address is null
[ERROR] COMMON(964771,ffff884d5020,python):2026-09-14-18:18:42.494.483 [mindspore/ccsrc/pybind_api/ir/tensor_py.cc:730] DataPtr] Tensor device address is null
[ERROR] COMMON(964771,ffff884d5020,python):2026-09-14-18:18:42.500.212 [mindspore/ccsrc/pybind_api/ir/tensor_py.cc:730] DataPtr] Tensor device address is null
[ERROR] COMMON(964771,ffff884d5020,python):2026-09-14-18:18:42.500.953 [mindspore/ccsrc/pybind_api/ir/tensor_py.cc:730] DataPtr] Tensor device address is null
[ERROR] COMMON(964771,ffff884d5020,python):2026-09-14-18:18:42.506.967 [mindspore/ccsrc/pybind_api/ir/tensor_py.cc:730] DataPtr] Tensor device address is null
[ERROR] COMMON(964771,ffff884d5020,python):2026-09-14-18:18:42.507.703 [mindspore/ccsrc/pybind_api/ir/tensor_py.cc:730] DataPtr] Tensor device address is null
[ERROR] COMMON(964771,ffff884d5020,python):2026-09-14-18:18:42.508.396 [mindspore/ccsrc/pybind_api/ir/tensor_py.cc:730] DataPtr] Tensor device address is null
[ERROR] COMMON(964771,ffff884d5020,python):2026-09-14-18:18:42.509.091 [mindspore/ccsrc/pybind_api/ir/tensor_py.cc:730] DataPtr] Tensor device address is null
[ERROR] COMMON(964771,ffff884d5020,python):2026-09-14-18:18:42.509.766 [mindspore/ccsrc/pybind_api/ir/tensor_py.cc:730] DataPtr] Tensor device address is null
[ERROR] COMMON(964771,ffff884d5020,python):2026-09-14-18:18:42.510.460 [mindspore/ccsrc/pybind_api/ir/tensor_py.cc:730] DataPtr] Tensor device address is null
[ERROR] COMMON(964771,ffff884d5020,python):2026-09-14-18:18:42.512.957 [mindspore/ccsrc/pybind_api/ir/tensor_py.cc:730] DataPtr] Tensor device address is null
[ERROR] COMMON(964771,ffff884d5020,python):2026-09-14-18:18:42.513.668 [mindspore/ccsrc/pybind_api/ir/tensor_py.cc:730] DataPtr] Tensor device address is null
[ERROR] COMMON(964771,ffff884d5020,python):2026-09-14-18:18:42.516.178 [mindspore/ccsrc/pybind_api/ir/tensor_py.cc:730] DataPtr] Tensor device address is null
[ERROR] COMMON(964771,ffff884d5020,python):2026-09-14-18:18:42.516.877 [mindspore/ccsrc/pybind_api/ir/tensor_py.cc:730] DataPtr] Tensor device address is null
[ERROR] COMMON(964771,ffff884d5020,python):2026-09-14-18:18:42.518.904 [mindspore/ccsrc/pybind_api/ir/tensor_py.cc:730] DataPtr] Tensor device address is null
[ERROR] COMMON(964771,ffff884d5020,python):2026-09-14-18:18:42.519.595 [mindspore/ccsrc/pybind_api/ir/tensor_py.cc:730] DataPtr] Tensor device address is null
[ERROR] COMMON(964771,ffff884d5020,python):2026-09-14-18:18:42.522.088 [mindspore/ccsrc/pybind_api/ir/tensor_py.cc:730] DataPtr] Tensor device address is null
[ERROR] COMMON(964771,ffff884d5020,python):2026-09-14-18:18:42.522.808 [mindspore/ccsrc/pybind_api/ir/tensor_py.cc:730] DataPtr] Tensor device address is null
[ERROR] COMMON(964771,ffff884d5020,python):2026-09-14-18:18:42.528.955 [mindspore/ccsrc/pybind_api/ir/tensor_py.cc:730] DataPtr] Tensor device address is null
[ERROR] COMMON(964771,ffff884d5020,python):2026-09-14-18:18:42.529.679 [mindspore/ccsrc/pybind_api/ir/tensor_py.cc:730] DataPtr] Tensor device address is null
[ERROR] COMMON(964771,ffff884d5020,python):2026-09-14-18:18:42.535.154 [mindspore/ccsrc/pybind_api/ir/tensor_py.cc:730] DataPtr] Tensor device address is null
[ERROR] COMMON(964771,ffff884d5020,python):2026-09-14-18:18:42.535.893 [mindspore/ccsrc/pybind_api/ir/tensor_py.cc:730] DataPtr] Tensor device address is null
[ERROR] COMMON(964771,ffff884d5020,python):2026-09-14-18:18:42.536.593 [mindspore/ccsrc/pybind_api/ir/tensor_py.cc:730] DataPtr] Tensor device address is null
[ERROR] COMMON(964771,ffff884d5020,python):2026-09-14-18:18:42.537.293 [mindspore/ccsrc/pybind_api/ir/tensor_py.cc:730] DataPtr] Tensor device address is null
[ERROR] COMMON(964771,ffff884d5020,python):2026-09-14-18:18:42.537.983 [mindspore/ccsrc/pybind_api/ir/tensor_py.cc:730] DataPtr] Tensor device address is null
[ERROR] COMMON(964771,ffff884d5020,python):2026-09-14-18:18:42.538.676 [mindspore/ccsrc/pybind_api/ir/tensor_py.cc:730] DataPtr] Tensor device address is null
[ERROR] COMMON(964771,ffff884d5020,python):2026-09-14-18:18:42.541.166 [mindspore/ccsrc/pybind_api/ir/tensor_py.cc:730] DataPtr] Tensor device address is null
[ERROR] COMMON(964771,ffff884d5020,python):2026-09-14-18:18:42.541.871 [mindspore/ccsrc/pybind_api/ir/tensor_py.cc:730] DataPtr] Tensor device address is null
[ERROR] COMMON(964771,ffff884d5020,python):2026-09-14-18:18:42.544.361 [mindspore/ccsrc/pybind_api/ir/tensor_py.cc:730] DataPtr] Tensor device address is null
[ERROR] COMMON(964771,ffff884d5020,python):2026-09-14-18:18:42.545.096 [mindspore/ccsrc/pybind_api/ir/tensor_py.cc:730] DataPtr] Tensor device address is null
[ERROR] COMMON(964771,ffff884d5020,python):2026-09-14-18:18:42.547.600 [mindspore/ccsrc/pybind_api/ir/tensor_py.cc:730] DataPtr] Tensor device address is null
[ERROR] COMMON(964771,ffff884d5020,python):2026-09-14-18:18:42.548.301 [mindspore/ccsrc/pybind_api/ir/tensor_py.cc:730] DataPtr] Tensor device address is null
[ERROR] COMMON(964771,ffff884d5020,python):2026-09-14-18:18:42.550.772 [mindspore/ccsrc/pybind_api/ir/tensor_py.cc:730] DataPtr] Tensor device address is null
[ERROR] COMMON(964771,ffff884d5020,python):2026-09-14-18:18:42.551.495 [mindspore/ccsrc/pybind_api/ir/tensor_py.cc:730] DataPtr] Tensor device address is null
[ERROR] COMMON(964771,ffff884d5020,python):2026-09-14-18:18:42.557.191 [mindspore/ccsrc/pybind_api/ir/tensor_py.cc:730] DataPtr] Tensor device address is null
[ERROR] COMMON(964771,ffff884d5020,python):2026-09-14-18:18:42.557.921 [mindspore/ccsrc/pybind_api/ir/tensor_py.cc:730] DataPtr] Tensor device address is null
[ERROR] COMMON(964771,ffff884d5020,python):2026-09-14-18:18:42.563.964 [mindspore/ccsrc/pybind_api/ir/tensor_py.cc:730] DataPtr] Tensor device address is null
[ERROR] COMMON(964771,ffff884d5020,python):2026-09-14-18:18:42.564.702 [mindspore/ccsrc/pybind_api/ir/tensor_py.cc:730] DataPtr] Tensor device address is null
[ERROR] COMMON(964771,ffff884d5020,python):2026-09-14-18:18:42.565.408 [mindspore/ccsrc/pybind_api/ir/tensor_py.cc:730] DataPtr] Tensor device address is null
[ERROR] COMMON(964771,ffff884d5020,python):2026-09-14-18:18:42.566.091 [mindspore/ccsrc/pybind_api/ir/tensor_py.cc:730] DataPtr] Tensor device address is null
[ERROR] COMMON(964771,ffff884d5020,python):2026-09-14-18:18:42.566.760 [mindspore/ccsrc/pybind_api/ir/tensor_py.cc:730] DataPtr] Tensor device address is null
[ERROR] COMMON(964771,ffff884d5020,python):2026-09-14-18:18:42.567.443 [mindspore/ccsrc/pybind_api/ir/tensor_py.cc:730] DataPtr] Tensor device address is null
[ERROR] COMMON(964771,ffff884d5020,python):2026-09-14-18:18:42.570.000 [mindspore/ccsrc/pybind_api/ir/tensor_py.cc:730] DataPtr] Tensor device address is null
[ERROR] COMMON(964771,ffff884d5020,python):2026-09-14-18:18:42.570.727 [mindspore/ccsrc/pybind_api/ir/tensor_py.cc:730] DataPtr] Tensor device address is null
[ERROR] COMMON(964771,ffff884d5020,python):2026-09-14-18:18:42.573.266 [mindspore/ccsrc/pybind_api/ir/tensor_py.cc:730] DataPtr] Tensor device address is null
[ERROR] COMMON(964771,ffff884d5020,python):2026-09-14-18:18:42.573.976 [mindspore/ccsrc/pybind_api/ir/tensor_py.cc:730] DataPtr] Tensor device address is null
[ERROR] COMMON(964771,ffff884d5020,python):2026-09-14-18:18:42.575.997 [mindspore/ccsrc/pybind_api/ir/tensor_py.cc:730] DataPtr] Tensor device address is null
[ERROR] COMMON(964771,ffff884d5020,python):2026-09-14-18:18:42.576.709 [mindspore/ccsrc/pybind_api/ir/tensor_py.cc:730] DataPtr] Tensor device address is null
[ERROR] COMMON(964771,ffff884d5020,python):2026-09-14-18:18:42.579.254 [mindspore/ccsrc/pybind_api/ir/tensor_py.cc:730] DataPtr] Tensor device address is null
[ERROR] COMMON(964771,ffff884d5020,python):2026-09-14-18:18:42.579.971 [mindspore/ccsrc/pybind_api/ir/tensor_py.cc:730] DataPtr] Tensor device address is null
[ERROR] COMMON(964771,ffff884d5020,python):2026-09-14-18:18:42.586.032 [mindspore/ccsrc/pybind_api/ir/tensor_py.cc:730] DataPtr] Tensor device address is null
[ERROR] COMMON(964771,ffff884d5020,python):2026-09-14-18:18:42.586.767 [mindspore/ccsrc/pybind_api/ir/tensor_py.cc:730] DataPtr] Tensor device address is null
[ERROR] COMMON(964771,ffff884d5020,python):2026-09-14-18:18:42.592.245 [mindspore/ccsrc/pybind_api/ir/tensor_py.cc:730] DataPtr] Tensor device address is null
[ERROR] COMMON(964771,ffff884d5020,python):2026-09-14-18:18:42.593.019 [mindspore/ccsrc/pybind_api/ir/tensor_py.cc:730] DataPtr] Tensor device address is null
[ERROR] COMMON(964771,ffff884d5020,python):2026-09-14-18:18:42.599.950 [mindspore/ccsrc/pybind_api/ir/tensor_py.cc:730] DataPtr] Tensor device address is null
[ERROR] COMMON(964771,ffff884d5020,python):2026-09-14-18:18:42.606.312 [mindspore/ccsrc/pybind_api/ir/tensor_py.cc:730] DataPtr] Tensor device address is null
[ERROR] COMMON(964771,ffff884d5020,python):2026-09-14-18:18:42.679.090 [mindspore/ccsrc/pybind_api/ir/tensor_py.cc:730] DataPtr] Tensor device address is null
[ERROR] COMMON(964771,ffff884d5020,python):2026-09-14-18:18:42.680.439 [mindspore/ccsrc/pybind_api/ir/tensor_py.cc:730] DataPtr] Tensor device address is null
[ERROR] COMMON(964771,ffff884d5020,python):2026-09-14-18:18:42.681.161 [mindspore/ccsrc/pybind_api/ir/tensor_py.cc:730] DataPtr] Tensor device address is null
[ERROR] COMMON(964771,ffff884d5020,python):2026-09-14-18:18:42.681.842 [mindspore/ccsrc/pybind_api/ir/tensor_py.cc:730] DataPtr] Tensor device address is null
[ERROR] COMMON(964771,ffff884d5020,python):2026-09-14-18:18:42.682.514 [mindspore/ccsrc/pybind_api/ir/tensor_py.cc:730] DataPtr] Tensor device address is null
[ERROR] COMMON(964771,ffff884d5020,python):2026-09-14-18:18:42.683.180 [mindspore/ccsrc/pybind_api/ir/tensor_py.cc:730] DataPtr] Tensor device address is null
[ERROR] COMMON(964771,ffff884d5020,python):2026-09-14-18:18:42.683.848 [mindspore/ccsrc/pybind_api/ir/tensor_py.cc:730] DataPtr] Tensor device address is null
[ERROR] COMMON(964771,ffff884d5020,python):2026-09-14-18:18:42.684.513 [mindspore/ccsrc/pybind_api/ir/tensor_py.cc:730] DataPtr] Tensor device address is null
[ERROR] COMMON(964771,ffff884d5020,python):2026-09-14-18:18:42.687.169 [mindspore/ccsrc/pybind_api/ir/tensor_py.cc:730] DataPtr] Tensor device address is null
[ERROR] COMMON(964771,ffff884d5020,python):2026-09-14-18:18:42.687.861 [mindspore/ccsrc/pybind_api/ir/tensor_py.cc:730] DataPtr] Tensor device address is null
[ERROR] COMMON(964771,ffff884d5020,python):2026-09-14-18:18:42.690.373 [mindspore/ccsrc/pybind_api/ir/tensor_py.cc:730] DataPtr] Tensor device address is null
[ERROR] COMMON(964771,ffff884d5020,python):2026-09-14-18:18:42.691.072 [mindspore/ccsrc/pybind_api/ir/tensor_py.cc:730] DataPtr] Tensor device address is null
[ERROR] COMMON(964771,ffff884d5020,python):2026-09-14-18:18:42.693.620 [mindspore/ccsrc/pybind_api/ir/tensor_py.cc:730] DataPtr] Tensor device address is null
[ERROR] COMMON(964771,ffff884d5020,python):2026-09-14-18:18:42.694.335 [mindspore/ccsrc/pybind_api/ir/tensor_py.cc:730] DataPtr] Tensor device address is null
[ERROR] COMMON(964771,ffff884d5020,python):2026-09-14-18:18:42.696.794 [mindspore/ccsrc/pybind_api/ir/tensor_py.cc:730] DataPtr] Tensor device address is null
[ERROR] COMMON(964771,ffff884d5020,python):2026-09-14-18:18:42.697.495 [mindspore/ccsrc/pybind_api/ir/tensor_py.cc:730] DataPtr] Tensor device address is null
[ERROR] COMMON(964771,ffff884d5020,python):2026-09-14-18:18:42.703.298 [mindspore/ccsrc/pybind_api/ir/tensor_py.cc:730] DataPtr] Tensor device address is null
[ERROR] COMMON(964771,ffff884d5020,python):2026-09-14-18:18:42.704.035 [mindspore/ccsrc/pybind_api/ir/tensor_py.cc:730] DataPtr] Tensor device address is null
[ERROR] COMMON(964771,ffff884d5020,python):2026-09-14-18:18:42.710.095 [mindspore/ccsrc/pybind_api/ir/tensor_py.cc:730] DataPtr] Tensor device address is null
[ERROR] COMMON(964771,ffff884d5020,python):2026-09-14-18:18:42.710.814 [mindspore/ccsrc/pybind_api/ir/tensor_py.cc:730] DataPtr] Tensor device address is null
[ERROR] COMMON(964771,ffff884d5020,python):2026-09-14-18:18:42.711.502 [mindspore/ccsrc/pybind_api/ir/tensor_py.cc:730] DataPtr] Tensor device address is null
[ERROR] COMMON(964771,ffff884d5020,python):2026-09-14-18:18:42.712.179 [mindspore/ccsrc/pybind_api/ir/tensor_py.cc:730] DataPtr] Tensor device address is null
[ERROR] COMMON(964771,ffff884d5020,python):2026-09-14-18:18:42.712.873 [mindspore/ccsrc/pybind_api/ir/tensor_py.cc:730] DataPtr] Tensor device address is null
[ERROR] COMMON(964771,ffff884d5020,python):2026-09-14-18:18:42.713.562 [mindspore/ccsrc/pybind_api/ir/tensor_py.cc:730] DataPtr] Tensor device address is null
[ERROR] COMMON(964771,ffff884d5020,python):2026-09-14-18:18:42.716.055 [mindspore/ccsrc/pybind_api/ir/tensor_py.cc:730] DataPtr] Tensor device address is null
[ERROR] COMMON(964771,ffff884d5020,python):2026-09-14-18:18:42.716.754 [mindspore/ccsrc/pybind_api/ir/tensor_py.cc:730] DataPtr] Tensor device address is null
[ERROR] COMMON(964771,ffff884d5020,python):2026-09-14-18:18:42.719.332 [mindspore/ccsrc/pybind_api/ir/tensor_py.cc:730] DataPtr] Tensor device address is null
[ERROR] COMMON(964771,ffff884d5020,python):2026-09-14-18:18:42.720.038 [mindspore/ccsrc/pybind_api/ir/tensor_py.cc:730] DataPtr] Tensor device address is null
[ERROR] COMMON(964771,ffff884d5020,python):2026-09-14-18:18:42.722.060 [mindspore/ccsrc/pybind_api/ir/tensor_py.cc:730] DataPtr] Tensor device address is null
[ERROR] COMMON(964771,ffff884d5020,python):2026-09-14-18:18:42.722.760 [mindspore/ccsrc/pybind_api/ir/tensor_py.cc:730] DataPtr] Tensor device address is null
[ERROR] COMMON(964771,ffff884d5020,python):2026-09-14-18:18:42.725.286 [mindspore/ccsrc/pybind_api/ir/tensor_py.cc:730] DataPtr] Tensor device address is null
[ERROR] COMMON(964771,ffff884d5020,python):2026-09-14-18:18:42.725.977 [mindspore/ccsrc/pybind_api/ir/tensor_py.cc:730] DataPtr] Tensor device address is null
[ERROR] COMMON(964771,ffff884d5020,python):2026-09-14-18:18:42.731.990 [mindspore/ccsrc/pybind_api/ir/tensor_py.cc:730] DataPtr] Tensor device address is null
[ERROR] COMMON(964771,ffff884d5020,python):2026-09-14-18:18:42.732.749 [mindspore/ccsrc/pybind_api/ir/tensor_py.cc:730] DataPtr] Tensor device address is null
[ERROR] COMMON(964771,ffff884d5020,python):2026-09-14-18:18:42.738.657 [mindspore/ccsrc/pybind_api/ir/tensor_py.cc:730] DataPtr] Tensor device address is null
[ERROR] COMMON(964771,ffff884d5020,python):2026-09-14-18:18:42.739.374 [mindspore/ccsrc/pybind_api/ir/tensor_py.cc:730] DataPtr] Tensor device address is null
[ERROR] COMMON(964771,ffff884d5020,python):2026-09-14-18:18:42.740.063 [mindspore/ccsrc/pybind_api/ir/tensor_py.cc:730] DataPtr] Tensor device address is null
[ERROR] COMMON(964771,ffff884d5020,python):2026-09-14-18:18:42.740.759 [mindspore/ccsrc/pybind_api/ir/tensor_py.cc:730] DataPtr] Tensor device address is null
[ERROR] COMMON(964771,ffff884d5020,python):2026-09-14-18:18:42.741.448 [mindspore/ccsrc/pybind_api/ir/tensor_py.cc:730] DataPtr] Tensor device address is null
[ERROR] COMMON(964771,ffff884d5020,python):2026-09-14-18:18:42.742.142 [mindspore/ccsrc/pybind_api/ir/tensor_py.cc:730] DataPtr] Tensor device address is null
[ERROR] COMMON(964771,ffff884d5020,python):2026-09-14-18:18:42.744.652 [mindspore/ccsrc/pybind_api/ir/tensor_py.cc:730] DataPtr] Tensor device address is null
[ERROR] COMMON(964771,ffff884d5020,python):2026-09-14-18:18:42.745.346 [mindspore/ccsrc/pybind_api/ir/tensor_py.cc:730] DataPtr] Tensor device address is null
[ERROR] COMMON(964771,ffff884d5020,python):2026-09-14-18:18:42.747.851 [mindspore/ccsrc/pybind_api/ir/tensor_py.cc:730] DataPtr] Tensor device address is null
[ERROR] COMMON(964771,ffff884d5020,python):2026-09-14-18:18:42.748.558 [mindspore/ccsrc/pybind_api/ir/tensor_py.cc:730] DataPtr] Tensor device address is null
[ERROR] COMMON(964771,ffff884d5020,python):2026-09-14-18:18:42.751.103 [mindspore/ccsrc/pybind_api/ir/tensor_py.cc:730] DataPtr] Tensor device address is null
[ERROR] COMMON(964771,ffff884d5020,python):2026-09-14-18:18:42.751.802 [mindspore/ccsrc/pybind_api/ir/tensor_py.cc:730] DataPtr] Tensor device address is null
[ERROR] COMMON(964771,ffff884d5020,python):2026-09-14-18:18:42.754.261 [mindspore/ccsrc/pybind_api/ir/tensor_py.cc:730] DataPtr] Tensor device address is null
[ERROR] COMMON(964771,ffff884d5020,python):2026-09-14-18:18:42.754.969 [mindspore/ccsrc/pybind_api/ir/tensor_py.cc:730] DataPtr] Tensor device address is null
[ERROR] COMMON(964771,ffff884d5020,python):2026-09-14-18:18:42.761.255 [mindspore/ccsrc/pybind_api/ir/tensor_py.cc:730] DataPtr] Tensor device address is null
[ERROR] COMMON(964771,ffff884d5020,python):2026-09-14-18:18:42.761.983 [mindspore/ccsrc/pybind_api/ir/tensor_py.cc:730] DataPtr] Tensor device address is null
[ERROR] COMMON(964771,ffff884d5020,python):2026-09-14-18:18:42.768.664 [mindspore/ccsrc/pybind_api/ir/tensor_py.cc:730] DataPtr] Tensor device address is null
[ERROR] COMMON(964771,ffff884d5020,python):2026-09-14-18:18:42.769.386 [mindspore/ccsrc/pybind_api/ir/tensor_py.cc:730] DataPtr] Tensor device address is null
[ERROR] COMMON(964771,ffff884d5020,python):2026-09-14-18:18:42.770.067 [mindspore/ccsrc/pybind_api/ir/tensor_py.cc:730] DataPtr] Tensor device address is null
[ERROR] COMMON(964771,ffff884d5020,python):2026-09-14-18:18:42.770.747 [mindspore/ccsrc/pybind_api/ir/tensor_py.cc:730] DataPtr] Tensor device address is null
[ERROR] COMMON(964771,ffff884d5020,python):2026-09-14-18:18:42.771.438 [mindspore/ccsrc/pybind_api/ir/tensor_py.cc:730] DataPtr] Tensor device address is null
[ERROR] COMMON(964771,ffff884d5020,python):2026-09-14-18:18:42.772.112 [mindspore/ccsrc/pybind_api/ir/tensor_py.cc:730] DataPtr] Tensor device address is null
[ERROR] COMMON(964771,ffff884d5020,python):2026-09-14-18:18:42.774.607 [mindspore/ccsrc/pybind_api/ir/tensor_py.cc:730] DataPtr] Tensor device address is null
[ERROR] COMMON(964771,ffff884d5020,python):2026-09-14-18:18:42.775.303 [mindspore/ccsrc/pybind_api/ir/tensor_py.cc:730] DataPtr] Tensor device address is null
[ERROR] COMMON(964771,ffff884d5020,python):2026-09-14-18:18:42.778.167 [mindspore/ccsrc/pybind_api/ir/tensor_py.cc:730] DataPtr] Tensor device address is null
[ERROR] COMMON(964771,ffff884d5020,python):2026-09-14-18:18:42.778.863 [mindspore/ccsrc/pybind_api/ir/tensor_py.cc:730] DataPtr] Tensor device address is null
[ERROR] COMMON(964771,ffff884d5020,python):2026-09-14-18:18:42.781.266 [mindspore/ccsrc/pybind_api/ir/tensor_py.cc:730] DataPtr] Tensor device address is null
[ERROR] COMMON(964771,ffff884d5020,python):2026-09-14-18:18:42.781.957 [mindspore/ccsrc/pybind_api/ir/tensor_py.cc:730] DataPtr] Tensor device address is null
[ERROR] COMMON(964771,ffff884d5020,python):2026-09-14-18:18:42.784.412 [mindspore/ccsrc/pybind_api/ir/tensor_py.cc:730] DataPtr] Tensor device address is null
[ERROR] COMMON(964771,ffff884d5020,python):2026-09-14-18:18:42.785.103 [mindspore/ccsrc/pybind_api/ir/tensor_py.cc:730] DataPtr] Tensor device address is null
[ERROR] COMMON(964771,ffff884d5020,python):2026-09-14-18:18:42.791.898 [mindspore/ccsrc/pybind_api/ir/tensor_py.cc:730] DataPtr] Tensor device address is null
[ERROR] COMMON(964771,ffff884d5020,python):2026-09-14-18:18:42.792.647 [mindspore/ccsrc/pybind_api/ir/tensor_py.cc:730] DataPtr] Tensor device address is null
[ERROR] COMMON(964771,ffff884d5020,python):2026-09-14-18:18:42.798.898 [mindspore/ccsrc/pybind_api/ir/tensor_py.cc:730] DataPtr] Tensor device address is null
[ERROR] COMMON(964771,ffff884d5020,python):2026-09-14-18:18:42.799.612 [mindspore/ccsrc/pybind_api/ir/tensor_py.cc:730] DataPtr] Tensor device address is null
[ERROR] COMMON(964771,ffff884d5020,python):2026-09-14-18:18:42.800.303 [mindspore/ccsrc/pybind_api/ir/tensor_py.cc:730] DataPtr] Tensor device address is null
[ERROR] COMMON(964771,ffff884d5020,python):2026-09-14-18:18:42.801.021 [mindspore/ccsrc/pybind_api/ir/tensor_py.cc:730] DataPtr] Tensor device address is null
[ERROR] COMMON(964771,ffff884d5020,python):2026-09-14-18:18:42.801.716 [mindspore/ccsrc/pybind_api/ir/tensor_py.cc:730] DataPtr] Tensor device address is null
[ERROR] COMMON(964771,ffff884d5020,python):2026-09-14-18:18:42.802.400 [mindspore/ccsrc/pybind_api/ir/tensor_py.cc:730] DataPtr] Tensor device address is null
[ERROR] COMMON(964771,ffff884d5020,python):2026-09-14-18:18:42.804.953 [mindspore/ccsrc/pybind_api/ir/tensor_py.cc:730] DataPtr] Tensor device address is null
[ERROR] COMMON(964771,ffff884d5020,python):2026-09-14-18:18:42.805.658 [mindspore/ccsrc/pybind_api/ir/tensor_py.cc:730] DataPtr] Tensor device address is null
[ERROR] COMMON(964771,ffff884d5020,python):2026-09-14-18:18:42.808.508 [mindspore/ccsrc/pybind_api/ir/tensor_py.cc:730] DataPtr] Tensor device address is null
[ERROR] COMMON(964771,ffff884d5020,python):2026-09-14-18:18:42.809.228 [mindspore/ccsrc/pybind_api/ir/tensor_py.cc:730] DataPtr] Tensor device address is null
[ERROR] COMMON(964771,ffff884d5020,python):2026-09-14-18:18:42.811.867 [mindspore/ccsrc/pybind_api/ir/tensor_py.cc:730] DataPtr] Tensor device address is null
[ERROR] COMMON(964771,ffff884d5020,python):2026-09-14-18:18:42.812.572 [mindspore/ccsrc/pybind_api/ir/tensor_py.cc:730] DataPtr] Tensor device address is null
[ERROR] COMMON(964771,ffff884d5020,python):2026-09-14-18:18:42.815.048 [mindspore/ccsrc/pybind_api/ir/tensor_py.cc:730] DataPtr] Tensor device address is null
[ERROR] COMMON(964771,ffff884d5020,python):2026-09-14-18:18:42.815.741 [mindspore/ccsrc/pybind_api/ir/tensor_py.cc:730] DataPtr] Tensor device address is null
[ERROR] COMMON(964771,ffff884d5020,python):2026-09-14-18:18:42.822.029 [mindspore/ccsrc/pybind_api/ir/tensor_py.cc:730] DataPtr] Tensor device address is null
[ERROR] COMMON(964771,ffff884d5020,python):2026-09-14-18:18:42.822.773 [mindspore/ccsrc/pybind_api/ir/tensor_py.cc:730] DataPtr] Tensor device address is null
[ERROR] COMMON(964771,ffff884d5020,python):2026-09-14-18:18:42.829.402 [mindspore/ccsrc/pybind_api/ir/tensor_py.cc:730] DataPtr] Tensor device address is null
[ERROR] COMMON(964771,ffff884d5020,python):2026-09-14-18:18:42.830.124 [mindspore/ccsrc/pybind_api/ir/tensor_py.cc:730] DataPtr] Tensor device address is null
[ERROR] COMMON(964771,ffff884d5020,python):2026-09-14-18:18:42.830.816 [mindspore/ccsrc/pybind_api/ir/tensor_py.cc:730] DataPtr] Tensor device address is null
[ERROR] COMMON(964771,ffff884d5020,python):2026-09-14-18:18:42.831.511 [mindspore/ccsrc/pybind_api/ir/tensor_py.cc:730] DataPtr] Tensor device address is null
[ERROR] COMMON(964771,ffff884d5020,python):2026-09-14-18:18:42.832.183 [mindspore/ccsrc/pybind_api/ir/tensor_py.cc:730] DataPtr] Tensor device address is null
[ERROR] COMMON(964771,ffff884d5020,python):2026-09-14-18:18:42.832.875 [mindspore/ccsrc/pybind_api/ir/tensor_py.cc:730] DataPtr] Tensor device address is null
[ERROR] COMMON(964771,ffff884d5020,python):2026-09-14-18:18:42.835.374 [mindspore/ccsrc/pybind_api/ir/tensor_py.cc:730] DataPtr] Tensor device address is null
[ERROR] COMMON(964771,ffff884d5020,python):2026-09-14-18:18:42.836.064 [mindspore/ccsrc/pybind_api/ir/tensor_py.cc:730] DataPtr] Tensor device address is null
[ERROR] COMMON(964771,ffff884d5020,python):2026-09-14-18:18:42.838.922 [mindspore/ccsrc/pybind_api/ir/tensor_py.cc:730] DataPtr] Tensor device address is null
[ERROR] COMMON(964771,ffff884d5020,python):2026-09-14-18:18:42.839.628 [mindspore/ccsrc/pybind_api/ir/tensor_py.cc:730] DataPtr] Tensor device address is null
[ERROR] COMMON(964771,ffff884d5020,python):2026-09-14-18:18:42.841.917 [mindspore/ccsrc/pybind_api/ir/tensor_py.cc:730] DataPtr] Tensor device address is null
[ERROR] COMMON(964771,ffff884d5020,python):2026-09-14-18:18:42.842.605 [mindspore/ccsrc/pybind_api/ir/tensor_py.cc:730] DataPtr] Tensor device address is null
[ERROR] COMMON(964771,ffff884d5020,python):2026-09-14-18:18:42.845.068 [mindspore/ccsrc/pybind_api/ir/tensor_py.cc:730] DataPtr] Tensor device address is null
[ERROR] COMMON(964771,ffff884d5020,python):2026-09-14-18:18:42.845.766 [mindspore/ccsrc/pybind_api/ir/tensor_py.cc:730] DataPtr] Tensor device address is null
[ERROR] COMMON(964771,ffff884d5020,python):2026-09-14-18:18:42.852.519 [mindspore/ccsrc/pybind_api/ir/tensor_py.cc:730] DataPtr] Tensor device address is null
[ERROR] COMMON(964771,ffff884d5020,python):2026-09-14-18:18:42.853.272 [mindspore/ccsrc/pybind_api/ir/tensor_py.cc:730] DataPtr] Tensor device address is null
[ERROR] COMMON(964771,ffff884d5020,python):2026-09-14-18:18:42.859.471 [mindspore/ccsrc/pybind_api/ir/tensor_py.cc:730] DataPtr] Tensor device address is null
[ERROR] COMMON(964771,ffff884d5020,python):2026-09-14-18:18:42.860.191 [mindspore/ccsrc/pybind_api/ir/tensor_py.cc:730] DataPtr] Tensor device address is null
[ERROR] COMMON(964771,ffff884d5020,python):2026-09-14-18:18:42.860.881 [mindspore/ccsrc/pybind_api/ir/tensor_py.cc:730] DataPtr] Tensor device address is null
[ERROR] COMMON(964771,ffff884d5020,python):2026-09-14-18:18:42.861.570 [mindspore/ccsrc/pybind_api/ir/tensor_py.cc:730] DataPtr] Tensor device address is null
[ERROR] COMMON(964771,ffff884d5020,python):2026-09-14-18:18:42.862.251 [mindspore/ccsrc/pybind_api/ir/tensor_py.cc:730] DataPtr] Tensor device address is null
[ERROR] COMMON(964771,ffff884d5020,python):2026-09-14-18:18:42.862.933 [mindspore/ccsrc/pybind_api/ir/tensor_py.cc:730] DataPtr] Tensor device address is null
[ERROR] COMMON(964771,ffff884d5020,python):2026-09-14-18:18:42.865.415 [mindspore/ccsrc/pybind_api/ir/tensor_py.cc:730] DataPtr] Tensor device address is null
[ERROR] COMMON(964771,ffff884d5020,python):2026-09-14-18:18:42.866.110 [mindspore/ccsrc/pybind_api/ir/tensor_py.cc:730] DataPtr] Tensor device address is null
[ERROR] COMMON(964771,ffff884d5020,python):2026-09-14-18:18:42.868.950 [mindspore/ccsrc/pybind_api/ir/tensor_py.cc:730] DataPtr] Tensor device address is null
[ERROR] COMMON(964771,ffff884d5020,python):2026-09-14-18:18:42.869.676 [mindspore/ccsrc/pybind_api/ir/tensor_py.cc:730] DataPtr] Tensor device address is null
[ERROR] COMMON(964771,ffff884d5020,python):2026-09-14-18:18:42.872.224 [mindspore/ccsrc/pybind_api/ir/tensor_py.cc:730] DataPtr] Tensor device address is null
[ERROR] COMMON(964771,ffff884d5020,python):2026-09-14-18:18:42.872.929 [mindspore/ccsrc/pybind_api/ir/tensor_py.cc:730] DataPtr] Tensor device address is null
[ERROR] COMMON(964771,ffff884d5020,python):2026-09-14-18:18:42.875.358 [mindspore/ccsrc/pybind_api/ir/tensor_py.cc:730] DataPtr] Tensor device address is null
[ERROR] COMMON(964771,ffff884d5020,python):2026-09-14-18:18:42.876.052 [mindspore/ccsrc/pybind_api/ir/tensor_py.cc:730] DataPtr] Tensor device address is null
[ERROR] COMMON(964771,ffff884d5020,python):2026-09-14-18:18:42.882.372 [mindspore/ccsrc/pybind_api/ir/tensor_py.cc:730] DataPtr] Tensor device address is null
[ERROR] COMMON(964771,ffff884d5020,python):2026-09-14-18:18:42.883.109 [mindspore/ccsrc/pybind_api/ir/tensor_py.cc:730] DataPtr] Tensor device address is null
[ERROR] COMMON(964771,ffff884d5020,python):2026-09-14-18:18:42.889.789 [mindspore/ccsrc/pybind_api/ir/tensor_py.cc:730] DataPtr] Tensor device address is null
[ERROR] COMMON(964771,ffff884d5020,python):2026-09-14-18:18:42.890.510 [mindspore/ccsrc/pybind_api/ir/tensor_py.cc:730] DataPtr] Tensor device address is null
[ERROR] COMMON(964771,ffff884d5020,python):2026-09-14-18:18:42.891.213 [mindspore/ccsrc/pybind_api/ir/tensor_py.cc:730] DataPtr] Tensor device address is null
[ERROR] COMMON(964771,ffff884d5020,python):2026-09-14-18:18:42.891.892 [mindspore/ccsrc/pybind_api/ir/tensor_py.cc:730] DataPtr] Tensor device address is null
[ERROR] COMMON(964771,ffff884d5020,python):2026-09-14-18:18:42.892.577 [mindspore/ccsrc/pybind_api/ir/tensor_py.cc:730] DataPtr] Tensor device address is null
[ERROR] COMMON(964771,ffff884d5020,python):2026-09-14-18:18:42.893.258 [mindspore/ccsrc/pybind_api/ir/tensor_py.cc:730] DataPtr] Tensor device address is null
[ERROR] COMMON(964771,ffff884d5020,python):2026-09-14-18:18:42.895.768 [mindspore/ccsrc/pybind_api/ir/tensor_py.cc:730] DataPtr] Tensor device address is null
[ERROR] COMMON(964771,ffff884d5020,python):2026-09-14-18:18:42.896.450 [mindspore/ccsrc/pybind_api/ir/tensor_py.cc:730] DataPtr] Tensor device address is null
[ERROR] COMMON(964771,ffff884d5020,python):2026-09-14-18:18:42.899.287 [mindspore/ccsrc/pybind_api/ir/tensor_py.cc:730] DataPtr] Tensor device address is null
[ERROR] COMMON(964771,ffff884d5020,python):2026-09-14-18:18:42.899.991 [mindspore/ccsrc/pybind_api/ir/tensor_py.cc:730] DataPtr] Tensor device address is null
[ERROR] COMMON(964771,ffff884d5020,python):2026-09-14-18:18:42.902.199 [mindspore/ccsrc/pybind_api/ir/tensor_py.cc:730] DataPtr] Tensor device address is null
[ERROR] COMMON(964771,ffff884d5020,python):2026-09-14-18:18:42.902.894 [mindspore/ccsrc/pybind_api/ir/tensor_py.cc:730] DataPtr] Tensor device address is null
[ERROR] COMMON(964771,ffff884d5020,python):2026-09-14-18:18:42.905.417 [mindspore/ccsrc/pybind_api/ir/tensor_py.cc:730] DataPtr] Tensor device address is null
[ERROR] COMMON(964771,ffff884d5020,python):2026-09-14-18:18:42.906.110 [mindspore/ccsrc/pybind_api/ir/tensor_py.cc:730] DataPtr] Tensor device address is null
[ERROR] COMMON(964771,ffff884d5020,python):2026-09-14-18:18:42.912.875 [mindspore/ccsrc/pybind_api/ir/tensor_py.cc:730] DataPtr] Tensor device address is null
[ERROR] COMMON(964771,ffff884d5020,python):2026-09-14-18:18:42.913.598 [mindspore/ccsrc/pybind_api/ir/tensor_py.cc:730] DataPtr] Tensor device address is null
[ERROR] COMMON(964771,ffff884d5020,python):2026-09-14-18:18:42.919.832 [mindspore/ccsrc/pybind_api/ir/tensor_py.cc:730] DataPtr] Tensor device address is null
[ERROR] COMMON(964771,ffff884d5020,python):2026-09-14-18:18:42.920.561 [mindspore/ccsrc/pybind_api/ir/tensor_py.cc:730] DataPtr] Tensor device address is null
[ERROR] COMMON(964771,ffff884d5020,python):2026-09-14-18:18:42.921.250 [mindspore/ccsrc/pybind_api/ir/tensor_py.cc:730] DataPtr] Tensor device address is null
[ERROR] COMMON(964771,ffff884d5020,python):2026-09-14-18:18:42.921.925 [mindspore/ccsrc/pybind_api/ir/tensor_py.cc:730] DataPtr] Tensor device address is null
[ERROR] COMMON(964771,ffff884d5020,python):2026-09-14-18:18:42.922.605 [mindspore/ccsrc/pybind_api/ir/tensor_py.cc:730] DataPtr] Tensor device address is null
[ERROR] COMMON(964771,ffff884d5020,python):2026-09-14-18:18:42.923.286 [mindspore/ccsrc/pybind_api/ir/tensor_py.cc:730] DataPtr] Tensor device address is null
[ERROR] COMMON(964771,ffff884d5020,python):2026-09-14-18:18:42.925.808 [mindspore/ccsrc/pybind_api/ir/tensor_py.cc:730] DataPtr] Tensor device address is null
[ERROR] COMMON(964771,ffff884d5020,python):2026-09-14-18:18:42.926.495 [mindspore/ccsrc/pybind_api/ir/tensor_py.cc:730] DataPtr] Tensor device address is null
[ERROR] COMMON(964771,ffff884d5020,python):2026-09-14-18:18:42.929.323 [mindspore/ccsrc/pybind_api/ir/tensor_py.cc:730] DataPtr] Tensor device address is null
[ERROR] COMMON(964771,ffff884d5020,python):2026-09-14-18:18:42.930.023 [mindspore/ccsrc/pybind_api/ir/tensor_py.cc:730] DataPtr] Tensor device address is null
[ERROR] COMMON(964771,ffff884d5020,python):2026-09-14-18:18:42.932.820 [mindspore/ccsrc/pybind_api/ir/tensor_py.cc:730] DataPtr] Tensor device address is null
[ERROR] COMMON(964771,ffff884d5020,python):2026-09-14-18:18:42.933.519 [mindspore/ccsrc/pybind_api/ir/tensor_py.cc:730] DataPtr] Tensor device address is null
[ERROR] COMMON(964771,ffff884d5020,python):2026-09-14-18:18:42.936.039 [mindspore/ccsrc/pybind_api/ir/tensor_py.cc:730] DataPtr] Tensor device address is null
[ERROR] COMMON(964771,ffff884d5020,python):2026-09-14-18:18:42.936.770 [mindspore/ccsrc/pybind_api/ir/tensor_py.cc:730] DataPtr] Tensor device address is null
[ERROR] COMMON(964771,ffff884d5020,python):2026-09-14-18:18:42.942.440 [mindspore/ccsrc/pybind_api/ir/tensor_py.cc:730] DataPtr] Tensor device address is null
[ERROR] COMMON(964771,ffff884d5020,python):2026-09-14-18:18:42.943.163 [mindspore/ccsrc/pybind_api/ir/tensor_py.cc:730] DataPtr] Tensor device address is null
[ERROR] COMMON(964771,ffff884d5020,python):2026-09-14-18:18:42.949.288 [mindspore/ccsrc/pybind_api/ir/tensor_py.cc:730] DataPtr] Tensor device address is null
[ERROR] COMMON(964771,ffff884d5020,python):2026-09-14-18:18:42.950.017 [mindspore/ccsrc/pybind_api/ir/tensor_py.cc:730] DataPtr] Tensor device address is null
[ERROR] COMMON(964771,ffff884d5020,python):2026-09-14-18:18:42.950.696 [mindspore/ccsrc/pybind_api/ir/tensor_py.cc:730] DataPtr] Tensor device address is null
[ERROR] COMMON(964771,ffff884d5020,python):2026-09-14-18:18:42.951.371 [mindspore/ccsrc/pybind_api/ir/tensor_py.cc:730] DataPtr] Tensor device address is null
[ERROR] COMMON(964771,ffff884d5020,python):2026-09-14-18:18:42.952.050 [mindspore/ccsrc/pybind_api/ir/tensor_py.cc:730] DataPtr] Tensor device address is null
[ERROR] COMMON(964771,ffff884d5020,python):2026-09-14-18:18:42.952.744 [mindspore/ccsrc/pybind_api/ir/tensor_py.cc:730] DataPtr] Tensor device address is null
[ERROR] COMMON(964771,ffff884d5020,python):2026-09-14-18:18:42.955.348 [mindspore/ccsrc/pybind_api/ir/tensor_py.cc:730] DataPtr] Tensor device address is null
[ERROR] COMMON(964771,ffff884d5020,python):2026-09-14-18:18:42.956.040 [mindspore/ccsrc/pybind_api/ir/tensor_py.cc:730] DataPtr] Tensor device address is null
[ERROR] COMMON(964771,ffff884d5020,python):2026-09-14-18:18:42.958.595 [mindspore/ccsrc/pybind_api/ir/tensor_py.cc:730] DataPtr] Tensor device address is null
[ERROR] COMMON(964771,ffff884d5020,python):2026-09-14-18:18:42.959.300 [mindspore/ccsrc/pybind_api/ir/tensor_py.cc:730] DataPtr] Tensor device address is null
[ERROR] COMMON(964771,ffff884d5020,python):2026-09-14-18:18:42.961.354 [mindspore/ccsrc/pybind_api/ir/tensor_py.cc:730] DataPtr] Tensor device address is null
[ERROR] COMMON(964771,ffff884d5020,python):2026-09-14-18:18:42.962.050 [mindspore/ccsrc/pybind_api/ir/tensor_py.cc:730] DataPtr] Tensor device address is null
[ERROR] COMMON(964771,ffff884d5020,python):2026-09-14-18:18:42.964.565 [mindspore/ccsrc/pybind_api/ir/tensor_py.cc:730] DataPtr] Tensor device address is null
[ERROR] COMMON(964771,ffff884d5020,python):2026-09-14-18:18:42.965.268 [mindspore/ccsrc/pybind_api/ir/tensor_py.cc:730] DataPtr] Tensor device address is null
[ERROR] COMMON(964771,ffff884d5020,python):2026-09-14-18:18:42.971.407 [mindspore/ccsrc/pybind_api/ir/tensor_py.cc:730] DataPtr] Tensor device address is null
[ERROR] COMMON(964771,ffff884d5020,python):2026-09-14-18:18:42.972.140 [mindspore/ccsrc/pybind_api/ir/tensor_py.cc:730] DataPtr] Tensor device address is null
[ERROR] COMMON(964771,ffff884d5020,python):2026-09-14-18:18:42.977.701 [mindspore/ccsrc/pybind_api/ir/tensor_py.cc:730] DataPtr] Tensor device address is null
[ERROR] COMMON(964771,ffff884d5020,python):2026-09-14-18:18:42.978.423 [mindspore/ccsrc/pybind_api/ir/tensor_py.cc:730] DataPtr] Tensor device address is null
[ERROR] COMMON(964771,ffff884d5020,python):2026-09-14-18:18:42.979.102 [mindspore/ccsrc/pybind_api/ir/tensor_py.cc:730] DataPtr] Tensor device address is null
[ERROR] COMMON(964771,ffff884d5020,python):2026-09-14-18:18:42.979.782 [mindspore/ccsrc/pybind_api/ir/tensor_py.cc:730] DataPtr] Tensor device address is null
[ERROR] COMMON(964771,ffff884d5020,python):2026-09-14-18:18:42.980.449 [mindspore/ccsrc/pybind_api/ir/tensor_py.cc:730] DataPtr] Tensor device address is null
[ERROR] COMMON(964771,ffff884d5020,python):2026-09-14-18:18:42.981.156 [mindspore/ccsrc/pybind_api/ir/tensor_py.cc:730] DataPtr] Tensor device address is null
[ERROR] COMMON(964771,ffff884d5020,python):2026-09-14-18:18:42.983.632 [mindspore/ccsrc/pybind_api/ir/tensor_py.cc:730] DataPtr] Tensor device address is null
[ERROR] COMMON(964771,ffff884d5020,python):2026-09-14-18:18:42.984.315 [mindspore/ccsrc/pybind_api/ir/tensor_py.cc:730] DataPtr] Tensor device address is null
[ERROR] COMMON(964771,ffff884d5020,python):2026-09-14-18:18:42.986.803 [mindspore/ccsrc/pybind_api/ir/tensor_py.cc:730] DataPtr] Tensor device address is null
[ERROR] COMMON(964771,ffff884d5020,python):2026-09-14-18:18:42.987.496 [mindspore/ccsrc/pybind_api/ir/tensor_py.cc:730] DataPtr] Tensor device address is null
[ERROR] COMMON(964771,ffff884d5020,python):2026-09-14-18:18:42.990.061 [mindspore/ccsrc/pybind_api/ir/tensor_py.cc:730] DataPtr] Tensor device address is null
[ERROR] COMMON(964771,ffff884d5020,python):2026-09-14-18:18:42.990.756 [mindspore/ccsrc/pybind_api/ir/tensor_py.cc:730] DataPtr] Tensor device address is null
[ERROR] COMMON(964771,ffff884d5020,python):2026-09-14-18:18:42.993.202 [mindspore/ccsrc/pybind_api/ir/tensor_py.cc:730] DataPtr] Tensor device address is null
[ERROR] COMMON(964771,ffff884d5020,python):2026-09-14-18:18:42.993.897 [mindspore/ccsrc/pybind_api/ir/tensor_py.cc:730] DataPtr] Tensor device address is null
[ERROR] COMMON(964771,ffff884d5020,python):2026-09-14-18:18:42.999.497 [mindspore/ccsrc/pybind_api/ir/tensor_py.cc:730] DataPtr] Tensor device address is null
[ERROR] COMMON(964771,ffff884d5020,python):2026-09-14-18:18:43.000.218 [mindspore/ccsrc/pybind_api/ir/tensor_py.cc:730] DataPtr] Tensor device address is null
[ERROR] COMMON(964771,ffff884d5020,python):2026-09-14-18:18:43.006.886 [mindspore/ccsrc/pybind_api/ir/tensor_py.cc:730] DataPtr] Tensor device address is null
[ERROR] COMMON(964771,ffff884d5020,python):2026-09-14-18:18:43.007.599 [mindspore/ccsrc/pybind_api/ir/tensor_py.cc:730] DataPtr] Tensor device address is null
[ERROR] COMMON(964771,ffff884d5020,python):2026-09-14-18:18:43.008.281 [mindspore/ccsrc/pybind_api/ir/tensor_py.cc:730] DataPtr] Tensor device address is null
[ERROR] COMMON(964771,ffff884d5020,python):2026-09-14-18:18:43.008.968 [mindspore/ccsrc/pybind_api/ir/tensor_py.cc:730] DataPtr] Tensor device address is null
[ERROR] COMMON(964771,ffff884d5020,python):2026-09-14-18:18:43.009.747 [mindspore/ccsrc/pybind_api/ir/tensor_py.cc:730] DataPtr] Tensor device address is null
[ERROR] COMMON(964771,ffff884d5020,python):2026-09-14-18:18:43.010.426 [mindspore/ccsrc/pybind_api/ir/tensor_py.cc:730] DataPtr] Tensor device address is null
[ERROR] COMMON(964771,ffff884d5020,python):2026-09-14-18:18:43.012.910 [mindspore/ccsrc/pybind_api/ir/tensor_py.cc:730] DataPtr] Tensor device address is null
[ERROR] COMMON(964771,ffff884d5020,python):2026-09-14-18:18:43.013.601 [mindspore/ccsrc/pybind_api/ir/tensor_py.cc:730] DataPtr] Tensor device address is null
[ERROR] COMMON(964771,ffff884d5020,python):2026-09-14-18:18:43.016.193 [mindspore/ccsrc/pybind_api/ir/tensor_py.cc:730] DataPtr] Tensor device address is null
[ERROR] COMMON(964771,ffff884d5020,python):2026-09-14-18:18:43.016.894 [mindspore/ccsrc/pybind_api/ir/tensor_py.cc:730] DataPtr] Tensor device address is null
[ERROR] COMMON(964771,ffff884d5020,python):2026-09-14-18:18:43.018.939 [mindspore/ccsrc/pybind_api/ir/tensor_py.cc:730] DataPtr] Tensor device address is null
[ERROR] COMMON(964771,ffff884d5020,python):2026-09-14-18:18:43.019.628 [mindspore/ccsrc/pybind_api/ir/tensor_py.cc:730] DataPtr] Tensor device address is null
[ERROR] COMMON(964771,ffff884d5020,python):2026-09-14-18:18:43.022.098 [mindspore/ccsrc/pybind_api/ir/tensor_py.cc:730] DataPtr] Tensor device address is null
[ERROR] COMMON(964771,ffff884d5020,python):2026-09-14-18:18:43.022.800 [mindspore/ccsrc/pybind_api/ir/tensor_py.cc:730] DataPtr] Tensor device address is null
[ERROR] COMMON(964771,ffff884d5020,python):2026-09-14-18:18:43.029.557 [mindspore/ccsrc/pybind_api/ir/tensor_py.cc:730] DataPtr] Tensor device address is null
[ERROR] COMMON(964771,ffff884d5020,python):2026-09-14-18:18:43.030.327 [mindspore/ccsrc/pybind_api/ir/tensor_py.cc:730] DataPtr] Tensor device address is null
[ERROR] COMMON(964771,ffff884d5020,python):2026-09-14-18:18:43.036.496 [mindspore/ccsrc/pybind_api/ir/tensor_py.cc:730] DataPtr] Tensor device address is null
[ERROR] COMMON(964771,ffff884d5020,python):2026-09-14-18:18:43.037.218 [mindspore/ccsrc/pybind_api/ir/tensor_py.cc:730] DataPtr] Tensor device address is null
[ERROR] COMMON(964771,ffff884d5020,python):2026-09-14-18:18:43.110.441 [mindspore/ccsrc/pybind_api/ir/tensor_py.cc:730] DataPtr] Tensor device address is null
[ERROR] COMMON(964771,ffff884d5020,python):2026-09-14-18:18:43.111.560 [mindspore/ccsrc/pybind_api/ir/tensor_py.cc:730] DataPtr] Tensor device address is null
[ERROR] COMMON(964771,ffff884d5020,python):2026-09-14-18:18:43.112.257 [mindspore/ccsrc/pybind_api/ir/tensor_py.cc:730] DataPtr] Tensor device address is null
[ERROR] COMMON(964771,ffff884d5020,python):2026-09-14-18:18:43.112.958 [mindspore/ccsrc/pybind_api/ir/tensor_py.cc:730] DataPtr] Tensor device address is null
[ERROR] COMMON(964771,ffff884d5020,python):2026-09-14-18:18:43.113.653 [mindspore/ccsrc/pybind_api/ir/tensor_py.cc:730] DataPtr] Tensor device address is null
[ERROR] COMMON(964771,ffff884d5020,python):2026-09-14-18:18:43.114.321 [mindspore/ccsrc/pybind_api/ir/tensor_py.cc:730] DataPtr] Tensor device address is null
[ERROR] COMMON(964771,ffff884d5020,python):2026-09-14-18:18:43.114.993 [mindspore/ccsrc/pybind_api/ir/tensor_py.cc:730] DataPtr] Tensor device address is null
[ERROR] COMMON(964771,ffff884d5020,python):2026-09-14-18:18:43.115.676 [mindspore/ccsrc/pybind_api/ir/tensor_py.cc:730] DataPtr] Tensor device address is null
[ERROR] COMMON(964771,ffff884d5020,python):2026-09-14-18:18:43.118.178 [mindspore/ccsrc/pybind_api/ir/tensor_py.cc:730] DataPtr] Tensor device address is null
[ERROR] COMMON(964771,ffff884d5020,python):2026-09-14-18:18:43.118.876 [mindspore/ccsrc/pybind_api/ir/tensor_py.cc:730] DataPtr] Tensor device address is null
[ERROR] COMMON(964771,ffff884d5020,python):2026-09-14-18:18:43.121.358 [mindspore/ccsrc/pybind_api/ir/tensor_py.cc:730] DataPtr] Tensor device address is null
[ERROR] COMMON(964771,ffff884d5020,python):2026-09-14-18:18:43.122.058 [mindspore/ccsrc/pybind_api/ir/tensor_py.cc:730] DataPtr] Tensor device address is null
[ERROR] COMMON(964771,ffff884d5020,python):2026-09-14-18:18:43.124.877 [mindspore/ccsrc/pybind_api/ir/tensor_py.cc:730] DataPtr] Tensor device address is null
[ERROR] COMMON(964771,ffff884d5020,python):2026-09-14-18:18:43.125.584 [mindspore/ccsrc/pybind_api/ir/tensor_py.cc:730] DataPtr] Tensor device address is null
[ERROR] COMMON(964771,ffff884d5020,python):2026-09-14-18:18:43.128.319 [mindspore/ccsrc/pybind_api/ir/tensor_py.cc:730] DataPtr] Tensor device address is null
[ERROR] COMMON(964771,ffff884d5020,python):2026-09-14-18:18:43.129.011 [mindspore/ccsrc/pybind_api/ir/tensor_py.cc:730] DataPtr] Tensor device address is null
[ERROR] COMMON(964771,ffff884d5020,python):2026-09-14-18:18:43.135.332 [mindspore/ccsrc/pybind_api/ir/tensor_py.cc:730] DataPtr] Tensor device address is null
[ERROR] COMMON(964771,ffff884d5020,python):2026-09-14-18:18:43.136.059 [mindspore/ccsrc/pybind_api/ir/tensor_py.cc:730] DataPtr] Tensor device address is null
[ERROR] COMMON(964771,ffff884d5020,python):2026-09-14-18:18:43.142.858 [mindspore/ccsrc/pybind_api/ir/tensor_py.cc:730] DataPtr] Tensor device address is null
[ERROR] COMMON(964771,ffff884d5020,python):2026-09-14-18:18:43.143.578 [mindspore/ccsrc/pybind_api/ir/tensor_py.cc:730] DataPtr] Tensor device address is null
[ERROR] COMMON(964771,ffff884d5020,python):2026-09-14-18:18:43.144.265 [mindspore/ccsrc/pybind_api/ir/tensor_py.cc:730] DataPtr] Tensor device address is null
[ERROR] COMMON(964771,ffff884d5020,python):2026-09-14-18:18:43.144.963 [mindspore/ccsrc/pybind_api/ir/tensor_py.cc:730] DataPtr] Tensor device address is null
[ERROR] COMMON(964771,ffff884d5020,python):2026-09-14-18:18:43.145.651 [mindspore/ccsrc/pybind_api/ir/tensor_py.cc:730] DataPtr] Tensor device address is null
[ERROR] COMMON(964771,ffff884d5020,python):2026-09-14-18:18:43.146.347 [mindspore/ccsrc/pybind_api/ir/tensor_py.cc:730] DataPtr] Tensor device address is null
[ERROR] COMMON(964771,ffff884d5020,python):2026-09-14-18:18:43.148.922 [mindspore/ccsrc/pybind_api/ir/tensor_py.cc:730] DataPtr] Tensor device address is null
[ERROR] COMMON(964771,ffff884d5020,python):2026-09-14-18:18:43.149.611 [mindspore/ccsrc/pybind_api/ir/tensor_py.cc:730] DataPtr] Tensor device address is null
[ERROR] COMMON(964771,ffff884d5020,python):2026-09-14-18:18:43.152.552 [mindspore/ccsrc/pybind_api/ir/tensor_py.cc:730] DataPtr] Tensor device address is null
[ERROR] COMMON(964771,ffff884d5020,python):2026-09-14-18:18:43.153.425 [mindspore/ccsrc/pybind_api/ir/tensor_py.cc:730] DataPtr] Tensor device address is null
[ERROR] COMMON(964771,ffff884d5020,python):2026-09-14-18:18:43.155.445 [mindspore/ccsrc/pybind_api/ir/tensor_py.cc:730] DataPtr] Tensor device address is null
[ERROR] COMMON(964771,ffff884d5020,python):2026-09-14-18:18:43.156.129 [mindspore/ccsrc/pybind_api/ir/tensor_py.cc:730] DataPtr] Tensor device address is null
[ERROR] COMMON(964771,ffff884d5020,python):2026-09-14-18:18:43.158.666 [mindspore/ccsrc/pybind_api/ir/tensor_py.cc:730] DataPtr] Tensor device address is null
[ERROR] COMMON(964771,ffff884d5020,python):2026-09-14-18:18:43.159.367 [mindspore/ccsrc/pybind_api/ir/tensor_py.cc:730] DataPtr] Tensor device address is null
[ERROR] COMMON(964771,ffff884d5020,python):2026-09-14-18:18:43.166.124 [mindspore/ccsrc/pybind_api/ir/tensor_py.cc:730] DataPtr] Tensor device address is null
[ERROR] COMMON(964771,ffff884d5020,python):2026-09-14-18:18:43.166.862 [mindspore/ccsrc/pybind_api/ir/tensor_py.cc:730] DataPtr] Tensor device address is null
[ERROR] COMMON(964771,ffff884d5020,python):2026-09-14-18:18:43.173.111 [mindspore/ccsrc/pybind_api/ir/tensor_py.cc:730] DataPtr] Tensor device address is null
[ERROR] COMMON(964771,ffff884d5020,python):2026-09-14-18:18:43.173.822 [mindspore/ccsrc/pybind_api/ir/tensor_py.cc:730] DataPtr] Tensor device address is null
[ERROR] COMMON(964771,ffff884d5020,python):2026-09-14-18:18:43.174.502 [mindspore/ccsrc/pybind_api/ir/tensor_py.cc:730] DataPtr] Tensor device address is null
[ERROR] COMMON(964771,ffff884d5020,python):2026-09-14-18:18:43.175.183 [mindspore/ccsrc/pybind_api/ir/tensor_py.cc:730] DataPtr] Tensor device address is null
[ERROR] COMMON(964771,ffff884d5020,python):2026-09-14-18:18:43.175.873 [mindspore/ccsrc/pybind_api/ir/tensor_py.cc:730] DataPtr] Tensor device address is null
[ERROR] COMMON(964771,ffff884d5020,python):2026-09-14-18:18:43.176.565 [mindspore/ccsrc/pybind_api/ir/tensor_py.cc:730] DataPtr] Tensor device address is null
[ERROR] COMMON(964771,ffff884d5020,python):2026-09-14-18:18:43.179.498 [mindspore/ccsrc/pybind_api/ir/tensor_py.cc:730] DataPtr] Tensor device address is null
[ERROR] COMMON(964771,ffff884d5020,python):2026-09-14-18:18:43.180.192 [mindspore/ccsrc/pybind_api/ir/tensor_py.cc:730] DataPtr] Tensor device address is null
[ERROR] COMMON(964771,ffff884d5020,python):2026-09-14-18:18:43.182.811 [mindspore/ccsrc/pybind_api/ir/tensor_py.cc:730] DataPtr] Tensor device address is null
[ERROR] COMMON(964771,ffff884d5020,python):2026-09-14-18:18:43.183.523 [mindspore/ccsrc/pybind_api/ir/tensor_py.cc:730] DataPtr] Tensor device address is null
[ERROR] COMMON(964771,ffff884d5020,python):2026-09-14-18:18:43.186.083 [mindspore/ccsrc/pybind_api/ir/tensor_py.cc:730] DataPtr] Tensor device address is null
[ERROR] COMMON(964771,ffff884d5020,python):2026-09-14-18:18:43.186.779 [mindspore/ccsrc/pybind_api/ir/tensor_py.cc:730] DataPtr] Tensor device address is null
[ERROR] COMMON(964771,ffff884d5020,python):2026-09-14-18:18:43.189.299 [mindspore/ccsrc/pybind_api/ir/tensor_py.cc:730] DataPtr] Tensor device address is null
[ERROR] COMMON(964771,ffff884d5020,python):2026-09-14-18:18:43.189.996 [mindspore/ccsrc/pybind_api/ir/tensor_py.cc:730] DataPtr] Tensor device address is null
[ERROR] COMMON(964771,ffff884d5020,python):2026-09-14-18:18:43.196.316 [mindspore/ccsrc/pybind_api/ir/tensor_py.cc:730] DataPtr] Tensor device address is null
[ERROR] COMMON(964771,ffff884d5020,python):2026-09-14-18:18:43.197.060 [mindspore/ccsrc/pybind_api/ir/tensor_py.cc:730] DataPtr] Tensor device address is null
[ERROR] COMMON(964771,ffff884d5020,python):2026-09-14-18:18:43.203.694 [mindspore/ccsrc/pybind_api/ir/tensor_py.cc:730] DataPtr] Tensor device address is null
[ERROR] COMMON(964771,ffff884d5020,python):2026-09-14-18:18:43.204.410 [mindspore/ccsrc/pybind_api/ir/tensor_py.cc:730] DataPtr] Tensor device address is null
[ERROR] COMMON(964771,ffff884d5020,python):2026-09-14-18:18:43.205.105 [mindspore/ccsrc/pybind_api/ir/tensor_py.cc:730] DataPtr] Tensor device address is null
[ERROR] COMMON(964771,ffff884d5020,python):2026-09-14-18:18:43.205.785 [mindspore/ccsrc/pybind_api/ir/tensor_py.cc:730] DataPtr] Tensor device address is null
[ERROR] COMMON(964771,ffff884d5020,python):2026-09-14-18:18:43.206.465 [mindspore/ccsrc/pybind_api/ir/tensor_py.cc:730] DataPtr] Tensor device address is null
[ERROR] COMMON(964771,ffff884d5020,python):2026-09-14-18:18:43.207.154 [mindspore/ccsrc/pybind_api/ir/tensor_py.cc:730] DataPtr] Tensor device address is null
[ERROR] COMMON(964771,ffff884d5020,python):2026-09-14-18:18:43.210.061 [mindspore/ccsrc/pybind_api/ir/tensor_py.cc:730] DataPtr] Tensor device address is null
[ERROR] COMMON(964771,ffff884d5020,python):2026-09-14-18:18:43.210.758 [mindspore/ccsrc/pybind_api/ir/tensor_py.cc:730] DataPtr] Tensor device address is null
[ERROR] COMMON(964771,ffff884d5020,python):2026-09-14-18:18:43.213.420 [mindspore/ccsrc/pybind_api/ir/tensor_py.cc:730] DataPtr] Tensor device address is null
[ERROR] COMMON(964771,ffff884d5020,python):2026-09-14-18:18:43.214.117 [mindspore/ccsrc/pybind_api/ir/tensor_py.cc:730] DataPtr] Tensor device address is null
[ERROR] COMMON(964771,ffff884d5020,python):2026-09-14-18:18:43.216.138 [mindspore/ccsrc/pybind_api/ir/tensor_py.cc:730] DataPtr] Tensor device address is null
[ERROR] COMMON(964771,ffff884d5020,python):2026-09-14-18:18:43.216.820 [mindspore/ccsrc/pybind_api/ir/tensor_py.cc:730] DataPtr] Tensor device address is null
[ERROR] COMMON(964771,ffff884d5020,python):2026-09-14-18:18:43.219.302 [mindspore/ccsrc/pybind_api/ir/tensor_py.cc:730] DataPtr] Tensor device address is null
[ERROR] COMMON(964771,ffff884d5020,python):2026-09-14-18:18:43.220.010 [mindspore/ccsrc/pybind_api/ir/tensor_py.cc:730] DataPtr] Tensor device address is null
[ERROR] COMMON(964771,ffff884d5020,python):2026-09-14-18:18:43.226.785 [mindspore/ccsrc/pybind_api/ir/tensor_py.cc:730] DataPtr] Tensor device address is null
[ERROR] COMMON(964771,ffff884d5020,python):2026-09-14-18:18:43.227.520 [mindspore/ccsrc/pybind_api/ir/tensor_py.cc:730] DataPtr] Tensor device address is null
[ERROR] COMMON(964771,ffff884d5020,python):2026-09-14-18:18:43.233.807 [mindspore/ccsrc/pybind_api/ir/tensor_py.cc:730] DataPtr] Tensor device address is null
[ERROR] COMMON(964771,ffff884d5020,python):2026-09-14-18:18:43.234.509 [mindspore/ccsrc/pybind_api/ir/tensor_py.cc:730] DataPtr] Tensor device address is null
[ERROR] COMMON(964771,ffff884d5020,python):2026-09-14-18:18:43.235.186 [mindspore/ccsrc/pybind_api/ir/tensor_py.cc:730] DataPtr] Tensor device address is null
[ERROR] COMMON(964771,ffff884d5020,python):2026-09-14-18:18:43.235.863 [mindspore/ccsrc/pybind_api/ir/tensor_py.cc:730] DataPtr] Tensor device address is null
[ERROR] COMMON(964771,ffff884d5020,python):2026-09-14-18:18:43.236.556 [mindspore/ccsrc/pybind_api/ir/tensor_py.cc:730] DataPtr] Tensor device address is null
[ERROR] COMMON(964771,ffff884d5020,python):2026-09-14-18:18:43.237.237 [mindspore/ccsrc/pybind_api/ir/tensor_py.cc:730] DataPtr] Tensor device address is null
[ERROR] COMMON(964771,ffff884d5020,python):2026-09-14-18:18:43.239.918 [mindspore/ccsrc/pybind_api/ir/tensor_py.cc:730] DataPtr] Tensor device address is null
[ERROR] COMMON(964771,ffff884d5020,python):2026-09-14-18:18:43.240.615 [mindspore/ccsrc/pybind_api/ir/tensor_py.cc:730] DataPtr] Tensor device address is null
[ERROR] COMMON(964771,ffff884d5020,python):2026-09-14-18:18:43.243.415 [mindspore/ccsrc/pybind_api/ir/tensor_py.cc:730] DataPtr] Tensor device address is null
[ERROR] COMMON(964771,ffff884d5020,python):2026-09-14-18:18:43.244.106 [mindspore/ccsrc/pybind_api/ir/tensor_py.cc:730] DataPtr] Tensor device address is null
[ERROR] COMMON(964771,ffff884d5020,python):2026-09-14-18:18:43.246.600 [mindspore/ccsrc/pybind_api/ir/tensor_py.cc:730] DataPtr] Tensor device address is null
[ERROR] COMMON(964771,ffff884d5020,python):2026-09-14-18:18:43.247.297 [mindspore/ccsrc/pybind_api/ir/tensor_py.cc:730] DataPtr] Tensor device address is null
[ERROR] COMMON(964771,ffff884d5020,python):2026-09-14-18:18:43.249.743 [mindspore/ccsrc/pybind_api/ir/tensor_py.cc:730] DataPtr] Tensor device address is null
[ERROR] COMMON(964771,ffff884d5020,python):2026-09-14-18:18:43.250.438 [mindspore/ccsrc/pybind_api/ir/tensor_py.cc:730] DataPtr] Tensor device address is null
[ERROR] COMMON(964771,ffff884d5020,python):2026-09-14-18:18:43.256.684 [mindspore/ccsrc/pybind_api/ir/tensor_py.cc:730] DataPtr] Tensor device address is null
[ERROR] COMMON(964771,ffff884d5020,python):2026-09-14-18:18:43.257.406 [mindspore/ccsrc/pybind_api/ir/tensor_py.cc:730] DataPtr] Tensor device address is null
[ERROR] COMMON(964771,ffff884d5020,python):2026-09-14-18:18:43.264.129 [mindspore/ccsrc/pybind_api/ir/tensor_py.cc:730] DataPtr] Tensor device address is null
[ERROR] COMMON(964771,ffff884d5020,python):2026-09-14-18:18:43.264.857 [mindspore/ccsrc/pybind_api/ir/tensor_py.cc:730] DataPtr] Tensor device address is null
[ERROR] COMMON(964771,ffff884d5020,python):2026-09-14-18:18:43.265.548 [mindspore/ccsrc/pybind_api/ir/tensor_py.cc:730] DataPtr] Tensor device address is null
[ERROR] COMMON(964771,ffff884d5020,python):2026-09-14-18:18:43.266.220 [mindspore/ccsrc/pybind_api/ir/tensor_py.cc:730] DataPtr] Tensor device address is null
[ERROR] COMMON(964771,ffff884d5020,python):2026-09-14-18:18:43.266.897 [mindspore/ccsrc/pybind_api/ir/tensor_py.cc:730] DataPtr] Tensor device address is null
[ERROR] COMMON(964771,ffff884d5020,python):2026-09-14-18:18:43.267.567 [mindspore/ccsrc/pybind_api/ir/tensor_py.cc:730] DataPtr] Tensor device address is null
[ERROR] COMMON(964771,ffff884d5020,python):2026-09-14-18:18:43.270.302 [mindspore/ccsrc/pybind_api/ir/tensor_py.cc:730] DataPtr] Tensor device address is null
[ERROR] COMMON(964771,ffff884d5020,python):2026-09-14-18:18:43.270.993 [mindspore/ccsrc/pybind_api/ir/tensor_py.cc:730] DataPtr] Tensor device address is null
[ERROR] COMMON(964771,ffff884d5020,python):2026-09-14-18:18:43.273.567 [mindspore/ccsrc/pybind_api/ir/tensor_py.cc:730] DataPtr] Tensor device address is null
[ERROR] COMMON(964771,ffff884d5020,python):2026-09-14-18:18:43.274.263 [mindspore/ccsrc/pybind_api/ir/tensor_py.cc:730] DataPtr] Tensor device address is null
[ERROR] COMMON(964771,ffff884d5020,python):2026-09-14-18:18:43.276.309 [mindspore/ccsrc/pybind_api/ir/tensor_py.cc:730] DataPtr] Tensor device address is null
[ERROR] COMMON(964771,ffff884d5020,python):2026-09-14-18:18:43.277.004 [mindspore/ccsrc/pybind_api/ir/tensor_py.cc:730] DataPtr] Tensor device address is null
[ERROR] COMMON(964771,ffff884d5020,python):2026-09-14-18:18:43.279.471 [mindspore/ccsrc/pybind_api/ir/tensor_py.cc:730] DataPtr] Tensor device address is null
[ERROR] COMMON(964771,ffff884d5020,python):2026-09-14-18:18:43.280.149 [mindspore/ccsrc/pybind_api/ir/tensor_py.cc:730] DataPtr] Tensor device address is null
[ERROR] COMMON(964771,ffff884d5020,python):2026-09-14-18:18:43.286.947 [mindspore/ccsrc/pybind_api/ir/tensor_py.cc:730] DataPtr] Tensor device address is null
[ERROR] COMMON(964771,ffff884d5020,python):2026-09-14-18:18:43.287.673 [mindspore/ccsrc/pybind_api/ir/tensor_py.cc:730] DataPtr] Tensor device address is null
[ERROR] COMMON(964771,ffff884d5020,python):2026-09-14-18:18:43.293.861 [mindspore/ccsrc/pybind_api/ir/tensor_py.cc:730] DataPtr] Tensor device address is null
[ERROR] COMMON(964771,ffff884d5020,python):2026-09-14-18:18:43.294.572 [mindspore/ccsrc/pybind_api/ir/tensor_py.cc:730] DataPtr] Tensor device address is null
[ERROR] COMMON(964771,ffff884d5020,python):2026-09-14-18:18:43.295.263 [mindspore/ccsrc/pybind_api/ir/tensor_py.cc:730] DataPtr] Tensor device address is null
[ERROR] COMMON(964771,ffff884d5020,python):2026-09-14-18:18:43.295.939 [mindspore/ccsrc/pybind_api/ir/tensor_py.cc:730] DataPtr] Tensor device address is null
[ERROR] COMMON(964771,ffff884d5020,python):2026-09-14-18:18:43.296.628 [mindspore/ccsrc/pybind_api/ir/tensor_py.cc:730] DataPtr] Tensor device address is null
[ERROR] COMMON(964771,ffff884d5020,python):2026-09-14-18:18:43.297.307 [mindspore/ccsrc/pybind_api/ir/tensor_py.cc:730] DataPtr] Tensor device address is null
[ERROR] COMMON(964771,ffff884d5020,python):2026-09-14-18:18:43.300.007 [mindspore/ccsrc/pybind_api/ir/tensor_py.cc:730] DataPtr] Tensor device address is null
[ERROR] COMMON(964771,ffff884d5020,python):2026-09-14-18:18:43.300.704 [mindspore/ccsrc/pybind_api/ir/tensor_py.cc:730] DataPtr] Tensor device address is null
[ERROR] COMMON(964771,ffff884d5020,python):2026-09-14-18:18:43.303.400 [mindspore/ccsrc/pybind_api/ir/tensor_py.cc:730] DataPtr] Tensor device address is null
[ERROR] COMMON(964771,ffff884d5020,python):2026-09-14-18:18:43.304.086 [mindspore/ccsrc/pybind_api/ir/tensor_py.cc:730] DataPtr] Tensor device address is null
[ERROR] COMMON(964771,ffff884d5020,python):2026-09-14-18:18:43.306.583 [mindspore/ccsrc/pybind_api/ir/tensor_py.cc:730] DataPtr] Tensor device address is null
[ERROR] COMMON(964771,ffff884d5020,python):2026-09-14-18:18:43.307.277 [mindspore/ccsrc/pybind_api/ir/tensor_py.cc:730] DataPtr] Tensor device address is null
[ERROR] COMMON(964771,ffff884d5020,python):2026-09-14-18:18:43.309.738 [mindspore/ccsrc/pybind_api/ir/tensor_py.cc:730] DataPtr] Tensor device address is null
[ERROR] COMMON(964771,ffff884d5020,python):2026-09-14-18:18:43.310.447 [mindspore/ccsrc/pybind_api/ir/tensor_py.cc:730] DataPtr] Tensor device address is null
[ERROR] COMMON(964771,ffff884d5020,python):2026-09-14-18:18:43.316.793 [mindspore/ccsrc/pybind_api/ir/tensor_py.cc:730] DataPtr] Tensor device address is null
[ERROR] COMMON(964771,ffff884d5020,python):2026-09-14-18:18:43.317.520 [mindspore/ccsrc/pybind_api/ir/tensor_py.cc:730] DataPtr] Tensor device address is null
[ERROR] COMMON(964771,ffff884d5020,python):2026-09-14-18:18:43.324.185 [mindspore/ccsrc/pybind_api/ir/tensor_py.cc:730] DataPtr] Tensor device address is null
[ERROR] COMMON(964771,ffff884d5020,python):2026-09-14-18:18:43.324.919 [mindspore/ccsrc/pybind_api/ir/tensor_py.cc:730] DataPtr] Tensor device address is null
[ERROR] COMMON(964771,ffff884d5020,python):2026-09-14-18:18:43.325.611 [mindspore/ccsrc/pybind_api/ir/tensor_py.cc:730] DataPtr] Tensor device address is null
[ERROR] COMMON(964771,ffff884d5020,python):2026-09-14-18:18:43.326.296 [mindspore/ccsrc/pybind_api/ir/tensor_py.cc:730] DataPtr] Tensor device address is null
[ERROR] COMMON(964771,ffff884d5020,python):2026-09-14-18:18:43.326.973 [mindspore/ccsrc/pybind_api/ir/tensor_py.cc:730] DataPtr] Tensor device address is null
[ERROR] COMMON(964771,ffff884d5020,python):2026-09-14-18:18:43.327.653 [mindspore/ccsrc/pybind_api/ir/tensor_py.cc:730] DataPtr] Tensor device address is null
[ERROR] COMMON(964771,ffff884d5020,python):2026-09-14-18:18:43.330.408 [mindspore/ccsrc/pybind_api/ir/tensor_py.cc:730] DataPtr] Tensor device address is null
[ERROR] COMMON(964771,ffff884d5020,python):2026-09-14-18:18:43.331.091 [mindspore/ccsrc/pybind_api/ir/tensor_py.cc:730] DataPtr] Tensor device address is null
[ERROR] COMMON(964771,ffff884d5020,python):2026-09-14-18:18:43.333.909 [mindspore/ccsrc/pybind_api/ir/tensor_py.cc:730] DataPtr] Tensor device address is null
[ERROR] COMMON(964771,ffff884d5020,python):2026-09-14-18:18:43.334.608 [mindspore/ccsrc/pybind_api/ir/tensor_py.cc:730] DataPtr] Tensor device address is null
[ERROR] COMMON(964771,ffff884d5020,python):2026-09-14-18:18:43.336.611 [mindspore/ccsrc/pybind_api/ir/tensor_py.cc:730] DataPtr] Tensor device address is null
[ERROR] COMMON(964771,ffff884d5020,python):2026-09-14-18:18:43.337.298 [mindspore/ccsrc/pybind_api/ir/tensor_py.cc:730] DataPtr] Tensor device address is null
[ERROR] COMMON(964771,ffff884d5020,python):2026-09-14-18:18:43.339.845 [mindspore/ccsrc/pybind_api/ir/tensor_py.cc:730] DataPtr] Tensor device address is null
[ERROR] COMMON(964771,ffff884d5020,python):2026-09-14-18:18:43.340.555 [mindspore/ccsrc/pybind_api/ir/tensor_py.cc:730] DataPtr] Tensor device address is null
[ERROR] COMMON(964771,ffff884d5020,python):2026-09-14-18:18:43.347.384 [mindspore/ccsrc/pybind_api/ir/tensor_py.cc:730] DataPtr] Tensor device address is null
[ERROR] COMMON(964771,ffff884d5020,python):2026-09-14-18:18:43.348.122 [mindspore/ccsrc/pybind_api/ir/tensor_py.cc:730] DataPtr] Tensor device address is null
[ERROR] COMMON(964771,ffff884d5020,python):2026-09-14-18:18:43.353.653 [mindspore/ccsrc/pybind_api/ir/tensor_py.cc:730] DataPtr] Tensor device address is null
[ERROR] COMMON(964771,ffff884d5020,python):2026-09-14-18:18:43.354.367 [mindspore/ccsrc/pybind_api/ir/tensor_py.cc:730] DataPtr] Tensor device address is null
[ERROR] COMMON(964771,ffff884d5020,python):2026-09-14-18:18:43.355.053 [mindspore/ccsrc/pybind_api/ir/tensor_py.cc:730] DataPtr] Tensor device address is null
[ERROR] COMMON(964771,ffff884d5020,python):2026-09-14-18:18:43.355.722 [mindspore/ccsrc/pybind_api/ir/tensor_py.cc:730] DataPtr] Tensor device address is null
[ERROR] COMMON(964771,ffff884d5020,python):2026-09-14-18:18:43.356.394 [mindspore/ccsrc/pybind_api/ir/tensor_py.cc:730] DataPtr] Tensor device address is null
[ERROR] COMMON(964771,ffff884d5020,python):2026-09-14-18:18:43.357.085 [mindspore/ccsrc/pybind_api/ir/tensor_py.cc:730] DataPtr] Tensor device address is null
[ERROR] COMMON(964771,ffff884d5020,python):2026-09-14-18:18:43.359.999 [mindspore/ccsrc/pybind_api/ir/tensor_py.cc:730] DataPtr] Tensor device address is null
[ERROR] COMMON(964771,ffff884d5020,python):2026-09-14-18:18:43.360.699 [mindspore/ccsrc/pybind_api/ir/tensor_py.cc:730] DataPtr] Tensor device address is null
[ERROR] COMMON(964771,ffff884d5020,python):2026-09-14-18:18:43.363.281 [mindspore/ccsrc/pybind_api/ir/tensor_py.cc:730] DataPtr] Tensor device address is null
[ERROR] COMMON(964771,ffff884d5020,python):2026-09-14-18:18:43.363.967 [mindspore/ccsrc/pybind_api/ir/tensor_py.cc:730] DataPtr] Tensor device address is null
[ERROR] COMMON(964771,ffff884d5020,python):2026-09-14-18:18:43.366.529 [mindspore/ccsrc/pybind_api/ir/tensor_py.cc:730] DataPtr] Tensor device address is null
[ERROR] COMMON(964771,ffff884d5020,python):2026-09-14-18:18:43.367.231 [mindspore/ccsrc/pybind_api/ir/tensor_py.cc:730] DataPtr] Tensor device address is null
[ERROR] COMMON(964771,ffff884d5020,python):2026-09-14-18:18:43.369.815 [mindspore/ccsrc/pybind_api/ir/tensor_py.cc:730] DataPtr] Tensor device address is null
[ERROR] COMMON(964771,ffff884d5020,python):2026-09-14-18:18:43.370.511 [mindspore/ccsrc/pybind_api/ir/tensor_py.cc:730] DataPtr] Tensor device address is null
[ERROR] COMMON(964771,ffff884d5020,python):2026-09-14-18:18:43.376.093 [mindspore/ccsrc/pybind_api/ir/tensor_py.cc:730] DataPtr] Tensor device address is null
[ERROR] COMMON(964771,ffff884d5020,python):2026-09-14-18:18:43.376.830 [mindspore/ccsrc/pybind_api/ir/tensor_py.cc:730] DataPtr] Tensor device address is null
[ERROR] COMMON(964771,ffff884d5020,python):2026-09-14-18:18:43.383.023 [mindspore/ccsrc/pybind_api/ir/tensor_py.cc:730] DataPtr] Tensor device address is null
[ERROR] COMMON(964771,ffff884d5020,python):2026-09-14-18:18:43.383.753 [mindspore/ccsrc/pybind_api/ir/tensor_py.cc:730] DataPtr] Tensor device address is null
[ERROR] COMMON(964771,ffff884d5020,python):2026-09-14-18:18:43.384.434 [mindspore/ccsrc/pybind_api/ir/tensor_py.cc:730] DataPtr] Tensor device address is null
[ERROR] COMMON(964771,ffff884d5020,python):2026-09-14-18:18:43.385.129 [mindspore/ccsrc/pybind_api/ir/tensor_py.cc:730] DataPtr] Tensor device address is null
[ERROR] COMMON(964771,ffff884d5020,python):2026-09-14-18:18:43.385.811 [mindspore/ccsrc/pybind_api/ir/tensor_py.cc:730] DataPtr] Tensor device address is null
[ERROR] COMMON(964771,ffff884d5020,python):2026-09-14-18:18:43.386.489 [mindspore/ccsrc/pybind_api/ir/tensor_py.cc:730] DataPtr] Tensor device address is null
[ERROR] COMMON(964771,ffff884d5020,python):2026-09-14-18:18:43.389.147 [mindspore/ccsrc/pybind_api/ir/tensor_py.cc:730] DataPtr] Tensor device address is null
[ERROR] COMMON(964771,ffff884d5020,python):2026-09-14-18:18:43.389.837 [mindspore/ccsrc/pybind_api/ir/tensor_py.cc:730] DataPtr] Tensor device address is null
[ERROR] COMMON(964771,ffff884d5020,python):2026-09-14-18:18:43.392.343 [mindspore/ccsrc/pybind_api/ir/tensor_py.cc:730] DataPtr] Tensor device address is null
[ERROR] COMMON(964771,ffff884d5020,python):2026-09-14-18:18:43.393.046 [mindspore/ccsrc/pybind_api/ir/tensor_py.cc:730] DataPtr] Tensor device address is null
[ERROR] COMMON(964771,ffff884d5020,python):2026-09-14-18:18:43.395.046 [mindspore/ccsrc/pybind_api/ir/tensor_py.cc:730] DataPtr] Tensor device address is null
[ERROR] COMMON(964771,ffff884d5020,python):2026-09-14-18:18:43.395.732 [mindspore/ccsrc/pybind_api/ir/tensor_py.cc:730] DataPtr] Tensor device address is null
[ERROR] COMMON(964771,ffff884d5020,python):2026-09-14-18:18:43.398.211 [mindspore/ccsrc/pybind_api/ir/tensor_py.cc:730] DataPtr] Tensor device address is null
[ERROR] COMMON(964771,ffff884d5020,python):2026-09-14-18:18:43.398.909 [mindspore/ccsrc/pybind_api/ir/tensor_py.cc:730] DataPtr] Tensor device address is null
[ERROR] COMMON(964771,ffff884d5020,python):2026-09-14-18:18:43.404.987 [mindspore/ccsrc/pybind_api/ir/tensor_py.cc:730] DataPtr] Tensor device address is null
[ERROR] COMMON(964771,ffff884d5020,python):2026-09-14-18:18:43.405.710 [mindspore/ccsrc/pybind_api/ir/tensor_py.cc:730] DataPtr] Tensor device address is null
[ERROR] COMMON(964771,ffff884d5020,python):2026-09-14-18:18:43.411.217 [mindspore/ccsrc/pybind_api/ir/tensor_py.cc:730] DataPtr] Tensor device address is null
[ERROR] COMMON(964771,ffff884d5020,python):2026-09-14-18:18:43.411.924 [mindspore/ccsrc/pybind_api/ir/tensor_py.cc:730] DataPtr] Tensor device address is null
[ERROR] COMMON(964771,ffff884d5020,python):2026-09-14-18:18:43.412.610 [mindspore/ccsrc/pybind_api/ir/tensor_py.cc:730] DataPtr] Tensor device address is null
[ERROR] COMMON(964771,ffff884d5020,python):2026-09-14-18:18:43.413.288 [mindspore/ccsrc/pybind_api/ir/tensor_py.cc:730] DataPtr] Tensor device address is null
[ERROR] COMMON(964771,ffff884d5020,python):2026-09-14-18:18:43.413.945 [mindspore/ccsrc/pybind_api/ir/tensor_py.cc:730] DataPtr] Tensor device address is null
[ERROR] COMMON(964771,ffff884d5020,python):2026-09-14-18:18:43.414.608 [mindspore/ccsrc/pybind_api/ir/tensor_py.cc:730] DataPtr] Tensor device address is null
[ERROR] COMMON(964771,ffff884d5020,python):2026-09-14-18:18:43.417.108 [mindspore/ccsrc/pybind_api/ir/tensor_py.cc:730] DataPtr] Tensor device address is null
[ERROR] COMMON(964771,ffff884d5020,python):2026-09-14-18:18:43.417.780 [mindspore/ccsrc/pybind_api/ir/tensor_py.cc:730] DataPtr] Tensor device address is null
[ERROR] COMMON(964771,ffff884d5020,python):2026-09-14-18:18:43.420.221 [mindspore/ccsrc/pybind_api/ir/tensor_py.cc:730] DataPtr] Tensor device address is null
[ERROR] COMMON(964771,ffff884d5020,python):2026-09-14-18:18:43.420.922 [mindspore/ccsrc/pybind_api/ir/tensor_py.cc:730] DataPtr] Tensor device address is null
[ERROR] COMMON(964771,ffff884d5020,python):2026-09-14-18:18:43.423.404 [mindspore/ccsrc/pybind_api/ir/tensor_py.cc:730] DataPtr] Tensor device address is null
[ERROR] COMMON(964771,ffff884d5020,python):2026-09-14-18:18:43.424.080 [mindspore/ccsrc/pybind_api/ir/tensor_py.cc:730] DataPtr] Tensor device address is null
[ERROR] COMMON(964771,ffff884d5020,python):2026-09-14-18:18:43.426.587 [mindspore/ccsrc/pybind_api/ir/tensor_py.cc:730] DataPtr] Tensor device address is null
[ERROR] COMMON(964771,ffff884d5020,python):2026-09-14-18:18:43.427.277 [mindspore/ccsrc/pybind_api/ir/tensor_py.cc:730] DataPtr] Tensor device address is null
[ERROR] COMMON(964771,ffff884d5020,python):2026-09-14-18:18:43.432.870 [mindspore/ccsrc/pybind_api/ir/tensor_py.cc:730] DataPtr] Tensor device address is null
[ERROR] COMMON(964771,ffff884d5020,python):2026-09-14-18:18:43.433.586 [mindspore/ccsrc/pybind_api/ir/tensor_py.cc:730] DataPtr] Tensor device address is null
[ERROR] COMMON(964771,ffff884d5020,python):2026-09-14-18:18:43.439.677 [mindspore/ccsrc/pybind_api/ir/tensor_py.cc:730] DataPtr] Tensor device address is null
[ERROR] COMMON(964771,ffff884d5020,python):2026-09-14-18:18:43.440.385 [mindspore/ccsrc/pybind_api/ir/tensor_py.cc:730] DataPtr] Tensor device address is null
[ERROR] COMMON(964771,ffff884d5020,python):2026-09-14-18:18:43.441.080 [mindspore/ccsrc/pybind_api/ir/tensor_py.cc:730] DataPtr] Tensor device address is null
[ERROR] COMMON(964771,ffff884d5020,python):2026-09-14-18:18:43.441.761 [mindspore/ccsrc/pybind_api/ir/tensor_py.cc:730] DataPtr] Tensor device address is null
[ERROR] COMMON(964771,ffff884d5020,python):2026-09-14-18:18:43.442.427 [mindspore/ccsrc/pybind_api/ir/tensor_py.cc:730] DataPtr] Tensor device address is null
[ERROR] COMMON(964771,ffff884d5020,python):2026-09-14-18:18:43.443.090 [mindspore/ccsrc/pybind_api/ir/tensor_py.cc:730] DataPtr] Tensor device address is null
[ERROR] COMMON(964771,ffff884d5020,python):2026-09-14-18:18:43.445.579 [mindspore/ccsrc/pybind_api/ir/tensor_py.cc:730] DataPtr] Tensor device address is null
[ERROR] COMMON(964771,ffff884d5020,python):2026-09-14-18:18:43.446.262 [mindspore/ccsrc/pybind_api/ir/tensor_py.cc:730] DataPtr] Tensor device address is null
[ERROR] COMMON(964771,ffff884d5020,python):2026-09-14-18:18:43.448.781 [mindspore/ccsrc/pybind_api/ir/tensor_py.cc:730] DataPtr] Tensor device address is null
[ERROR] COMMON(964771,ffff884d5020,python):2026-09-14-18:18:43.449.472 [mindspore/ccsrc/pybind_api/ir/tensor_py.cc:730] DataPtr] Tensor device address is null
[ERROR] COMMON(964771,ffff884d5020,python):2026-09-14-18:18:43.451.452 [mindspore/ccsrc/pybind_api/ir/tensor_py.cc:730] DataPtr] Tensor device address is null
[ERROR] COMMON(964771,ffff884d5020,python):2026-09-14-18:18:43.452.129 [mindspore/ccsrc/pybind_api/ir/tensor_py.cc:730] DataPtr] Tensor device address is null
[ERROR] COMMON(964771,ffff884d5020,python):2026-09-14-18:18:43.454.567 [mindspore/ccsrc/pybind_api/ir/tensor_py.cc:730] DataPtr] Tensor device address is null
[ERROR] COMMON(964771,ffff884d5020,python):2026-09-14-18:18:43.455.255 [mindspore/ccsrc/pybind_api/ir/tensor_py.cc:730] DataPtr] Tensor device address is null
[ERROR] COMMON(964771,ffff884d5020,python):2026-09-14-18:18:43.461.406 [mindspore/ccsrc/pybind_api/ir/tensor_py.cc:730] DataPtr] Tensor device address is null
[ERROR] COMMON(964771,ffff884d5020,python):2026-09-14-18:18:43.462.126 [mindspore/ccsrc/pybind_api/ir/tensor_py.cc:730] DataPtr] Tensor device address is null
[ERROR] COMMON(964771,ffff884d5020,python):2026-09-14-18:18:43.467.629 [mindspore/ccsrc/pybind_api/ir/tensor_py.cc:730] DataPtr] Tensor device address is null
