[WARNING] ME(678373:281473507541024,MainProcess):2026-09-14-15:57:17.738.939 [mindspore/run_check/_check_version.py:402] Can not find the tbe operator implementation(need by mindspore-ascend). Please check whether the Environment Variable PYTHONPATH is set. For details, refer to the installation guidelines: https://www.mindspore.cn/install
/home/user7/miniconda3/envs/ms_2.5/lib/python3.9/site-packages/numpy/core/getlimits.py:549: UserWarning: The value of the smallest subnormal for <class 'numpy.float64'> type is zero.
  setattr(self, word, getattr(machar, word).flat[0])
/home/user7/miniconda3/envs/ms_2.5/lib/python3.9/site-packages/numpy/core/getlimits.py:89: UserWarning: The value of the smallest subnormal for <class 'numpy.float64'> type is zero.
  return self._float_to_str(self.smallest_subnormal)
/home/user7/miniconda3/envs/ms_2.5/lib/python3.9/site-packages/numpy/core/getlimits.py:549: UserWarning: The value of the smallest subnormal for <class 'numpy.float32'> type is zero.
  setattr(self, word, getattr(machar, word).flat[0])
/home/user7/miniconda3/envs/ms_2.5/lib/python3.9/site-packages/numpy/core/getlimits.py:89: UserWarning: The value of the smallest subnormal for <class 'numpy.float32'> type is zero.
  return self._float_to_str(self.smallest_subnormal)
[WARNING] ME(678373:281473507541024,MainProcess):2026-09-14-15:57:21.119.13 [mindspore/context.py:1335] For 'context.set_context', the parameter 'deterministic' will be deprecated and removed in a future version. Please use the api mindspore.set_deterministic() instead.
[WARNING] ME(678373:281473507541024,MainProcess):2026-09-14-15:57:21.134.94 [mindspore/run_check/_check_version.py:402] Can not find the tbe operator implementation(need by mindspore-ascend). Please check whether the Environment Variable PYTHONPATH is set. For details, refer to the installation guidelines: https://www.mindspore.cn/install
[WARNING] ME(678373:281473507541024,MainProcess):2026-09-14-15:57:21.136.55 [mindspore/context.py:1335] For 'context.set_context', the parameter 'device_target' will be deprecated and removed in a future version. Please use the api mindspore.set_device() instead.
[WARNING] ME(678373:281473507541024,MainProcess):2026-09-14-15:57:21.143.31 [mindspore/run_check/_check_version.py:402] Can not find the tbe operator implementation(need by mindspore-ascend). Please check whether the Environment Variable PYTHONPATH is set. For details, refer to the installation guidelines: https://www.mindspore.cn/install
[WARNING] ME(678373:281473507541024,MainProcess):2026-09-14-15:57:21.144.37 [mindspore/context.py:1335] For 'context.set_context', the parameter 'device_id' will be deprecated and removed in a future version. Please use the api mindspore.set_device() instead.
/home/user7/miniconda3/envs/ms_2.5/lib/python3.9/site-packages/jieba/_compat.py:18: UserWarning: pkg_resources is deprecated as an API. See https://setuptools.pypa.io/en/latest/pkg_resources.html. The pkg_resources package is slated for removal as early as 2025-11-30. Refrain from using this package or pin to Setuptools<81.
  import pkg_resources
[WARNING] ME(678373:281473507541024,MainProcess):2026-09-14-15:57:22.175.478 [mindspore/ops/primitive.py:217] The in_strategy/in_layout of the operator in your network will not take effect in stand_alone mode. This means the the shard function called in the network is ignored. 
If you want to enable it, please use semi auto or auto parallel mode by context.set_auto_parallel_context(parallel_mode=ParallelMode.SEMI_AUTO_PARALLEL or context.set_auto_parallel_context(parallel_mode=ParallelMode.AUTO_PARALLEL)
[WARNING] ME(678373:281473507541024,MainProcess):2026-09-14-15:57:22.573.605 [mindspore/common/parameter.py:851] This interface may be deleted in the future.
[WARNING] ME(678373:281473507541024,MainProcess):2026-09-14-15:57:50.160.431 [mindspore/hal/stream.py:272] WARN_DEPRECATED: The usage of mindspore.hal.synchronize() is deprecated. Please use mindspore.runtime.synchronize()
[ERROR] COMMON(678373,ffffa86e4020,python):2026-09-14-15:57:58.484.457 [mindspore/ccsrc/pybind_api/ir/tensor_py.cc:730] DataPtr] Tensor device address is null
[ERROR] COMMON(678373,ffffa86e4020,python):2026-09-14-15:57:58.559.907 [mindspore/ccsrc/pybind_api/ir/tensor_py.cc:730] DataPtr] Tensor device address is null
[ERROR] COMMON(678373,ffffa86e4020,python):2026-09-14-15:57:58.567.951 [mindspore/ccsrc/pybind_api/ir/tensor_py.cc:730] DataPtr] Tensor device address is null
[ERROR] COMMON(678373,ffffa86e4020,python):2026-09-14-15:57:58.575.005 [mindspore/ccsrc/pybind_api/ir/tensor_py.cc:730] DataPtr] Tensor device address is null
[ERROR] COMMON(678373,ffffa86e4020,python):2026-09-14-15:57:58.575.705 [mindspore/ccsrc/pybind_api/ir/tensor_py.cc:730] DataPtr] Tensor device address is null
[ERROR] COMMON(678373,ffffa86e4020,python):2026-09-14-15:57:58.576.326 [mindspore/ccsrc/pybind_api/ir/tensor_py.cc:730] DataPtr] Tensor device address is null
[ERROR] COMMON(678373,ffffa86e4020,python):2026-09-14-15:57:58.576.963 [mindspore/ccsrc/pybind_api/ir/tensor_py.cc:730] DataPtr] Tensor device address is null
[ERROR] COMMON(678373,ffffa86e4020,python):2026-09-14-15:57:58.577.585 [mindspore/ccsrc/pybind_api/ir/tensor_py.cc:730] DataPtr] Tensor device address is null
[ERROR] COMMON(678373,ffffa86e4020,python):2026-09-14-15:57:58.578.209 [mindspore/ccsrc/pybind_api/ir/tensor_py.cc:730] DataPtr] Tensor device address is null
[ERROR] COMMON(678373,ffffa86e4020,python):2026-09-14-15:57:58.588.964 [mindspore/ccsrc/pybind_api/ir/tensor_py.cc:730] DataPtr] Tensor device address is null
[ERROR] COMMON(678373,ffffa86e4020,python):2026-09-14-15:57:58.589.696 [mindspore/ccsrc/pybind_api/ir/tensor_py.cc:730] DataPtr] Tensor device address is null
[ERROR] COMMON(678373,ffffa86e4020,python):2026-09-14-15:57:58.591.509 [mindspore/ccsrc/pybind_api/ir/tensor_py.cc:730] DataPtr] Tensor device address is null
[ERROR] COMMON(678373,ffffa86e4020,python):2026-09-14-15:57:58.592.162 [mindspore/ccsrc/pybind_api/ir/tensor_py.cc:730] DataPtr] Tensor device address is null
[ERROR] COMMON(678373,ffffa86e4020,python):2026-09-14-15:57:58.593.771 [mindspore/ccsrc/pybind_api/ir/tensor_py.cc:730] DataPtr] Tensor device address is null
[ERROR] COMMON(678373,ffffa86e4020,python):2026-09-14-15:57:58.594.407 [mindspore/ccsrc/pybind_api/ir/tensor_py.cc:730] DataPtr] Tensor device address is null
[ERROR] COMMON(678373,ffffa86e4020,python):2026-09-14-15:57:58.596.002 [mindspore/ccsrc/pybind_api/ir/tensor_py.cc:730] DataPtr] Tensor device address is null
[ERROR] COMMON(678373,ffffa86e4020,python):2026-09-14-15:57:58.596.653 [mindspore/ccsrc/pybind_api/ir/tensor_py.cc:730] DataPtr] Tensor device address is null
[ERROR] COMMON(678373,ffffa86e4020,python):2026-09-14-15:57:58.607.279 [mindspore/ccsrc/pybind_api/ir/tensor_py.cc:730] DataPtr] Tensor device address is null
[ERROR] COMMON(678373,ffffa86e4020,python):2026-09-14-15:57:58.614.276 [mindspore/ccsrc/pybind_api/ir/tensor_py.cc:730] DataPtr] Tensor device address is null
[ERROR] COMMON(678373,ffffa86e4020,python):2026-09-14-15:57:58.631.813 [mindspore/ccsrc/pybind_api/ir/tensor_py.cc:730] DataPtr] Tensor device address is null
[ERROR] COMMON(678373,ffffa86e4020,python):2026-09-14-15:57:58.632.593 [mindspore/ccsrc/pybind_api/ir/tensor_py.cc:730] DataPtr] Tensor device address is null
[ERROR] COMMON(678373,ffffa86e4020,python):2026-09-14-15:57:58.633.241 [mindspore/ccsrc/pybind_api/ir/tensor_py.cc:730] DataPtr] Tensor device address is null
[ERROR] COMMON(678373,ffffa86e4020,python):2026-09-14-15:57:58.633.887 [mindspore/ccsrc/pybind_api/ir/tensor_py.cc:730] DataPtr] Tensor device address is null
[ERROR] COMMON(678373,ffffa86e4020,python):2026-09-14-15:57:58.634.523 [mindspore/ccsrc/pybind_api/ir/tensor_py.cc:730] DataPtr] Tensor device address is null
[ERROR] COMMON(678373,ffffa86e4020,python):2026-09-14-15:57:58.635.158 [mindspore/ccsrc/pybind_api/ir/tensor_py.cc:730] DataPtr] Tensor device address is null
[ERROR] COMMON(678373,ffffa86e4020,python):2026-09-14-15:57:58.636.777 [mindspore/ccsrc/pybind_api/ir/tensor_py.cc:730] DataPtr] Tensor device address is null
[ERROR] COMMON(678373,ffffa86e4020,python):2026-09-14-15:57:58.637.426 [mindspore/ccsrc/pybind_api/ir/tensor_py.cc:730] DataPtr] Tensor device address is null
[ERROR] COMMON(678373,ffffa86e4020,python):2026-09-14-15:57:58.639.341 [mindspore/ccsrc/pybind_api/ir/tensor_py.cc:730] DataPtr] Tensor device address is null
[ERROR] COMMON(678373,ffffa86e4020,python):2026-09-14-15:57:58.639.971 [mindspore/ccsrc/pybind_api/ir/tensor_py.cc:730] DataPtr] Tensor device address is null
[ERROR] COMMON(678373,ffffa86e4020,python):2026-09-14-15:57:58.641.649 [mindspore/ccsrc/pybind_api/ir/tensor_py.cc:730] DataPtr] Tensor device address is null
[ERROR] COMMON(678373,ffffa86e4020,python):2026-09-14-15:57:58.642.291 [mindspore/ccsrc/pybind_api/ir/tensor_py.cc:730] DataPtr] Tensor device address is null
[ERROR] COMMON(678373,ffffa86e4020,python):2026-09-14-15:57:58.643.965 [mindspore/ccsrc/pybind_api/ir/tensor_py.cc:730] DataPtr] Tensor device address is null
[ERROR] COMMON(678373,ffffa86e4020,python):2026-09-14-15:57:58.644.608 [mindspore/ccsrc/pybind_api/ir/tensor_py.cc:730] DataPtr] Tensor device address is null
[ERROR] COMMON(678373,ffffa86e4020,python):2026-09-14-15:57:58.649.777 [mindspore/ccsrc/pybind_api/ir/tensor_py.cc:730] DataPtr] Tensor device address is null
[ERROR] COMMON(678373,ffffa86e4020,python):2026-09-14-15:57:58.650.473 [mindspore/ccsrc/pybind_api/ir/tensor_py.cc:730] DataPtr] Tensor device address is null
[ERROR] COMMON(678373,ffffa86e4020,python):2026-09-14-15:57:58.656.481 [mindspore/ccsrc/pybind_api/ir/tensor_py.cc:730] DataPtr] Tensor device address is null
[ERROR] COMMON(678373,ffffa86e4020,python):2026-09-14-15:57:58.657.192 [mindspore/ccsrc/pybind_api/ir/tensor_py.cc:730] DataPtr] Tensor device address is null
[ERROR] COMMON(678373,ffffa86e4020,python):2026-09-14-15:57:58.657.836 [mindspore/ccsrc/pybind_api/ir/tensor_py.cc:730] DataPtr] Tensor device address is null
[ERROR] COMMON(678373,ffffa86e4020,python):2026-09-14-15:57:58.658.471 [mindspore/ccsrc/pybind_api/ir/tensor_py.cc:730] DataPtr] Tensor device address is null
[ERROR] COMMON(678373,ffffa86e4020,python):2026-09-14-15:57:58.659.095 [mindspore/ccsrc/pybind_api/ir/tensor_py.cc:730] DataPtr] Tensor device address is null
[ERROR] COMMON(678373,ffffa86e4020,python):2026-09-14-15:57:58.659.728 [mindspore/ccsrc/pybind_api/ir/tensor_py.cc:730] DataPtr] Tensor device address is null
[ERROR] COMMON(678373,ffffa86e4020,python):2026-09-14-15:57:58.661.336 [mindspore/ccsrc/pybind_api/ir/tensor_py.cc:730] DataPtr] Tensor device address is null
[ERROR] COMMON(678373,ffffa86e4020,python):2026-09-14-15:57:58.661.986 [mindspore/ccsrc/pybind_api/ir/tensor_py.cc:730] DataPtr] Tensor device address is null
[ERROR] COMMON(678373,ffffa86e4020,python):2026-09-14-15:57:58.663.605 [mindspore/ccsrc/pybind_api/ir/tensor_py.cc:730] DataPtr] Tensor device address is null
[ERROR] COMMON(678373,ffffa86e4020,python):2026-09-14-15:57:58.664.245 [mindspore/ccsrc/pybind_api/ir/tensor_py.cc:730] DataPtr] Tensor device address is null
[ERROR] COMMON(678373,ffffa86e4020,python):2026-09-14-15:57:58.665.838 [mindspore/ccsrc/pybind_api/ir/tensor_py.cc:730] DataPtr] Tensor device address is null
[ERROR] COMMON(678373,ffffa86e4020,python):2026-09-14-15:57:58.666.481 [mindspore/ccsrc/pybind_api/ir/tensor_py.cc:730] DataPtr] Tensor device address is null
[ERROR] COMMON(678373,ffffa86e4020,python):2026-09-14-15:57:58.668.519 [mindspore/ccsrc/pybind_api/ir/tensor_py.cc:730] DataPtr] Tensor device address is null
[ERROR] COMMON(678373,ffffa86e4020,python):2026-09-14-15:57:58.669.173 [mindspore/ccsrc/pybind_api/ir/tensor_py.cc:730] DataPtr] Tensor device address is null
[ERROR] COMMON(678373,ffffa86e4020,python):2026-09-14-15:57:58.674.572 [mindspore/ccsrc/pybind_api/ir/tensor_py.cc:730] DataPtr] Tensor device address is null
[ERROR] COMMON(678373,ffffa86e4020,python):2026-09-14-15:57:58.675.267 [mindspore/ccsrc/pybind_api/ir/tensor_py.cc:730] DataPtr] Tensor device address is null
[ERROR] COMMON(678373,ffffa86e4020,python):2026-09-14-15:57:58.681.538 [mindspore/ccsrc/pybind_api/ir/tensor_py.cc:730] DataPtr] Tensor device address is null
[ERROR] COMMON(678373,ffffa86e4020,python):2026-09-14-15:57:58.682.257 [mindspore/ccsrc/pybind_api/ir/tensor_py.cc:730] DataPtr] Tensor device address is null
[ERROR] COMMON(678373,ffffa86e4020,python):2026-09-14-15:57:58.682.881 [mindspore/ccsrc/pybind_api/ir/tensor_py.cc:730] DataPtr] Tensor device address is null
[ERROR] COMMON(678373,ffffa86e4020,python):2026-09-14-15:57:58.683.511 [mindspore/ccsrc/pybind_api/ir/tensor_py.cc:730] DataPtr] Tensor device address is null
[ERROR] COMMON(678373,ffffa86e4020,python):2026-09-14-15:57:58.684.138 [mindspore/ccsrc/pybind_api/ir/tensor_py.cc:730] DataPtr] Tensor device address is null
[ERROR] COMMON(678373,ffffa86e4020,python):2026-09-14-15:57:58.684.786 [mindspore/ccsrc/pybind_api/ir/tensor_py.cc:730] DataPtr] Tensor device address is null
[ERROR] COMMON(678373,ffffa86e4020,python):2026-09-14-15:57:58.686.376 [mindspore/ccsrc/pybind_api/ir/tensor_py.cc:730] DataPtr] Tensor device address is null
[ERROR] COMMON(678373,ffffa86e4020,python):2026-09-14-15:57:58.687.043 [mindspore/ccsrc/pybind_api/ir/tensor_py.cc:730] DataPtr] Tensor device address is null
[ERROR] COMMON(678373,ffffa86e4020,python):2026-09-14-15:57:58.688.627 [mindspore/ccsrc/pybind_api/ir/tensor_py.cc:730] DataPtr] Tensor device address is null
[ERROR] COMMON(678373,ffffa86e4020,python):2026-09-14-15:57:58.689.274 [mindspore/ccsrc/pybind_api/ir/tensor_py.cc:730] DataPtr] Tensor device address is null
[ERROR] COMMON(678373,ffffa86e4020,python):2026-09-14-15:57:58.691.076 [mindspore/ccsrc/pybind_api/ir/tensor_py.cc:730] DataPtr] Tensor device address is null
[ERROR] COMMON(678373,ffffa86e4020,python):2026-09-14-15:57:58.691.706 [mindspore/ccsrc/pybind_api/ir/tensor_py.cc:730] DataPtr] Tensor device address is null
[ERROR] COMMON(678373,ffffa86e4020,python):2026-09-14-15:57:58.693.617 [mindspore/ccsrc/pybind_api/ir/tensor_py.cc:730] DataPtr] Tensor device address is null
[ERROR] COMMON(678373,ffffa86e4020,python):2026-09-14-15:57:58.694.277 [mindspore/ccsrc/pybind_api/ir/tensor_py.cc:730] DataPtr] Tensor device address is null
[ERROR] COMMON(678373,ffffa86e4020,python):2026-09-14-15:57:58.698.924 [mindspore/ccsrc/pybind_api/ir/tensor_py.cc:730] DataPtr] Tensor device address is null
[ERROR] COMMON(678373,ffffa86e4020,python):2026-09-14-15:57:58.699.591 [mindspore/ccsrc/pybind_api/ir/tensor_py.cc:730] DataPtr] Tensor device address is null
[ERROR] COMMON(678373,ffffa86e4020,python):2026-09-14-15:57:58.706.023 [mindspore/ccsrc/pybind_api/ir/tensor_py.cc:730] DataPtr] Tensor device address is null
[ERROR] COMMON(678373,ffffa86e4020,python):2026-09-14-15:57:58.706.729 [mindspore/ccsrc/pybind_api/ir/tensor_py.cc:730] DataPtr] Tensor device address is null
[ERROR] COMMON(678373,ffffa86e4020,python):2026-09-14-15:57:58.707.364 [mindspore/ccsrc/pybind_api/ir/tensor_py.cc:730] DataPtr] Tensor device address is null
[ERROR] COMMON(678373,ffffa86e4020,python):2026-09-14-15:57:58.708.014 [mindspore/ccsrc/pybind_api/ir/tensor_py.cc:730] DataPtr] Tensor device address is null
[ERROR] COMMON(678373,ffffa86e4020,python):2026-09-14-15:57:58.708.650 [mindspore/ccsrc/pybind_api/ir/tensor_py.cc:730] DataPtr] Tensor device address is null
[ERROR] COMMON(678373,ffffa86e4020,python):2026-09-14-15:57:58.709.280 [mindspore/ccsrc/pybind_api/ir/tensor_py.cc:730] DataPtr] Tensor device address is null
[ERROR] COMMON(678373,ffffa86e4020,python):2026-09-14-15:57:58.710.891 [mindspore/ccsrc/pybind_api/ir/tensor_py.cc:730] DataPtr] Tensor device address is null
[ERROR] COMMON(678373,ffffa86e4020,python):2026-09-14-15:57:58.711.540 [mindspore/ccsrc/pybind_api/ir/tensor_py.cc:730] DataPtr] Tensor device address is null
[ERROR] COMMON(678373,ffffa86e4020,python):2026-09-14-15:57:58.713.138 [mindspore/ccsrc/pybind_api/ir/tensor_py.cc:730] DataPtr] Tensor device address is null
[ERROR] COMMON(678373,ffffa86e4020,python):2026-09-14-15:57:58.713.797 [mindspore/ccsrc/pybind_api/ir/tensor_py.cc:730] DataPtr] Tensor device address is null
[ERROR] COMMON(678373,ffffa86e4020,python):2026-09-14-15:57:58.715.379 [mindspore/ccsrc/pybind_api/ir/tensor_py.cc:730] DataPtr] Tensor device address is null
[ERROR] COMMON(678373,ffffa86e4020,python):2026-09-14-15:57:58.716.021 [mindspore/ccsrc/pybind_api/ir/tensor_py.cc:730] DataPtr] Tensor device address is null
[ERROR] COMMON(678373,ffffa86e4020,python):2026-09-14-15:57:58.718.076 [mindspore/ccsrc/pybind_api/ir/tensor_py.cc:730] DataPtr] Tensor device address is null
[ERROR] COMMON(678373,ffffa86e4020,python):2026-09-14-15:57:58.718.732 [mindspore/ccsrc/pybind_api/ir/tensor_py.cc:730] DataPtr] Tensor device address is null
[ERROR] COMMON(678373,ffffa86e4020,python):2026-09-14-15:57:58.724.165 [mindspore/ccsrc/pybind_api/ir/tensor_py.cc:730] DataPtr] Tensor device address is null
[ERROR] COMMON(678373,ffffa86e4020,python):2026-09-14-15:57:58.724.880 [mindspore/ccsrc/pybind_api/ir/tensor_py.cc:730] DataPtr] Tensor device address is null
[ERROR] COMMON(678373,ffffa86e4020,python):2026-09-14-15:57:58.730.702 [mindspore/ccsrc/pybind_api/ir/tensor_py.cc:730] DataPtr] Tensor device address is null
[ERROR] COMMON(678373,ffffa86e4020,python):2026-09-14-15:57:58.731.407 [mindspore/ccsrc/pybind_api/ir/tensor_py.cc:730] DataPtr] Tensor device address is null
[ERROR] COMMON(678373,ffffa86e4020,python):2026-09-14-15:57:58.732.050 [mindspore/ccsrc/pybind_api/ir/tensor_py.cc:730] DataPtr] Tensor device address is null
[ERROR] COMMON(678373,ffffa86e4020,python):2026-09-14-15:57:58.732.704 [mindspore/ccsrc/pybind_api/ir/tensor_py.cc:730] DataPtr] Tensor device address is null
[ERROR] COMMON(678373,ffffa86e4020,python):2026-09-14-15:57:58.733.330 [mindspore/ccsrc/pybind_api/ir/tensor_py.cc:730] DataPtr] Tensor device address is null
[ERROR] COMMON(678373,ffffa86e4020,python):2026-09-14-15:57:58.733.979 [mindspore/ccsrc/pybind_api/ir/tensor_py.cc:730] DataPtr] Tensor device address is null
[ERROR] COMMON(678373,ffffa86e4020,python):2026-09-14-15:57:58.735.556 [mindspore/ccsrc/pybind_api/ir/tensor_py.cc:730] DataPtr] Tensor device address is null
[ERROR] COMMON(678373,ffffa86e4020,python):2026-09-14-15:57:58.736.196 [mindspore/ccsrc/pybind_api/ir/tensor_py.cc:730] DataPtr] Tensor device address is null
[ERROR] COMMON(678373,ffffa86e4020,python):2026-09-14-15:57:58.737.868 [mindspore/ccsrc/pybind_api/ir/tensor_py.cc:730] DataPtr] Tensor device address is null
[ERROR] COMMON(678373,ffffa86e4020,python):2026-09-14-15:57:58.738.498 [mindspore/ccsrc/pybind_api/ir/tensor_py.cc:730] DataPtr] Tensor device address is null
[ERROR] COMMON(678373,ffffa86e4020,python):2026-09-14-15:57:58.740.239 [mindspore/ccsrc/pybind_api/ir/tensor_py.cc:730] DataPtr] Tensor device address is null
[ERROR] COMMON(678373,ffffa86e4020,python):2026-09-14-15:57:58.740.893 [mindspore/ccsrc/pybind_api/ir/tensor_py.cc:730] DataPtr] Tensor device address is null
[ERROR] COMMON(678373,ffffa86e4020,python):2026-09-14-15:57:58.743.605 [mindspore/ccsrc/pybind_api/ir/tensor_py.cc:730] DataPtr] Tensor device address is null
[ERROR] COMMON(678373,ffffa86e4020,python):2026-09-14-15:57:58.744.246 [mindspore/ccsrc/pybind_api/ir/tensor_py.cc:730] DataPtr] Tensor device address is null
[ERROR] COMMON(678373,ffffa86e4020,python):2026-09-14-15:57:58.749.390 [mindspore/ccsrc/pybind_api/ir/tensor_py.cc:730] DataPtr] Tensor device address is null
[ERROR] COMMON(678373,ffffa86e4020,python):2026-09-14-15:57:58.750.066 [mindspore/ccsrc/pybind_api/ir/tensor_py.cc:730] DataPtr] Tensor device address is null
[ERROR] COMMON(678373,ffffa86e4020,python):2026-09-14-15:57:58.756.415 [mindspore/ccsrc/pybind_api/ir/tensor_py.cc:730] DataPtr] Tensor device address is null
[ERROR] COMMON(678373,ffffa86e4020,python):2026-09-14-15:57:58.757.148 [mindspore/ccsrc/pybind_api/ir/tensor_py.cc:730] DataPtr] Tensor device address is null
[ERROR] COMMON(678373,ffffa86e4020,python):2026-09-14-15:57:58.757.774 [mindspore/ccsrc/pybind_api/ir/tensor_py.cc:730] DataPtr] Tensor device address is null
[ERROR] COMMON(678373,ffffa86e4020,python):2026-09-14-15:57:58.758.401 [mindspore/ccsrc/pybind_api/ir/tensor_py.cc:730] DataPtr] Tensor device address is null
[ERROR] COMMON(678373,ffffa86e4020,python):2026-09-14-15:57:58.759.030 [mindspore/ccsrc/pybind_api/ir/tensor_py.cc:730] DataPtr] Tensor device address is null
[ERROR] COMMON(678373,ffffa86e4020,python):2026-09-14-15:57:58.759.658 [mindspore/ccsrc/pybind_api/ir/tensor_py.cc:730] DataPtr] Tensor device address is null
[ERROR] COMMON(678373,ffffa86e4020,python):2026-09-14-15:57:58.761.259 [mindspore/ccsrc/pybind_api/ir/tensor_py.cc:730] DataPtr] Tensor device address is null
[ERROR] COMMON(678373,ffffa86e4020,python):2026-09-14-15:57:58.761.901 [mindspore/ccsrc/pybind_api/ir/tensor_py.cc:730] DataPtr] Tensor device address is null
[ERROR] COMMON(678373,ffffa86e4020,python):2026-09-14-15:57:58.764.485 [mindspore/ccsrc/pybind_api/ir/tensor_py.cc:730] DataPtr] Tensor device address is null
[ERROR] COMMON(678373,ffffa86e4020,python):2026-09-14-15:57:58.765.133 [mindspore/ccsrc/pybind_api/ir/tensor_py.cc:730] DataPtr] Tensor device address is null
[ERROR] COMMON(678373,ffffa86e4020,python):2026-09-14-15:57:58.767.685 [mindspore/ccsrc/pybind_api/ir/tensor_py.cc:730] DataPtr] Tensor device address is null
[ERROR] COMMON(678373,ffffa86e4020,python):2026-09-14-15:57:58.768.357 [mindspore/ccsrc/pybind_api/ir/tensor_py.cc:730] DataPtr] Tensor device address is null
[ERROR] COMMON(678373,ffffa86e4020,python):2026-09-14-15:57:58.770.845 [mindspore/ccsrc/pybind_api/ir/tensor_py.cc:730] DataPtr] Tensor device address is null
[ERROR] COMMON(678373,ffffa86e4020,python):2026-09-14-15:57:58.771.516 [mindspore/ccsrc/pybind_api/ir/tensor_py.cc:730] DataPtr] Tensor device address is null
[ERROR] COMMON(678373,ffffa86e4020,python):2026-09-14-15:57:58.777.299 [mindspore/ccsrc/pybind_api/ir/tensor_py.cc:730] DataPtr] Tensor device address is null
[ERROR] COMMON(678373,ffffa86e4020,python):2026-09-14-15:57:58.777.992 [mindspore/ccsrc/pybind_api/ir/tensor_py.cc:730] DataPtr] Tensor device address is null
[ERROR] COMMON(678373,ffffa86e4020,python):2026-09-14-15:57:58.784.618 [mindspore/ccsrc/pybind_api/ir/tensor_py.cc:730] DataPtr] Tensor device address is null
[ERROR] COMMON(678373,ffffa86e4020,python):2026-09-14-15:57:58.785.336 [mindspore/ccsrc/pybind_api/ir/tensor_py.cc:730] DataPtr] Tensor device address is null
[ERROR] COMMON(678373,ffffa86e4020,python):2026-09-14-15:57:58.785.970 [mindspore/ccsrc/pybind_api/ir/tensor_py.cc:730] DataPtr] Tensor device address is null
[ERROR] COMMON(678373,ffffa86e4020,python):2026-09-14-15:57:58.786.628 [mindspore/ccsrc/pybind_api/ir/tensor_py.cc:730] DataPtr] Tensor device address is null
[ERROR] COMMON(678373,ffffa86e4020,python):2026-09-14-15:57:58.787.255 [mindspore/ccsrc/pybind_api/ir/tensor_py.cc:730] DataPtr] Tensor device address is null
[ERROR] COMMON(678373,ffffa86e4020,python):2026-09-14-15:57:58.787.887 [mindspore/ccsrc/pybind_api/ir/tensor_py.cc:730] DataPtr] Tensor device address is null
[ERROR] COMMON(678373,ffffa86e4020,python):2026-09-14-15:57:58.789.920 [mindspore/ccsrc/pybind_api/ir/tensor_py.cc:730] DataPtr] Tensor device address is null
[ERROR] COMMON(678373,ffffa86e4020,python):2026-09-14-15:57:58.790.570 [mindspore/ccsrc/pybind_api/ir/tensor_py.cc:730] DataPtr] Tensor device address is null
[ERROR] COMMON(678373,ffffa86e4020,python):2026-09-14-15:57:58.793.118 [mindspore/ccsrc/pybind_api/ir/tensor_py.cc:730] DataPtr] Tensor device address is null
[ERROR] COMMON(678373,ffffa86e4020,python):2026-09-14-15:57:58.793.786 [mindspore/ccsrc/pybind_api/ir/tensor_py.cc:730] DataPtr] Tensor device address is null
[ERROR] COMMON(678373,ffffa86e4020,python):2026-09-14-15:57:58.796.237 [mindspore/ccsrc/pybind_api/ir/tensor_py.cc:730] DataPtr] Tensor device address is null
[ERROR] COMMON(678373,ffffa86e4020,python):2026-09-14-15:57:58.796.915 [mindspore/ccsrc/pybind_api/ir/tensor_py.cc:730] DataPtr] Tensor device address is null
[ERROR] COMMON(678373,ffffa86e4020,python):2026-09-14-15:57:58.799.456 [mindspore/ccsrc/pybind_api/ir/tensor_py.cc:730] DataPtr] Tensor device address is null
[ERROR] COMMON(678373,ffffa86e4020,python):2026-09-14-15:57:58.800.125 [mindspore/ccsrc/pybind_api/ir/tensor_py.cc:730] DataPtr] Tensor device address is null
[ERROR] COMMON(678373,ffffa86e4020,python):2026-09-14-15:57:58.806.974 [mindspore/ccsrc/pybind_api/ir/tensor_py.cc:730] DataPtr] Tensor device address is null
[ERROR] COMMON(678373,ffffa86e4020,python):2026-09-14-15:57:58.807.703 [mindspore/ccsrc/pybind_api/ir/tensor_py.cc:730] DataPtr] Tensor device address is null
[ERROR] COMMON(678373,ffffa86e4020,python):2026-09-14-15:57:58.813.777 [mindspore/ccsrc/pybind_api/ir/tensor_py.cc:730] DataPtr] Tensor device address is null
[ERROR] COMMON(678373,ffffa86e4020,python):2026-09-14-15:57:58.814.475 [mindspore/ccsrc/pybind_api/ir/tensor_py.cc:730] DataPtr] Tensor device address is null
[ERROR] COMMON(678373,ffffa86e4020,python):2026-09-14-15:57:58.815.109 [mindspore/ccsrc/pybind_api/ir/tensor_py.cc:730] DataPtr] Tensor device address is null
[ERROR] COMMON(678373,ffffa86e4020,python):2026-09-14-15:57:58.815.744 [mindspore/ccsrc/pybind_api/ir/tensor_py.cc:730] DataPtr] Tensor device address is null
[ERROR] COMMON(678373,ffffa86e4020,python):2026-09-14-15:57:58.816.368 [mindspore/ccsrc/pybind_api/ir/tensor_py.cc:730] DataPtr] Tensor device address is null
[ERROR] COMMON(678373,ffffa86e4020,python):2026-09-14-15:57:58.817.016 [mindspore/ccsrc/pybind_api/ir/tensor_py.cc:730] DataPtr] Tensor device address is null
[ERROR] COMMON(678373,ffffa86e4020,python):2026-09-14-15:57:58.819.542 [mindspore/ccsrc/pybind_api/ir/tensor_py.cc:730] DataPtr] Tensor device address is null
[ERROR] COMMON(678373,ffffa86e4020,python):2026-09-14-15:57:58.820.208 [mindspore/ccsrc/pybind_api/ir/tensor_py.cc:730] DataPtr] Tensor device address is null
[ERROR] COMMON(678373,ffffa86e4020,python):2026-09-14-15:57:58.822.744 [mindspore/ccsrc/pybind_api/ir/tensor_py.cc:730] DataPtr] Tensor device address is null
[ERROR] COMMON(678373,ffffa86e4020,python):2026-09-14-15:57:58.823.401 [mindspore/ccsrc/pybind_api/ir/tensor_py.cc:730] DataPtr] Tensor device address is null
[ERROR] COMMON(678373,ffffa86e4020,python):2026-09-14-15:57:58.825.925 [mindspore/ccsrc/pybind_api/ir/tensor_py.cc:730] DataPtr] Tensor device address is null
[ERROR] COMMON(678373,ffffa86e4020,python):2026-09-14-15:57:58.826.599 [mindspore/ccsrc/pybind_api/ir/tensor_py.cc:730] DataPtr] Tensor device address is null
[ERROR] COMMON(678373,ffffa86e4020,python):2026-09-14-15:57:58.829.102 [mindspore/ccsrc/pybind_api/ir/tensor_py.cc:730] DataPtr] Tensor device address is null
[ERROR] COMMON(678373,ffffa86e4020,python):2026-09-14-15:57:58.829.767 [mindspore/ccsrc/pybind_api/ir/tensor_py.cc:730] DataPtr] Tensor device address is null
[ERROR] COMMON(678373,ffffa86e4020,python):2026-09-14-15:57:58.835.409 [mindspore/ccsrc/pybind_api/ir/tensor_py.cc:730] DataPtr] Tensor device address is null
[ERROR] COMMON(678373,ffffa86e4020,python):2026-09-14-15:57:58.836.095 [mindspore/ccsrc/pybind_api/ir/tensor_py.cc:730] DataPtr] Tensor device address is null
[ERROR] COMMON(678373,ffffa86e4020,python):2026-09-14-15:57:58.842.172 [mindspore/ccsrc/pybind_api/ir/tensor_py.cc:730] DataPtr] Tensor device address is null
[ERROR] COMMON(678373,ffffa86e4020,python):2026-09-14-15:57:58.842.901 [mindspore/ccsrc/pybind_api/ir/tensor_py.cc:730] DataPtr] Tensor device address is null
[ERROR] COMMON(678373,ffffa86e4020,python):2026-09-14-15:57:58.843.535 [mindspore/ccsrc/pybind_api/ir/tensor_py.cc:730] DataPtr] Tensor device address is null
[ERROR] COMMON(678373,ffffa86e4020,python):2026-09-14-15:57:58.844.167 [mindspore/ccsrc/pybind_api/ir/tensor_py.cc:730] DataPtr] Tensor device address is null
[ERROR] COMMON(678373,ffffa86e4020,python):2026-09-14-15:57:58.844.801 [mindspore/ccsrc/pybind_api/ir/tensor_py.cc:730] DataPtr] Tensor device address is null
[ERROR] COMMON(678373,ffffa86e4020,python):2026-09-14-15:57:58.845.432 [mindspore/ccsrc/pybind_api/ir/tensor_py.cc:730] DataPtr] Tensor device address is null
[ERROR] COMMON(678373,ffffa86e4020,python):2026-09-14-15:57:58.847.418 [mindspore/ccsrc/pybind_api/ir/tensor_py.cc:730] DataPtr] Tensor device address is null
[ERROR] COMMON(678373,ffffa86e4020,python):2026-09-14-15:57:58.848.076 [mindspore/ccsrc/pybind_api/ir/tensor_py.cc:730] DataPtr] Tensor device address is null
[ERROR] COMMON(678373,ffffa86e4020,python):2026-09-14-15:57:58.850.621 [mindspore/ccsrc/pybind_api/ir/tensor_py.cc:730] DataPtr] Tensor device address is null
[ERROR] COMMON(678373,ffffa86e4020,python):2026-09-14-15:57:58.851.289 [mindspore/ccsrc/pybind_api/ir/tensor_py.cc:730] DataPtr] Tensor device address is null
[ERROR] COMMON(678373,ffffa86e4020,python):2026-09-14-15:57:58.853.835 [mindspore/ccsrc/pybind_api/ir/tensor_py.cc:730] DataPtr] Tensor device address is null
[ERROR] COMMON(678373,ffffa86e4020,python):2026-09-14-15:57:58.854.498 [mindspore/ccsrc/pybind_api/ir/tensor_py.cc:730] DataPtr] Tensor device address is null
[ERROR] COMMON(678373,ffffa86e4020,python):2026-09-14-15:57:58.857.034 [mindspore/ccsrc/pybind_api/ir/tensor_py.cc:730] DataPtr] Tensor device address is null
[ERROR] COMMON(678373,ffffa86e4020,python):2026-09-14-15:57:58.857.715 [mindspore/ccsrc/pybind_api/ir/tensor_py.cc:730] DataPtr] Tensor device address is null
[ERROR] COMMON(678373,ffffa86e4020,python):2026-09-14-15:57:58.864.235 [mindspore/ccsrc/pybind_api/ir/tensor_py.cc:730] DataPtr] Tensor device address is null
[ERROR] COMMON(678373,ffffa86e4020,python):2026-09-14-15:57:58.864.972 [mindspore/ccsrc/pybind_api/ir/tensor_py.cc:730] DataPtr] Tensor device address is null
[ERROR] COMMON(678373,ffffa86e4020,python):2026-09-14-15:57:58.870.478 [mindspore/ccsrc/pybind_api/ir/tensor_py.cc:730] DataPtr] Tensor device address is null
[ERROR] COMMON(678373,ffffa86e4020,python):2026-09-14-15:57:58.871.172 [mindspore/ccsrc/pybind_api/ir/tensor_py.cc:730] DataPtr] Tensor device address is null
[ERROR] COMMON(678373,ffffa86e4020,python):2026-09-14-15:57:58.871.798 [mindspore/ccsrc/pybind_api/ir/tensor_py.cc:730] DataPtr] Tensor device address is null
[ERROR] COMMON(678373,ffffa86e4020,python):2026-09-14-15:57:58.872.438 [mindspore/ccsrc/pybind_api/ir/tensor_py.cc:730] DataPtr] Tensor device address is null
[ERROR] COMMON(678373,ffffa86e4020,python):2026-09-14-15:57:58.873.068 [mindspore/ccsrc/pybind_api/ir/tensor_py.cc:730] DataPtr] Tensor device address is null
[ERROR] COMMON(678373,ffffa86e4020,python):2026-09-14-15:57:58.873.701 [mindspore/ccsrc/pybind_api/ir/tensor_py.cc:730] DataPtr] Tensor device address is null
[ERROR] COMMON(678373,ffffa86e4020,python):2026-09-14-15:57:58.876.227 [mindspore/ccsrc/pybind_api/ir/tensor_py.cc:730] DataPtr] Tensor device address is null
[ERROR] COMMON(678373,ffffa86e4020,python):2026-09-14-15:57:58.876.902 [mindspore/ccsrc/pybind_api/ir/tensor_py.cc:730] DataPtr] Tensor device address is null
[ERROR] COMMON(678373,ffffa86e4020,python):2026-09-14-15:57:58.879.439 [mindspore/ccsrc/pybind_api/ir/tensor_py.cc:730] DataPtr] Tensor device address is null
[ERROR] COMMON(678373,ffffa86e4020,python):2026-09-14-15:57:58.880.112 [mindspore/ccsrc/pybind_api/ir/tensor_py.cc:730] DataPtr] Tensor device address is null
[ERROR] COMMON(678373,ffffa86e4020,python):2026-09-14-15:57:58.882.645 [mindspore/ccsrc/pybind_api/ir/tensor_py.cc:730] DataPtr] Tensor device address is null
[ERROR] COMMON(678373,ffffa86e4020,python):2026-09-14-15:57:58.883.300 [mindspore/ccsrc/pybind_api/ir/tensor_py.cc:730] DataPtr] Tensor device address is null
[ERROR] COMMON(678373,ffffa86e4020,python):2026-09-14-15:57:58.885.831 [mindspore/ccsrc/pybind_api/ir/tensor_py.cc:730] DataPtr] Tensor device address is null
[ERROR] COMMON(678373,ffffa86e4020,python):2026-09-14-15:57:58.886.499 [mindspore/ccsrc/pybind_api/ir/tensor_py.cc:730] DataPtr] Tensor device address is null
[ERROR] COMMON(678373,ffffa86e4020,python):2026-09-14-15:57:58.892.175 [mindspore/ccsrc/pybind_api/ir/tensor_py.cc:730] DataPtr] Tensor device address is null
[ERROR] COMMON(678373,ffffa86e4020,python):2026-09-14-15:57:58.892.892 [mindspore/ccsrc/pybind_api/ir/tensor_py.cc:730] DataPtr] Tensor device address is null
[ERROR] COMMON(678373,ffffa86e4020,python):2026-09-14-15:57:58.899.422 [mindspore/ccsrc/pybind_api/ir/tensor_py.cc:730] DataPtr] Tensor device address is null
[ERROR] COMMON(678373,ffffa86e4020,python):2026-09-14-15:57:58.900.148 [mindspore/ccsrc/pybind_api/ir/tensor_py.cc:730] DataPtr] Tensor device address is null
[ERROR] COMMON(678373,ffffa86e4020,python):2026-09-14-15:57:58.900.805 [mindspore/ccsrc/pybind_api/ir/tensor_py.cc:730] DataPtr] Tensor device address is null
[ERROR] COMMON(678373,ffffa86e4020,python):2026-09-14-15:57:58.901.427 [mindspore/ccsrc/pybind_api/ir/tensor_py.cc:730] DataPtr] Tensor device address is null
[ERROR] COMMON(678373,ffffa86e4020,python):2026-09-14-15:57:58.902.043 [mindspore/ccsrc/pybind_api/ir/tensor_py.cc:730] DataPtr] Tensor device address is null
[ERROR] COMMON(678373,ffffa86e4020,python):2026-09-14-15:57:58.902.692 [mindspore/ccsrc/pybind_api/ir/tensor_py.cc:730] DataPtr] Tensor device address is null
[ERROR] COMMON(678373,ffffa86e4020,python):2026-09-14-15:57:58.904.732 [mindspore/ccsrc/pybind_api/ir/tensor_py.cc:730] DataPtr] Tensor device address is null
[ERROR] COMMON(678373,ffffa86e4020,python):2026-09-14-15:57:58.905.383 [mindspore/ccsrc/pybind_api/ir/tensor_py.cc:730] DataPtr] Tensor device address is null
[ERROR] COMMON(678373,ffffa86e4020,python):2026-09-14-15:57:58.907.894 [mindspore/ccsrc/pybind_api/ir/tensor_py.cc:730] DataPtr] Tensor device address is null
[ERROR] COMMON(678373,ffffa86e4020,python):2026-09-14-15:57:58.908.554 [mindspore/ccsrc/pybind_api/ir/tensor_py.cc:730] DataPtr] Tensor device address is null
[ERROR] COMMON(678373,ffffa86e4020,python):2026-09-14-15:57:58.911.077 [mindspore/ccsrc/pybind_api/ir/tensor_py.cc:730] DataPtr] Tensor device address is null
[ERROR] COMMON(678373,ffffa86e4020,python):2026-09-14-15:57:58.911.746 [mindspore/ccsrc/pybind_api/ir/tensor_py.cc:730] DataPtr] Tensor device address is null
[ERROR] COMMON(678373,ffffa86e4020,python):2026-09-14-15:57:58.914.290 [mindspore/ccsrc/pybind_api/ir/tensor_py.cc:730] DataPtr] Tensor device address is null
[ERROR] COMMON(678373,ffffa86e4020,python):2026-09-14-15:57:58.914.965 [mindspore/ccsrc/pybind_api/ir/tensor_py.cc:730] DataPtr] Tensor device address is null
[ERROR] COMMON(678373,ffffa86e4020,python):2026-09-14-15:57:58.921.085 [mindspore/ccsrc/pybind_api/ir/tensor_py.cc:730] DataPtr] Tensor device address is null
[ERROR] COMMON(678373,ffffa86e4020,python):2026-09-14-15:57:58.921.803 [mindspore/ccsrc/pybind_api/ir/tensor_py.cc:730] DataPtr] Tensor device address is null
[ERROR] COMMON(678373,ffffa86e4020,python):2026-09-14-15:57:58.927.395 [mindspore/ccsrc/pybind_api/ir/tensor_py.cc:730] DataPtr] Tensor device address is null
[ERROR] COMMON(678373,ffffa86e4020,python):2026-09-14-15:57:58.928.132 [mindspore/ccsrc/pybind_api/ir/tensor_py.cc:730] DataPtr] Tensor device address is null
[ERROR] COMMON(678373,ffffa86e4020,python):2026-09-14-15:57:58.935.160 [mindspore/ccsrc/pybind_api/ir/tensor_py.cc:730] DataPtr] Tensor device address is null
[ERROR] COMMON(678373,ffffa86e4020,python):2026-09-14-15:57:58.942.055 [mindspore/ccsrc/pybind_api/ir/tensor_py.cc:730] DataPtr] Tensor device address is null
[ERROR] COMMON(678373,ffffa86e4020,python):2026-09-14-15:57:59.016.920 [mindspore/ccsrc/pybind_api/ir/tensor_py.cc:730] DataPtr] Tensor device address is null
[ERROR] COMMON(678373,ffffa86e4020,python):2026-09-14-15:57:59.017.988 [mindspore/ccsrc/pybind_api/ir/tensor_py.cc:730] DataPtr] Tensor device address is null
[ERROR] COMMON(678373,ffffa86e4020,python):2026-09-14-15:57:59.018.637 [mindspore/ccsrc/pybind_api/ir/tensor_py.cc:730] DataPtr] Tensor device address is null
[ERROR] COMMON(678373,ffffa86e4020,python):2026-09-14-15:57:59.019.260 [mindspore/ccsrc/pybind_api/ir/tensor_py.cc:730] DataPtr] Tensor device address is null
[ERROR] COMMON(678373,ffffa86e4020,python):2026-09-14-15:57:59.019.875 [mindspore/ccsrc/pybind_api/ir/tensor_py.cc:730] DataPtr] Tensor device address is null
[ERROR] COMMON(678373,ffffa86e4020,python):2026-09-14-15:57:59.020.493 [mindspore/ccsrc/pybind_api/ir/tensor_py.cc:730] DataPtr] Tensor device address is null
[ERROR] COMMON(678373,ffffa86e4020,python):2026-09-14-15:57:59.021.116 [mindspore/ccsrc/pybind_api/ir/tensor_py.cc:730] DataPtr] Tensor device address is null
[ERROR] COMMON(678373,ffffa86e4020,python):2026-09-14-15:57:59.021.717 [mindspore/ccsrc/pybind_api/ir/tensor_py.cc:730] DataPtr] Tensor device address is null
[ERROR] COMMON(678373,ffffa86e4020,python):2026-09-14-15:57:59.024.216 [mindspore/ccsrc/pybind_api/ir/tensor_py.cc:730] DataPtr] Tensor device address is null
[ERROR] COMMON(678373,ffffa86e4020,python):2026-09-14-15:57:59.024.863 [mindspore/ccsrc/pybind_api/ir/tensor_py.cc:730] DataPtr] Tensor device address is null
[ERROR] COMMON(678373,ffffa86e4020,python):2026-09-14-15:57:59.027.307 [mindspore/ccsrc/pybind_api/ir/tensor_py.cc:730] DataPtr] Tensor device address is null
[ERROR] COMMON(678373,ffffa86e4020,python):2026-09-14-15:57:59.027.960 [mindspore/ccsrc/pybind_api/ir/tensor_py.cc:730] DataPtr] Tensor device address is null
[ERROR] COMMON(678373,ffffa86e4020,python):2026-09-14-15:57:59.030.416 [mindspore/ccsrc/pybind_api/ir/tensor_py.cc:730] DataPtr] Tensor device address is null
[ERROR] COMMON(678373,ffffa86e4020,python):2026-09-14-15:57:59.031.058 [mindspore/ccsrc/pybind_api/ir/tensor_py.cc:730] DataPtr] Tensor device address is null
[ERROR] COMMON(678373,ffffa86e4020,python):2026-09-14-15:57:59.033.483 [mindspore/ccsrc/pybind_api/ir/tensor_py.cc:730] DataPtr] Tensor device address is null
[ERROR] COMMON(678373,ffffa86e4020,python):2026-09-14-15:57:59.034.118 [mindspore/ccsrc/pybind_api/ir/tensor_py.cc:730] DataPtr] Tensor device address is null
[ERROR] COMMON(678373,ffffa86e4020,python):2026-09-14-15:57:59.040.610 [mindspore/ccsrc/pybind_api/ir/tensor_py.cc:730] DataPtr] Tensor device address is null
[ERROR] COMMON(678373,ffffa86e4020,python):2026-09-14-15:57:59.041.297 [mindspore/ccsrc/pybind_api/ir/tensor_py.cc:730] DataPtr] Tensor device address is null
[ERROR] COMMON(678373,ffffa86e4020,python):2026-09-14-15:57:59.047.352 [mindspore/ccsrc/pybind_api/ir/tensor_py.cc:730] DataPtr] Tensor device address is null
[ERROR] COMMON(678373,ffffa86e4020,python):2026-09-14-15:57:59.048.033 [mindspore/ccsrc/pybind_api/ir/tensor_py.cc:730] DataPtr] Tensor device address is null
[ERROR] COMMON(678373,ffffa86e4020,python):2026-09-14-15:57:59.048.672 [mindspore/ccsrc/pybind_api/ir/tensor_py.cc:730] DataPtr] Tensor device address is null
[ERROR] COMMON(678373,ffffa86e4020,python):2026-09-14-15:57:59.049.303 [mindspore/ccsrc/pybind_api/ir/tensor_py.cc:730] DataPtr] Tensor device address is null
[ERROR] COMMON(678373,ffffa86e4020,python):2026-09-14-15:57:59.049.919 [mindspore/ccsrc/pybind_api/ir/tensor_py.cc:730] DataPtr] Tensor device address is null
[ERROR] COMMON(678373,ffffa86e4020,python):2026-09-14-15:57:59.050.546 [mindspore/ccsrc/pybind_api/ir/tensor_py.cc:730] DataPtr] Tensor device address is null
[ERROR] COMMON(678373,ffffa86e4020,python):2026-09-14-15:57:59.052.552 [mindspore/ccsrc/pybind_api/ir/tensor_py.cc:730] DataPtr] Tensor device address is null
[ERROR] COMMON(678373,ffffa86e4020,python):2026-09-14-15:57:59.053.183 [mindspore/ccsrc/pybind_api/ir/tensor_py.cc:730] DataPtr] Tensor device address is null
[ERROR] COMMON(678373,ffffa86e4020,python):2026-09-14-15:57:59.055.672 [mindspore/ccsrc/pybind_api/ir/tensor_py.cc:730] DataPtr] Tensor device address is null
[ERROR] COMMON(678373,ffffa86e4020,python):2026-09-14-15:57:59.056.311 [mindspore/ccsrc/pybind_api/ir/tensor_py.cc:730] DataPtr] Tensor device address is null
[ERROR] COMMON(678373,ffffa86e4020,python):2026-09-14-15:57:59.058.748 [mindspore/ccsrc/pybind_api/ir/tensor_py.cc:730] DataPtr] Tensor device address is null
[ERROR] COMMON(678373,ffffa86e4020,python):2026-09-14-15:57:59.059.390 [mindspore/ccsrc/pybind_api/ir/tensor_py.cc:730] DataPtr] Tensor device address is null
[ERROR] COMMON(678373,ffffa86e4020,python):2026-09-14-15:57:59.061.822 [mindspore/ccsrc/pybind_api/ir/tensor_py.cc:730] DataPtr] Tensor device address is null
[ERROR] COMMON(678373,ffffa86e4020,python):2026-09-14-15:57:59.062.465 [mindspore/ccsrc/pybind_api/ir/tensor_py.cc:730] DataPtr] Tensor device address is null
[ERROR] COMMON(678373,ffffa86e4020,python):2026-09-14-15:57:59.068.482 [mindspore/ccsrc/pybind_api/ir/tensor_py.cc:730] DataPtr] Tensor device address is null
[ERROR] COMMON(678373,ffffa86e4020,python):2026-09-14-15:57:59.069.260 [mindspore/ccsrc/pybind_api/ir/tensor_py.cc:730] DataPtr] Tensor device address is null
[ERROR] COMMON(678373,ffffa86e4020,python):2026-09-14-15:57:59.074.782 [mindspore/ccsrc/pybind_api/ir/tensor_py.cc:730] DataPtr] Tensor device address is null
[ERROR] COMMON(678373,ffffa86e4020,python):2026-09-14-15:57:59.075.457 [mindspore/ccsrc/pybind_api/ir/tensor_py.cc:730] DataPtr] Tensor device address is null
[ERROR] COMMON(678373,ffffa86e4020,python):2026-09-14-15:57:59.076.084 [mindspore/ccsrc/pybind_api/ir/tensor_py.cc:730] DataPtr] Tensor device address is null
[ERROR] COMMON(678373,ffffa86e4020,python):2026-09-14-15:57:59.076.712 [mindspore/ccsrc/pybind_api/ir/tensor_py.cc:730] DataPtr] Tensor device address is null
[ERROR] COMMON(678373,ffffa86e4020,python):2026-09-14-15:57:59.077.330 [mindspore/ccsrc/pybind_api/ir/tensor_py.cc:730] DataPtr] Tensor device address is null
[ERROR] COMMON(678373,ffffa86e4020,python):2026-09-14-15:57:59.077.946 [mindspore/ccsrc/pybind_api/ir/tensor_py.cc:730] DataPtr] Tensor device address is null
[ERROR] COMMON(678373,ffffa86e4020,python):2026-09-14-15:57:59.080.358 [mindspore/ccsrc/pybind_api/ir/tensor_py.cc:730] DataPtr] Tensor device address is null
[ERROR] COMMON(678373,ffffa86e4020,python):2026-09-14-15:57:59.081.030 [mindspore/ccsrc/pybind_api/ir/tensor_py.cc:730] DataPtr] Tensor device address is null
[ERROR] COMMON(678373,ffffa86e4020,python):2026-09-14-15:57:59.083.476 [mindspore/ccsrc/pybind_api/ir/tensor_py.cc:730] DataPtr] Tensor device address is null
[ERROR] COMMON(678373,ffffa86e4020,python):2026-09-14-15:57:59.084.136 [mindspore/ccsrc/pybind_api/ir/tensor_py.cc:730] DataPtr] Tensor device address is null
[ERROR] COMMON(678373,ffffa86e4020,python):2026-09-14-15:57:59.086.569 [mindspore/ccsrc/pybind_api/ir/tensor_py.cc:730] DataPtr] Tensor device address is null
[ERROR] COMMON(678373,ffffa86e4020,python):2026-09-14-15:57:59.087.233 [mindspore/ccsrc/pybind_api/ir/tensor_py.cc:730] DataPtr] Tensor device address is null
[ERROR] COMMON(678373,ffffa86e4020,python):2026-09-14-15:57:59.089.702 [mindspore/ccsrc/pybind_api/ir/tensor_py.cc:730] DataPtr] Tensor device address is null
[ERROR] COMMON(678373,ffffa86e4020,python):2026-09-14-15:57:59.090.344 [mindspore/ccsrc/pybind_api/ir/tensor_py.cc:730] DataPtr] Tensor device address is null
[ERROR] COMMON(678373,ffffa86e4020,python):2026-09-14-15:57:59.095.904 [mindspore/ccsrc/pybind_api/ir/tensor_py.cc:730] DataPtr] Tensor device address is null
[ERROR] COMMON(678373,ffffa86e4020,python):2026-09-14-15:57:59.096.603 [mindspore/ccsrc/pybind_api/ir/tensor_py.cc:730] DataPtr] Tensor device address is null
[ERROR] COMMON(678373,ffffa86e4020,python):2026-09-14-15:57:59.102.554 [mindspore/ccsrc/pybind_api/ir/tensor_py.cc:730] DataPtr] Tensor device address is null
[ERROR] COMMON(678373,ffffa86e4020,python):2026-09-14-15:57:59.103.241 [mindspore/ccsrc/pybind_api/ir/tensor_py.cc:730] DataPtr] Tensor device address is null
[ERROR] COMMON(678373,ffffa86e4020,python):2026-09-14-15:57:59.103.873 [mindspore/ccsrc/pybind_api/ir/tensor_py.cc:730] DataPtr] Tensor device address is null
[ERROR] COMMON(678373,ffffa86e4020,python):2026-09-14-15:57:59.104.496 [mindspore/ccsrc/pybind_api/ir/tensor_py.cc:730] DataPtr] Tensor device address is null
[ERROR] COMMON(678373,ffffa86e4020,python):2026-09-14-15:57:59.105.135 [mindspore/ccsrc/pybind_api/ir/tensor_py.cc:730] DataPtr] Tensor device address is null
[ERROR] COMMON(678373,ffffa86e4020,python):2026-09-14-15:57:59.105.754 [mindspore/ccsrc/pybind_api/ir/tensor_py.cc:730] DataPtr] Tensor device address is null
[ERROR] COMMON(678373,ffffa86e4020,python):2026-09-14-15:57:59.107.733 [mindspore/ccsrc/pybind_api/ir/tensor_py.cc:730] DataPtr] Tensor device address is null
[ERROR] COMMON(678373,ffffa86e4020,python):2026-09-14-15:57:59.108.371 [mindspore/ccsrc/pybind_api/ir/tensor_py.cc:730] DataPtr] Tensor device address is null
[ERROR] COMMON(678373,ffffa86e4020,python):2026-09-14-15:57:59.110.863 [mindspore/ccsrc/pybind_api/ir/tensor_py.cc:730] DataPtr] Tensor device address is null
[ERROR] COMMON(678373,ffffa86e4020,python):2026-09-14-15:57:59.111.503 [mindspore/ccsrc/pybind_api/ir/tensor_py.cc:730] DataPtr] Tensor device address is null
[ERROR] COMMON(678373,ffffa86e4020,python):2026-09-14-15:57:59.113.965 [mindspore/ccsrc/pybind_api/ir/tensor_py.cc:730] DataPtr] Tensor device address is null
[ERROR] COMMON(678373,ffffa86e4020,python):2026-09-14-15:57:59.114.622 [mindspore/ccsrc/pybind_api/ir/tensor_py.cc:730] DataPtr] Tensor device address is null
[ERROR] COMMON(678373,ffffa86e4020,python):2026-09-14-15:57:59.117.060 [mindspore/ccsrc/pybind_api/ir/tensor_py.cc:730] DataPtr] Tensor device address is null
[ERROR] COMMON(678373,ffffa86e4020,python):2026-09-14-15:57:59.117.720 [mindspore/ccsrc/pybind_api/ir/tensor_py.cc:730] DataPtr] Tensor device address is null
[ERROR] COMMON(678373,ffffa86e4020,python):2026-09-14-15:57:59.123.767 [mindspore/ccsrc/pybind_api/ir/tensor_py.cc:730] DataPtr] Tensor device address is null
[ERROR] COMMON(678373,ffffa86e4020,python):2026-09-14-15:57:59.124.468 [mindspore/ccsrc/pybind_api/ir/tensor_py.cc:730] DataPtr] Tensor device address is null
[ERROR] COMMON(678373,ffffa86e4020,python):2026-09-14-15:57:59.130.033 [mindspore/ccsrc/pybind_api/ir/tensor_py.cc:730] DataPtr] Tensor device address is null
[ERROR] COMMON(678373,ffffa86e4020,python):2026-09-14-15:57:59.130.700 [mindspore/ccsrc/pybind_api/ir/tensor_py.cc:730] DataPtr] Tensor device address is null
[ERROR] COMMON(678373,ffffa86e4020,python):2026-09-14-15:57:59.131.315 [mindspore/ccsrc/pybind_api/ir/tensor_py.cc:730] DataPtr] Tensor device address is null
[ERROR] COMMON(678373,ffffa86e4020,python):2026-09-14-15:57:59.131.921 [mindspore/ccsrc/pybind_api/ir/tensor_py.cc:730] DataPtr] Tensor device address is null
[ERROR] COMMON(678373,ffffa86e4020,python):2026-09-14-15:57:59.132.528 [mindspore/ccsrc/pybind_api/ir/tensor_py.cc:730] DataPtr] Tensor device address is null
[ERROR] COMMON(678373,ffffa86e4020,python):2026-09-14-15:57:59.133.161 [mindspore/ccsrc/pybind_api/ir/tensor_py.cc:730] DataPtr] Tensor device address is null
[ERROR] COMMON(678373,ffffa86e4020,python):2026-09-14-15:57:59.135.622 [mindspore/ccsrc/pybind_api/ir/tensor_py.cc:730] DataPtr] Tensor device address is null
[ERROR] COMMON(678373,ffffa86e4020,python):2026-09-14-15:57:59.136.251 [mindspore/ccsrc/pybind_api/ir/tensor_py.cc:730] DataPtr] Tensor device address is null
[ERROR] COMMON(678373,ffffa86e4020,python):2026-09-14-15:57:59.138.667 [mindspore/ccsrc/pybind_api/ir/tensor_py.cc:730] DataPtr] Tensor device address is null
[ERROR] COMMON(678373,ffffa86e4020,python):2026-09-14-15:57:59.139.310 [mindspore/ccsrc/pybind_api/ir/tensor_py.cc:730] DataPtr] Tensor device address is null
[ERROR] COMMON(678373,ffffa86e4020,python):2026-09-14-15:57:59.141.745 [mindspore/ccsrc/pybind_api/ir/tensor_py.cc:730] DataPtr] Tensor device address is null
[ERROR] COMMON(678373,ffffa86e4020,python):2026-09-14-15:57:59.142.387 [mindspore/ccsrc/pybind_api/ir/tensor_py.cc:730] DataPtr] Tensor device address is null
[ERROR] COMMON(678373,ffffa86e4020,python):2026-09-14-15:57:59.144.812 [mindspore/ccsrc/pybind_api/ir/tensor_py.cc:730] DataPtr] Tensor device address is null
[ERROR] COMMON(678373,ffffa86e4020,python):2026-09-14-15:57:59.145.450 [mindspore/ccsrc/pybind_api/ir/tensor_py.cc:730] DataPtr] Tensor device address is null
[ERROR] COMMON(678373,ffffa86e4020,python):2026-09-14-15:57:59.150.996 [mindspore/ccsrc/pybind_api/ir/tensor_py.cc:730] DataPtr] Tensor device address is null
[ERROR] COMMON(678373,ffffa86e4020,python):2026-09-14-15:57:59.151.665 [mindspore/ccsrc/pybind_api/ir/tensor_py.cc:730] DataPtr] Tensor device address is null
[ERROR] COMMON(678373,ffffa86e4020,python):2026-09-14-15:57:59.157.606 [mindspore/ccsrc/pybind_api/ir/tensor_py.cc:730] DataPtr] Tensor device address is null
[ERROR] COMMON(678373,ffffa86e4020,python):2026-09-14-15:57:59.158.287 [mindspore/ccsrc/pybind_api/ir/tensor_py.cc:730] DataPtr] Tensor device address is null
[ERROR] COMMON(678373,ffffa86e4020,python):2026-09-14-15:57:59.158.922 [mindspore/ccsrc/pybind_api/ir/tensor_py.cc:730] DataPtr] Tensor device address is null
[ERROR] COMMON(678373,ffffa86e4020,python):2026-09-14-15:57:59.159.553 [mindspore/ccsrc/pybind_api/ir/tensor_py.cc:730] DataPtr] Tensor device address is null
[ERROR] COMMON(678373,ffffa86e4020,python):2026-09-14-15:57:59.160.174 [mindspore/ccsrc/pybind_api/ir/tensor_py.cc:730] DataPtr] Tensor device address is null
[ERROR] COMMON(678373,ffffa86e4020,python):2026-09-14-15:57:59.160.801 [mindspore/ccsrc/pybind_api/ir/tensor_py.cc:730] DataPtr] Tensor device address is null
[ERROR] COMMON(678373,ffffa86e4020,python):2026-09-14-15:57:59.162.790 [mindspore/ccsrc/pybind_api/ir/tensor_py.cc:730] DataPtr] Tensor device address is null
[ERROR] COMMON(678373,ffffa86e4020,python):2026-09-14-15:57:59.163.418 [mindspore/ccsrc/pybind_api/ir/tensor_py.cc:730] DataPtr] Tensor device address is null
[ERROR] COMMON(678373,ffffa86e4020,python):2026-09-14-15:57:59.165.892 [mindspore/ccsrc/pybind_api/ir/tensor_py.cc:730] DataPtr] Tensor device address is null
[ERROR] COMMON(678373,ffffa86e4020,python):2026-09-14-15:57:59.166.534 [mindspore/ccsrc/pybind_api/ir/tensor_py.cc:730] DataPtr] Tensor device address is null
[ERROR] COMMON(678373,ffffa86e4020,python):2026-09-14-15:57:59.169.015 [mindspore/ccsrc/pybind_api/ir/tensor_py.cc:730] DataPtr] Tensor device address is null
[ERROR] COMMON(678373,ffffa86e4020,python):2026-09-14-15:57:59.169.656 [mindspore/ccsrc/pybind_api/ir/tensor_py.cc:730] DataPtr] Tensor device address is null
[ERROR] COMMON(678373,ffffa86e4020,python):2026-09-14-15:57:59.172.050 [mindspore/ccsrc/pybind_api/ir/tensor_py.cc:730] DataPtr] Tensor device address is null
[ERROR] COMMON(678373,ffffa86e4020,python):2026-09-14-15:57:59.172.722 [mindspore/ccsrc/pybind_api/ir/tensor_py.cc:730] DataPtr] Tensor device address is null
[ERROR] COMMON(678373,ffffa86e4020,python):2026-09-14-15:57:59.178.725 [mindspore/ccsrc/pybind_api/ir/tensor_py.cc:730] DataPtr] Tensor device address is null
[ERROR] COMMON(678373,ffffa86e4020,python):2026-09-14-15:57:59.179.420 [mindspore/ccsrc/pybind_api/ir/tensor_py.cc:730] DataPtr] Tensor device address is null
[ERROR] COMMON(678373,ffffa86e4020,python):2026-09-14-15:57:59.184.892 [mindspore/ccsrc/pybind_api/ir/tensor_py.cc:730] DataPtr] Tensor device address is null
[ERROR] COMMON(678373,ffffa86e4020,python):2026-09-14-15:57:59.185.565 [mindspore/ccsrc/pybind_api/ir/tensor_py.cc:730] DataPtr] Tensor device address is null
[ERROR] COMMON(678373,ffffa86e4020,python):2026-09-14-15:57:59.186.191 [mindspore/ccsrc/pybind_api/ir/tensor_py.cc:730] DataPtr] Tensor device address is null
[ERROR] COMMON(678373,ffffa86e4020,python):2026-09-14-15:57:59.186.813 [mindspore/ccsrc/pybind_api/ir/tensor_py.cc:730] DataPtr] Tensor device address is null
[ERROR] COMMON(678373,ffffa86e4020,python):2026-09-14-15:57:59.187.429 [mindspore/ccsrc/pybind_api/ir/tensor_py.cc:730] DataPtr] Tensor device address is null
[ERROR] COMMON(678373,ffffa86e4020,python):2026-09-14-15:57:59.188.057 [mindspore/ccsrc/pybind_api/ir/tensor_py.cc:730] DataPtr] Tensor device address is null
[ERROR] COMMON(678373,ffffa86e4020,python):2026-09-14-15:57:59.190.506 [mindspore/ccsrc/pybind_api/ir/tensor_py.cc:730] DataPtr] Tensor device address is null
[ERROR] COMMON(678373,ffffa86e4020,python):2026-09-14-15:57:59.191.149 [mindspore/ccsrc/pybind_api/ir/tensor_py.cc:730] DataPtr] Tensor device address is null
[ERROR] COMMON(678373,ffffa86e4020,python):2026-09-14-15:57:59.193.592 [mindspore/ccsrc/pybind_api/ir/tensor_py.cc:730] DataPtr] Tensor device address is null
[ERROR] COMMON(678373,ffffa86e4020,python):2026-09-14-15:57:59.194.298 [mindspore/ccsrc/pybind_api/ir/tensor_py.cc:730] DataPtr] Tensor device address is null
[ERROR] COMMON(678373,ffffa86e4020,python):2026-09-14-15:57:59.196.776 [mindspore/ccsrc/pybind_api/ir/tensor_py.cc:730] DataPtr] Tensor device address is null
[ERROR] COMMON(678373,ffffa86e4020,python):2026-09-14-15:57:59.197.428 [mindspore/ccsrc/pybind_api/ir/tensor_py.cc:730] DataPtr] Tensor device address is null
[ERROR] COMMON(678373,ffffa86e4020,python):2026-09-14-15:57:59.199.850 [mindspore/ccsrc/pybind_api/ir/tensor_py.cc:730] DataPtr] Tensor device address is null
[ERROR] COMMON(678373,ffffa86e4020,python):2026-09-14-15:57:59.200.503 [mindspore/ccsrc/pybind_api/ir/tensor_py.cc:730] DataPtr] Tensor device address is null
[ERROR] COMMON(678373,ffffa86e4020,python):2026-09-14-15:57:59.206.090 [mindspore/ccsrc/pybind_api/ir/tensor_py.cc:730] DataPtr] Tensor device address is null
[ERROR] COMMON(678373,ffffa86e4020,python):2026-09-14-15:57:59.206.768 [mindspore/ccsrc/pybind_api/ir/tensor_py.cc:730] DataPtr] Tensor device address is null
[ERROR] COMMON(678373,ffffa86e4020,python):2026-09-14-15:57:59.212.730 [mindspore/ccsrc/pybind_api/ir/tensor_py.cc:730] DataPtr] Tensor device address is null
[ERROR] COMMON(678373,ffffa86e4020,python):2026-09-14-15:57:59.213.436 [mindspore/ccsrc/pybind_api/ir/tensor_py.cc:730] DataPtr] Tensor device address is null
[ERROR] COMMON(678373,ffffa86e4020,python):2026-09-14-15:57:59.214.080 [mindspore/ccsrc/pybind_api/ir/tensor_py.cc:730] DataPtr] Tensor device address is null
[ERROR] COMMON(678373,ffffa86e4020,python):2026-09-14-15:57:59.214.712 [mindspore/ccsrc/pybind_api/ir/tensor_py.cc:730] DataPtr] Tensor device address is null
[ERROR] COMMON(678373,ffffa86e4020,python):2026-09-14-15:57:59.215.337 [mindspore/ccsrc/pybind_api/ir/tensor_py.cc:730] DataPtr] Tensor device address is null
[ERROR] COMMON(678373,ffffa86e4020,python):2026-09-14-15:57:59.215.964 [mindspore/ccsrc/pybind_api/ir/tensor_py.cc:730] DataPtr] Tensor device address is null
[ERROR] COMMON(678373,ffffa86e4020,python):2026-09-14-15:57:59.217.983 [mindspore/ccsrc/pybind_api/ir/tensor_py.cc:730] DataPtr] Tensor device address is null
[ERROR] COMMON(678373,ffffa86e4020,python):2026-09-14-15:57:59.218.620 [mindspore/ccsrc/pybind_api/ir/tensor_py.cc:730] DataPtr] Tensor device address is null
[ERROR] COMMON(678373,ffffa86e4020,python):2026-09-14-15:57:59.221.059 [mindspore/ccsrc/pybind_api/ir/tensor_py.cc:730] DataPtr] Tensor device address is null
[ERROR] COMMON(678373,ffffa86e4020,python):2026-09-14-15:57:59.221.711 [mindspore/ccsrc/pybind_api/ir/tensor_py.cc:730] DataPtr] Tensor device address is null
[ERROR] COMMON(678373,ffffa86e4020,python):2026-09-14-15:57:59.224.166 [mindspore/ccsrc/pybind_api/ir/tensor_py.cc:730] DataPtr] Tensor device address is null
[ERROR] COMMON(678373,ffffa86e4020,python):2026-09-14-15:57:59.224.821 [mindspore/ccsrc/pybind_api/ir/tensor_py.cc:730] DataPtr] Tensor device address is null
[ERROR] COMMON(678373,ffffa86e4020,python):2026-09-14-15:57:59.227.280 [mindspore/ccsrc/pybind_api/ir/tensor_py.cc:730] DataPtr] Tensor device address is null
[ERROR] COMMON(678373,ffffa86e4020,python):2026-09-14-15:57:59.227.932 [mindspore/ccsrc/pybind_api/ir/tensor_py.cc:730] DataPtr] Tensor device address is null
[ERROR] COMMON(678373,ffffa86e4020,python):2026-09-14-15:57:59.233.973 [mindspore/ccsrc/pybind_api/ir/tensor_py.cc:730] DataPtr] Tensor device address is null
[ERROR] COMMON(678373,ffffa86e4020,python):2026-09-14-15:57:59.234.663 [mindspore/ccsrc/pybind_api/ir/tensor_py.cc:730] DataPtr] Tensor device address is null
[ERROR] COMMON(678373,ffffa86e4020,python):2026-09-14-15:57:59.240.136 [mindspore/ccsrc/pybind_api/ir/tensor_py.cc:730] DataPtr] Tensor device address is null
[ERROR] COMMON(678373,ffffa86e4020,python):2026-09-14-15:57:59.240.813 [mindspore/ccsrc/pybind_api/ir/tensor_py.cc:730] DataPtr] Tensor device address is null
[ERROR] COMMON(678373,ffffa86e4020,python):2026-09-14-15:57:59.241.432 [mindspore/ccsrc/pybind_api/ir/tensor_py.cc:730] DataPtr] Tensor device address is null
[ERROR] COMMON(678373,ffffa86e4020,python):2026-09-14-15:57:59.242.054 [mindspore/ccsrc/pybind_api/ir/tensor_py.cc:730] DataPtr] Tensor device address is null
[ERROR] COMMON(678373,ffffa86e4020,python):2026-09-14-15:57:59.242.667 [mindspore/ccsrc/pybind_api/ir/tensor_py.cc:730] DataPtr] Tensor device address is null
[ERROR] COMMON(678373,ffffa86e4020,python):2026-09-14-15:57:59.243.286 [mindspore/ccsrc/pybind_api/ir/tensor_py.cc:730] DataPtr] Tensor device address is null
[ERROR] COMMON(678373,ffffa86e4020,python):2026-09-14-15:57:59.245.698 [mindspore/ccsrc/pybind_api/ir/tensor_py.cc:730] DataPtr] Tensor device address is null
[ERROR] COMMON(678373,ffffa86e4020,python):2026-09-14-15:57:59.246.347 [mindspore/ccsrc/pybind_api/ir/tensor_py.cc:730] DataPtr] Tensor device address is null
[ERROR] COMMON(678373,ffffa86e4020,python):2026-09-14-15:57:59.248.815 [mindspore/ccsrc/pybind_api/ir/tensor_py.cc:730] DataPtr] Tensor device address is null
[ERROR] COMMON(678373,ffffa86e4020,python):2026-09-14-15:57:59.249.466 [mindspore/ccsrc/pybind_api/ir/tensor_py.cc:730] DataPtr] Tensor device address is null
[ERROR] COMMON(678373,ffffa86e4020,python):2026-09-14-15:57:59.251.883 [mindspore/ccsrc/pybind_api/ir/tensor_py.cc:730] DataPtr] Tensor device address is null
[ERROR] COMMON(678373,ffffa86e4020,python):2026-09-14-15:57:59.252.551 [mindspore/ccsrc/pybind_api/ir/tensor_py.cc:730] DataPtr] Tensor device address is null
[ERROR] COMMON(678373,ffffa86e4020,python):2026-09-14-15:57:59.254.946 [mindspore/ccsrc/pybind_api/ir/tensor_py.cc:730] DataPtr] Tensor device address is null
[ERROR] COMMON(678373,ffffa86e4020,python):2026-09-14-15:57:59.255.697 [mindspore/ccsrc/pybind_api/ir/tensor_py.cc:730] DataPtr] Tensor device address is null
[ERROR] COMMON(678373,ffffa86e4020,python):2026-09-14-15:57:59.261.258 [mindspore/ccsrc/pybind_api/ir/tensor_py.cc:730] DataPtr] Tensor device address is null
[ERROR] COMMON(678373,ffffa86e4020,python):2026-09-14-15:57:59.261.988 [mindspore/ccsrc/pybind_api/ir/tensor_py.cc:730] DataPtr] Tensor device address is null
[ERROR] COMMON(678373,ffffa86e4020,python):2026-09-14-15:57:59.267.988 [mindspore/ccsrc/pybind_api/ir/tensor_py.cc:730] DataPtr] Tensor device address is null
[ERROR] COMMON(678373,ffffa86e4020,python):2026-09-14-15:57:59.268.689 [mindspore/ccsrc/pybind_api/ir/tensor_py.cc:730] DataPtr] Tensor device address is null
[ERROR] COMMON(678373,ffffa86e4020,python):2026-09-14-15:57:59.269.317 [mindspore/ccsrc/pybind_api/ir/tensor_py.cc:730] DataPtr] Tensor device address is null
[ERROR] COMMON(678373,ffffa86e4020,python):2026-09-14-15:57:59.269.941 [mindspore/ccsrc/pybind_api/ir/tensor_py.cc:730] DataPtr] Tensor device address is null
[ERROR] COMMON(678373,ffffa86e4020,python):2026-09-14-15:57:59.270.571 [mindspore/ccsrc/pybind_api/ir/tensor_py.cc:730] DataPtr] Tensor device address is null
[ERROR] COMMON(678373,ffffa86e4020,python):2026-09-14-15:57:59.271.192 [mindspore/ccsrc/pybind_api/ir/tensor_py.cc:730] DataPtr] Tensor device address is null
[ERROR] COMMON(678373,ffffa86e4020,python):2026-09-14-15:57:59.273.256 [mindspore/ccsrc/pybind_api/ir/tensor_py.cc:730] DataPtr] Tensor device address is null
[ERROR] COMMON(678373,ffffa86e4020,python):2026-09-14-15:57:59.273.899 [mindspore/ccsrc/pybind_api/ir/tensor_py.cc:730] DataPtr] Tensor device address is null
[ERROR] COMMON(678373,ffffa86e4020,python):2026-09-14-15:57:59.276.347 [mindspore/ccsrc/pybind_api/ir/tensor_py.cc:730] DataPtr] Tensor device address is null
[ERROR] COMMON(678373,ffffa86e4020,python):2026-09-14-15:57:59.276.989 [mindspore/ccsrc/pybind_api/ir/tensor_py.cc:730] DataPtr] Tensor device address is null
[ERROR] COMMON(678373,ffffa86e4020,python):2026-09-14-15:57:59.279.426 [mindspore/ccsrc/pybind_api/ir/tensor_py.cc:730] DataPtr] Tensor device address is null
[ERROR] COMMON(678373,ffffa86e4020,python):2026-09-14-15:57:59.280.073 [mindspore/ccsrc/pybind_api/ir/tensor_py.cc:730] DataPtr] Tensor device address is null
[ERROR] COMMON(678373,ffffa86e4020,python):2026-09-14-15:57:59.282.497 [mindspore/ccsrc/pybind_api/ir/tensor_py.cc:730] DataPtr] Tensor device address is null
[ERROR] COMMON(678373,ffffa86e4020,python):2026-09-14-15:57:59.283.128 [mindspore/ccsrc/pybind_api/ir/tensor_py.cc:730] DataPtr] Tensor device address is null
[ERROR] COMMON(678373,ffffa86e4020,python):2026-09-14-15:57:59.289.110 [mindspore/ccsrc/pybind_api/ir/tensor_py.cc:730] DataPtr] Tensor device address is null
[ERROR] COMMON(678373,ffffa86e4020,python):2026-09-14-15:57:59.289.797 [mindspore/ccsrc/pybind_api/ir/tensor_py.cc:730] DataPtr] Tensor device address is null
[ERROR] COMMON(678373,ffffa86e4020,python):2026-09-14-15:57:59.295.299 [mindspore/ccsrc/pybind_api/ir/tensor_py.cc:730] DataPtr] Tensor device address is null
[ERROR] COMMON(678373,ffffa86e4020,python):2026-09-14-15:57:59.295.986 [mindspore/ccsrc/pybind_api/ir/tensor_py.cc:730] DataPtr] Tensor device address is null
[ERROR] COMMON(678373,ffffa86e4020,python):2026-09-14-15:57:59.296.634 [mindspore/ccsrc/pybind_api/ir/tensor_py.cc:730] DataPtr] Tensor device address is null
[ERROR] COMMON(678373,ffffa86e4020,python):2026-09-14-15:57:59.297.277 [mindspore/ccsrc/pybind_api/ir/tensor_py.cc:730] DataPtr] Tensor device address is null
[ERROR] COMMON(678373,ffffa86e4020,python):2026-09-14-15:57:59.297.892 [mindspore/ccsrc/pybind_api/ir/tensor_py.cc:730] DataPtr] Tensor device address is null
[ERROR] COMMON(678373,ffffa86e4020,python):2026-09-14-15:57:59.298.515 [mindspore/ccsrc/pybind_api/ir/tensor_py.cc:730] DataPtr] Tensor device address is null
[ERROR] COMMON(678373,ffffa86e4020,python):2026-09-14-15:57:59.300.955 [mindspore/ccsrc/pybind_api/ir/tensor_py.cc:730] DataPtr] Tensor device address is null
[ERROR] COMMON(678373,ffffa86e4020,python):2026-09-14-15:57:59.301.597 [mindspore/ccsrc/pybind_api/ir/tensor_py.cc:730] DataPtr] Tensor device address is null
[ERROR] COMMON(678373,ffffa86e4020,python):2026-09-14-15:57:59.304.035 [mindspore/ccsrc/pybind_api/ir/tensor_py.cc:730] DataPtr] Tensor device address is null
[ERROR] COMMON(678373,ffffa86e4020,python):2026-09-14-15:57:59.304.693 [mindspore/ccsrc/pybind_api/ir/tensor_py.cc:730] DataPtr] Tensor device address is null
[ERROR] COMMON(678373,ffffa86e4020,python):2026-09-14-15:57:59.307.156 [mindspore/ccsrc/pybind_api/ir/tensor_py.cc:730] DataPtr] Tensor device address is null
[ERROR] COMMON(678373,ffffa86e4020,python):2026-09-14-15:57:59.307.797 [mindspore/ccsrc/pybind_api/ir/tensor_py.cc:730] DataPtr] Tensor device address is null
[ERROR] COMMON(678373,ffffa86e4020,python):2026-09-14-15:57:59.310.238 [mindspore/ccsrc/pybind_api/ir/tensor_py.cc:730] DataPtr] Tensor device address is null
[ERROR] COMMON(678373,ffffa86e4020,python):2026-09-14-15:57:59.310.878 [mindspore/ccsrc/pybind_api/ir/tensor_py.cc:730] DataPtr] Tensor device address is null
[ERROR] COMMON(678373,ffffa86e4020,python):2026-09-14-15:57:59.316.449 [mindspore/ccsrc/pybind_api/ir/tensor_py.cc:730] DataPtr] Tensor device address is null
[ERROR] COMMON(678373,ffffa86e4020,python):2026-09-14-15:57:59.317.142 [mindspore/ccsrc/pybind_api/ir/tensor_py.cc:730] DataPtr] Tensor device address is null
[ERROR] COMMON(678373,ffffa86e4020,python):2026-09-14-15:57:59.323.123 [mindspore/ccsrc/pybind_api/ir/tensor_py.cc:730] DataPtr] Tensor device address is null
[ERROR] COMMON(678373,ffffa86e4020,python):2026-09-14-15:57:59.323.791 [mindspore/ccsrc/pybind_api/ir/tensor_py.cc:730] DataPtr] Tensor device address is null
[ERROR] COMMON(678373,ffffa86e4020,python):2026-09-14-15:57:59.324.427 [mindspore/ccsrc/pybind_api/ir/tensor_py.cc:730] DataPtr] Tensor device address is null
[ERROR] COMMON(678373,ffffa86e4020,python):2026-09-14-15:57:59.325.062 [mindspore/ccsrc/pybind_api/ir/tensor_py.cc:730] DataPtr] Tensor device address is null
[ERROR] COMMON(678373,ffffa86e4020,python):2026-09-14-15:57:59.325.775 [mindspore/ccsrc/pybind_api/ir/tensor_py.cc:730] DataPtr] Tensor device address is null
[ERROR] COMMON(678373,ffffa86e4020,python):2026-09-14-15:57:59.326.400 [mindspore/ccsrc/pybind_api/ir/tensor_py.cc:730] DataPtr] Tensor device address is null
[ERROR] COMMON(678373,ffffa86e4020,python):2026-09-14-15:57:59.328.338 [mindspore/ccsrc/pybind_api/ir/tensor_py.cc:730] DataPtr] Tensor device address is null
[ERROR] COMMON(678373,ffffa86e4020,python):2026-09-14-15:57:59.328.980 [mindspore/ccsrc/pybind_api/ir/tensor_py.cc:730] DataPtr] Tensor device address is null
[ERROR] COMMON(678373,ffffa86e4020,python):2026-09-14-15:57:59.331.403 [mindspore/ccsrc/pybind_api/ir/tensor_py.cc:730] DataPtr] Tensor device address is null
[ERROR] COMMON(678373,ffffa86e4020,python):2026-09-14-15:57:59.332.047 [mindspore/ccsrc/pybind_api/ir/tensor_py.cc:730] DataPtr] Tensor device address is null
[ERROR] COMMON(678373,ffffa86e4020,python):2026-09-14-15:57:59.334.471 [mindspore/ccsrc/pybind_api/ir/tensor_py.cc:730] DataPtr] Tensor device address is null
[ERROR] COMMON(678373,ffffa86e4020,python):2026-09-14-15:57:59.335.120 [mindspore/ccsrc/pybind_api/ir/tensor_py.cc:730] DataPtr] Tensor device address is null
[ERROR] COMMON(678373,ffffa86e4020,python):2026-09-14-15:57:59.337.547 [mindspore/ccsrc/pybind_api/ir/tensor_py.cc:730] DataPtr] Tensor device address is null
[ERROR] COMMON(678373,ffffa86e4020,python):2026-09-14-15:57:59.338.198 [mindspore/ccsrc/pybind_api/ir/tensor_py.cc:730] DataPtr] Tensor device address is null
[ERROR] COMMON(678373,ffffa86e4020,python):2026-09-14-15:57:59.344.245 [mindspore/ccsrc/pybind_api/ir/tensor_py.cc:730] DataPtr] Tensor device address is null
[ERROR] COMMON(678373,ffffa86e4020,python):2026-09-14-15:57:59.344.947 [mindspore/ccsrc/pybind_api/ir/tensor_py.cc:730] DataPtr] Tensor device address is null
[ERROR] COMMON(678373,ffffa86e4020,python):2026-09-14-15:57:59.350.407 [mindspore/ccsrc/pybind_api/ir/tensor_py.cc:730] DataPtr] Tensor device address is null
[ERROR] COMMON(678373,ffffa86e4020,python):2026-09-14-15:57:59.351.076 [mindspore/ccsrc/pybind_api/ir/tensor_py.cc:730] DataPtr] Tensor device address is null
[ERROR] COMMON(678373,ffffa86e4020,python):2026-09-14-15:57:59.426.184 [mindspore/ccsrc/pybind_api/ir/tensor_py.cc:730] DataPtr] Tensor device address is null
[ERROR] COMMON(678373,ffffa86e4020,python):2026-09-14-15:57:59.427.205 [mindspore/ccsrc/pybind_api/ir/tensor_py.cc:730] DataPtr] Tensor device address is null
[ERROR] COMMON(678373,ffffa86e4020,python):2026-09-14-15:57:59.427.852 [mindspore/ccsrc/pybind_api/ir/tensor_py.cc:730] DataPtr] Tensor device address is null
[ERROR] COMMON(678373,ffffa86e4020,python):2026-09-14-15:57:59.428.475 [mindspore/ccsrc/pybind_api/ir/tensor_py.cc:730] DataPtr] Tensor device address is null
[ERROR] COMMON(678373,ffffa86e4020,python):2026-09-14-15:57:59.429.123 [mindspore/ccsrc/pybind_api/ir/tensor_py.cc:730] DataPtr] Tensor device address is null
[ERROR] COMMON(678373,ffffa86e4020,python):2026-09-14-15:57:59.429.738 [mindspore/ccsrc/pybind_api/ir/tensor_py.cc:730] DataPtr] Tensor device address is null
[ERROR] COMMON(678373,ffffa86e4020,python):2026-09-14-15:57:59.430.364 [mindspore/ccsrc/pybind_api/ir/tensor_py.cc:730] DataPtr] Tensor device address is null
[ERROR] COMMON(678373,ffffa86e4020,python):2026-09-14-15:57:59.430.980 [mindspore/ccsrc/pybind_api/ir/tensor_py.cc:730] DataPtr] Tensor device address is null
[ERROR] COMMON(678373,ffffa86e4020,python):2026-09-14-15:57:59.433.457 [mindspore/ccsrc/pybind_api/ir/tensor_py.cc:730] DataPtr] Tensor device address is null
[ERROR] COMMON(678373,ffffa86e4020,python):2026-09-14-15:57:59.434.094 [mindspore/ccsrc/pybind_api/ir/tensor_py.cc:730] DataPtr] Tensor device address is null
[ERROR] COMMON(678373,ffffa86e4020,python):2026-09-14-15:57:59.436.523 [mindspore/ccsrc/pybind_api/ir/tensor_py.cc:730] DataPtr] Tensor device address is null
[ERROR] COMMON(678373,ffffa86e4020,python):2026-09-14-15:57:59.437.176 [mindspore/ccsrc/pybind_api/ir/tensor_py.cc:730] DataPtr] Tensor device address is null
[ERROR] COMMON(678373,ffffa86e4020,python):2026-09-14-15:57:59.439.607 [mindspore/ccsrc/pybind_api/ir/tensor_py.cc:730] DataPtr] Tensor device address is null
[ERROR] COMMON(678373,ffffa86e4020,python):2026-09-14-15:57:59.440.247 [mindspore/ccsrc/pybind_api/ir/tensor_py.cc:730] DataPtr] Tensor device address is null
[ERROR] COMMON(678373,ffffa86e4020,python):2026-09-14-15:57:59.442.637 [mindspore/ccsrc/pybind_api/ir/tensor_py.cc:730] DataPtr] Tensor device address is null
[ERROR] COMMON(678373,ffffa86e4020,python):2026-09-14-15:57:59.443.289 [mindspore/ccsrc/pybind_api/ir/tensor_py.cc:730] DataPtr] Tensor device address is null
[ERROR] COMMON(678373,ffffa86e4020,python):2026-09-14-15:57:59.449.972 [mindspore/ccsrc/pybind_api/ir/tensor_py.cc:730] DataPtr] Tensor device address is null
[ERROR] COMMON(678373,ffffa86e4020,python):2026-09-14-15:57:59.450.772 [mindspore/ccsrc/pybind_api/ir/tensor_py.cc:730] DataPtr] Tensor device address is null
[ERROR] COMMON(678373,ffffa86e4020,python):2026-09-14-15:57:59.456.792 [mindspore/ccsrc/pybind_api/ir/tensor_py.cc:730] DataPtr] Tensor device address is null
[ERROR] COMMON(678373,ffffa86e4020,python):2026-09-14-15:57:59.457.491 [mindspore/ccsrc/pybind_api/ir/tensor_py.cc:730] DataPtr] Tensor device address is null
[ERROR] COMMON(678373,ffffa86e4020,python):2026-09-14-15:57:59.458.127 [mindspore/ccsrc/pybind_api/ir/tensor_py.cc:730] DataPtr] Tensor device address is null
[ERROR] COMMON(678373,ffffa86e4020,python):2026-09-14-15:57:59.458.750 [mindspore/ccsrc/pybind_api/ir/tensor_py.cc:730] DataPtr] Tensor device address is null
[ERROR] COMMON(678373,ffffa86e4020,python):2026-09-14-15:57:59.459.373 [mindspore/ccsrc/pybind_api/ir/tensor_py.cc:730] DataPtr] Tensor device address is null
[ERROR] COMMON(678373,ffffa86e4020,python):2026-09-14-15:57:59.459.993 [mindspore/ccsrc/pybind_api/ir/tensor_py.cc:730] DataPtr] Tensor device address is null
[ERROR] COMMON(678373,ffffa86e4020,python):2026-09-14-15:57:59.462.003 [mindspore/ccsrc/pybind_api/ir/tensor_py.cc:730] DataPtr] Tensor device address is null
[ERROR] COMMON(678373,ffffa86e4020,python):2026-09-14-15:57:59.462.633 [mindspore/ccsrc/pybind_api/ir/tensor_py.cc:730] DataPtr] Tensor device address is null
[ERROR] COMMON(678373,ffffa86e4020,python):2026-09-14-15:57:59.465.196 [mindspore/ccsrc/pybind_api/ir/tensor_py.cc:730] DataPtr] Tensor device address is null
[ERROR] COMMON(678373,ffffa86e4020,python):2026-09-14-15:57:59.465.845 [mindspore/ccsrc/pybind_api/ir/tensor_py.cc:730] DataPtr] Tensor device address is null
[ERROR] COMMON(678373,ffffa86e4020,python):2026-09-14-15:57:59.468.373 [mindspore/ccsrc/pybind_api/ir/tensor_py.cc:730] DataPtr] Tensor device address is null
[ERROR] COMMON(678373,ffffa86e4020,python):2026-09-14-15:57:59.469.043 [mindspore/ccsrc/pybind_api/ir/tensor_py.cc:730] DataPtr] Tensor device address is null
[ERROR] COMMON(678373,ffffa86e4020,python):2026-09-14-15:57:59.471.546 [mindspore/ccsrc/pybind_api/ir/tensor_py.cc:730] DataPtr] Tensor device address is null
[ERROR] COMMON(678373,ffffa86e4020,python):2026-09-14-15:57:59.472.207 [mindspore/ccsrc/pybind_api/ir/tensor_py.cc:730] DataPtr] Tensor device address is null
[ERROR] COMMON(678373,ffffa86e4020,python):2026-09-14-15:57:59.478.239 [mindspore/ccsrc/pybind_api/ir/tensor_py.cc:730] DataPtr] Tensor device address is null
[ERROR] COMMON(678373,ffffa86e4020,python):2026-09-14-15:57:59.478.955 [mindspore/ccsrc/pybind_api/ir/tensor_py.cc:730] DataPtr] Tensor device address is null
[ERROR] COMMON(678373,ffffa86e4020,python):2026-09-14-15:57:59.484.478 [mindspore/ccsrc/pybind_api/ir/tensor_py.cc:730] DataPtr] Tensor device address is null
[ERROR] COMMON(678373,ffffa86e4020,python):2026-09-14-15:57:59.485.166 [mindspore/ccsrc/pybind_api/ir/tensor_py.cc:730] DataPtr] Tensor device address is null
[ERROR] COMMON(678373,ffffa86e4020,python):2026-09-14-15:57:59.485.794 [mindspore/ccsrc/pybind_api/ir/tensor_py.cc:730] DataPtr] Tensor device address is null
[ERROR] COMMON(678373,ffffa86e4020,python):2026-09-14-15:57:59.486.418 [mindspore/ccsrc/pybind_api/ir/tensor_py.cc:730] DataPtr] Tensor device address is null
[ERROR] COMMON(678373,ffffa86e4020,python):2026-09-14-15:57:59.487.038 [mindspore/ccsrc/pybind_api/ir/tensor_py.cc:730] DataPtr] Tensor device address is null
[ERROR] COMMON(678373,ffffa86e4020,python):2026-09-14-15:57:59.487.662 [mindspore/ccsrc/pybind_api/ir/tensor_py.cc:730] DataPtr] Tensor device address is null
[ERROR] COMMON(678373,ffffa86e4020,python):2026-09-14-15:57:59.490.362 [mindspore/ccsrc/pybind_api/ir/tensor_py.cc:730] DataPtr] Tensor device address is null
[ERROR] COMMON(678373,ffffa86e4020,python):2026-09-14-15:57:59.491.014 [mindspore/ccsrc/pybind_api/ir/tensor_py.cc:730] DataPtr] Tensor device address is null
[ERROR] COMMON(678373,ffffa86e4020,python):2026-09-14-15:57:59.493.460 [mindspore/ccsrc/pybind_api/ir/tensor_py.cc:730] DataPtr] Tensor device address is null
[ERROR] COMMON(678373,ffffa86e4020,python):2026-09-14-15:57:59.494.117 [mindspore/ccsrc/pybind_api/ir/tensor_py.cc:730] DataPtr] Tensor device address is null
[ERROR] COMMON(678373,ffffa86e4020,python):2026-09-14-15:57:59.496.649 [mindspore/ccsrc/pybind_api/ir/tensor_py.cc:730] DataPtr] Tensor device address is null
[ERROR] COMMON(678373,ffffa86e4020,python):2026-09-14-15:57:59.497.309 [mindspore/ccsrc/pybind_api/ir/tensor_py.cc:730] DataPtr] Tensor device address is null
[ERROR] COMMON(678373,ffffa86e4020,python):2026-09-14-15:57:59.499.710 [mindspore/ccsrc/pybind_api/ir/tensor_py.cc:730] DataPtr] Tensor device address is null
[ERROR] COMMON(678373,ffffa86e4020,python):2026-09-14-15:57:59.500.370 [mindspore/ccsrc/pybind_api/ir/tensor_py.cc:730] DataPtr] Tensor device address is null
[ERROR] COMMON(678373,ffffa86e4020,python):2026-09-14-15:57:59.505.979 [mindspore/ccsrc/pybind_api/ir/tensor_py.cc:730] DataPtr] Tensor device address is null
[ERROR] COMMON(678373,ffffa86e4020,python):2026-09-14-15:57:59.506.657 [mindspore/ccsrc/pybind_api/ir/tensor_py.cc:730] DataPtr] Tensor device address is null
[ERROR] COMMON(678373,ffffa86e4020,python):2026-09-14-15:57:59.512.716 [mindspore/ccsrc/pybind_api/ir/tensor_py.cc:730] DataPtr] Tensor device address is null
[ERROR] COMMON(678373,ffffa86e4020,python):2026-09-14-15:57:59.513.411 [mindspore/ccsrc/pybind_api/ir/tensor_py.cc:730] DataPtr] Tensor device address is null
[ERROR] COMMON(678373,ffffa86e4020,python):2026-09-14-15:57:59.514.036 [mindspore/ccsrc/pybind_api/ir/tensor_py.cc:730] DataPtr] Tensor device address is null
[ERROR] COMMON(678373,ffffa86e4020,python):2026-09-14-15:57:59.514.658 [mindspore/ccsrc/pybind_api/ir/tensor_py.cc:730] DataPtr] Tensor device address is null
[ERROR] COMMON(678373,ffffa86e4020,python):2026-09-14-15:57:59.515.280 [mindspore/ccsrc/pybind_api/ir/tensor_py.cc:730] DataPtr] Tensor device address is null
[ERROR] COMMON(678373,ffffa86e4020,python):2026-09-14-15:57:59.515.896 [mindspore/ccsrc/pybind_api/ir/tensor_py.cc:730] DataPtr] Tensor device address is null
[ERROR] COMMON(678373,ffffa86e4020,python):2026-09-14-15:57:59.517.937 [mindspore/ccsrc/pybind_api/ir/tensor_py.cc:730] DataPtr] Tensor device address is null
[ERROR] COMMON(678373,ffffa86e4020,python):2026-09-14-15:57:59.518.565 [mindspore/ccsrc/pybind_api/ir/tensor_py.cc:730] DataPtr] Tensor device address is null
[ERROR] COMMON(678373,ffffa86e4020,python):2026-09-14-15:57:59.521.055 [mindspore/ccsrc/pybind_api/ir/tensor_py.cc:730] DataPtr] Tensor device address is null
[ERROR] COMMON(678373,ffffa86e4020,python):2026-09-14-15:57:59.521.708 [mindspore/ccsrc/pybind_api/ir/tensor_py.cc:730] DataPtr] Tensor device address is null
[ERROR] COMMON(678373,ffffa86e4020,python):2026-09-14-15:57:59.524.215 [mindspore/ccsrc/pybind_api/ir/tensor_py.cc:730] DataPtr] Tensor device address is null
[ERROR] COMMON(678373,ffffa86e4020,python):2026-09-14-15:57:59.524.885 [mindspore/ccsrc/pybind_api/ir/tensor_py.cc:730] DataPtr] Tensor device address is null
[ERROR] COMMON(678373,ffffa86e4020,python):2026-09-14-15:57:59.527.288 [mindspore/ccsrc/pybind_api/ir/tensor_py.cc:730] DataPtr] Tensor device address is null
[ERROR] COMMON(678373,ffffa86e4020,python):2026-09-14-15:57:59.527.959 [mindspore/ccsrc/pybind_api/ir/tensor_py.cc:730] DataPtr] Tensor device address is null
[ERROR] COMMON(678373,ffffa86e4020,python):2026-09-14-15:57:59.533.962 [mindspore/ccsrc/pybind_api/ir/tensor_py.cc:730] DataPtr] Tensor device address is null
[ERROR] COMMON(678373,ffffa86e4020,python):2026-09-14-15:57:59.534.672 [mindspore/ccsrc/pybind_api/ir/tensor_py.cc:730] DataPtr] Tensor device address is null
[ERROR] COMMON(678373,ffffa86e4020,python):2026-09-14-15:57:59.540.192 [mindspore/ccsrc/pybind_api/ir/tensor_py.cc:730] DataPtr] Tensor device address is null
[ERROR] COMMON(678373,ffffa86e4020,python):2026-09-14-15:57:59.540.881 [mindspore/ccsrc/pybind_api/ir/tensor_py.cc:730] DataPtr] Tensor device address is null
[ERROR] COMMON(678373,ffffa86e4020,python):2026-09-14-15:57:59.541.522 [mindspore/ccsrc/pybind_api/ir/tensor_py.cc:730] DataPtr] Tensor device address is null
[ERROR] COMMON(678373,ffffa86e4020,python):2026-09-14-15:57:59.542.153 [mindspore/ccsrc/pybind_api/ir/tensor_py.cc:730] DataPtr] Tensor device address is null
[ERROR] COMMON(678373,ffffa86e4020,python):2026-09-14-15:57:59.542.778 [mindspore/ccsrc/pybind_api/ir/tensor_py.cc:730] DataPtr] Tensor device address is null
[ERROR] COMMON(678373,ffffa86e4020,python):2026-09-14-15:57:59.543.407 [mindspore/ccsrc/pybind_api/ir/tensor_py.cc:730] DataPtr] Tensor device address is null
[ERROR] COMMON(678373,ffffa86e4020,python):2026-09-14-15:57:59.545.959 [mindspore/ccsrc/pybind_api/ir/tensor_py.cc:730] DataPtr] Tensor device address is null
[ERROR] COMMON(678373,ffffa86e4020,python):2026-09-14-15:57:59.546.604 [mindspore/ccsrc/pybind_api/ir/tensor_py.cc:730] DataPtr] Tensor device address is null
[ERROR] COMMON(678373,ffffa86e4020,python):2026-09-14-15:57:59.549.116 [mindspore/ccsrc/pybind_api/ir/tensor_py.cc:730] DataPtr] Tensor device address is null
[ERROR] COMMON(678373,ffffa86e4020,python):2026-09-14-15:57:59.549.771 [mindspore/ccsrc/pybind_api/ir/tensor_py.cc:730] DataPtr] Tensor device address is null
[ERROR] COMMON(678373,ffffa86e4020,python):2026-09-14-15:57:59.552.267 [mindspore/ccsrc/pybind_api/ir/tensor_py.cc:730] DataPtr] Tensor device address is null
[ERROR] COMMON(678373,ffffa86e4020,python):2026-09-14-15:57:59.552.935 [mindspore/ccsrc/pybind_api/ir/tensor_py.cc:730] DataPtr] Tensor device address is null
[ERROR] COMMON(678373,ffffa86e4020,python):2026-09-14-15:57:59.555.421 [mindspore/ccsrc/pybind_api/ir/tensor_py.cc:730] DataPtr] Tensor device address is null
[ERROR] COMMON(678373,ffffa86e4020,python):2026-09-14-15:57:59.556.073 [mindspore/ccsrc/pybind_api/ir/tensor_py.cc:730] DataPtr] Tensor device address is null
[ERROR] COMMON(678373,ffffa86e4020,python):2026-09-14-15:57:59.561.616 [mindspore/ccsrc/pybind_api/ir/tensor_py.cc:730] DataPtr] Tensor device address is null
[ERROR] COMMON(678373,ffffa86e4020,python):2026-09-14-15:57:59.562.298 [mindspore/ccsrc/pybind_api/ir/tensor_py.cc:730] DataPtr] Tensor device address is null
[ERROR] COMMON(678373,ffffa86e4020,python):2026-09-14-15:57:59.568.349 [mindspore/ccsrc/pybind_api/ir/tensor_py.cc:730] DataPtr] Tensor device address is null
[ERROR] COMMON(678373,ffffa86e4020,python):2026-09-14-15:57:59.569.073 [mindspore/ccsrc/pybind_api/ir/tensor_py.cc:730] DataPtr] Tensor device address is null
[ERROR] COMMON(678373,ffffa86e4020,python):2026-09-14-15:57:59.569.711 [mindspore/ccsrc/pybind_api/ir/tensor_py.cc:730] DataPtr] Tensor device address is null
[ERROR] COMMON(678373,ffffa86e4020,python):2026-09-14-15:57:59.570.322 [mindspore/ccsrc/pybind_api/ir/tensor_py.cc:730] DataPtr] Tensor device address is null
[ERROR] COMMON(678373,ffffa86e4020,python):2026-09-14-15:57:59.570.945 [mindspore/ccsrc/pybind_api/ir/tensor_py.cc:730] DataPtr] Tensor device address is null
[ERROR] COMMON(678373,ffffa86e4020,python):2026-09-14-15:57:59.571.571 [mindspore/ccsrc/pybind_api/ir/tensor_py.cc:730] DataPtr] Tensor device address is null
[ERROR] COMMON(678373,ffffa86e4020,python):2026-09-14-15:57:59.573.626 [mindspore/ccsrc/pybind_api/ir/tensor_py.cc:730] DataPtr] Tensor device address is null
[ERROR] COMMON(678373,ffffa86e4020,python):2026-09-14-15:57:59.574.260 [mindspore/ccsrc/pybind_api/ir/tensor_py.cc:730] DataPtr] Tensor device address is null
[ERROR] COMMON(678373,ffffa86e4020,python):2026-09-14-15:57:59.576.767 [mindspore/ccsrc/pybind_api/ir/tensor_py.cc:730] DataPtr] Tensor device address is null
[ERROR] COMMON(678373,ffffa86e4020,python):2026-09-14-15:57:59.577.413 [mindspore/ccsrc/pybind_api/ir/tensor_py.cc:730] DataPtr] Tensor device address is null
[ERROR] COMMON(678373,ffffa86e4020,python):2026-09-14-15:57:59.579.929 [mindspore/ccsrc/pybind_api/ir/tensor_py.cc:730] DataPtr] Tensor device address is null
[ERROR] COMMON(678373,ffffa86e4020,python):2026-09-14-15:57:59.580.602 [mindspore/ccsrc/pybind_api/ir/tensor_py.cc:730] DataPtr] Tensor device address is null
[ERROR] COMMON(678373,ffffa86e4020,python):2026-09-14-15:57:59.583.098 [mindspore/ccsrc/pybind_api/ir/tensor_py.cc:730] DataPtr] Tensor device address is null
[ERROR] COMMON(678373,ffffa86e4020,python):2026-09-14-15:57:59.583.760 [mindspore/ccsrc/pybind_api/ir/tensor_py.cc:730] DataPtr] Tensor device address is null
[ERROR] COMMON(678373,ffffa86e4020,python):2026-09-14-15:57:59.589.776 [mindspore/ccsrc/pybind_api/ir/tensor_py.cc:730] DataPtr] Tensor device address is null
[ERROR] COMMON(678373,ffffa86e4020,python):2026-09-14-15:57:59.590.481 [mindspore/ccsrc/pybind_api/ir/tensor_py.cc:730] DataPtr] Tensor device address is null
[ERROR] COMMON(678373,ffffa86e4020,python):2026-09-14-15:57:59.595.985 [mindspore/ccsrc/pybind_api/ir/tensor_py.cc:730] DataPtr] Tensor device address is null
[ERROR] COMMON(678373,ffffa86e4020,python):2026-09-14-15:57:59.596.658 [mindspore/ccsrc/pybind_api/ir/tensor_py.cc:730] DataPtr] Tensor device address is null
[ERROR] COMMON(678373,ffffa86e4020,python):2026-09-14-15:57:59.597.288 [mindspore/ccsrc/pybind_api/ir/tensor_py.cc:730] DataPtr] Tensor device address is null
[ERROR] COMMON(678373,ffffa86e4020,python):2026-09-14-15:57:59.597.908 [mindspore/ccsrc/pybind_api/ir/tensor_py.cc:730] DataPtr] Tensor device address is null
[ERROR] COMMON(678373,ffffa86e4020,python):2026-09-14-15:57:59.598.526 [mindspore/ccsrc/pybind_api/ir/tensor_py.cc:730] DataPtr] Tensor device address is null
[ERROR] COMMON(678373,ffffa86e4020,python):2026-09-14-15:57:59.599.147 [mindspore/ccsrc/pybind_api/ir/tensor_py.cc:730] DataPtr] Tensor device address is null
[ERROR] COMMON(678373,ffffa86e4020,python):2026-09-14-15:57:59.601.680 [mindspore/ccsrc/pybind_api/ir/tensor_py.cc:730] DataPtr] Tensor device address is null
[ERROR] COMMON(678373,ffffa86e4020,python):2026-09-14-15:57:59.602.327 [mindspore/ccsrc/pybind_api/ir/tensor_py.cc:730] DataPtr] Tensor device address is null
[ERROR] COMMON(678373,ffffa86e4020,python):2026-09-14-15:57:59.604.845 [mindspore/ccsrc/pybind_api/ir/tensor_py.cc:730] DataPtr] Tensor device address is null
[ERROR] COMMON(678373,ffffa86e4020,python):2026-09-14-15:57:59.605.509 [mindspore/ccsrc/pybind_api/ir/tensor_py.cc:730] DataPtr] Tensor device address is null
[ERROR] COMMON(678373,ffffa86e4020,python):2026-09-14-15:57:59.608.077 [mindspore/ccsrc/pybind_api/ir/tensor_py.cc:730] DataPtr] Tensor device address is null
[ERROR] COMMON(678373,ffffa86e4020,python):2026-09-14-15:57:59.608.759 [mindspore/ccsrc/pybind_api/ir/tensor_py.cc:730] DataPtr] Tensor device address is null
[ERROR] COMMON(678373,ffffa86e4020,python):2026-09-14-15:57:59.611.258 [mindspore/ccsrc/pybind_api/ir/tensor_py.cc:730] DataPtr] Tensor device address is null
[ERROR] COMMON(678373,ffffa86e4020,python):2026-09-14-15:57:59.611.914 [mindspore/ccsrc/pybind_api/ir/tensor_py.cc:730] DataPtr] Tensor device address is null
[ERROR] COMMON(678373,ffffa86e4020,python):2026-09-14-15:57:59.617.557 [mindspore/ccsrc/pybind_api/ir/tensor_py.cc:730] DataPtr] Tensor device address is null
[ERROR] COMMON(678373,ffffa86e4020,python):2026-09-14-15:57:59.618.235 [mindspore/ccsrc/pybind_api/ir/tensor_py.cc:730] DataPtr] Tensor device address is null
[ERROR] COMMON(678373,ffffa86e4020,python):2026-09-14-15:57:59.624.244 [mindspore/ccsrc/pybind_api/ir/tensor_py.cc:730] DataPtr] Tensor device address is null
[ERROR] COMMON(678373,ffffa86e4020,python):2026-09-14-15:57:59.624.953 [mindspore/ccsrc/pybind_api/ir/tensor_py.cc:730] DataPtr] Tensor device address is null
[ERROR] COMMON(678373,ffffa86e4020,python):2026-09-14-15:57:59.625.573 [mindspore/ccsrc/pybind_api/ir/tensor_py.cc:730] DataPtr] Tensor device address is null
[ERROR] COMMON(678373,ffffa86e4020,python):2026-09-14-15:57:59.626.192 [mindspore/ccsrc/pybind_api/ir/tensor_py.cc:730] DataPtr] Tensor device address is null
[ERROR] COMMON(678373,ffffa86e4020,python):2026-09-14-15:57:59.626.825 [mindspore/ccsrc/pybind_api/ir/tensor_py.cc:730] DataPtr] Tensor device address is null
[ERROR] COMMON(678373,ffffa86e4020,python):2026-09-14-15:57:59.627.445 [mindspore/ccsrc/pybind_api/ir/tensor_py.cc:730] DataPtr] Tensor device address is null
[ERROR] COMMON(678373,ffffa86e4020,python):2026-09-14-15:57:59.629.480 [mindspore/ccsrc/pybind_api/ir/tensor_py.cc:730] DataPtr] Tensor device address is null
[ERROR] COMMON(678373,ffffa86e4020,python):2026-09-14-15:57:59.630.108 [mindspore/ccsrc/pybind_api/ir/tensor_py.cc:730] DataPtr] Tensor device address is null
[ERROR] COMMON(678373,ffffa86e4020,python):2026-09-14-15:57:59.632.596 [mindspore/ccsrc/pybind_api/ir/tensor_py.cc:730] DataPtr] Tensor device address is null
[ERROR] COMMON(678373,ffffa86e4020,python):2026-09-14-15:57:59.633.248 [mindspore/ccsrc/pybind_api/ir/tensor_py.cc:730] DataPtr] Tensor device address is null
[ERROR] COMMON(678373,ffffa86e4020,python):2026-09-14-15:57:59.635.759 [mindspore/ccsrc/pybind_api/ir/tensor_py.cc:730] DataPtr] Tensor device address is null
[ERROR] COMMON(678373,ffffa86e4020,python):2026-09-14-15:57:59.636.420 [mindspore/ccsrc/pybind_api/ir/tensor_py.cc:730] DataPtr] Tensor device address is null
[ERROR] COMMON(678373,ffffa86e4020,python):2026-09-14-15:57:59.638.930 [mindspore/ccsrc/pybind_api/ir/tensor_py.cc:730] DataPtr] Tensor device address is null
[ERROR] COMMON(678373,ffffa86e4020,python):2026-09-14-15:57:59.639.599 [mindspore/ccsrc/pybind_api/ir/tensor_py.cc:730] DataPtr] Tensor device address is null
[ERROR] COMMON(678373,ffffa86e4020,python):2026-09-14-15:57:59.645.661 [mindspore/ccsrc/pybind_api/ir/tensor_py.cc:730] DataPtr] Tensor device address is null
[ERROR] COMMON(678373,ffffa86e4020,python):2026-09-14-15:57:59.646.362 [mindspore/ccsrc/pybind_api/ir/tensor_py.cc:730] DataPtr] Tensor device address is null
[ERROR] COMMON(678373,ffffa86e4020,python):2026-09-14-15:57:59.651.847 [mindspore/ccsrc/pybind_api/ir/tensor_py.cc:730] DataPtr] Tensor device address is null
[ERROR] COMMON(678373,ffffa86e4020,python):2026-09-14-15:57:59.652.524 [mindspore/ccsrc/pybind_api/ir/tensor_py.cc:730] DataPtr] Tensor device address is null
[ERROR] COMMON(678373,ffffa86e4020,python):2026-09-14-15:57:59.653.172 [mindspore/ccsrc/pybind_api/ir/tensor_py.cc:730] DataPtr] Tensor device address is null
[ERROR] COMMON(678373,ffffa86e4020,python):2026-09-14-15:57:59.653.800 [mindspore/ccsrc/pybind_api/ir/tensor_py.cc:730] DataPtr] Tensor device address is null
[ERROR] COMMON(678373,ffffa86e4020,python):2026-09-14-15:57:59.654.422 [mindspore/ccsrc/pybind_api/ir/tensor_py.cc:730] DataPtr] Tensor device address is null
[ERROR] COMMON(678373,ffffa86e4020,python):2026-09-14-15:57:59.655.040 [mindspore/ccsrc/pybind_api/ir/tensor_py.cc:730] DataPtr] Tensor device address is null
[ERROR] COMMON(678373,ffffa86e4020,python):2026-09-14-15:57:59.657.579 [mindspore/ccsrc/pybind_api/ir/tensor_py.cc:730] DataPtr] Tensor device address is null
[ERROR] COMMON(678373,ffffa86e4020,python):2026-09-14-15:57:59.658.224 [mindspore/ccsrc/pybind_api/ir/tensor_py.cc:730] DataPtr] Tensor device address is null
[ERROR] COMMON(678373,ffffa86e4020,python):2026-09-14-15:57:59.660.650 [mindspore/ccsrc/pybind_api/ir/tensor_py.cc:730] DataPtr] Tensor device address is null
[ERROR] COMMON(678373,ffffa86e4020,python):2026-09-14-15:57:59.661.305 [mindspore/ccsrc/pybind_api/ir/tensor_py.cc:730] DataPtr] Tensor device address is null
[ERROR] COMMON(678373,ffffa86e4020,python):2026-09-14-15:57:59.663.839 [mindspore/ccsrc/pybind_api/ir/tensor_py.cc:730] DataPtr] Tensor device address is null
[ERROR] COMMON(678373,ffffa86e4020,python):2026-09-14-15:57:59.664.504 [mindspore/ccsrc/pybind_api/ir/tensor_py.cc:730] DataPtr] Tensor device address is null
[ERROR] COMMON(678373,ffffa86e4020,python):2026-09-14-15:57:59.667.048 [mindspore/ccsrc/pybind_api/ir/tensor_py.cc:730] DataPtr] Tensor device address is null
[ERROR] COMMON(678373,ffffa86e4020,python):2026-09-14-15:57:59.667.702 [mindspore/ccsrc/pybind_api/ir/tensor_py.cc:730] DataPtr] Tensor device address is null
[ERROR] COMMON(678373,ffffa86e4020,python):2026-09-14-15:57:59.673.158 [mindspore/ccsrc/pybind_api/ir/tensor_py.cc:730] DataPtr] Tensor device address is null
[ERROR] COMMON(678373,ffffa86e4020,python):2026-09-14-15:57:59.673.846 [mindspore/ccsrc/pybind_api/ir/tensor_py.cc:730] DataPtr] Tensor device address is null
[ERROR] COMMON(678373,ffffa86e4020,python):2026-09-14-15:57:59.679.884 [mindspore/ccsrc/pybind_api/ir/tensor_py.cc:730] DataPtr] Tensor device address is null
[ERROR] COMMON(678373,ffffa86e4020,python):2026-09-14-15:57:59.680.598 [mindspore/ccsrc/pybind_api/ir/tensor_py.cc:730] DataPtr] Tensor device address is null
[ERROR] COMMON(678373,ffffa86e4020,python):2026-09-14-15:57:59.681.231 [mindspore/ccsrc/pybind_api/ir/tensor_py.cc:730] DataPtr] Tensor device address is null
[ERROR] COMMON(678373,ffffa86e4020,python):2026-09-14-15:57:59.681.858 [mindspore/ccsrc/pybind_api/ir/tensor_py.cc:730] DataPtr] Tensor device address is null
[ERROR] COMMON(678373,ffffa86e4020,python):2026-09-14-15:57:59.682.475 [mindspore/ccsrc/pybind_api/ir/tensor_py.cc:730] DataPtr] Tensor device address is null
[ERROR] COMMON(678373,ffffa86e4020,python):2026-09-14-15:57:59.683.095 [mindspore/ccsrc/pybind_api/ir/tensor_py.cc:730] DataPtr] Tensor device address is null
[ERROR] COMMON(678373,ffffa86e4020,python):2026-09-14-15:57:59.685.110 [mindspore/ccsrc/pybind_api/ir/tensor_py.cc:730] DataPtr] Tensor device address is null
[ERROR] COMMON(678373,ffffa86e4020,python):2026-09-14-15:57:59.685.740 [mindspore/ccsrc/pybind_api/ir/tensor_py.cc:730] DataPtr] Tensor device address is null
[ERROR] COMMON(678373,ffffa86e4020,python):2026-09-14-15:57:59.688.253 [mindspore/ccsrc/pybind_api/ir/tensor_py.cc:730] DataPtr] Tensor device address is null
[ERROR] COMMON(678373,ffffa86e4020,python):2026-09-14-15:57:59.688.920 [mindspore/ccsrc/pybind_api/ir/tensor_py.cc:730] DataPtr] Tensor device address is null
[ERROR] COMMON(678373,ffffa86e4020,python):2026-09-14-15:57:59.691.449 [mindspore/ccsrc/pybind_api/ir/tensor_py.cc:730] DataPtr] Tensor device address is null
[ERROR] COMMON(678373,ffffa86e4020,python):2026-09-14-15:57:59.692.108 [mindspore/ccsrc/pybind_api/ir/tensor_py.cc:730] DataPtr] Tensor device address is null
[ERROR] COMMON(678373,ffffa86e4020,python):2026-09-14-15:57:59.694.615 [mindspore/ccsrc/pybind_api/ir/tensor_py.cc:730] DataPtr] Tensor device address is null
[ERROR] COMMON(678373,ffffa86e4020,python):2026-09-14-15:57:59.695.281 [mindspore/ccsrc/pybind_api/ir/tensor_py.cc:730] DataPtr] Tensor device address is null
[ERROR] COMMON(678373,ffffa86e4020,python):2026-09-14-15:57:59.701.339 [mindspore/ccsrc/pybind_api/ir/tensor_py.cc:730] DataPtr] Tensor device address is null
[ERROR] COMMON(678373,ffffa86e4020,python):2026-09-14-15:57:59.702.039 [mindspore/ccsrc/pybind_api/ir/tensor_py.cc:730] DataPtr] Tensor device address is null
[ERROR] COMMON(678373,ffffa86e4020,python):2026-09-14-15:57:59.707.458 [mindspore/ccsrc/pybind_api/ir/tensor_py.cc:730] DataPtr] Tensor device address is null
[ERROR] COMMON(678373,ffffa86e4020,python):2026-09-14-15:57:59.708.132 [mindspore/ccsrc/pybind_api/ir/tensor_py.cc:730] DataPtr] Tensor device address is null
[ERROR] COMMON(678373,ffffa86e4020,python):2026-09-14-15:57:59.708.775 [mindspore/ccsrc/pybind_api/ir/tensor_py.cc:730] DataPtr] Tensor device address is null
[ERROR] COMMON(678373,ffffa86e4020,python):2026-09-14-15:57:59.709.412 [mindspore/ccsrc/pybind_api/ir/tensor_py.cc:730] DataPtr] Tensor device address is null
[ERROR] COMMON(678373,ffffa86e4020,python):2026-09-14-15:57:59.710.033 [mindspore/ccsrc/pybind_api/ir/tensor_py.cc:730] DataPtr] Tensor device address is null
[ERROR] COMMON(678373,ffffa86e4020,python):2026-09-14-15:57:59.710.659 [mindspore/ccsrc/pybind_api/ir/tensor_py.cc:730] DataPtr] Tensor device address is null
[ERROR] COMMON(678373,ffffa86e4020,python):2026-09-14-15:57:59.713.181 [mindspore/ccsrc/pybind_api/ir/tensor_py.cc:730] DataPtr] Tensor device address is null
[ERROR] COMMON(678373,ffffa86e4020,python):2026-09-14-15:57:59.713.824 [mindspore/ccsrc/pybind_api/ir/tensor_py.cc:730] DataPtr] Tensor device address is null
[ERROR] COMMON(678373,ffffa86e4020,python):2026-09-14-15:57:59.716.343 [mindspore/ccsrc/pybind_api/ir/tensor_py.cc:730] DataPtr] Tensor device address is null
[ERROR] COMMON(678373,ffffa86e4020,python):2026-09-14-15:57:59.717.012 [mindspore/ccsrc/pybind_api/ir/tensor_py.cc:730] DataPtr] Tensor device address is null
[ERROR] COMMON(678373,ffffa86e4020,python):2026-09-14-15:57:59.719.515 [mindspore/ccsrc/pybind_api/ir/tensor_py.cc:730] DataPtr] Tensor device address is null
[ERROR] COMMON(678373,ffffa86e4020,python):2026-09-14-15:57:59.720.173 [mindspore/ccsrc/pybind_api/ir/tensor_py.cc:730] DataPtr] Tensor device address is null
[ERROR] COMMON(678373,ffffa86e4020,python):2026-09-14-15:57:59.722.734 [mindspore/ccsrc/pybind_api/ir/tensor_py.cc:730] DataPtr] Tensor device address is null
[ERROR] COMMON(678373,ffffa86e4020,python):2026-09-14-15:57:59.723.391 [mindspore/ccsrc/pybind_api/ir/tensor_py.cc:730] DataPtr] Tensor device address is null
[ERROR] COMMON(678373,ffffa86e4020,python):2026-09-14-15:57:59.728.925 [mindspore/ccsrc/pybind_api/ir/tensor_py.cc:730] DataPtr] Tensor device address is null
[ERROR] COMMON(678373,ffffa86e4020,python):2026-09-14-15:57:59.729.623 [mindspore/ccsrc/pybind_api/ir/tensor_py.cc:730] DataPtr] Tensor device address is null
[ERROR] COMMON(678373,ffffa86e4020,python):2026-09-14-15:57:59.735.754 [mindspore/ccsrc/pybind_api/ir/tensor_py.cc:730] DataPtr] Tensor device address is null
[ERROR] COMMON(678373,ffffa86e4020,python):2026-09-14-15:57:59.736.452 [mindspore/ccsrc/pybind_api/ir/tensor_py.cc:730] DataPtr] Tensor device address is null
[ERROR] COMMON(678373,ffffa86e4020,python):2026-09-14-15:57:59.737.101 [mindspore/ccsrc/pybind_api/ir/tensor_py.cc:730] DataPtr] Tensor device address is null
[ERROR] COMMON(678373,ffffa86e4020,python):2026-09-14-15:57:59.737.721 [mindspore/ccsrc/pybind_api/ir/tensor_py.cc:730] DataPtr] Tensor device address is null
[ERROR] COMMON(678373,ffffa86e4020,python):2026-09-14-15:57:59.738.346 [mindspore/ccsrc/pybind_api/ir/tensor_py.cc:730] DataPtr] Tensor device address is null
[ERROR] COMMON(678373,ffffa86e4020,python):2026-09-14-15:57:59.738.964 [mindspore/ccsrc/pybind_api/ir/tensor_py.cc:730] DataPtr] Tensor device address is null
[ERROR] COMMON(678373,ffffa86e4020,python):2026-09-14-15:57:59.740.943 [mindspore/ccsrc/pybind_api/ir/tensor_py.cc:730] DataPtr] Tensor device address is null
[ERROR] COMMON(678373,ffffa86e4020,python):2026-09-14-15:57:59.741.566 [mindspore/ccsrc/pybind_api/ir/tensor_py.cc:730] DataPtr] Tensor device address is null
[ERROR] COMMON(678373,ffffa86e4020,python):2026-09-14-15:57:59.744.036 [mindspore/ccsrc/pybind_api/ir/tensor_py.cc:730] DataPtr] Tensor device address is null
[ERROR] COMMON(678373,ffffa86e4020,python):2026-09-14-15:57:59.744.700 [mindspore/ccsrc/pybind_api/ir/tensor_py.cc:730] DataPtr] Tensor device address is null
[ERROR] COMMON(678373,ffffa86e4020,python):2026-09-14-15:57:59.747.227 [mindspore/ccsrc/pybind_api/ir/tensor_py.cc:730] DataPtr] Tensor device address is null
[ERROR] COMMON(678373,ffffa86e4020,python):2026-09-14-15:57:59.747.886 [mindspore/ccsrc/pybind_api/ir/tensor_py.cc:730] DataPtr] Tensor device address is null
[ERROR] COMMON(678373,ffffa86e4020,python):2026-09-14-15:57:59.750.411 [mindspore/ccsrc/pybind_api/ir/tensor_py.cc:730] DataPtr] Tensor device address is null
[ERROR] COMMON(678373,ffffa86e4020,python):2026-09-14-15:57:59.751.059 [mindspore/ccsrc/pybind_api/ir/tensor_py.cc:730] DataPtr] Tensor device address is null
[ERROR] COMMON(678373,ffffa86e4020,python):2026-09-14-15:57:59.757.178 [mindspore/ccsrc/pybind_api/ir/tensor_py.cc:730] DataPtr] Tensor device address is null
[ERROR] COMMON(678373,ffffa86e4020,python):2026-09-14-15:57:59.757.879 [mindspore/ccsrc/pybind_api/ir/tensor_py.cc:730] DataPtr] Tensor device address is null
[ERROR] COMMON(678373,ffffa86e4020,python):2026-09-14-15:57:59.763.274 [mindspore/ccsrc/pybind_api/ir/tensor_py.cc:730] DataPtr] Tensor device address is null
