[WARNING] ME(696330:281473257689120,MainProcess):2026-09-14-16:02:48.505.586 [mindspore/run_check/_check_version.py:402] Can not find the tbe operator implementation(need by mindspore-ascend). Please check whether the Environment Variable PYTHONPATH is set. For details, refer to the installation guidelines: https://www.mindspore.cn/install
/home/user7/miniconda3/envs/ms_2.5/lib/python3.9/site-packages/numpy/core/getlimits.py:549: UserWarning: The value of the smallest subnormal for <class 'numpy.float64'> type is zero.
  setattr(self, word, getattr(machar, word).flat[0])
/home/user7/miniconda3/envs/ms_2.5/lib/python3.9/site-packages/numpy/core/getlimits.py:89: UserWarning: The value of the smallest subnormal for <class 'numpy.float64'> type is zero.
  return self._float_to_str(self.smallest_subnormal)
/home/user7/miniconda3/envs/ms_2.5/lib/python3.9/site-packages/numpy/core/getlimits.py:549: UserWarning: The value of the smallest subnormal for <class 'numpy.float32'> type is zero.
  setattr(self, word, getattr(machar, word).flat[0])
/home/user7/miniconda3/envs/ms_2.5/lib/python3.9/site-packages/numpy/core/getlimits.py:89: UserWarning: The value of the smallest subnormal for <class 'numpy.float32'> type is zero.
  return self._float_to_str(self.smallest_subnormal)
[WARNING] ME(696330:281473257689120,MainProcess):2026-09-14-16:02:51.856.916 [mindspore/context.py:1335] For 'context.set_context', the parameter 'deterministic' will be deprecated and removed in a future version. Please use the api mindspore.set_deterministic() instead.
[WARNING] ME(696330:281473257689120,MainProcess):2026-09-14-16:02:51.858.627 [mindspore/run_check/_check_version.py:402] Can not find the tbe operator implementation(need by mindspore-ascend). Please check whether the Environment Variable PYTHONPATH is set. For details, refer to the installation guidelines: https://www.mindspore.cn/install
[WARNING] ME(696330:281473257689120,MainProcess):2026-09-14-16:02:51.858.813 [mindspore/context.py:1335] For 'context.set_context', the parameter 'device_target' will be deprecated and removed in a future version. Please use the api mindspore.set_device() instead.
[WARNING] ME(696330:281473257689120,MainProcess):2026-09-14-16:02:51.859.528 [mindspore/run_check/_check_version.py:402] Can not find the tbe operator implementation(need by mindspore-ascend). Please check whether the Environment Variable PYTHONPATH is set. For details, refer to the installation guidelines: https://www.mindspore.cn/install
[WARNING] ME(696330:281473257689120,MainProcess):2026-09-14-16:02:51.859.636 [mindspore/context.py:1335] For 'context.set_context', the parameter 'device_id' will be deprecated and removed in a future version. Please use the api mindspore.set_device() instead.
/home/user7/miniconda3/envs/ms_2.5/lib/python3.9/site-packages/jieba/_compat.py:18: UserWarning: pkg_resources is deprecated as an API. See https://setuptools.pypa.io/en/latest/pkg_resources.html. The pkg_resources package is slated for removal as early as 2025-11-30. Refrain from using this package or pin to Setuptools<81.
  import pkg_resources
[WARNING] ME(696330:281473257689120,MainProcess):2026-09-14-16:02:53.391.64 [mindspore/ops/primitive.py:217] The in_strategy/in_layout of the operator in your network will not take effect in stand_alone mode. This means the the shard function called in the network is ignored. 
If you want to enable it, please use semi auto or auto parallel mode by context.set_auto_parallel_context(parallel_mode=ParallelMode.SEMI_AUTO_PARALLEL or context.set_auto_parallel_context(parallel_mode=ParallelMode.AUTO_PARALLEL)
[WARNING] ME(696330:281473257689120,MainProcess):2026-09-14-16:02:53.439.162 [mindspore/common/parameter.py:851] This interface may be deleted in the future.
[WARNING] ME(696330:281473257689120,MainProcess):2026-09-14-16:03:21.560.909 [mindspore/hal/stream.py:272] WARN_DEPRECATED: The usage of mindspore.hal.synchronize() is deprecated. Please use mindspore.runtime.synchronize()
[ERROR] COMMON(696330,ffff9989d020,python):2026-09-14-16:03:28.033.817 [mindspore/ccsrc/pybind_api/ir/tensor_py.cc:730] DataPtr] Tensor device address is null
[ERROR] COMMON(696330,ffff9989d020,python):2026-09-14-16:03:28.113.277 [mindspore/ccsrc/pybind_api/ir/tensor_py.cc:730] DataPtr] Tensor device address is null
[ERROR] COMMON(696330,ffff9989d020,python):2026-09-14-16:03:28.120.727 [mindspore/ccsrc/pybind_api/ir/tensor_py.cc:730] DataPtr] Tensor device address is null
[ERROR] COMMON(696330,ffff9989d020,python):2026-09-14-16:03:28.127.105 [mindspore/ccsrc/pybind_api/ir/tensor_py.cc:730] DataPtr] Tensor device address is null
[ERROR] COMMON(696330,ffff9989d020,python):2026-09-14-16:03:28.127.849 [mindspore/ccsrc/pybind_api/ir/tensor_py.cc:730] DataPtr] Tensor device address is null
[ERROR] COMMON(696330,ffff9989d020,python):2026-09-14-16:03:28.128.524 [mindspore/ccsrc/pybind_api/ir/tensor_py.cc:730] DataPtr] Tensor device address is null
[ERROR] COMMON(696330,ffff9989d020,python):2026-09-14-16:03:28.129.224 [mindspore/ccsrc/pybind_api/ir/tensor_py.cc:730] DataPtr] Tensor device address is null
[ERROR] COMMON(696330,ffff9989d020,python):2026-09-14-16:03:28.129.893 [mindspore/ccsrc/pybind_api/ir/tensor_py.cc:730] DataPtr] Tensor device address is null
[ERROR] COMMON(696330,ffff9989d020,python):2026-09-14-16:03:28.130.589 [mindspore/ccsrc/pybind_api/ir/tensor_py.cc:730] DataPtr] Tensor device address is null
[ERROR] COMMON(696330,ffff9989d020,python):2026-09-14-16:03:28.138.256 [mindspore/ccsrc/pybind_api/ir/tensor_py.cc:730] DataPtr] Tensor device address is null
[ERROR] COMMON(696330,ffff9989d020,python):2026-09-14-16:03:28.138.996 [mindspore/ccsrc/pybind_api/ir/tensor_py.cc:730] DataPtr] Tensor device address is null
[ERROR] COMMON(696330,ffff9989d020,python):2026-09-14-16:03:28.140.879 [mindspore/ccsrc/pybind_api/ir/tensor_py.cc:730] DataPtr] Tensor device address is null
[ERROR] COMMON(696330,ffff9989d020,python):2026-09-14-16:03:28.141.591 [mindspore/ccsrc/pybind_api/ir/tensor_py.cc:730] DataPtr] Tensor device address is null
[ERROR] COMMON(696330,ffff9989d020,python):2026-09-14-16:03:28.143.284 [mindspore/ccsrc/pybind_api/ir/tensor_py.cc:730] DataPtr] Tensor device address is null
[ERROR] COMMON(696330,ffff9989d020,python):2026-09-14-16:03:28.143.995 [mindspore/ccsrc/pybind_api/ir/tensor_py.cc:730] DataPtr] Tensor device address is null
[ERROR] COMMON(696330,ffff9989d020,python):2026-09-14-16:03:28.145.701 [mindspore/ccsrc/pybind_api/ir/tensor_py.cc:730] DataPtr] Tensor device address is null
[ERROR] COMMON(696330,ffff9989d020,python):2026-09-14-16:03:28.146.405 [mindspore/ccsrc/pybind_api/ir/tensor_py.cc:730] DataPtr] Tensor device address is null
[ERROR] COMMON(696330,ffff9989d020,python):2026-09-14-16:03:28.156.657 [mindspore/ccsrc/pybind_api/ir/tensor_py.cc:730] DataPtr] Tensor device address is null
[ERROR] COMMON(696330,ffff9989d020,python):2026-09-14-16:03:28.163.052 [mindspore/ccsrc/pybind_api/ir/tensor_py.cc:730] DataPtr] Tensor device address is null
[ERROR] COMMON(696330,ffff9989d020,python):2026-09-14-16:03:28.173.651 [mindspore/ccsrc/pybind_api/ir/tensor_py.cc:730] DataPtr] Tensor device address is null
[ERROR] COMMON(696330,ffff9989d020,python):2026-09-14-16:03:28.174.431 [mindspore/ccsrc/pybind_api/ir/tensor_py.cc:730] DataPtr] Tensor device address is null
[ERROR] COMMON(696330,ffff9989d020,python):2026-09-14-16:03:28.175.128 [mindspore/ccsrc/pybind_api/ir/tensor_py.cc:730] DataPtr] Tensor device address is null
[ERROR] COMMON(696330,ffff9989d020,python):2026-09-14-16:03:28.175.835 [mindspore/ccsrc/pybind_api/ir/tensor_py.cc:730] DataPtr] Tensor device address is null
[ERROR] COMMON(696330,ffff9989d020,python):2026-09-14-16:03:28.176.509 [mindspore/ccsrc/pybind_api/ir/tensor_py.cc:730] DataPtr] Tensor device address is null
[ERROR] COMMON(696330,ffff9989d020,python):2026-09-14-16:03:28.177.214 [mindspore/ccsrc/pybind_api/ir/tensor_py.cc:730] DataPtr] Tensor device address is null
[ERROR] COMMON(696330,ffff9989d020,python):2026-09-14-16:03:28.179.809 [mindspore/ccsrc/pybind_api/ir/tensor_py.cc:730] DataPtr] Tensor device address is null
[ERROR] COMMON(696330,ffff9989d020,python):2026-09-14-16:03:28.180.526 [mindspore/ccsrc/pybind_api/ir/tensor_py.cc:730] DataPtr] Tensor device address is null
[ERROR] COMMON(696330,ffff9989d020,python):2026-09-14-16:03:28.183.148 [mindspore/ccsrc/pybind_api/ir/tensor_py.cc:730] DataPtr] Tensor device address is null
[ERROR] COMMON(696330,ffff9989d020,python):2026-09-14-16:03:28.183.867 [mindspore/ccsrc/pybind_api/ir/tensor_py.cc:730] DataPtr] Tensor device address is null
[ERROR] COMMON(696330,ffff9989d020,python):2026-09-14-16:03:28.186.419 [mindspore/ccsrc/pybind_api/ir/tensor_py.cc:730] DataPtr] Tensor device address is null
[ERROR] COMMON(696330,ffff9989d020,python):2026-09-14-16:03:28.187.144 [mindspore/ccsrc/pybind_api/ir/tensor_py.cc:730] DataPtr] Tensor device address is null
[ERROR] COMMON(696330,ffff9989d020,python):2026-09-14-16:03:28.189.752 [mindspore/ccsrc/pybind_api/ir/tensor_py.cc:730] DataPtr] Tensor device address is null
[ERROR] COMMON(696330,ffff9989d020,python):2026-09-14-16:03:28.190.474 [mindspore/ccsrc/pybind_api/ir/tensor_py.cc:730] DataPtr] Tensor device address is null
[ERROR] COMMON(696330,ffff9989d020,python):2026-09-14-16:03:28.196.117 [mindspore/ccsrc/pybind_api/ir/tensor_py.cc:730] DataPtr] Tensor device address is null
[ERROR] COMMON(696330,ffff9989d020,python):2026-09-14-16:03:28.196.878 [mindspore/ccsrc/pybind_api/ir/tensor_py.cc:730] DataPtr] Tensor device address is null
[ERROR] COMMON(696330,ffff9989d020,python):2026-09-14-16:03:28.203.185 [mindspore/ccsrc/pybind_api/ir/tensor_py.cc:730] DataPtr] Tensor device address is null
[ERROR] COMMON(696330,ffff9989d020,python):2026-09-14-16:03:28.203.953 [mindspore/ccsrc/pybind_api/ir/tensor_py.cc:730] DataPtr] Tensor device address is null
[ERROR] COMMON(696330,ffff9989d020,python):2026-09-14-16:03:28.204.661 [mindspore/ccsrc/pybind_api/ir/tensor_py.cc:730] DataPtr] Tensor device address is null
[ERROR] COMMON(696330,ffff9989d020,python):2026-09-14-16:03:28.205.363 [mindspore/ccsrc/pybind_api/ir/tensor_py.cc:730] DataPtr] Tensor device address is null
[ERROR] COMMON(696330,ffff9989d020,python):2026-09-14-16:03:28.206.050 [mindspore/ccsrc/pybind_api/ir/tensor_py.cc:730] DataPtr] Tensor device address is null
[ERROR] COMMON(696330,ffff9989d020,python):2026-09-14-16:03:28.206.765 [mindspore/ccsrc/pybind_api/ir/tensor_py.cc:730] DataPtr] Tensor device address is null
[ERROR] COMMON(696330,ffff9989d020,python):2026-09-14-16:03:28.209.269 [mindspore/ccsrc/pybind_api/ir/tensor_py.cc:730] DataPtr] Tensor device address is null
[ERROR] COMMON(696330,ffff9989d020,python):2026-09-14-16:03:28.209.998 [mindspore/ccsrc/pybind_api/ir/tensor_py.cc:730] DataPtr] Tensor device address is null
[ERROR] COMMON(696330,ffff9989d020,python):2026-09-14-16:03:28.212.618 [mindspore/ccsrc/pybind_api/ir/tensor_py.cc:730] DataPtr] Tensor device address is null
[ERROR] COMMON(696330,ffff9989d020,python):2026-09-14-16:03:28.213.340 [mindspore/ccsrc/pybind_api/ir/tensor_py.cc:730] DataPtr] Tensor device address is null
[ERROR] COMMON(696330,ffff9989d020,python):2026-09-14-16:03:28.215.892 [mindspore/ccsrc/pybind_api/ir/tensor_py.cc:730] DataPtr] Tensor device address is null
[ERROR] COMMON(696330,ffff9989d020,python):2026-09-14-16:03:28.216.645 [mindspore/ccsrc/pybind_api/ir/tensor_py.cc:730] DataPtr] Tensor device address is null
[ERROR] COMMON(696330,ffff9989d020,python):2026-09-14-16:03:28.218.718 [mindspore/ccsrc/pybind_api/ir/tensor_py.cc:730] DataPtr] Tensor device address is null
[ERROR] COMMON(696330,ffff9989d020,python):2026-09-14-16:03:28.219.431 [mindspore/ccsrc/pybind_api/ir/tensor_py.cc:730] DataPtr] Tensor device address is null
[ERROR] COMMON(696330,ffff9989d020,python):2026-09-14-16:03:28.225.556 [mindspore/ccsrc/pybind_api/ir/tensor_py.cc:730] DataPtr] Tensor device address is null
[ERROR] COMMON(696330,ffff9989d020,python):2026-09-14-16:03:28.226.308 [mindspore/ccsrc/pybind_api/ir/tensor_py.cc:730] DataPtr] Tensor device address is null
[ERROR] COMMON(696330,ffff9989d020,python):2026-09-14-16:03:28.232.003 [mindspore/ccsrc/pybind_api/ir/tensor_py.cc:730] DataPtr] Tensor device address is null
[ERROR] COMMON(696330,ffff9989d020,python):2026-09-14-16:03:28.232.783 [mindspore/ccsrc/pybind_api/ir/tensor_py.cc:730] DataPtr] Tensor device address is null
[ERROR] COMMON(696330,ffff9989d020,python):2026-09-14-16:03:28.233.479 [mindspore/ccsrc/pybind_api/ir/tensor_py.cc:730] DataPtr] Tensor device address is null
[ERROR] COMMON(696330,ffff9989d020,python):2026-09-14-16:03:28.234.178 [mindspore/ccsrc/pybind_api/ir/tensor_py.cc:730] DataPtr] Tensor device address is null
[ERROR] COMMON(696330,ffff9989d020,python):2026-09-14-16:03:28.234.872 [mindspore/ccsrc/pybind_api/ir/tensor_py.cc:730] DataPtr] Tensor device address is null
[ERROR] COMMON(696330,ffff9989d020,python):2026-09-14-16:03:28.235.585 [mindspore/ccsrc/pybind_api/ir/tensor_py.cc:730] DataPtr] Tensor device address is null
[ERROR] COMMON(696330,ffff9989d020,python):2026-09-14-16:03:28.238.104 [mindspore/ccsrc/pybind_api/ir/tensor_py.cc:730] DataPtr] Tensor device address is null
[ERROR] COMMON(696330,ffff9989d020,python):2026-09-14-16:03:28.238.840 [mindspore/ccsrc/pybind_api/ir/tensor_py.cc:730] DataPtr] Tensor device address is null
[ERROR] COMMON(696330,ffff9989d020,python):2026-09-14-16:03:28.241.369 [mindspore/ccsrc/pybind_api/ir/tensor_py.cc:730] DataPtr] Tensor device address is null
[ERROR] COMMON(696330,ffff9989d020,python):2026-09-14-16:03:28.242.089 [mindspore/ccsrc/pybind_api/ir/tensor_py.cc:730] DataPtr] Tensor device address is null
[ERROR] COMMON(696330,ffff9989d020,python):2026-09-14-16:03:28.244.654 [mindspore/ccsrc/pybind_api/ir/tensor_py.cc:730] DataPtr] Tensor device address is null
[ERROR] COMMON(696330,ffff9989d020,python):2026-09-14-16:03:28.245.375 [mindspore/ccsrc/pybind_api/ir/tensor_py.cc:730] DataPtr] Tensor device address is null
[ERROR] COMMON(696330,ffff9989d020,python):2026-09-14-16:03:28.247.877 [mindspore/ccsrc/pybind_api/ir/tensor_py.cc:730] DataPtr] Tensor device address is null
[ERROR] COMMON(696330,ffff9989d020,python):2026-09-14-16:03:28.248.623 [mindspore/ccsrc/pybind_api/ir/tensor_py.cc:730] DataPtr] Tensor device address is null
[ERROR] COMMON(696330,ffff9989d020,python):2026-09-14-16:03:28.254.167 [mindspore/ccsrc/pybind_api/ir/tensor_py.cc:730] DataPtr] Tensor device address is null
[ERROR] COMMON(696330,ffff9989d020,python):2026-09-14-16:03:28.254.913 [mindspore/ccsrc/pybind_api/ir/tensor_py.cc:730] DataPtr] Tensor device address is null
[ERROR] COMMON(696330,ffff9989d020,python):2026-09-14-16:03:28.261.088 [mindspore/ccsrc/pybind_api/ir/tensor_py.cc:730] DataPtr] Tensor device address is null
[ERROR] COMMON(696330,ffff9989d020,python):2026-09-14-16:03:28.261.845 [mindspore/ccsrc/pybind_api/ir/tensor_py.cc:730] DataPtr] Tensor device address is null
[ERROR] COMMON(696330,ffff9989d020,python):2026-09-14-16:03:28.262.538 [mindspore/ccsrc/pybind_api/ir/tensor_py.cc:730] DataPtr] Tensor device address is null
[ERROR] COMMON(696330,ffff9989d020,python):2026-09-14-16:03:28.263.246 [mindspore/ccsrc/pybind_api/ir/tensor_py.cc:730] DataPtr] Tensor device address is null
[ERROR] COMMON(696330,ffff9989d020,python):2026-09-14-16:03:28.263.934 [mindspore/ccsrc/pybind_api/ir/tensor_py.cc:730] DataPtr] Tensor device address is null
[ERROR] COMMON(696330,ffff9989d020,python):2026-09-14-16:03:28.264.644 [mindspore/ccsrc/pybind_api/ir/tensor_py.cc:730] DataPtr] Tensor device address is null
[ERROR] COMMON(696330,ffff9989d020,python):2026-09-14-16:03:28.267.171 [mindspore/ccsrc/pybind_api/ir/tensor_py.cc:730] DataPtr] Tensor device address is null
[ERROR] COMMON(696330,ffff9989d020,python):2026-09-14-16:03:28.267.892 [mindspore/ccsrc/pybind_api/ir/tensor_py.cc:730] DataPtr] Tensor device address is null
[ERROR] COMMON(696330,ffff9989d020,python):2026-09-14-16:03:28.270.426 [mindspore/ccsrc/pybind_api/ir/tensor_py.cc:730] DataPtr] Tensor device address is null
[ERROR] COMMON(696330,ffff9989d020,python):2026-09-14-16:03:28.271.159 [mindspore/ccsrc/pybind_api/ir/tensor_py.cc:730] DataPtr] Tensor device address is null
[ERROR] COMMON(696330,ffff9989d020,python):2026-09-14-16:03:28.273.676 [mindspore/ccsrc/pybind_api/ir/tensor_py.cc:730] DataPtr] Tensor device address is null
[ERROR] COMMON(696330,ffff9989d020,python):2026-09-14-16:03:28.274.412 [mindspore/ccsrc/pybind_api/ir/tensor_py.cc:730] DataPtr] Tensor device address is null
[ERROR] COMMON(696330,ffff9989d020,python):2026-09-14-16:03:28.276.466 [mindspore/ccsrc/pybind_api/ir/tensor_py.cc:730] DataPtr] Tensor device address is null
[ERROR] COMMON(696330,ffff9989d020,python):2026-09-14-16:03:28.277.199 [mindspore/ccsrc/pybind_api/ir/tensor_py.cc:730] DataPtr] Tensor device address is null
[ERROR] COMMON(696330,ffff9989d020,python):2026-09-14-16:03:28.283.339 [mindspore/ccsrc/pybind_api/ir/tensor_py.cc:730] DataPtr] Tensor device address is null
[ERROR] COMMON(696330,ffff9989d020,python):2026-09-14-16:03:28.284.099 [mindspore/ccsrc/pybind_api/ir/tensor_py.cc:730] DataPtr] Tensor device address is null
[ERROR] COMMON(696330,ffff9989d020,python):2026-09-14-16:03:28.289.753 [mindspore/ccsrc/pybind_api/ir/tensor_py.cc:730] DataPtr] Tensor device address is null
[ERROR] COMMON(696330,ffff9989d020,python):2026-09-14-16:03:28.290.505 [mindspore/ccsrc/pybind_api/ir/tensor_py.cc:730] DataPtr] Tensor device address is null
[ERROR] COMMON(696330,ffff9989d020,python):2026-09-14-16:03:28.291.214 [mindspore/ccsrc/pybind_api/ir/tensor_py.cc:730] DataPtr] Tensor device address is null
[ERROR] COMMON(696330,ffff9989d020,python):2026-09-14-16:03:28.291.935 [mindspore/ccsrc/pybind_api/ir/tensor_py.cc:730] DataPtr] Tensor device address is null
[ERROR] COMMON(696330,ffff9989d020,python):2026-09-14-16:03:28.292.649 [mindspore/ccsrc/pybind_api/ir/tensor_py.cc:730] DataPtr] Tensor device address is null
[ERROR] COMMON(696330,ffff9989d020,python):2026-09-14-16:03:28.293.369 [mindspore/ccsrc/pybind_api/ir/tensor_py.cc:730] DataPtr] Tensor device address is null
[ERROR] COMMON(696330,ffff9989d020,python):2026-09-14-16:03:28.295.871 [mindspore/ccsrc/pybind_api/ir/tensor_py.cc:730] DataPtr] Tensor device address is null
[ERROR] COMMON(696330,ffff9989d020,python):2026-09-14-16:03:28.296.606 [mindspore/ccsrc/pybind_api/ir/tensor_py.cc:730] DataPtr] Tensor device address is null
[ERROR] COMMON(696330,ffff9989d020,python):2026-09-14-16:03:28.299.155 [mindspore/ccsrc/pybind_api/ir/tensor_py.cc:730] DataPtr] Tensor device address is null
[ERROR] COMMON(696330,ffff9989d020,python):2026-09-14-16:03:28.299.871 [mindspore/ccsrc/pybind_api/ir/tensor_py.cc:730] DataPtr] Tensor device address is null
[ERROR] COMMON(696330,ffff9989d020,python):2026-09-14-16:03:28.302.417 [mindspore/ccsrc/pybind_api/ir/tensor_py.cc:730] DataPtr] Tensor device address is null
[ERROR] COMMON(696330,ffff9989d020,python):2026-09-14-16:03:28.303.140 [mindspore/ccsrc/pybind_api/ir/tensor_py.cc:730] DataPtr] Tensor device address is null
[ERROR] COMMON(696330,ffff9989d020,python):2026-09-14-16:03:28.305.675 [mindspore/ccsrc/pybind_api/ir/tensor_py.cc:730] DataPtr] Tensor device address is null
[ERROR] COMMON(696330,ffff9989d020,python):2026-09-14-16:03:28.306.399 [mindspore/ccsrc/pybind_api/ir/tensor_py.cc:730] DataPtr] Tensor device address is null
[ERROR] COMMON(696330,ffff9989d020,python):2026-09-14-16:03:28.311.990 [mindspore/ccsrc/pybind_api/ir/tensor_py.cc:730] DataPtr] Tensor device address is null
[ERROR] COMMON(696330,ffff9989d020,python):2026-09-14-16:03:28.312.743 [mindspore/ccsrc/pybind_api/ir/tensor_py.cc:730] DataPtr] Tensor device address is null
[ERROR] COMMON(696330,ffff9989d020,python):2026-09-14-16:03:28.318.981 [mindspore/ccsrc/pybind_api/ir/tensor_py.cc:730] DataPtr] Tensor device address is null
[ERROR] COMMON(696330,ffff9989d020,python):2026-09-14-16:03:28.319.737 [mindspore/ccsrc/pybind_api/ir/tensor_py.cc:730] DataPtr] Tensor device address is null
[ERROR] COMMON(696330,ffff9989d020,python):2026-09-14-16:03:28.320.435 [mindspore/ccsrc/pybind_api/ir/tensor_py.cc:730] DataPtr] Tensor device address is null
[ERROR] COMMON(696330,ffff9989d020,python):2026-09-14-16:03:28.321.153 [mindspore/ccsrc/pybind_api/ir/tensor_py.cc:730] DataPtr] Tensor device address is null
[ERROR] COMMON(696330,ffff9989d020,python):2026-09-14-16:03:28.321.849 [mindspore/ccsrc/pybind_api/ir/tensor_py.cc:730] DataPtr] Tensor device address is null
[ERROR] COMMON(696330,ffff9989d020,python):2026-09-14-16:03:28.322.558 [mindspore/ccsrc/pybind_api/ir/tensor_py.cc:730] DataPtr] Tensor device address is null
[ERROR] COMMON(696330,ffff9989d020,python):2026-09-14-16:03:28.325.047 [mindspore/ccsrc/pybind_api/ir/tensor_py.cc:730] DataPtr] Tensor device address is null
[ERROR] COMMON(696330,ffff9989d020,python):2026-09-14-16:03:28.325.787 [mindspore/ccsrc/pybind_api/ir/tensor_py.cc:730] DataPtr] Tensor device address is null
[ERROR] COMMON(696330,ffff9989d020,python):2026-09-14-16:03:28.328.315 [mindspore/ccsrc/pybind_api/ir/tensor_py.cc:730] DataPtr] Tensor device address is null
[ERROR] COMMON(696330,ffff9989d020,python):2026-09-14-16:03:28.329.048 [mindspore/ccsrc/pybind_api/ir/tensor_py.cc:730] DataPtr] Tensor device address is null
[ERROR] COMMON(696330,ffff9989d020,python):2026-09-14-16:03:28.331.530 [mindspore/ccsrc/pybind_api/ir/tensor_py.cc:730] DataPtr] Tensor device address is null
[ERROR] COMMON(696330,ffff9989d020,python):2026-09-14-16:03:28.332.254 [mindspore/ccsrc/pybind_api/ir/tensor_py.cc:730] DataPtr] Tensor device address is null
[ERROR] COMMON(696330,ffff9989d020,python):2026-09-14-16:03:28.334.314 [mindspore/ccsrc/pybind_api/ir/tensor_py.cc:730] DataPtr] Tensor device address is null
[ERROR] COMMON(696330,ffff9989d020,python):2026-09-14-16:03:28.335.033 [mindspore/ccsrc/pybind_api/ir/tensor_py.cc:730] DataPtr] Tensor device address is null
[ERROR] COMMON(696330,ffff9989d020,python):2026-09-14-16:03:28.341.137 [mindspore/ccsrc/pybind_api/ir/tensor_py.cc:730] DataPtr] Tensor device address is null
[ERROR] COMMON(696330,ffff9989d020,python):2026-09-14-16:03:28.341.893 [mindspore/ccsrc/pybind_api/ir/tensor_py.cc:730] DataPtr] Tensor device address is null
[ERROR] COMMON(696330,ffff9989d020,python):2026-09-14-16:03:28.347.559 [mindspore/ccsrc/pybind_api/ir/tensor_py.cc:730] DataPtr] Tensor device address is null
[ERROR] COMMON(696330,ffff9989d020,python):2026-09-14-16:03:28.348.311 [mindspore/ccsrc/pybind_api/ir/tensor_py.cc:730] DataPtr] Tensor device address is null
[ERROR] COMMON(696330,ffff9989d020,python):2026-09-14-16:03:28.349.024 [mindspore/ccsrc/pybind_api/ir/tensor_py.cc:730] DataPtr] Tensor device address is null
[ERROR] COMMON(696330,ffff9989d020,python):2026-09-14-16:03:28.349.742 [mindspore/ccsrc/pybind_api/ir/tensor_py.cc:730] DataPtr] Tensor device address is null
[ERROR] COMMON(696330,ffff9989d020,python):2026-09-14-16:03:28.350.434 [mindspore/ccsrc/pybind_api/ir/tensor_py.cc:730] DataPtr] Tensor device address is null
[ERROR] COMMON(696330,ffff9989d020,python):2026-09-14-16:03:28.351.154 [mindspore/ccsrc/pybind_api/ir/tensor_py.cc:730] DataPtr] Tensor device address is null
[ERROR] COMMON(696330,ffff9989d020,python):2026-09-14-16:03:28.353.774 [mindspore/ccsrc/pybind_api/ir/tensor_py.cc:730] DataPtr] Tensor device address is null
[ERROR] COMMON(696330,ffff9989d020,python):2026-09-14-16:03:28.354.505 [mindspore/ccsrc/pybind_api/ir/tensor_py.cc:730] DataPtr] Tensor device address is null
[ERROR] COMMON(696330,ffff9989d020,python):2026-09-14-16:03:28.357.174 [mindspore/ccsrc/pybind_api/ir/tensor_py.cc:730] DataPtr] Tensor device address is null
[ERROR] COMMON(696330,ffff9989d020,python):2026-09-14-16:03:28.357.898 [mindspore/ccsrc/pybind_api/ir/tensor_py.cc:730] DataPtr] Tensor device address is null
[ERROR] COMMON(696330,ffff9989d020,python):2026-09-14-16:03:28.360.386 [mindspore/ccsrc/pybind_api/ir/tensor_py.cc:730] DataPtr] Tensor device address is null
[ERROR] COMMON(696330,ffff9989d020,python):2026-09-14-16:03:28.361.112 [mindspore/ccsrc/pybind_api/ir/tensor_py.cc:730] DataPtr] Tensor device address is null
[ERROR] COMMON(696330,ffff9989d020,python):2026-09-14-16:03:28.363.625 [mindspore/ccsrc/pybind_api/ir/tensor_py.cc:730] DataPtr] Tensor device address is null
[ERROR] COMMON(696330,ffff9989d020,python):2026-09-14-16:03:28.364.344 [mindspore/ccsrc/pybind_api/ir/tensor_py.cc:730] DataPtr] Tensor device address is null
[ERROR] COMMON(696330,ffff9989d020,python):2026-09-14-16:03:28.369.865 [mindspore/ccsrc/pybind_api/ir/tensor_py.cc:730] DataPtr] Tensor device address is null
[ERROR] COMMON(696330,ffff9989d020,python):2026-09-14-16:03:28.370.613 [mindspore/ccsrc/pybind_api/ir/tensor_py.cc:730] DataPtr] Tensor device address is null
[ERROR] COMMON(696330,ffff9989d020,python):2026-09-14-16:03:28.376.798 [mindspore/ccsrc/pybind_api/ir/tensor_py.cc:730] DataPtr] Tensor device address is null
[ERROR] COMMON(696330,ffff9989d020,python):2026-09-14-16:03:28.377.551 [mindspore/ccsrc/pybind_api/ir/tensor_py.cc:730] DataPtr] Tensor device address is null
[ERROR] COMMON(696330,ffff9989d020,python):2026-09-14-16:03:28.378.251 [mindspore/ccsrc/pybind_api/ir/tensor_py.cc:730] DataPtr] Tensor device address is null
[ERROR] COMMON(696330,ffff9989d020,python):2026-09-14-16:03:28.378.948 [mindspore/ccsrc/pybind_api/ir/tensor_py.cc:730] DataPtr] Tensor device address is null
[ERROR] COMMON(696330,ffff9989d020,python):2026-09-14-16:03:28.379.631 [mindspore/ccsrc/pybind_api/ir/tensor_py.cc:730] DataPtr] Tensor device address is null
[ERROR] COMMON(696330,ffff9989d020,python):2026-09-14-16:03:28.380.336 [mindspore/ccsrc/pybind_api/ir/tensor_py.cc:730] DataPtr] Tensor device address is null
[ERROR] COMMON(696330,ffff9989d020,python):2026-09-14-16:03:28.382.935 [mindspore/ccsrc/pybind_api/ir/tensor_py.cc:730] DataPtr] Tensor device address is null
[ERROR] COMMON(696330,ffff9989d020,python):2026-09-14-16:03:28.383.658 [mindspore/ccsrc/pybind_api/ir/tensor_py.cc:730] DataPtr] Tensor device address is null
[ERROR] COMMON(696330,ffff9989d020,python):2026-09-14-16:03:28.386.294 [mindspore/ccsrc/pybind_api/ir/tensor_py.cc:730] DataPtr] Tensor device address is null
[ERROR] COMMON(696330,ffff9989d020,python):2026-09-14-16:03:28.387.025 [mindspore/ccsrc/pybind_api/ir/tensor_py.cc:730] DataPtr] Tensor device address is null
[ERROR] COMMON(696330,ffff9989d020,python):2026-09-14-16:03:28.389.544 [mindspore/ccsrc/pybind_api/ir/tensor_py.cc:730] DataPtr] Tensor device address is null
[ERROR] COMMON(696330,ffff9989d020,python):2026-09-14-16:03:28.390.925 [mindspore/ccsrc/pybind_api/ir/tensor_py.cc:730] DataPtr] Tensor device address is null
[ERROR] COMMON(696330,ffff9989d020,python):2026-09-14-16:03:28.393.025 [mindspore/ccsrc/pybind_api/ir/tensor_py.cc:730] DataPtr] Tensor device address is null
[ERROR] COMMON(696330,ffff9989d020,python):2026-09-14-16:03:28.393.746 [mindspore/ccsrc/pybind_api/ir/tensor_py.cc:730] DataPtr] Tensor device address is null
[ERROR] COMMON(696330,ffff9989d020,python):2026-09-14-16:03:28.399.920 [mindspore/ccsrc/pybind_api/ir/tensor_py.cc:730] DataPtr] Tensor device address is null
[ERROR] COMMON(696330,ffff9989d020,python):2026-09-14-16:03:28.400.676 [mindspore/ccsrc/pybind_api/ir/tensor_py.cc:730] DataPtr] Tensor device address is null
[ERROR] COMMON(696330,ffff9989d020,python):2026-09-14-16:03:28.406.382 [mindspore/ccsrc/pybind_api/ir/tensor_py.cc:730] DataPtr] Tensor device address is null
[ERROR] COMMON(696330,ffff9989d020,python):2026-09-14-16:03:28.407.141 [mindspore/ccsrc/pybind_api/ir/tensor_py.cc:730] DataPtr] Tensor device address is null
[ERROR] COMMON(696330,ffff9989d020,python):2026-09-14-16:03:28.407.849 [mindspore/ccsrc/pybind_api/ir/tensor_py.cc:730] DataPtr] Tensor device address is null
[ERROR] COMMON(696330,ffff9989d020,python):2026-09-14-16:03:28.408.568 [mindspore/ccsrc/pybind_api/ir/tensor_py.cc:730] DataPtr] Tensor device address is null
[ERROR] COMMON(696330,ffff9989d020,python):2026-09-14-16:03:28.409.269 [mindspore/ccsrc/pybind_api/ir/tensor_py.cc:730] DataPtr] Tensor device address is null
[ERROR] COMMON(696330,ffff9989d020,python):2026-09-14-16:03:28.409.977 [mindspore/ccsrc/pybind_api/ir/tensor_py.cc:730] DataPtr] Tensor device address is null
[ERROR] COMMON(696330,ffff9989d020,python):2026-09-14-16:03:28.412.509 [mindspore/ccsrc/pybind_api/ir/tensor_py.cc:730] DataPtr] Tensor device address is null
[ERROR] COMMON(696330,ffff9989d020,python):2026-09-14-16:03:28.415.181 [mindspore/ccsrc/pybind_api/ir/tensor_py.cc:730] DataPtr] Tensor device address is null
[ERROR] COMMON(696330,ffff9989d020,python):2026-09-14-16:03:28.417.981 [mindspore/ccsrc/pybind_api/ir/tensor_py.cc:730] DataPtr] Tensor device address is null
[ERROR] COMMON(696330,ffff9989d020,python):2026-09-14-16:03:28.418.721 [mindspore/ccsrc/pybind_api/ir/tensor_py.cc:730] DataPtr] Tensor device address is null
[ERROR] COMMON(696330,ffff9989d020,python):2026-09-14-16:03:28.421.428 [mindspore/ccsrc/pybind_api/ir/tensor_py.cc:730] DataPtr] Tensor device address is null
[ERROR] COMMON(696330,ffff9989d020,python):2026-09-14-16:03:28.422.174 [mindspore/ccsrc/pybind_api/ir/tensor_py.cc:730] DataPtr] Tensor device address is null
[ERROR] COMMON(696330,ffff9989d020,python):2026-09-14-16:03:28.424.881 [mindspore/ccsrc/pybind_api/ir/tensor_py.cc:730] DataPtr] Tensor device address is null
[ERROR] COMMON(696330,ffff9989d020,python):2026-09-14-16:03:28.425.624 [mindspore/ccsrc/pybind_api/ir/tensor_py.cc:730] DataPtr] Tensor device address is null
[ERROR] COMMON(696330,ffff9989d020,python):2026-09-14-16:03:28.431.175 [mindspore/ccsrc/pybind_api/ir/tensor_py.cc:730] DataPtr] Tensor device address is null
[ERROR] COMMON(696330,ffff9989d020,python):2026-09-14-16:03:28.431.943 [mindspore/ccsrc/pybind_api/ir/tensor_py.cc:730] DataPtr] Tensor device address is null
[ERROR] COMMON(696330,ffff9989d020,python):2026-09-14-16:03:28.438.195 [mindspore/ccsrc/pybind_api/ir/tensor_py.cc:730] DataPtr] Tensor device address is null
[ERROR] COMMON(696330,ffff9989d020,python):2026-09-14-16:03:28.438.972 [mindspore/ccsrc/pybind_api/ir/tensor_py.cc:730] DataPtr] Tensor device address is null
[ERROR] COMMON(696330,ffff9989d020,python):2026-09-14-16:03:28.439.691 [mindspore/ccsrc/pybind_api/ir/tensor_py.cc:730] DataPtr] Tensor device address is null
[ERROR] COMMON(696330,ffff9989d020,python):2026-09-14-16:03:28.440.422 [mindspore/ccsrc/pybind_api/ir/tensor_py.cc:730] DataPtr] Tensor device address is null
[ERROR] COMMON(696330,ffff9989d020,python):2026-09-14-16:03:28.441.141 [mindspore/ccsrc/pybind_api/ir/tensor_py.cc:730] DataPtr] Tensor device address is null
[ERROR] COMMON(696330,ffff9989d020,python):2026-09-14-16:03:28.441.866 [mindspore/ccsrc/pybind_api/ir/tensor_py.cc:730] DataPtr] Tensor device address is null
[ERROR] COMMON(696330,ffff9989d020,python):2026-09-14-16:03:28.444.634 [mindspore/ccsrc/pybind_api/ir/tensor_py.cc:730] DataPtr] Tensor device address is null
[ERROR] COMMON(696330,ffff9989d020,python):2026-09-14-16:03:28.445.388 [mindspore/ccsrc/pybind_api/ir/tensor_py.cc:730] DataPtr] Tensor device address is null
[ERROR] COMMON(696330,ffff9989d020,python):2026-09-14-16:03:28.448.078 [mindspore/ccsrc/pybind_api/ir/tensor_py.cc:730] DataPtr] Tensor device address is null
[ERROR] COMMON(696330,ffff9989d020,python):2026-09-14-16:03:28.448.833 [mindspore/ccsrc/pybind_api/ir/tensor_py.cc:730] DataPtr] Tensor device address is null
[ERROR] COMMON(696330,ffff9989d020,python):2026-09-14-16:03:28.451.549 [mindspore/ccsrc/pybind_api/ir/tensor_py.cc:730] DataPtr] Tensor device address is null
[ERROR] COMMON(696330,ffff9989d020,python):2026-09-14-16:03:28.452.289 [mindspore/ccsrc/pybind_api/ir/tensor_py.cc:730] DataPtr] Tensor device address is null
[ERROR] COMMON(696330,ffff9989d020,python):2026-09-14-16:03:28.454.558 [mindspore/ccsrc/pybind_api/ir/tensor_py.cc:730] DataPtr] Tensor device address is null
[ERROR] COMMON(696330,ffff9989d020,python):2026-09-14-16:03:28.455.307 [mindspore/ccsrc/pybind_api/ir/tensor_py.cc:730] DataPtr] Tensor device address is null
[ERROR] COMMON(696330,ffff9989d020,python):2026-09-14-16:03:28.461.436 [mindspore/ccsrc/pybind_api/ir/tensor_py.cc:730] DataPtr] Tensor device address is null
[ERROR] COMMON(696330,ffff9989d020,python):2026-09-14-16:03:28.462.211 [mindspore/ccsrc/pybind_api/ir/tensor_py.cc:730] DataPtr] Tensor device address is null
[ERROR] COMMON(696330,ffff9989d020,python):2026-09-14-16:03:28.467.889 [mindspore/ccsrc/pybind_api/ir/tensor_py.cc:730] DataPtr] Tensor device address is null
[ERROR] COMMON(696330,ffff9989d020,python):2026-09-14-16:03:28.468.662 [mindspore/ccsrc/pybind_api/ir/tensor_py.cc:730] DataPtr] Tensor device address is null
[ERROR] COMMON(696330,ffff9989d020,python):2026-09-14-16:03:28.469.382 [mindspore/ccsrc/pybind_api/ir/tensor_py.cc:730] DataPtr] Tensor device address is null
[ERROR] COMMON(696330,ffff9989d020,python):2026-09-14-16:03:28.470.105 [mindspore/ccsrc/pybind_api/ir/tensor_py.cc:730] DataPtr] Tensor device address is null
[ERROR] COMMON(696330,ffff9989d020,python):2026-09-14-16:03:28.470.811 [mindspore/ccsrc/pybind_api/ir/tensor_py.cc:730] DataPtr] Tensor device address is null
[ERROR] COMMON(696330,ffff9989d020,python):2026-09-14-16:03:28.471.546 [mindspore/ccsrc/pybind_api/ir/tensor_py.cc:730] DataPtr] Tensor device address is null
[ERROR] COMMON(696330,ffff9989d020,python):2026-09-14-16:03:28.474.322 [mindspore/ccsrc/pybind_api/ir/tensor_py.cc:730] DataPtr] Tensor device address is null
[ERROR] COMMON(696330,ffff9989d020,python):2026-09-14-16:03:28.475.075 [mindspore/ccsrc/pybind_api/ir/tensor_py.cc:730] DataPtr] Tensor device address is null
[ERROR] COMMON(696330,ffff9989d020,python):2026-09-14-16:03:28.477.819 [mindspore/ccsrc/pybind_api/ir/tensor_py.cc:730] DataPtr] Tensor device address is null
[ERROR] COMMON(696330,ffff9989d020,python):2026-09-14-16:03:28.478.551 [mindspore/ccsrc/pybind_api/ir/tensor_py.cc:730] DataPtr] Tensor device address is null
[ERROR] COMMON(696330,ffff9989d020,python):2026-09-14-16:03:28.481.261 [mindspore/ccsrc/pybind_api/ir/tensor_py.cc:730] DataPtr] Tensor device address is null
[ERROR] COMMON(696330,ffff9989d020,python):2026-09-14-16:03:28.481.998 [mindspore/ccsrc/pybind_api/ir/tensor_py.cc:730] DataPtr] Tensor device address is null
[ERROR] COMMON(696330,ffff9989d020,python):2026-09-14-16:03:28.484.693 [mindspore/ccsrc/pybind_api/ir/tensor_py.cc:730] DataPtr] Tensor device address is null
[ERROR] COMMON(696330,ffff9989d020,python):2026-09-14-16:03:28.485.426 [mindspore/ccsrc/pybind_api/ir/tensor_py.cc:730] DataPtr] Tensor device address is null
[ERROR] COMMON(696330,ffff9989d020,python):2026-09-14-16:03:28.490.999 [mindspore/ccsrc/pybind_api/ir/tensor_py.cc:730] DataPtr] Tensor device address is null
[ERROR] COMMON(696330,ffff9989d020,python):2026-09-14-16:03:28.491.767 [mindspore/ccsrc/pybind_api/ir/tensor_py.cc:730] DataPtr] Tensor device address is null
[ERROR] COMMON(696330,ffff9989d020,python):2026-09-14-16:03:28.498.022 [mindspore/ccsrc/pybind_api/ir/tensor_py.cc:730] DataPtr] Tensor device address is null
[ERROR] COMMON(696330,ffff9989d020,python):2026-09-14-16:03:28.498.881 [mindspore/ccsrc/pybind_api/ir/tensor_py.cc:730] DataPtr] Tensor device address is null
[ERROR] COMMON(696330,ffff9989d020,python):2026-09-14-16:03:28.506.179 [mindspore/ccsrc/pybind_api/ir/tensor_py.cc:730] DataPtr] Tensor device address is null
[ERROR] COMMON(696330,ffff9989d020,python):2026-09-14-16:03:28.512.555 [mindspore/ccsrc/pybind_api/ir/tensor_py.cc:730] DataPtr] Tensor device address is null
[ERROR] COMMON(696330,ffff9989d020,python):2026-09-14-16:03:28.584.605 [mindspore/ccsrc/pybind_api/ir/tensor_py.cc:730] DataPtr] Tensor device address is null
[ERROR] COMMON(696330,ffff9989d020,python):2026-09-14-16:03:28.585.939 [mindspore/ccsrc/pybind_api/ir/tensor_py.cc:730] DataPtr] Tensor device address is null
[ERROR] COMMON(696330,ffff9989d020,python):2026-09-14-16:03:28.586.673 [mindspore/ccsrc/pybind_api/ir/tensor_py.cc:730] DataPtr] Tensor device address is null
[ERROR] COMMON(696330,ffff9989d020,python):2026-09-14-16:03:28.587.363 [mindspore/ccsrc/pybind_api/ir/tensor_py.cc:730] DataPtr] Tensor device address is null
[ERROR] COMMON(696330,ffff9989d020,python):2026-09-14-16:03:28.588.060 [mindspore/ccsrc/pybind_api/ir/tensor_py.cc:730] DataPtr] Tensor device address is null
[ERROR] COMMON(696330,ffff9989d020,python):2026-09-14-16:03:28.588.782 [mindspore/ccsrc/pybind_api/ir/tensor_py.cc:730] DataPtr] Tensor device address is null
[ERROR] COMMON(696330,ffff9989d020,python):2026-09-14-16:03:28.589.469 [mindspore/ccsrc/pybind_api/ir/tensor_py.cc:730] DataPtr] Tensor device address is null
[ERROR] COMMON(696330,ffff9989d020,python):2026-09-14-16:03:28.590.155 [mindspore/ccsrc/pybind_api/ir/tensor_py.cc:730] DataPtr] Tensor device address is null
[ERROR] COMMON(696330,ffff9989d020,python):2026-09-14-16:03:28.592.946 [mindspore/ccsrc/pybind_api/ir/tensor_py.cc:730] DataPtr] Tensor device address is null
[ERROR] COMMON(696330,ffff9989d020,python):2026-09-14-16:03:28.593.643 [mindspore/ccsrc/pybind_api/ir/tensor_py.cc:730] DataPtr] Tensor device address is null
[ERROR] COMMON(696330,ffff9989d020,python):2026-09-14-16:03:28.596.249 [mindspore/ccsrc/pybind_api/ir/tensor_py.cc:730] DataPtr] Tensor device address is null
[ERROR] COMMON(696330,ffff9989d020,python):2026-09-14-16:03:28.596.973 [mindspore/ccsrc/pybind_api/ir/tensor_py.cc:730] DataPtr] Tensor device address is null
[ERROR] COMMON(696330,ffff9989d020,python):2026-09-14-16:03:28.599.592 [mindspore/ccsrc/pybind_api/ir/tensor_py.cc:730] DataPtr] Tensor device address is null
[ERROR] COMMON(696330,ffff9989d020,python):2026-09-14-16:03:28.600.309 [mindspore/ccsrc/pybind_api/ir/tensor_py.cc:730] DataPtr] Tensor device address is null
[ERROR] COMMON(696330,ffff9989d020,python):2026-09-14-16:03:28.602.398 [mindspore/ccsrc/pybind_api/ir/tensor_py.cc:730] DataPtr] Tensor device address is null
[ERROR] COMMON(696330,ffff9989d020,python):2026-09-14-16:03:28.603.106 [mindspore/ccsrc/pybind_api/ir/tensor_py.cc:730] DataPtr] Tensor device address is null
[ERROR] COMMON(696330,ffff9989d020,python):2026-09-14-16:03:28.609.254 [mindspore/ccsrc/pybind_api/ir/tensor_py.cc:730] DataPtr] Tensor device address is null
[ERROR] COMMON(696330,ffff9989d020,python):2026-09-14-16:03:28.610.060 [mindspore/ccsrc/pybind_api/ir/tensor_py.cc:730] DataPtr] Tensor device address is null
[ERROR] COMMON(696330,ffff9989d020,python):2026-09-14-16:03:28.615.751 [mindspore/ccsrc/pybind_api/ir/tensor_py.cc:730] DataPtr] Tensor device address is null
[ERROR] COMMON(696330,ffff9989d020,python):2026-09-14-16:03:28.616.484 [mindspore/ccsrc/pybind_api/ir/tensor_py.cc:730] DataPtr] Tensor device address is null
[ERROR] COMMON(696330,ffff9989d020,python):2026-09-14-16:03:28.617.211 [mindspore/ccsrc/pybind_api/ir/tensor_py.cc:730] DataPtr] Tensor device address is null
[ERROR] COMMON(696330,ffff9989d020,python):2026-09-14-16:03:28.617.913 [mindspore/ccsrc/pybind_api/ir/tensor_py.cc:730] DataPtr] Tensor device address is null
[ERROR] COMMON(696330,ffff9989d020,python):2026-09-14-16:03:28.618.636 [mindspore/ccsrc/pybind_api/ir/tensor_py.cc:730] DataPtr] Tensor device address is null
[ERROR] COMMON(696330,ffff9989d020,python):2026-09-14-16:03:28.619.338 [mindspore/ccsrc/pybind_api/ir/tensor_py.cc:730] DataPtr] Tensor device address is null
[ERROR] COMMON(696330,ffff9989d020,python):2026-09-14-16:03:28.621.906 [mindspore/ccsrc/pybind_api/ir/tensor_py.cc:730] DataPtr] Tensor device address is null
[ERROR] COMMON(696330,ffff9989d020,python):2026-09-14-16:03:28.622.630 [mindspore/ccsrc/pybind_api/ir/tensor_py.cc:730] DataPtr] Tensor device address is null
[ERROR] COMMON(696330,ffff9989d020,python):2026-09-14-16:03:28.625.445 [mindspore/ccsrc/pybind_api/ir/tensor_py.cc:730] DataPtr] Tensor device address is null
[ERROR] COMMON(696330,ffff9989d020,python):2026-09-14-16:03:28.626.145 [mindspore/ccsrc/pybind_api/ir/tensor_py.cc:730] DataPtr] Tensor device address is null
[ERROR] COMMON(696330,ffff9989d020,python):2026-09-14-16:03:28.628.649 [mindspore/ccsrc/pybind_api/ir/tensor_py.cc:730] DataPtr] Tensor device address is null
[ERROR] COMMON(696330,ffff9989d020,python):2026-09-14-16:03:28.629.376 [mindspore/ccsrc/pybind_api/ir/tensor_py.cc:730] DataPtr] Tensor device address is null
[ERROR] COMMON(696330,ffff9989d020,python):2026-09-14-16:03:28.631.881 [mindspore/ccsrc/pybind_api/ir/tensor_py.cc:730] DataPtr] Tensor device address is null
[ERROR] COMMON(696330,ffff9989d020,python):2026-09-14-16:03:28.632.609 [mindspore/ccsrc/pybind_api/ir/tensor_py.cc:730] DataPtr] Tensor device address is null
[ERROR] COMMON(696330,ffff9989d020,python):2026-09-14-16:03:28.638.220 [mindspore/ccsrc/pybind_api/ir/tensor_py.cc:730] DataPtr] Tensor device address is null
[ERROR] COMMON(696330,ffff9989d020,python):2026-09-14-16:03:28.638.957 [mindspore/ccsrc/pybind_api/ir/tensor_py.cc:730] DataPtr] Tensor device address is null
[ERROR] COMMON(696330,ffff9989d020,python):2026-09-14-16:03:28.645.276 [mindspore/ccsrc/pybind_api/ir/tensor_py.cc:730] DataPtr] Tensor device address is null
[ERROR] COMMON(696330,ffff9989d020,python):2026-09-14-16:03:28.646.036 [mindspore/ccsrc/pybind_api/ir/tensor_py.cc:730] DataPtr] Tensor device address is null
[ERROR] COMMON(696330,ffff9989d020,python):2026-09-14-16:03:28.646.745 [mindspore/ccsrc/pybind_api/ir/tensor_py.cc:730] DataPtr] Tensor device address is null
[ERROR] COMMON(696330,ffff9989d020,python):2026-09-14-16:03:28.647.442 [mindspore/ccsrc/pybind_api/ir/tensor_py.cc:730] DataPtr] Tensor device address is null
[ERROR] COMMON(696330,ffff9989d020,python):2026-09-14-16:03:28.648.155 [mindspore/ccsrc/pybind_api/ir/tensor_py.cc:730] DataPtr] Tensor device address is null
[ERROR] COMMON(696330,ffff9989d020,python):2026-09-14-16:03:28.648.869 [mindspore/ccsrc/pybind_api/ir/tensor_py.cc:730] DataPtr] Tensor device address is null
[ERROR] COMMON(696330,ffff9989d020,python):2026-09-14-16:03:28.651.756 [mindspore/ccsrc/pybind_api/ir/tensor_py.cc:730] DataPtr] Tensor device address is null
[ERROR] COMMON(696330,ffff9989d020,python):2026-09-14-16:03:28.652.478 [mindspore/ccsrc/pybind_api/ir/tensor_py.cc:730] DataPtr] Tensor device address is null
[ERROR] COMMON(696330,ffff9989d020,python):2026-09-14-16:03:28.655.311 [mindspore/ccsrc/pybind_api/ir/tensor_py.cc:730] DataPtr] Tensor device address is null
[ERROR] COMMON(696330,ffff9989d020,python):2026-09-14-16:03:28.656.020 [mindspore/ccsrc/pybind_api/ir/tensor_py.cc:730] DataPtr] Tensor device address is null
[ERROR] COMMON(696330,ffff9989d020,python):2026-09-14-16:03:28.658.541 [mindspore/ccsrc/pybind_api/ir/tensor_py.cc:730] DataPtr] Tensor device address is null
[ERROR] COMMON(696330,ffff9989d020,python):2026-09-14-16:03:28.659.276 [mindspore/ccsrc/pybind_api/ir/tensor_py.cc:730] DataPtr] Tensor device address is null
[ERROR] COMMON(696330,ffff9989d020,python):2026-09-14-16:03:28.661.314 [mindspore/ccsrc/pybind_api/ir/tensor_py.cc:730] DataPtr] Tensor device address is null
[ERROR] COMMON(696330,ffff9989d020,python):2026-09-14-16:03:28.662.056 [mindspore/ccsrc/pybind_api/ir/tensor_py.cc:730] DataPtr] Tensor device address is null
[ERROR] COMMON(696330,ffff9989d020,python):2026-09-14-16:03:28.669.489 [mindspore/ccsrc/pybind_api/ir/tensor_py.cc:730] DataPtr] Tensor device address is null
[ERROR] COMMON(696330,ffff9989d020,python):2026-09-14-16:03:28.670.299 [mindspore/ccsrc/pybind_api/ir/tensor_py.cc:730] DataPtr] Tensor device address is null
[ERROR] COMMON(696330,ffff9989d020,python):2026-09-14-16:03:28.676.009 [mindspore/ccsrc/pybind_api/ir/tensor_py.cc:730] DataPtr] Tensor device address is null
[ERROR] COMMON(696330,ffff9989d020,python):2026-09-14-16:03:28.676.773 [mindspore/ccsrc/pybind_api/ir/tensor_py.cc:730] DataPtr] Tensor device address is null
[ERROR] COMMON(696330,ffff9989d020,python):2026-09-14-16:03:28.677.507 [mindspore/ccsrc/pybind_api/ir/tensor_py.cc:730] DataPtr] Tensor device address is null
[ERROR] COMMON(696330,ffff9989d020,python):2026-09-14-16:03:28.678.230 [mindspore/ccsrc/pybind_api/ir/tensor_py.cc:730] DataPtr] Tensor device address is null
[ERROR] COMMON(696330,ffff9989d020,python):2026-09-14-16:03:28.678.981 [mindspore/ccsrc/pybind_api/ir/tensor_py.cc:730] DataPtr] Tensor device address is null
[ERROR] COMMON(696330,ffff9989d020,python):2026-09-14-16:03:28.679.709 [mindspore/ccsrc/pybind_api/ir/tensor_py.cc:730] DataPtr] Tensor device address is null
[ERROR] COMMON(696330,ffff9989d020,python):2026-09-14-16:03:28.682.812 [mindspore/ccsrc/pybind_api/ir/tensor_py.cc:730] DataPtr] Tensor device address is null
[ERROR] COMMON(696330,ffff9989d020,python):2026-09-14-16:03:28.683.534 [mindspore/ccsrc/pybind_api/ir/tensor_py.cc:730] DataPtr] Tensor device address is null
[ERROR] COMMON(696330,ffff9989d020,python):2026-09-14-16:03:28.686.322 [mindspore/ccsrc/pybind_api/ir/tensor_py.cc:730] DataPtr] Tensor device address is null
[ERROR] COMMON(696330,ffff9989d020,python):2026-09-14-16:03:28.687.056 [mindspore/ccsrc/pybind_api/ir/tensor_py.cc:730] DataPtr] Tensor device address is null
[ERROR] COMMON(696330,ffff9989d020,python):2026-09-14-16:03:28.689.583 [mindspore/ccsrc/pybind_api/ir/tensor_py.cc:730] DataPtr] Tensor device address is null
[ERROR] COMMON(696330,ffff9989d020,python):2026-09-14-16:03:28.690.315 [mindspore/ccsrc/pybind_api/ir/tensor_py.cc:730] DataPtr] Tensor device address is null
[ERROR] COMMON(696330,ffff9989d020,python):2026-09-14-16:03:28.692.836 [mindspore/ccsrc/pybind_api/ir/tensor_py.cc:730] DataPtr] Tensor device address is null
[ERROR] COMMON(696330,ffff9989d020,python):2026-09-14-16:03:28.693.576 [mindspore/ccsrc/pybind_api/ir/tensor_py.cc:730] DataPtr] Tensor device address is null
[ERROR] COMMON(696330,ffff9989d020,python):2026-09-14-16:03:28.699.401 [mindspore/ccsrc/pybind_api/ir/tensor_py.cc:730] DataPtr] Tensor device address is null
[ERROR] COMMON(696330,ffff9989d020,python):2026-09-14-16:03:28.700.140 [mindspore/ccsrc/pybind_api/ir/tensor_py.cc:730] DataPtr] Tensor device address is null
[ERROR] COMMON(696330,ffff9989d020,python):2026-09-14-16:03:28.706.220 [mindspore/ccsrc/pybind_api/ir/tensor_py.cc:730] DataPtr] Tensor device address is null
[ERROR] COMMON(696330,ffff9989d020,python):2026-09-14-16:03:28.706.991 [mindspore/ccsrc/pybind_api/ir/tensor_py.cc:730] DataPtr] Tensor device address is null
[ERROR] COMMON(696330,ffff9989d020,python):2026-09-14-16:03:28.707.712 [mindspore/ccsrc/pybind_api/ir/tensor_py.cc:730] DataPtr] Tensor device address is null
[ERROR] COMMON(696330,ffff9989d020,python):2026-09-14-16:03:28.708.427 [mindspore/ccsrc/pybind_api/ir/tensor_py.cc:730] DataPtr] Tensor device address is null
[ERROR] COMMON(696330,ffff9989d020,python):2026-09-14-16:03:28.709.152 [mindspore/ccsrc/pybind_api/ir/tensor_py.cc:730] DataPtr] Tensor device address is null
[ERROR] COMMON(696330,ffff9989d020,python):2026-09-14-16:03:28.709.879 [mindspore/ccsrc/pybind_api/ir/tensor_py.cc:730] DataPtr] Tensor device address is null
[ERROR] COMMON(696330,ffff9989d020,python):2026-09-14-16:03:28.712.418 [mindspore/ccsrc/pybind_api/ir/tensor_py.cc:730] DataPtr] Tensor device address is null
[ERROR] COMMON(696330,ffff9989d020,python):2026-09-14-16:03:28.713.155 [mindspore/ccsrc/pybind_api/ir/tensor_py.cc:730] DataPtr] Tensor device address is null
[ERROR] COMMON(696330,ffff9989d020,python):2026-09-14-16:03:28.716.006 [mindspore/ccsrc/pybind_api/ir/tensor_py.cc:730] DataPtr] Tensor device address is null
[ERROR] COMMON(696330,ffff9989d020,python):2026-09-14-16:03:28.716.756 [mindspore/ccsrc/pybind_api/ir/tensor_py.cc:730] DataPtr] Tensor device address is null
[ERROR] COMMON(696330,ffff9989d020,python):2026-09-14-16:03:28.719.332 [mindspore/ccsrc/pybind_api/ir/tensor_py.cc:730] DataPtr] Tensor device address is null
[ERROR] COMMON(696330,ffff9989d020,python):2026-09-14-16:03:28.720.085 [mindspore/ccsrc/pybind_api/ir/tensor_py.cc:730] DataPtr] Tensor device address is null
[ERROR] COMMON(696330,ffff9989d020,python):2026-09-14-16:03:28.722.149 [mindspore/ccsrc/pybind_api/ir/tensor_py.cc:730] DataPtr] Tensor device address is null
[ERROR] COMMON(696330,ffff9989d020,python):2026-09-14-16:03:28.722.877 [mindspore/ccsrc/pybind_api/ir/tensor_py.cc:730] DataPtr] Tensor device address is null
[ERROR] COMMON(696330,ffff9989d020,python):2026-09-14-16:03:28.729.028 [mindspore/ccsrc/pybind_api/ir/tensor_py.cc:730] DataPtr] Tensor device address is null
[ERROR] COMMON(696330,ffff9989d020,python):2026-09-14-16:03:28.729.820 [mindspore/ccsrc/pybind_api/ir/tensor_py.cc:730] DataPtr] Tensor device address is null
[ERROR] COMMON(696330,ffff9989d020,python):2026-09-14-16:03:28.735.474 [mindspore/ccsrc/pybind_api/ir/tensor_py.cc:730] DataPtr] Tensor device address is null
[ERROR] COMMON(696330,ffff9989d020,python):2026-09-14-16:03:28.736.230 [mindspore/ccsrc/pybind_api/ir/tensor_py.cc:730] DataPtr] Tensor device address is null
[ERROR] COMMON(696330,ffff9989d020,python):2026-09-14-16:03:28.736.949 [mindspore/ccsrc/pybind_api/ir/tensor_py.cc:730] DataPtr] Tensor device address is null
[ERROR] COMMON(696330,ffff9989d020,python):2026-09-14-16:03:28.737.685 [mindspore/ccsrc/pybind_api/ir/tensor_py.cc:730] DataPtr] Tensor device address is null
[ERROR] COMMON(696330,ffff9989d020,python):2026-09-14-16:03:28.738.394 [mindspore/ccsrc/pybind_api/ir/tensor_py.cc:730] DataPtr] Tensor device address is null
[ERROR] COMMON(696330,ffff9989d020,python):2026-09-14-16:03:28.739.102 [mindspore/ccsrc/pybind_api/ir/tensor_py.cc:730] DataPtr] Tensor device address is null
[ERROR] COMMON(696330,ffff9989d020,python):2026-09-14-16:03:28.741.688 [mindspore/ccsrc/pybind_api/ir/tensor_py.cc:730] DataPtr] Tensor device address is null
[ERROR] COMMON(696330,ffff9989d020,python):2026-09-14-16:03:28.742.414 [mindspore/ccsrc/pybind_api/ir/tensor_py.cc:730] DataPtr] Tensor device address is null
[ERROR] COMMON(696330,ffff9989d020,python):2026-09-14-16:03:28.745.034 [mindspore/ccsrc/pybind_api/ir/tensor_py.cc:730] DataPtr] Tensor device address is null
[ERROR] COMMON(696330,ffff9989d020,python):2026-09-14-16:03:28.745.756 [mindspore/ccsrc/pybind_api/ir/tensor_py.cc:730] DataPtr] Tensor device address is null
[ERROR] COMMON(696330,ffff9989d020,python):2026-09-14-16:03:28.748.294 [mindspore/ccsrc/pybind_api/ir/tensor_py.cc:730] DataPtr] Tensor device address is null
[ERROR] COMMON(696330,ffff9989d020,python):2026-09-14-16:03:28.749.027 [mindspore/ccsrc/pybind_api/ir/tensor_py.cc:730] DataPtr] Tensor device address is null
[ERROR] COMMON(696330,ffff9989d020,python):2026-09-14-16:03:28.751.507 [mindspore/ccsrc/pybind_api/ir/tensor_py.cc:730] DataPtr] Tensor device address is null
[ERROR] COMMON(696330,ffff9989d020,python):2026-09-14-16:03:28.752.234 [mindspore/ccsrc/pybind_api/ir/tensor_py.cc:730] DataPtr] Tensor device address is null
[ERROR] COMMON(696330,ffff9989d020,python):2026-09-14-16:03:28.757.802 [mindspore/ccsrc/pybind_api/ir/tensor_py.cc:730] DataPtr] Tensor device address is null
[ERROR] COMMON(696330,ffff9989d020,python):2026-09-14-16:03:28.758.540 [mindspore/ccsrc/pybind_api/ir/tensor_py.cc:730] DataPtr] Tensor device address is null
[ERROR] COMMON(696330,ffff9989d020,python):2026-09-14-16:03:28.764.735 [mindspore/ccsrc/pybind_api/ir/tensor_py.cc:730] DataPtr] Tensor device address is null
[ERROR] COMMON(696330,ffff9989d020,python):2026-09-14-16:03:28.765.474 [mindspore/ccsrc/pybind_api/ir/tensor_py.cc:730] DataPtr] Tensor device address is null
[ERROR] COMMON(696330,ffff9989d020,python):2026-09-14-16:03:28.766.180 [mindspore/ccsrc/pybind_api/ir/tensor_py.cc:730] DataPtr] Tensor device address is null
[ERROR] COMMON(696330,ffff9989d020,python):2026-09-14-16:03:28.766.885 [mindspore/ccsrc/pybind_api/ir/tensor_py.cc:730] DataPtr] Tensor device address is null
[ERROR] COMMON(696330,ffff9989d020,python):2026-09-14-16:03:28.767.589 [mindspore/ccsrc/pybind_api/ir/tensor_py.cc:730] DataPtr] Tensor device address is null
[ERROR] COMMON(696330,ffff9989d020,python):2026-09-14-16:03:28.768.308 [mindspore/ccsrc/pybind_api/ir/tensor_py.cc:730] DataPtr] Tensor device address is null
[ERROR] COMMON(696330,ffff9989d020,python):2026-09-14-16:03:28.770.824 [mindspore/ccsrc/pybind_api/ir/tensor_py.cc:730] DataPtr] Tensor device address is null
[ERROR] COMMON(696330,ffff9989d020,python):2026-09-14-16:03:28.771.541 [mindspore/ccsrc/pybind_api/ir/tensor_py.cc:730] DataPtr] Tensor device address is null
[ERROR] COMMON(696330,ffff9989d020,python):2026-09-14-16:03:28.774.098 [mindspore/ccsrc/pybind_api/ir/tensor_py.cc:730] DataPtr] Tensor device address is null
[ERROR] COMMON(696330,ffff9989d020,python):2026-09-14-16:03:28.774.869 [mindspore/ccsrc/pybind_api/ir/tensor_py.cc:730] DataPtr] Tensor device address is null
[ERROR] COMMON(696330,ffff9989d020,python):2026-09-14-16:03:28.777.365 [mindspore/ccsrc/pybind_api/ir/tensor_py.cc:730] DataPtr] Tensor device address is null
[ERROR] COMMON(696330,ffff9989d020,python):2026-09-14-16:03:28.778.102 [mindspore/ccsrc/pybind_api/ir/tensor_py.cc:730] DataPtr] Tensor device address is null
[ERROR] COMMON(696330,ffff9989d020,python):2026-09-14-16:03:28.780.186 [mindspore/ccsrc/pybind_api/ir/tensor_py.cc:730] DataPtr] Tensor device address is null
[ERROR] COMMON(696330,ffff9989d020,python):2026-09-14-16:03:28.780.918 [mindspore/ccsrc/pybind_api/ir/tensor_py.cc:730] DataPtr] Tensor device address is null
[ERROR] COMMON(696330,ffff9989d020,python):2026-09-14-16:03:28.787.168 [mindspore/ccsrc/pybind_api/ir/tensor_py.cc:730] DataPtr] Tensor device address is null
[ERROR] COMMON(696330,ffff9989d020,python):2026-09-14-16:03:28.787.963 [mindspore/ccsrc/pybind_api/ir/tensor_py.cc:730] DataPtr] Tensor device address is null
[ERROR] COMMON(696330,ffff9989d020,python):2026-09-14-16:03:28.793.596 [mindspore/ccsrc/pybind_api/ir/tensor_py.cc:730] DataPtr] Tensor device address is null
[ERROR] COMMON(696330,ffff9989d020,python):2026-09-14-16:03:28.794.329 [mindspore/ccsrc/pybind_api/ir/tensor_py.cc:730] DataPtr] Tensor device address is null
[ERROR] COMMON(696330,ffff9989d020,python):2026-09-14-16:03:28.795.045 [mindspore/ccsrc/pybind_api/ir/tensor_py.cc:730] DataPtr] Tensor device address is null
[ERROR] COMMON(696330,ffff9989d020,python):2026-09-14-16:03:28.795.761 [mindspore/ccsrc/pybind_api/ir/tensor_py.cc:730] DataPtr] Tensor device address is null
[ERROR] COMMON(696330,ffff9989d020,python):2026-09-14-16:03:28.796.473 [mindspore/ccsrc/pybind_api/ir/tensor_py.cc:730] DataPtr] Tensor device address is null
[ERROR] COMMON(696330,ffff9989d020,python):2026-09-14-16:03:28.797.205 [mindspore/ccsrc/pybind_api/ir/tensor_py.cc:730] DataPtr] Tensor device address is null
[ERROR] COMMON(696330,ffff9989d020,python):2026-09-14-16:03:28.799.761 [mindspore/ccsrc/pybind_api/ir/tensor_py.cc:730] DataPtr] Tensor device address is null
[ERROR] COMMON(696330,ffff9989d020,python):2026-09-14-16:03:28.800.480 [mindspore/ccsrc/pybind_api/ir/tensor_py.cc:730] DataPtr] Tensor device address is null
[ERROR] COMMON(696330,ffff9989d020,python):2026-09-14-16:03:28.803.010 [mindspore/ccsrc/pybind_api/ir/tensor_py.cc:730] DataPtr] Tensor device address is null
[ERROR] COMMON(696330,ffff9989d020,python):2026-09-14-16:03:28.803.755 [mindspore/ccsrc/pybind_api/ir/tensor_py.cc:730] DataPtr] Tensor device address is null
[ERROR] COMMON(696330,ffff9989d020,python):2026-09-14-16:03:28.806.297 [mindspore/ccsrc/pybind_api/ir/tensor_py.cc:730] DataPtr] Tensor device address is null
[ERROR] COMMON(696330,ffff9989d020,python):2026-09-14-16:03:28.807.034 [mindspore/ccsrc/pybind_api/ir/tensor_py.cc:730] DataPtr] Tensor device address is null
[ERROR] COMMON(696330,ffff9989d020,python):2026-09-14-16:03:28.809.569 [mindspore/ccsrc/pybind_api/ir/tensor_py.cc:730] DataPtr] Tensor device address is null
[ERROR] COMMON(696330,ffff9989d020,python):2026-09-14-16:03:28.810.294 [mindspore/ccsrc/pybind_api/ir/tensor_py.cc:730] DataPtr] Tensor device address is null
[ERROR] COMMON(696330,ffff9989d020,python):2026-09-14-16:03:28.815.859 [mindspore/ccsrc/pybind_api/ir/tensor_py.cc:730] DataPtr] Tensor device address is null
[ERROR] COMMON(696330,ffff9989d020,python):2026-09-14-16:03:28.816.616 [mindspore/ccsrc/pybind_api/ir/tensor_py.cc:730] DataPtr] Tensor device address is null
[ERROR] COMMON(696330,ffff9989d020,python):2026-09-14-16:03:28.822.867 [mindspore/ccsrc/pybind_api/ir/tensor_py.cc:730] DataPtr] Tensor device address is null
[ERROR] COMMON(696330,ffff9989d020,python):2026-09-14-16:03:28.823.631 [mindspore/ccsrc/pybind_api/ir/tensor_py.cc:730] DataPtr] Tensor device address is null
[ERROR] COMMON(696330,ffff9989d020,python):2026-09-14-16:03:28.824.350 [mindspore/ccsrc/pybind_api/ir/tensor_py.cc:730] DataPtr] Tensor device address is null
[ERROR] COMMON(696330,ffff9989d020,python):2026-09-14-16:03:28.825.078 [mindspore/ccsrc/pybind_api/ir/tensor_py.cc:730] DataPtr] Tensor device address is null
[ERROR] COMMON(696330,ffff9989d020,python):2026-09-14-16:03:28.825.801 [mindspore/ccsrc/pybind_api/ir/tensor_py.cc:730] DataPtr] Tensor device address is null
[ERROR] COMMON(696330,ffff9989d020,python):2026-09-14-16:03:28.826.508 [mindspore/ccsrc/pybind_api/ir/tensor_py.cc:730] DataPtr] Tensor device address is null
[ERROR] COMMON(696330,ffff9989d020,python):2026-09-14-16:03:28.829.054 [mindspore/ccsrc/pybind_api/ir/tensor_py.cc:730] DataPtr] Tensor device address is null
[ERROR] COMMON(696330,ffff9989d020,python):2026-09-14-16:03:28.829.779 [mindspore/ccsrc/pybind_api/ir/tensor_py.cc:730] DataPtr] Tensor device address is null
[ERROR] COMMON(696330,ffff9989d020,python):2026-09-14-16:03:28.832.280 [mindspore/ccsrc/pybind_api/ir/tensor_py.cc:730] DataPtr] Tensor device address is null
[ERROR] COMMON(696330,ffff9989d020,python):2026-09-14-16:03:28.833.009 [mindspore/ccsrc/pybind_api/ir/tensor_py.cc:730] DataPtr] Tensor device address is null
[ERROR] COMMON(696330,ffff9989d020,python):2026-09-14-16:03:28.835.481 [mindspore/ccsrc/pybind_api/ir/tensor_py.cc:730] DataPtr] Tensor device address is null
[ERROR] COMMON(696330,ffff9989d020,python):2026-09-14-16:03:28.836.210 [mindspore/ccsrc/pybind_api/ir/tensor_py.cc:730] DataPtr] Tensor device address is null
[ERROR] COMMON(696330,ffff9989d020,python):2026-09-14-16:03:28.838.270 [mindspore/ccsrc/pybind_api/ir/tensor_py.cc:730] DataPtr] Tensor device address is null
[ERROR] COMMON(696330,ffff9989d020,python):2026-09-14-16:03:28.839.038 [mindspore/ccsrc/pybind_api/ir/tensor_py.cc:730] DataPtr] Tensor device address is null
[ERROR] COMMON(696330,ffff9989d020,python):2026-09-14-16:03:28.845.193 [mindspore/ccsrc/pybind_api/ir/tensor_py.cc:730] DataPtr] Tensor device address is null
[ERROR] COMMON(696330,ffff9989d020,python):2026-09-14-16:03:28.846.048 [mindspore/ccsrc/pybind_api/ir/tensor_py.cc:730] DataPtr] Tensor device address is null
[ERROR] COMMON(696330,ffff9989d020,python):2026-09-14-16:03:28.851.738 [mindspore/ccsrc/pybind_api/ir/tensor_py.cc:730] DataPtr] Tensor device address is null
[ERROR] COMMON(696330,ffff9989d020,python):2026-09-14-16:03:28.852.470 [mindspore/ccsrc/pybind_api/ir/tensor_py.cc:730] DataPtr] Tensor device address is null
[ERROR] COMMON(696330,ffff9989d020,python):2026-09-14-16:03:28.853.193 [mindspore/ccsrc/pybind_api/ir/tensor_py.cc:730] DataPtr] Tensor device address is null
[ERROR] COMMON(696330,ffff9989d020,python):2026-09-14-16:03:28.853.908 [mindspore/ccsrc/pybind_api/ir/tensor_py.cc:730] DataPtr] Tensor device address is null
[ERROR] COMMON(696330,ffff9989d020,python):2026-09-14-16:03:28.854.618 [mindspore/ccsrc/pybind_api/ir/tensor_py.cc:730] DataPtr] Tensor device address is null
[ERROR] COMMON(696330,ffff9989d020,python):2026-09-14-16:03:28.855.320 [mindspore/ccsrc/pybind_api/ir/tensor_py.cc:730] DataPtr] Tensor device address is null
[ERROR] COMMON(696330,ffff9989d020,python):2026-09-14-16:03:28.857.930 [mindspore/ccsrc/pybind_api/ir/tensor_py.cc:730] DataPtr] Tensor device address is null
[ERROR] COMMON(696330,ffff9989d020,python):2026-09-14-16:03:28.858.645 [mindspore/ccsrc/pybind_api/ir/tensor_py.cc:730] DataPtr] Tensor device address is null
[ERROR] COMMON(696330,ffff9989d020,python):2026-09-14-16:03:28.861.192 [mindspore/ccsrc/pybind_api/ir/tensor_py.cc:730] DataPtr] Tensor device address is null
[ERROR] COMMON(696330,ffff9989d020,python):2026-09-14-16:03:28.861.928 [mindspore/ccsrc/pybind_api/ir/tensor_py.cc:730] DataPtr] Tensor device address is null
[ERROR] COMMON(696330,ffff9989d020,python):2026-09-14-16:03:28.864.406 [mindspore/ccsrc/pybind_api/ir/tensor_py.cc:730] DataPtr] Tensor device address is null
[ERROR] COMMON(696330,ffff9989d020,python):2026-09-14-16:03:28.865.123 [mindspore/ccsrc/pybind_api/ir/tensor_py.cc:730] DataPtr] Tensor device address is null
[ERROR] COMMON(696330,ffff9989d020,python):2026-09-14-16:03:28.867.593 [mindspore/ccsrc/pybind_api/ir/tensor_py.cc:730] DataPtr] Tensor device address is null
[ERROR] COMMON(696330,ffff9989d020,python):2026-09-14-16:03:28.868.320 [mindspore/ccsrc/pybind_api/ir/tensor_py.cc:730] DataPtr] Tensor device address is null
[ERROR] COMMON(696330,ffff9989d020,python):2026-09-14-16:03:28.873.866 [mindspore/ccsrc/pybind_api/ir/tensor_py.cc:730] DataPtr] Tensor device address is null
[ERROR] COMMON(696330,ffff9989d020,python):2026-09-14-16:03:28.874.619 [mindspore/ccsrc/pybind_api/ir/tensor_py.cc:730] DataPtr] Tensor device address is null
[ERROR] COMMON(696330,ffff9989d020,python):2026-09-14-16:03:28.880.777 [mindspore/ccsrc/pybind_api/ir/tensor_py.cc:730] DataPtr] Tensor device address is null
[ERROR] COMMON(696330,ffff9989d020,python):2026-09-14-16:03:28.881.510 [mindspore/ccsrc/pybind_api/ir/tensor_py.cc:730] DataPtr] Tensor device address is null
[ERROR] COMMON(696330,ffff9989d020,python):2026-09-14-16:03:28.882.212 [mindspore/ccsrc/pybind_api/ir/tensor_py.cc:730] DataPtr] Tensor device address is null
[ERROR] COMMON(696330,ffff9989d020,python):2026-09-14-16:03:28.882.935 [mindspore/ccsrc/pybind_api/ir/tensor_py.cc:730] DataPtr] Tensor device address is null
[ERROR] COMMON(696330,ffff9989d020,python):2026-09-14-16:03:28.883.650 [mindspore/ccsrc/pybind_api/ir/tensor_py.cc:730] DataPtr] Tensor device address is null
[ERROR] COMMON(696330,ffff9989d020,python):2026-09-14-16:03:28.884.363 [mindspore/ccsrc/pybind_api/ir/tensor_py.cc:730] DataPtr] Tensor device address is null
[ERROR] COMMON(696330,ffff9989d020,python):2026-09-14-16:03:28.886.896 [mindspore/ccsrc/pybind_api/ir/tensor_py.cc:730] DataPtr] Tensor device address is null
[ERROR] COMMON(696330,ffff9989d020,python):2026-09-14-16:03:28.887.615 [mindspore/ccsrc/pybind_api/ir/tensor_py.cc:730] DataPtr] Tensor device address is null
[ERROR] COMMON(696330,ffff9989d020,python):2026-09-14-16:03:28.890.167 [mindspore/ccsrc/pybind_api/ir/tensor_py.cc:730] DataPtr] Tensor device address is null
[ERROR] COMMON(696330,ffff9989d020,python):2026-09-14-16:03:28.890.896 [mindspore/ccsrc/pybind_api/ir/tensor_py.cc:730] DataPtr] Tensor device address is null
[ERROR] COMMON(696330,ffff9989d020,python):2026-09-14-16:03:28.893.487 [mindspore/ccsrc/pybind_api/ir/tensor_py.cc:730] DataPtr] Tensor device address is null
[ERROR] COMMON(696330,ffff9989d020,python):2026-09-14-16:03:28.894.204 [mindspore/ccsrc/pybind_api/ir/tensor_py.cc:730] DataPtr] Tensor device address is null
[ERROR] COMMON(696330,ffff9989d020,python):2026-09-14-16:03:28.896.222 [mindspore/ccsrc/pybind_api/ir/tensor_py.cc:730] DataPtr] Tensor device address is null
[ERROR] COMMON(696330,ffff9989d020,python):2026-09-14-16:03:28.896.951 [mindspore/ccsrc/pybind_api/ir/tensor_py.cc:730] DataPtr] Tensor device address is null
[ERROR] COMMON(696330,ffff9989d020,python):2026-09-14-16:03:28.903.077 [mindspore/ccsrc/pybind_api/ir/tensor_py.cc:730] DataPtr] Tensor device address is null
[ERROR] COMMON(696330,ffff9989d020,python):2026-09-14-16:03:28.903.825 [mindspore/ccsrc/pybind_api/ir/tensor_py.cc:730] DataPtr] Tensor device address is null
[ERROR] COMMON(696330,ffff9989d020,python):2026-09-14-16:03:28.911.306 [mindspore/ccsrc/pybind_api/ir/tensor_py.cc:730] DataPtr] Tensor device address is null
[ERROR] COMMON(696330,ffff9989d020,python):2026-09-14-16:03:28.912.092 [mindspore/ccsrc/pybind_api/ir/tensor_py.cc:730] DataPtr] Tensor device address is null
[ERROR] COMMON(696330,ffff9989d020,python):2026-09-14-16:03:28.912.819 [mindspore/ccsrc/pybind_api/ir/tensor_py.cc:730] DataPtr] Tensor device address is null
[ERROR] COMMON(696330,ffff9989d020,python):2026-09-14-16:03:28.913.543 [mindspore/ccsrc/pybind_api/ir/tensor_py.cc:730] DataPtr] Tensor device address is null
[ERROR] COMMON(696330,ffff9989d020,python):2026-09-14-16:03:28.914.355 [mindspore/ccsrc/pybind_api/ir/tensor_py.cc:730] DataPtr] Tensor device address is null
[ERROR] COMMON(696330,ffff9989d020,python):2026-09-14-16:03:28.915.057 [mindspore/ccsrc/pybind_api/ir/tensor_py.cc:730] DataPtr] Tensor device address is null
[ERROR] COMMON(696330,ffff9989d020,python):2026-09-14-16:03:28.918.135 [mindspore/ccsrc/pybind_api/ir/tensor_py.cc:730] DataPtr] Tensor device address is null
[ERROR] COMMON(696330,ffff9989d020,python):2026-09-14-16:03:28.918.863 [mindspore/ccsrc/pybind_api/ir/tensor_py.cc:730] DataPtr] Tensor device address is null
[ERROR] COMMON(696330,ffff9989d020,python):2026-09-14-16:03:28.922.661 [mindspore/ccsrc/pybind_api/ir/tensor_py.cc:730] DataPtr] Tensor device address is null
[ERROR] COMMON(696330,ffff9989d020,python):2026-09-14-16:03:28.923.390 [mindspore/ccsrc/pybind_api/ir/tensor_py.cc:730] DataPtr] Tensor device address is null
[ERROR] COMMON(696330,ffff9989d020,python):2026-09-14-16:03:28.927.115 [mindspore/ccsrc/pybind_api/ir/tensor_py.cc:730] DataPtr] Tensor device address is null
[ERROR] COMMON(696330,ffff9989d020,python):2026-09-14-16:03:28.927.839 [mindspore/ccsrc/pybind_api/ir/tensor_py.cc:730] DataPtr] Tensor device address is null
[ERROR] COMMON(696330,ffff9989d020,python):2026-09-14-16:03:28.930.352 [mindspore/ccsrc/pybind_api/ir/tensor_py.cc:730] DataPtr] Tensor device address is null
[ERROR] COMMON(696330,ffff9989d020,python):2026-09-14-16:03:28.931.091 [mindspore/ccsrc/pybind_api/ir/tensor_py.cc:730] DataPtr] Tensor device address is null
[ERROR] COMMON(696330,ffff9989d020,python):2026-09-14-16:03:28.936.710 [mindspore/ccsrc/pybind_api/ir/tensor_py.cc:730] DataPtr] Tensor device address is null
[ERROR] COMMON(696330,ffff9989d020,python):2026-09-14-16:03:28.937.442 [mindspore/ccsrc/pybind_api/ir/tensor_py.cc:730] DataPtr] Tensor device address is null
[ERROR] COMMON(696330,ffff9989d020,python):2026-09-14-16:03:28.943.581 [mindspore/ccsrc/pybind_api/ir/tensor_py.cc:730] DataPtr] Tensor device address is null
[ERROR] COMMON(696330,ffff9989d020,python):2026-09-14-16:03:28.944.321 [mindspore/ccsrc/pybind_api/ir/tensor_py.cc:730] DataPtr] Tensor device address is null
[ERROR] COMMON(696330,ffff9989d020,python):2026-09-14-16:03:29.017.062 [mindspore/ccsrc/pybind_api/ir/tensor_py.cc:730] DataPtr] Tensor device address is null
[ERROR] COMMON(696330,ffff9989d020,python):2026-09-14-16:03:29.018.471 [mindspore/ccsrc/pybind_api/ir/tensor_py.cc:730] DataPtr] Tensor device address is null
[ERROR] COMMON(696330,ffff9989d020,python):2026-09-14-16:03:29.019.206 [mindspore/ccsrc/pybind_api/ir/tensor_py.cc:730] DataPtr] Tensor device address is null
[ERROR] COMMON(696330,ffff9989d020,python):2026-09-14-16:03:29.019.899 [mindspore/ccsrc/pybind_api/ir/tensor_py.cc:730] DataPtr] Tensor device address is null
[ERROR] COMMON(696330,ffff9989d020,python):2026-09-14-16:03:29.020.601 [mindspore/ccsrc/pybind_api/ir/tensor_py.cc:730] DataPtr] Tensor device address is null
[ERROR] COMMON(696330,ffff9989d020,python):2026-09-14-16:03:29.021.294 [mindspore/ccsrc/pybind_api/ir/tensor_py.cc:730] DataPtr] Tensor device address is null
[ERROR] COMMON(696330,ffff9989d020,python):2026-09-14-16:03:29.021.976 [mindspore/ccsrc/pybind_api/ir/tensor_py.cc:730] DataPtr] Tensor device address is null
[ERROR] COMMON(696330,ffff9989d020,python):2026-09-14-16:03:29.022.675 [mindspore/ccsrc/pybind_api/ir/tensor_py.cc:730] DataPtr] Tensor device address is null
[ERROR] COMMON(696330,ffff9989d020,python):2026-09-14-16:03:29.025.835 [mindspore/ccsrc/pybind_api/ir/tensor_py.cc:730] DataPtr] Tensor device address is null
[ERROR] COMMON(696330,ffff9989d020,python):2026-09-14-16:03:29.026.534 [mindspore/ccsrc/pybind_api/ir/tensor_py.cc:730] DataPtr] Tensor device address is null
[ERROR] COMMON(696330,ffff9989d020,python):2026-09-14-16:03:29.029.326 [mindspore/ccsrc/pybind_api/ir/tensor_py.cc:730] DataPtr] Tensor device address is null
[ERROR] COMMON(696330,ffff9989d020,python):2026-09-14-16:03:29.030.065 [mindspore/ccsrc/pybind_api/ir/tensor_py.cc:730] DataPtr] Tensor device address is null
[ERROR] COMMON(696330,ffff9989d020,python):2026-09-14-16:03:29.032.566 [mindspore/ccsrc/pybind_api/ir/tensor_py.cc:730] DataPtr] Tensor device address is null
[ERROR] COMMON(696330,ffff9989d020,python):2026-09-14-16:03:29.033.284 [mindspore/ccsrc/pybind_api/ir/tensor_py.cc:730] DataPtr] Tensor device address is null
[ERROR] COMMON(696330,ffff9989d020,python):2026-09-14-16:03:29.035.398 [mindspore/ccsrc/pybind_api/ir/tensor_py.cc:730] DataPtr] Tensor device address is null
[ERROR] COMMON(696330,ffff9989d020,python):2026-09-14-16:03:29.036.114 [mindspore/ccsrc/pybind_api/ir/tensor_py.cc:730] DataPtr] Tensor device address is null
[ERROR] COMMON(696330,ffff9989d020,python):2026-09-14-16:03:29.042.301 [mindspore/ccsrc/pybind_api/ir/tensor_py.cc:730] DataPtr] Tensor device address is null
[ERROR] COMMON(696330,ffff9989d020,python):2026-09-14-16:03:29.043.053 [mindspore/ccsrc/pybind_api/ir/tensor_py.cc:730] DataPtr] Tensor device address is null
[ERROR] COMMON(696330,ffff9989d020,python):2026-09-14-16:03:29.048.716 [mindspore/ccsrc/pybind_api/ir/tensor_py.cc:730] DataPtr] Tensor device address is null
[ERROR] COMMON(696330,ffff9989d020,python):2026-09-14-16:03:29.049.466 [mindspore/ccsrc/pybind_api/ir/tensor_py.cc:730] DataPtr] Tensor device address is null
[ERROR] COMMON(696330,ffff9989d020,python):2026-09-14-16:03:29.050.182 [mindspore/ccsrc/pybind_api/ir/tensor_py.cc:730] DataPtr] Tensor device address is null
[ERROR] COMMON(696330,ffff9989d020,python):2026-09-14-16:03:29.050.892 [mindspore/ccsrc/pybind_api/ir/tensor_py.cc:730] DataPtr] Tensor device address is null
[ERROR] COMMON(696330,ffff9989d020,python):2026-09-14-16:03:29.051.599 [mindspore/ccsrc/pybind_api/ir/tensor_py.cc:730] DataPtr] Tensor device address is null
[ERROR] COMMON(696330,ffff9989d020,python):2026-09-14-16:03:29.052.297 [mindspore/ccsrc/pybind_api/ir/tensor_py.cc:730] DataPtr] Tensor device address is null
[ERROR] COMMON(696330,ffff9989d020,python):2026-09-14-16:03:29.054.842 [mindspore/ccsrc/pybind_api/ir/tensor_py.cc:730] DataPtr] Tensor device address is null
[ERROR] COMMON(696330,ffff9989d020,python):2026-09-14-16:03:29.055.563 [mindspore/ccsrc/pybind_api/ir/tensor_py.cc:730] DataPtr] Tensor device address is null
[ERROR] COMMON(696330,ffff9989d020,python):2026-09-14-16:03:29.058.526 [mindspore/ccsrc/pybind_api/ir/tensor_py.cc:730] DataPtr] Tensor device address is null
[ERROR] COMMON(696330,ffff9989d020,python):2026-09-14-16:03:29.059.245 [mindspore/ccsrc/pybind_api/ir/tensor_py.cc:730] DataPtr] Tensor device address is null
[ERROR] COMMON(696330,ffff9989d020,python):2026-09-14-16:03:29.061.777 [mindspore/ccsrc/pybind_api/ir/tensor_py.cc:730] DataPtr] Tensor device address is null
[ERROR] COMMON(696330,ffff9989d020,python):2026-09-14-16:03:29.062.492 [mindspore/ccsrc/pybind_api/ir/tensor_py.cc:730] DataPtr] Tensor device address is null
[ERROR] COMMON(696330,ffff9989d020,python):2026-09-14-16:03:29.065.020 [mindspore/ccsrc/pybind_api/ir/tensor_py.cc:730] DataPtr] Tensor device address is null
[ERROR] COMMON(696330,ffff9989d020,python):2026-09-14-16:03:29.065.737 [mindspore/ccsrc/pybind_api/ir/tensor_py.cc:730] DataPtr] Tensor device address is null
[ERROR] COMMON(696330,ffff9989d020,python):2026-09-14-16:03:29.071.363 [mindspore/ccsrc/pybind_api/ir/tensor_py.cc:730] DataPtr] Tensor device address is null
[ERROR] COMMON(696330,ffff9989d020,python):2026-09-14-16:03:29.072.110 [mindspore/ccsrc/pybind_api/ir/tensor_py.cc:730] DataPtr] Tensor device address is null
[ERROR] COMMON(696330,ffff9989d020,python):2026-09-14-16:03:29.078.350 [mindspore/ccsrc/pybind_api/ir/tensor_py.cc:730] DataPtr] Tensor device address is null
[ERROR] COMMON(696330,ffff9989d020,python):2026-09-14-16:03:29.079.116 [mindspore/ccsrc/pybind_api/ir/tensor_py.cc:730] DataPtr] Tensor device address is null
[ERROR] COMMON(696330,ffff9989d020,python):2026-09-14-16:03:29.079.828 [mindspore/ccsrc/pybind_api/ir/tensor_py.cc:730] DataPtr] Tensor device address is null
[ERROR] COMMON(696330,ffff9989d020,python):2026-09-14-16:03:29.080.566 [mindspore/ccsrc/pybind_api/ir/tensor_py.cc:730] DataPtr] Tensor device address is null
[ERROR] COMMON(696330,ffff9989d020,python):2026-09-14-16:03:29.081.261 [mindspore/ccsrc/pybind_api/ir/tensor_py.cc:730] DataPtr] Tensor device address is null
[ERROR] COMMON(696330,ffff9989d020,python):2026-09-14-16:03:29.081.958 [mindspore/ccsrc/pybind_api/ir/tensor_py.cc:730] DataPtr] Tensor device address is null
[ERROR] COMMON(696330,ffff9989d020,python):2026-09-14-16:03:29.084.461 [mindspore/ccsrc/pybind_api/ir/tensor_py.cc:730] DataPtr] Tensor device address is null
[ERROR] COMMON(696330,ffff9989d020,python):2026-09-14-16:03:29.085.184 [mindspore/ccsrc/pybind_api/ir/tensor_py.cc:730] DataPtr] Tensor device address is null
[ERROR] COMMON(696330,ffff9989d020,python):2026-09-14-16:03:29.087.862 [mindspore/ccsrc/pybind_api/ir/tensor_py.cc:730] DataPtr] Tensor device address is null
[ERROR] COMMON(696330,ffff9989d020,python):2026-09-14-16:03:29.088.604 [mindspore/ccsrc/pybind_api/ir/tensor_py.cc:730] DataPtr] Tensor device address is null
[ERROR] COMMON(696330,ffff9989d020,python):2026-09-14-16:03:29.091.086 [mindspore/ccsrc/pybind_api/ir/tensor_py.cc:730] DataPtr] Tensor device address is null
[ERROR] COMMON(696330,ffff9989d020,python):2026-09-14-16:03:29.091.808 [mindspore/ccsrc/pybind_api/ir/tensor_py.cc:730] DataPtr] Tensor device address is null
[ERROR] COMMON(696330,ffff9989d020,python):2026-09-14-16:03:29.093.861 [mindspore/ccsrc/pybind_api/ir/tensor_py.cc:730] DataPtr] Tensor device address is null
[ERROR] COMMON(696330,ffff9989d020,python):2026-09-14-16:03:29.094.575 [mindspore/ccsrc/pybind_api/ir/tensor_py.cc:730] DataPtr] Tensor device address is null
[ERROR] COMMON(696330,ffff9989d020,python):2026-09-14-16:03:29.100.743 [mindspore/ccsrc/pybind_api/ir/tensor_py.cc:730] DataPtr] Tensor device address is null
[ERROR] COMMON(696330,ffff9989d020,python):2026-09-14-16:03:29.101.499 [mindspore/ccsrc/pybind_api/ir/tensor_py.cc:730] DataPtr] Tensor device address is null
[ERROR] COMMON(696330,ffff9989d020,python):2026-09-14-16:03:29.107.282 [mindspore/ccsrc/pybind_api/ir/tensor_py.cc:730] DataPtr] Tensor device address is null
[ERROR] COMMON(696330,ffff9989d020,python):2026-09-14-16:03:29.108.018 [mindspore/ccsrc/pybind_api/ir/tensor_py.cc:730] DataPtr] Tensor device address is null
[ERROR] COMMON(696330,ffff9989d020,python):2026-09-14-16:03:29.108.733 [mindspore/ccsrc/pybind_api/ir/tensor_py.cc:730] DataPtr] Tensor device address is null
[ERROR] COMMON(696330,ffff9989d020,python):2026-09-14-16:03:29.109.425 [mindspore/ccsrc/pybind_api/ir/tensor_py.cc:730] DataPtr] Tensor device address is null
[ERROR] COMMON(696330,ffff9989d020,python):2026-09-14-16:03:29.110.136 [mindspore/ccsrc/pybind_api/ir/tensor_py.cc:730] DataPtr] Tensor device address is null
[ERROR] COMMON(696330,ffff9989d020,python):2026-09-14-16:03:29.110.846 [mindspore/ccsrc/pybind_api/ir/tensor_py.cc:730] DataPtr] Tensor device address is null
[ERROR] COMMON(696330,ffff9989d020,python):2026-09-14-16:03:29.113.441 [mindspore/ccsrc/pybind_api/ir/tensor_py.cc:730] DataPtr] Tensor device address is null
[ERROR] COMMON(696330,ffff9989d020,python):2026-09-14-16:03:29.114.172 [mindspore/ccsrc/pybind_api/ir/tensor_py.cc:730] DataPtr] Tensor device address is null
[ERROR] COMMON(696330,ffff9989d020,python):2026-09-14-16:03:29.117.017 [mindspore/ccsrc/pybind_api/ir/tensor_py.cc:730] DataPtr] Tensor device address is null
[ERROR] COMMON(696330,ffff9989d020,python):2026-09-14-16:03:29.117.743 [mindspore/ccsrc/pybind_api/ir/tensor_py.cc:730] DataPtr] Tensor device address is null
[ERROR] COMMON(696330,ffff9989d020,python):2026-09-14-16:03:29.120.258 [mindspore/ccsrc/pybind_api/ir/tensor_py.cc:730] DataPtr] Tensor device address is null
[ERROR] COMMON(696330,ffff9989d020,python):2026-09-14-16:03:29.120.990 [mindspore/ccsrc/pybind_api/ir/tensor_py.cc:730] DataPtr] Tensor device address is null
[ERROR] COMMON(696330,ffff9989d020,python):2026-09-14-16:03:29.123.501 [mindspore/ccsrc/pybind_api/ir/tensor_py.cc:730] DataPtr] Tensor device address is null
[ERROR] COMMON(696330,ffff9989d020,python):2026-09-14-16:03:29.124.237 [mindspore/ccsrc/pybind_api/ir/tensor_py.cc:730] DataPtr] Tensor device address is null
[ERROR] COMMON(696330,ffff9989d020,python):2026-09-14-16:03:29.129.870 [mindspore/ccsrc/pybind_api/ir/tensor_py.cc:730] DataPtr] Tensor device address is null
[ERROR] COMMON(696330,ffff9989d020,python):2026-09-14-16:03:29.130.609 [mindspore/ccsrc/pybind_api/ir/tensor_py.cc:730] DataPtr] Tensor device address is null
[ERROR] COMMON(696330,ffff9989d020,python):2026-09-14-16:03:29.136.801 [mindspore/ccsrc/pybind_api/ir/tensor_py.cc:730] DataPtr] Tensor device address is null
[ERROR] COMMON(696330,ffff9989d020,python):2026-09-14-16:03:29.137.553 [mindspore/ccsrc/pybind_api/ir/tensor_py.cc:730] DataPtr] Tensor device address is null
[ERROR] COMMON(696330,ffff9989d020,python):2026-09-14-16:03:29.138.259 [mindspore/ccsrc/pybind_api/ir/tensor_py.cc:730] DataPtr] Tensor device address is null
[ERROR] COMMON(696330,ffff9989d020,python):2026-09-14-16:03:29.138.971 [mindspore/ccsrc/pybind_api/ir/tensor_py.cc:730] DataPtr] Tensor device address is null
[ERROR] COMMON(696330,ffff9989d020,python):2026-09-14-16:03:29.139.662 [mindspore/ccsrc/pybind_api/ir/tensor_py.cc:730] DataPtr] Tensor device address is null
[ERROR] COMMON(696330,ffff9989d020,python):2026-09-14-16:03:29.140.365 [mindspore/ccsrc/pybind_api/ir/tensor_py.cc:730] DataPtr] Tensor device address is null
[ERROR] COMMON(696330,ffff9989d020,python):2026-09-14-16:03:29.142.907 [mindspore/ccsrc/pybind_api/ir/tensor_py.cc:730] DataPtr] Tensor device address is null
[ERROR] COMMON(696330,ffff9989d020,python):2026-09-14-16:03:29.143.620 [mindspore/ccsrc/pybind_api/ir/tensor_py.cc:730] DataPtr] Tensor device address is null
[ERROR] COMMON(696330,ffff9989d020,python):2026-09-14-16:03:29.146.157 [mindspore/ccsrc/pybind_api/ir/tensor_py.cc:730] DataPtr] Tensor device address is null
[ERROR] COMMON(696330,ffff9989d020,python):2026-09-14-16:03:29.146.926 [mindspore/ccsrc/pybind_api/ir/tensor_py.cc:730] DataPtr] Tensor device address is null
[ERROR] COMMON(696330,ffff9989d020,python):2026-09-14-16:03:29.149.440 [mindspore/ccsrc/pybind_api/ir/tensor_py.cc:730] DataPtr] Tensor device address is null
[ERROR] COMMON(696330,ffff9989d020,python):2026-09-14-16:03:29.150.159 [mindspore/ccsrc/pybind_api/ir/tensor_py.cc:730] DataPtr] Tensor device address is null
[ERROR] COMMON(696330,ffff9989d020,python):2026-09-14-16:03:29.152.185 [mindspore/ccsrc/pybind_api/ir/tensor_py.cc:730] DataPtr] Tensor device address is null
[ERROR] COMMON(696330,ffff9989d020,python):2026-09-14-16:03:29.152.913 [mindspore/ccsrc/pybind_api/ir/tensor_py.cc:730] DataPtr] Tensor device address is null
[ERROR] COMMON(696330,ffff9989d020,python):2026-09-14-16:03:29.159.002 [mindspore/ccsrc/pybind_api/ir/tensor_py.cc:730] DataPtr] Tensor device address is null
[ERROR] COMMON(696330,ffff9989d020,python):2026-09-14-16:03:29.159.761 [mindspore/ccsrc/pybind_api/ir/tensor_py.cc:730] DataPtr] Tensor device address is null
[ERROR] COMMON(696330,ffff9989d020,python):2026-09-14-16:03:29.167.422 [mindspore/ccsrc/pybind_api/ir/tensor_py.cc:730] DataPtr] Tensor device address is null
[ERROR] COMMON(696330,ffff9989d020,python):2026-09-14-16:03:29.168.213 [mindspore/ccsrc/pybind_api/ir/tensor_py.cc:730] DataPtr] Tensor device address is null
[ERROR] COMMON(696330,ffff9989d020,python):2026-09-14-16:03:29.168.944 [mindspore/ccsrc/pybind_api/ir/tensor_py.cc:730] DataPtr] Tensor device address is null
[ERROR] COMMON(696330,ffff9989d020,python):2026-09-14-16:03:29.169.823 [mindspore/ccsrc/pybind_api/ir/tensor_py.cc:730] DataPtr] Tensor device address is null
[ERROR] COMMON(696330,ffff9989d020,python):2026-09-14-16:03:29.170.529 [mindspore/ccsrc/pybind_api/ir/tensor_py.cc:730] DataPtr] Tensor device address is null
[ERROR] COMMON(696330,ffff9989d020,python):2026-09-14-16:03:29.171.240 [mindspore/ccsrc/pybind_api/ir/tensor_py.cc:730] DataPtr] Tensor device address is null
[ERROR] COMMON(696330,ffff9989d020,python):2026-09-14-16:03:29.174.515 [mindspore/ccsrc/pybind_api/ir/tensor_py.cc:730] DataPtr] Tensor device address is null
[ERROR] COMMON(696330,ffff9989d020,python):2026-09-14-16:03:29.175.239 [mindspore/ccsrc/pybind_api/ir/tensor_py.cc:730] DataPtr] Tensor device address is null
[ERROR] COMMON(696330,ffff9989d020,python):2026-09-14-16:03:29.179.901 [mindspore/ccsrc/pybind_api/ir/tensor_py.cc:730] DataPtr] Tensor device address is null
[ERROR] COMMON(696330,ffff9989d020,python):2026-09-14-16:03:29.180.639 [mindspore/ccsrc/pybind_api/ir/tensor_py.cc:730] DataPtr] Tensor device address is null
[ERROR] COMMON(696330,ffff9989d020,python):2026-09-14-16:03:29.183.808 [mindspore/ccsrc/pybind_api/ir/tensor_py.cc:730] DataPtr] Tensor device address is null
[ERROR] COMMON(696330,ffff9989d020,python):2026-09-14-16:03:29.184.532 [mindspore/ccsrc/pybind_api/ir/tensor_py.cc:730] DataPtr] Tensor device address is null
[ERROR] COMMON(696330,ffff9989d020,python):2026-09-14-16:03:29.187.070 [mindspore/ccsrc/pybind_api/ir/tensor_py.cc:730] DataPtr] Tensor device address is null
[ERROR] COMMON(696330,ffff9989d020,python):2026-09-14-16:03:29.187.788 [mindspore/ccsrc/pybind_api/ir/tensor_py.cc:730] DataPtr] Tensor device address is null
[ERROR] COMMON(696330,ffff9989d020,python):2026-09-14-16:03:29.194.256 [mindspore/ccsrc/pybind_api/ir/tensor_py.cc:730] DataPtr] Tensor device address is null
[ERROR] COMMON(696330,ffff9989d020,python):2026-09-14-16:03:29.195.050 [mindspore/ccsrc/pybind_api/ir/tensor_py.cc:730] DataPtr] Tensor device address is null
[ERROR] COMMON(696330,ffff9989d020,python):2026-09-14-16:03:29.202.106 [mindspore/ccsrc/pybind_api/ir/tensor_py.cc:730] DataPtr] Tensor device address is null
[ERROR] COMMON(696330,ffff9989d020,python):2026-09-14-16:03:29.202.849 [mindspore/ccsrc/pybind_api/ir/tensor_py.cc:730] DataPtr] Tensor device address is null
[ERROR] COMMON(696330,ffff9989d020,python):2026-09-14-16:03:29.203.552 [mindspore/ccsrc/pybind_api/ir/tensor_py.cc:730] DataPtr] Tensor device address is null
[ERROR] COMMON(696330,ffff9989d020,python):2026-09-14-16:03:29.204.276 [mindspore/ccsrc/pybind_api/ir/tensor_py.cc:730] DataPtr] Tensor device address is null
[ERROR] COMMON(696330,ffff9989d020,python):2026-09-14-16:03:29.205.028 [mindspore/ccsrc/pybind_api/ir/tensor_py.cc:730] DataPtr] Tensor device address is null
[ERROR] COMMON(696330,ffff9989d020,python):2026-09-14-16:03:29.205.736 [mindspore/ccsrc/pybind_api/ir/tensor_py.cc:730] DataPtr] Tensor device address is null
[ERROR] COMMON(696330,ffff9989d020,python):2026-09-14-16:03:29.208.796 [mindspore/ccsrc/pybind_api/ir/tensor_py.cc:730] DataPtr] Tensor device address is null
[ERROR] COMMON(696330,ffff9989d020,python):2026-09-14-16:03:29.209.520 [mindspore/ccsrc/pybind_api/ir/tensor_py.cc:730] DataPtr] Tensor device address is null
[ERROR] COMMON(696330,ffff9989d020,python):2026-09-14-16:03:29.215.321 [mindspore/ccsrc/pybind_api/ir/tensor_py.cc:730] DataPtr] Tensor device address is null
[ERROR] COMMON(696330,ffff9989d020,python):2026-09-14-16:03:29.216.055 [mindspore/ccsrc/pybind_api/ir/tensor_py.cc:730] DataPtr] Tensor device address is null
[ERROR] COMMON(696330,ffff9989d020,python):2026-09-14-16:03:29.219.152 [mindspore/ccsrc/pybind_api/ir/tensor_py.cc:730] DataPtr] Tensor device address is null
[ERROR] COMMON(696330,ffff9989d020,python):2026-09-14-16:03:29.219.883 [mindspore/ccsrc/pybind_api/ir/tensor_py.cc:730] DataPtr] Tensor device address is null
[ERROR] COMMON(696330,ffff9989d020,python):2026-09-14-16:03:29.221.941 [mindspore/ccsrc/pybind_api/ir/tensor_py.cc:730] DataPtr] Tensor device address is null
[ERROR] COMMON(696330,ffff9989d020,python):2026-09-14-16:03:29.222.655 [mindspore/ccsrc/pybind_api/ir/tensor_py.cc:730] DataPtr] Tensor device address is null
[ERROR] COMMON(696330,ffff9989d020,python):2026-09-14-16:03:29.229.677 [mindspore/ccsrc/pybind_api/ir/tensor_py.cc:730] DataPtr] Tensor device address is null
[ERROR] COMMON(696330,ffff9989d020,python):2026-09-14-16:03:29.230.432 [mindspore/ccsrc/pybind_api/ir/tensor_py.cc:730] DataPtr] Tensor device address is null
[ERROR] COMMON(696330,ffff9989d020,python):2026-09-14-16:03:29.236.944 [mindspore/ccsrc/pybind_api/ir/tensor_py.cc:730] DataPtr] Tensor device address is null
[ERROR] COMMON(696330,ffff9989d020,python):2026-09-14-16:03:29.237.691 [mindspore/ccsrc/pybind_api/ir/tensor_py.cc:730] DataPtr] Tensor device address is null
[ERROR] COMMON(696330,ffff9989d020,python):2026-09-14-16:03:29.238.405 [mindspore/ccsrc/pybind_api/ir/tensor_py.cc:730] DataPtr] Tensor device address is null
[ERROR] COMMON(696330,ffff9989d020,python):2026-09-14-16:03:29.239.117 [mindspore/ccsrc/pybind_api/ir/tensor_py.cc:730] DataPtr] Tensor device address is null
[ERROR] COMMON(696330,ffff9989d020,python):2026-09-14-16:03:29.239.840 [mindspore/ccsrc/pybind_api/ir/tensor_py.cc:730] DataPtr] Tensor device address is null
[ERROR] COMMON(696330,ffff9989d020,python):2026-09-14-16:03:29.240.566 [mindspore/ccsrc/pybind_api/ir/tensor_py.cc:730] DataPtr] Tensor device address is null
[ERROR] COMMON(696330,ffff9989d020,python):2026-09-14-16:03:29.243.754 [mindspore/ccsrc/pybind_api/ir/tensor_py.cc:730] DataPtr] Tensor device address is null
[ERROR] COMMON(696330,ffff9989d020,python):2026-09-14-16:03:29.244.501 [mindspore/ccsrc/pybind_api/ir/tensor_py.cc:730] DataPtr] Tensor device address is null
[ERROR] COMMON(696330,ffff9989d020,python):2026-09-14-16:03:29.248.344 [mindspore/ccsrc/pybind_api/ir/tensor_py.cc:730] DataPtr] Tensor device address is null
[ERROR] COMMON(696330,ffff9989d020,python):2026-09-14-16:03:29.249.078 [mindspore/ccsrc/pybind_api/ir/tensor_py.cc:730] DataPtr] Tensor device address is null
[ERROR] COMMON(696330,ffff9989d020,python):2026-09-14-16:03:29.252.847 [mindspore/ccsrc/pybind_api/ir/tensor_py.cc:730] DataPtr] Tensor device address is null
[ERROR] COMMON(696330,ffff9989d020,python):2026-09-14-16:03:29.253.570 [mindspore/ccsrc/pybind_api/ir/tensor_py.cc:730] DataPtr] Tensor device address is null
[ERROR] COMMON(696330,ffff9989d020,python):2026-09-14-16:03:29.256.089 [mindspore/ccsrc/pybind_api/ir/tensor_py.cc:730] DataPtr] Tensor device address is null
[ERROR] COMMON(696330,ffff9989d020,python):2026-09-14-16:03:29.256.836 [mindspore/ccsrc/pybind_api/ir/tensor_py.cc:730] DataPtr] Tensor device address is null
[ERROR] COMMON(696330,ffff9989d020,python):2026-09-14-16:03:29.263.336 [mindspore/ccsrc/pybind_api/ir/tensor_py.cc:730] DataPtr] Tensor device address is null
[ERROR] COMMON(696330,ffff9989d020,python):2026-09-14-16:03:29.264.127 [mindspore/ccsrc/pybind_api/ir/tensor_py.cc:730] DataPtr] Tensor device address is null
[ERROR] COMMON(696330,ffff9989d020,python):2026-09-14-16:03:29.270.180 [mindspore/ccsrc/pybind_api/ir/tensor_py.cc:730] DataPtr] Tensor device address is null
[ERROR] COMMON(696330,ffff9989d020,python):2026-09-14-16:03:29.270.932 [mindspore/ccsrc/pybind_api/ir/tensor_py.cc:730] DataPtr] Tensor device address is null
[ERROR] COMMON(696330,ffff9989d020,python):2026-09-14-16:03:29.271.659 [mindspore/ccsrc/pybind_api/ir/tensor_py.cc:730] DataPtr] Tensor device address is null
[ERROR] COMMON(696330,ffff9989d020,python):2026-09-14-16:03:29.272.369 [mindspore/ccsrc/pybind_api/ir/tensor_py.cc:730] DataPtr] Tensor device address is null
[ERROR] COMMON(696330,ffff9989d020,python):2026-09-14-16:03:29.273.081 [mindspore/ccsrc/pybind_api/ir/tensor_py.cc:730] DataPtr] Tensor device address is null
[ERROR] COMMON(696330,ffff9989d020,python):2026-09-14-16:03:29.273.805 [mindspore/ccsrc/pybind_api/ir/tensor_py.cc:730] DataPtr] Tensor device address is null
[ERROR] COMMON(696330,ffff9989d020,python):2026-09-14-16:03:29.276.886 [mindspore/ccsrc/pybind_api/ir/tensor_py.cc:730] DataPtr] Tensor device address is null
[ERROR] COMMON(696330,ffff9989d020,python):2026-09-14-16:03:29.277.613 [mindspore/ccsrc/pybind_api/ir/tensor_py.cc:730] DataPtr] Tensor device address is null
[ERROR] COMMON(696330,ffff9989d020,python):2026-09-14-16:03:29.280.377 [mindspore/ccsrc/pybind_api/ir/tensor_py.cc:730] DataPtr] Tensor device address is null
[ERROR] COMMON(696330,ffff9989d020,python):2026-09-14-16:03:29.281.141 [mindspore/ccsrc/pybind_api/ir/tensor_py.cc:730] DataPtr] Tensor device address is null
[ERROR] COMMON(696330,ffff9989d020,python):2026-09-14-16:03:29.283.620 [mindspore/ccsrc/pybind_api/ir/tensor_py.cc:730] DataPtr] Tensor device address is null
[ERROR] COMMON(696330,ffff9989d020,python):2026-09-14-16:03:29.284.358 [mindspore/ccsrc/pybind_api/ir/tensor_py.cc:730] DataPtr] Tensor device address is null
[ERROR] COMMON(696330,ffff9989d020,python):2026-09-14-16:03:29.286.481 [mindspore/ccsrc/pybind_api/ir/tensor_py.cc:730] DataPtr] Tensor device address is null
[ERROR] COMMON(696330,ffff9989d020,python):2026-09-14-16:03:29.287.205 [mindspore/ccsrc/pybind_api/ir/tensor_py.cc:730] DataPtr] Tensor device address is null
[ERROR] COMMON(696330,ffff9989d020,python):2026-09-14-16:03:29.293.357 [mindspore/ccsrc/pybind_api/ir/tensor_py.cc:730] DataPtr] Tensor device address is null
[ERROR] COMMON(696330,ffff9989d020,python):2026-09-14-16:03:29.294.142 [mindspore/ccsrc/pybind_api/ir/tensor_py.cc:730] DataPtr] Tensor device address is null
[ERROR] COMMON(696330,ffff9989d020,python):2026-09-14-16:03:29.299.815 [mindspore/ccsrc/pybind_api/ir/tensor_py.cc:730] DataPtr] Tensor device address is null
[ERROR] COMMON(696330,ffff9989d020,python):2026-09-14-16:03:29.300.564 [mindspore/ccsrc/pybind_api/ir/tensor_py.cc:730] DataPtr] Tensor device address is null
[ERROR] COMMON(696330,ffff9989d020,python):2026-09-14-16:03:29.301.287 [mindspore/ccsrc/pybind_api/ir/tensor_py.cc:730] DataPtr] Tensor device address is null
[ERROR] COMMON(696330,ffff9989d020,python):2026-09-14-16:03:29.301.989 [mindspore/ccsrc/pybind_api/ir/tensor_py.cc:730] DataPtr] Tensor device address is null
[ERROR] COMMON(696330,ffff9989d020,python):2026-09-14-16:03:29.302.698 [mindspore/ccsrc/pybind_api/ir/tensor_py.cc:730] DataPtr] Tensor device address is null
[ERROR] COMMON(696330,ffff9989d020,python):2026-09-14-16:03:29.303.417 [mindspore/ccsrc/pybind_api/ir/tensor_py.cc:730] DataPtr] Tensor device address is null
[ERROR] COMMON(696330,ffff9989d020,python):2026-09-14-16:03:29.306.437 [mindspore/ccsrc/pybind_api/ir/tensor_py.cc:730] DataPtr] Tensor device address is null
[ERROR] COMMON(696330,ffff9989d020,python):2026-09-14-16:03:29.307.174 [mindspore/ccsrc/pybind_api/ir/tensor_py.cc:730] DataPtr] Tensor device address is null
[ERROR] COMMON(696330,ffff9989d020,python):2026-09-14-16:03:29.309.772 [mindspore/ccsrc/pybind_api/ir/tensor_py.cc:730] DataPtr] Tensor device address is null
[ERROR] COMMON(696330,ffff9989d020,python):2026-09-14-16:03:29.310.495 [mindspore/ccsrc/pybind_api/ir/tensor_py.cc:730] DataPtr] Tensor device address is null
[ERROR] COMMON(696330,ffff9989d020,python):2026-09-14-16:03:29.312.995 [mindspore/ccsrc/pybind_api/ir/tensor_py.cc:730] DataPtr] Tensor device address is null
[ERROR] COMMON(696330,ffff9989d020,python):2026-09-14-16:03:29.313.721 [mindspore/ccsrc/pybind_api/ir/tensor_py.cc:730] DataPtr] Tensor device address is null
[ERROR] COMMON(696330,ffff9989d020,python):2026-09-14-16:03:29.316.239 [mindspore/ccsrc/pybind_api/ir/tensor_py.cc:730] DataPtr] Tensor device address is null
[ERROR] COMMON(696330,ffff9989d020,python):2026-09-14-16:03:29.316.976 [mindspore/ccsrc/pybind_api/ir/tensor_py.cc:730] DataPtr] Tensor device address is null
[ERROR] COMMON(696330,ffff9989d020,python):2026-09-14-16:03:29.322.604 [mindspore/ccsrc/pybind_api/ir/tensor_py.cc:730] DataPtr] Tensor device address is null
[ERROR] COMMON(696330,ffff9989d020,python):2026-09-14-16:03:29.323.400 [mindspore/ccsrc/pybind_api/ir/tensor_py.cc:730] DataPtr] Tensor device address is null
[ERROR] COMMON(696330,ffff9989d020,python):2026-09-14-16:03:29.329.581 [mindspore/ccsrc/pybind_api/ir/tensor_py.cc:730] DataPtr] Tensor device address is null
[ERROR] COMMON(696330,ffff9989d020,python):2026-09-14-16:03:29.330.328 [mindspore/ccsrc/pybind_api/ir/tensor_py.cc:730] DataPtr] Tensor device address is null
[ERROR] COMMON(696330,ffff9989d020,python):2026-09-14-16:03:29.331.050 [mindspore/ccsrc/pybind_api/ir/tensor_py.cc:730] DataPtr] Tensor device address is null
[ERROR] COMMON(696330,ffff9989d020,python):2026-09-14-16:03:29.331.791 [mindspore/ccsrc/pybind_api/ir/tensor_py.cc:730] DataPtr] Tensor device address is null
[ERROR] COMMON(696330,ffff9989d020,python):2026-09-14-16:03:29.332.510 [mindspore/ccsrc/pybind_api/ir/tensor_py.cc:730] DataPtr] Tensor device address is null
[ERROR] COMMON(696330,ffff9989d020,python):2026-09-14-16:03:29.333.245 [mindspore/ccsrc/pybind_api/ir/tensor_py.cc:730] DataPtr] Tensor device address is null
[ERROR] COMMON(696330,ffff9989d020,python):2026-09-14-16:03:29.335.840 [mindspore/ccsrc/pybind_api/ir/tensor_py.cc:730] DataPtr] Tensor device address is null
[ERROR] COMMON(696330,ffff9989d020,python):2026-09-14-16:03:29.336.576 [mindspore/ccsrc/pybind_api/ir/tensor_py.cc:730] DataPtr] Tensor device address is null
[ERROR] COMMON(696330,ffff9989d020,python):2026-09-14-16:03:29.339.186 [mindspore/ccsrc/pybind_api/ir/tensor_py.cc:730] DataPtr] Tensor device address is null
[ERROR] COMMON(696330,ffff9989d020,python):2026-09-14-16:03:29.339.921 [mindspore/ccsrc/pybind_api/ir/tensor_py.cc:730] DataPtr] Tensor device address is null
[ERROR] COMMON(696330,ffff9989d020,python):2026-09-14-16:03:29.342.526 [mindspore/ccsrc/pybind_api/ir/tensor_py.cc:730] DataPtr] Tensor device address is null
[ERROR] COMMON(696330,ffff9989d020,python):2026-09-14-16:03:29.343.273 [mindspore/ccsrc/pybind_api/ir/tensor_py.cc:730] DataPtr] Tensor device address is null
[ERROR] COMMON(696330,ffff9989d020,python):2026-09-14-16:03:29.345.385 [mindspore/ccsrc/pybind_api/ir/tensor_py.cc:730] DataPtr] Tensor device address is null
[ERROR] COMMON(696330,ffff9989d020,python):2026-09-14-16:03:29.346.097 [mindspore/ccsrc/pybind_api/ir/tensor_py.cc:730] DataPtr] Tensor device address is null
[ERROR] COMMON(696330,ffff9989d020,python):2026-09-14-16:03:29.352.248 [mindspore/ccsrc/pybind_api/ir/tensor_py.cc:730] DataPtr] Tensor device address is null
[ERROR] COMMON(696330,ffff9989d020,python):2026-09-14-16:03:29.353.048 [mindspore/ccsrc/pybind_api/ir/tensor_py.cc:730] DataPtr] Tensor device address is null
[ERROR] COMMON(696330,ffff9989d020,python):2026-09-14-16:03:29.358.811 [mindspore/ccsrc/pybind_api/ir/tensor_py.cc:730] DataPtr] Tensor device address is null
[ERROR] COMMON(696330,ffff9989d020,python):2026-09-14-16:03:29.359.534 [mindspore/ccsrc/pybind_api/ir/tensor_py.cc:730] DataPtr] Tensor device address is null
[ERROR] COMMON(696330,ffff9989d020,python):2026-09-14-16:03:29.360.262 [mindspore/ccsrc/pybind_api/ir/tensor_py.cc:730] DataPtr] Tensor device address is null
[ERROR] COMMON(696330,ffff9989d020,python):2026-09-14-16:03:29.360.988 [mindspore/ccsrc/pybind_api/ir/tensor_py.cc:730] DataPtr] Tensor device address is null
[ERROR] COMMON(696330,ffff9989d020,python):2026-09-14-16:03:29.361.704 [mindspore/ccsrc/pybind_api/ir/tensor_py.cc:730] DataPtr] Tensor device address is null
[ERROR] COMMON(696330,ffff9989d020,python):2026-09-14-16:03:29.362.416 [mindspore/ccsrc/pybind_api/ir/tensor_py.cc:730] DataPtr] Tensor device address is null
[ERROR] COMMON(696330,ffff9989d020,python):2026-09-14-16:03:29.364.974 [mindspore/ccsrc/pybind_api/ir/tensor_py.cc:730] DataPtr] Tensor device address is null
[ERROR] COMMON(696330,ffff9989d020,python):2026-09-14-16:03:29.365.704 [mindspore/ccsrc/pybind_api/ir/tensor_py.cc:730] DataPtr] Tensor device address is null
[ERROR] COMMON(696330,ffff9989d020,python):2026-09-14-16:03:29.368.256 [mindspore/ccsrc/pybind_api/ir/tensor_py.cc:730] DataPtr] Tensor device address is null
[ERROR] COMMON(696330,ffff9989d020,python):2026-09-14-16:03:29.369.009 [mindspore/ccsrc/pybind_api/ir/tensor_py.cc:730] DataPtr] Tensor device address is null
[ERROR] COMMON(696330,ffff9989d020,python):2026-09-14-16:03:29.371.539 [mindspore/ccsrc/pybind_api/ir/tensor_py.cc:730] DataPtr] Tensor device address is null
[ERROR] COMMON(696330,ffff9989d020,python):2026-09-14-16:03:29.372.278 [mindspore/ccsrc/pybind_api/ir/tensor_py.cc:730] DataPtr] Tensor device address is null
[ERROR] COMMON(696330,ffff9989d020,python):2026-09-14-16:03:29.374.787 [mindspore/ccsrc/pybind_api/ir/tensor_py.cc:730] DataPtr] Tensor device address is null
[ERROR] COMMON(696330,ffff9989d020,python):2026-09-14-16:03:29.375.498 [mindspore/ccsrc/pybind_api/ir/tensor_py.cc:730] DataPtr] Tensor device address is null
[ERROR] COMMON(696330,ffff9989d020,python):2026-09-14-16:03:29.381.599 [mindspore/ccsrc/pybind_api/ir/tensor_py.cc:730] DataPtr] Tensor device address is null
[ERROR] COMMON(696330,ffff9989d020,python):2026-09-14-16:03:29.382.384 [mindspore/ccsrc/pybind_api/ir/tensor_py.cc:730] DataPtr] Tensor device address is null
[ERROR] COMMON(696330,ffff9989d020,python):2026-09-14-16:03:29.388.512 [mindspore/ccsrc/pybind_api/ir/tensor_py.cc:730] DataPtr] Tensor device address is null
