-- The C compiler identification is GNU 10.3.1
-- The CXX compiler identification is GNU 10.3.1
-- Detecting C compiler ABI info
-- Detecting C compiler ABI info - done
-- Check for working C compiler: /usr/bin/cc - skipped
-- Detecting C compile features
-- Detecting C compile features - done
-- Detecting CXX compiler ABI info
-- Detecting CXX compiler ABI info - done
-- Check for working CXX compiler: /usr/bin/c++ - skipped
-- Detecting CXX compile features
-- Detecting CXX compile features - done
-- ✓ Found SPDK ISA-L
-- ==============================================
-- Ascend Path: /usr/local/Ascend/ascend-toolkit/latest
-- SPDK Path: /home/user7/npu-nvme/third_party/spdk
-- DPDK mempool ring: /home/user7/npu-nvme/build/dpdk_fix/librte_mempool_ring_fixed.a
-- ==============================================
-- ==============================================
-- Build configured successfully
-- ==============================================
-- Configuring done
-- Generating done
-- Build files have been written to: /models/npu_nvme_exp/user7-stack/checkouts/batch-B-entry/build/hw-v13
[ 16%] Building C object CMakeFiles/npu_nvme.dir/src/npu_nvme.c.o
[ 33%] Linking C shared library libnpu_nvme.so
[ 33%] Built target npu_nvme
[ 66%] Building C object CMakeFiles/v2_smoke_test.dir/tests/c/v2_smoke_test.c.o
[ 66%] Building C object CMakeFiles/test_npu_nvme.dir/tests/c/test_npu_nvme.c.o
[ 83%] Linking C executable v2_smoke_test
[100%] Linking C executable test_npu_nvme
[100%] Built target v2_smoke_test
[100%] Built target test_npu_nvme
