CMake Warning (dev) at build/hw-v13/cmake_install.cmake:101:
  Syntax Warning in cmake code at column 7

  Argument not separated from preceding token by whitespace.
This warning is for project developers.  Use -Wno-dev to suppress it.

CMake Warning (dev) at build/hw-v13/cmake_install.cmake:101:
  Syntax Warning in cmake code at column 58

  Argument not separated from preceding token by whitespace.
This warning is for project developers.  Use -Wno-dev to suppress it.

CMake Warning (dev) at build/hw-v13/cmake_install.cmake:102:
  Syntax Warning in cmake code at column 7

  Argument not separated from preceding token by whitespace.
This warning is for project developers.  Use -Wno-dev to suppress it.

CMake Warning (dev) at build/hw-v13/cmake_install.cmake:102:
  Syntax Warning in cmake code at column 48

  Argument not separated from preceding token by whitespace.
This warning is for project developers.  Use -Wno-dev to suppress it.

-- Install configuration: ""
-- Installing: /models/npu_nvme_exp/user7-stack/checkouts/batch-B-entry/build_out/lib/libnpu_nvme.so.1.0
-- Installing: /models/npu_nvme_exp/user7-stack/checkouts/batch-B-entry/build_out/lib/libnpu_nvme.so.1
-- Installing: /models/npu_nvme_exp/user7-stack/checkouts/batch-B-entry/build_out/lib/libnpu_nvme.so
-- Installing: /models/npu_nvme_exp/user7-stack/checkouts/batch-B-entry/build_out/include/npu_nvme.h
-- Installing: /models/npu_nvme_exp/user7-stack/checkouts/batch-B-entry/build_out/bin/test_npu_nvme
