[sudo] password for user7: entry-to-exit seed=41 save
entry-to-exit seed=41 restore
entry-to-exit seed=42 save
entry-to-exit seed=42 restore
entry-to-exit seed=43 save
entry-to-exit seed=43 restore
exit-to-entry seed=41 save
Traceback (most recent call last):
  File "/models/npu_nvme_exp/user7-stack/checkouts/long-term-v1.3/tests/hardware/b_compatibility.py", line 86, in <module>
    sys.exit(main())
  File "/models/npu_nvme_exp/user7-stack/checkouts/long-term-v1.3/tests/hardware/b_compatibility.py", line 69, in main
    process = subprocess.run(argv, cwd=run, env=env, stdout=log, stderr=subprocess.STDOUT)
  File "/home/user7/miniconda3/envs/ms_2.5/lib/python3.9/subprocess.py", line 507, in run
    stdout, stderr = process.communicate(input, timeout=timeout)
  File "/home/user7/miniconda3/envs/ms_2.5/lib/python3.9/subprocess.py", line 1126, in communicate
    self.wait()
  File "/home/user7/miniconda3/envs/ms_2.5/lib/python3.9/subprocess.py", line 1189, in wait
    return self._wait(timeout=timeout)
  File "/home/user7/miniconda3/envs/ms_2.5/lib/python3.9/subprocess.py", line 1933, in _wait
    (pid, sts) = self._try_wait(0)
  File "/home/user7/miniconda3/envs/ms_2.5/lib/python3.9/subprocess.py", line 1891, in _try_wait
    (pid, sts) = os.waitpid(self.pid, wait_flags)
KeyboardInterrupt
