{"block_size": 4096, "operation": "write", "path": "buffered", "queue_depth": 1, "run_id": "P1_20260909_231813_56d9452e", "status": "pass"}
{"block_size": 4096, "operation": "write", "path": "buffered", "queue_depth": 4, "run_id": "P1_20260909_232117_30ab6666", "status": "pass"}
{"block_size": 65536, "operation": "write", "path": "buffered", "queue_depth": 1, "run_id": "P1_20260909_232222_f21c70d5", "status": "pass"}
{"block_size": 65536, "operation": "write", "path": "buffered", "queue_depth": 4, "run_id": "P1_20260909_232315_f3b056e3", "status": "pass"}
{"block_size": 1048576, "operation": "write", "path": "buffered", "queue_depth": 1, "run_id": "P1_20260909_232403_6d0cf185", "status": "pass"}
{"block_size": 1048576, "operation": "write", "path": "buffered", "queue_depth": 4, "run_id": "P1_20260909_232449_30e41cea", "status": "pass"}
{"block_size": 4194304, "operation": "write", "path": "buffered", "queue_depth": 1, "run_id": "P1_20260909_232537_21774b71", "status": "pass"}
{"block_size": 4194304, "operation": "write", "path": "buffered", "queue_depth": 4, "run_id": "P1_20260909_232625_84e1a23d", "status": "pass"}
{"block_size": 268435456, "operation": "write", "path": "buffered", "queue_depth": 1, "run_id": "P1_20260909_232713_1f61ed9d", "status": "pass"}
{"block_size": 268435456, "operation": "write", "path": "buffered", "queue_depth": 4, "run_id": "P1_20260909_232804_b7e5528e", "status": "pass"}
{"block_size": 4096, "operation": "read", "path": "buffered", "queue_depth": 1, "run_id": "P1_20260909_232910_8421c1d4", "status": "pass"}
{"block_size": 4096, "operation": "read", "path": "buffered", "queue_depth": 4, "run_id": "P1_20260909_233004_4b2d0e44", "status": "pass"}
{"block_size": 65536, "operation": "read", "path": "buffered", "queue_depth": 1, "run_id": "P1_20260909_233054_5591fa22", "status": "pass"}
{"block_size": 65536, "operation": "read", "path": "buffered", "queue_depth": 4, "run_id": "P1_20260909_233140_67b28c1d", "status": "pass"}
{"block_size": 1048576, "operation": "read", "path": "buffered", "queue_depth": 1, "run_id": "P1_20260909_233226_4c272859", "status": "pass"}
{"block_size": 1048576, "operation": "read", "path": "buffered", "queue_depth": 4, "run_id": "P1_20260909_233311_f9eceba1", "status": "pass"}
{"block_size": 4194304, "operation": "read", "path": "buffered", "queue_depth": 1, "run_id": "P1_20260909_233346_5886021a", "status": "pass"}
{"block_size": 4194304, "operation": "read", "path": "buffered", "queue_depth": 4, "run_id": "P1_20260909_233429_13f751b6", "status": "pass"}
{"block_size": 268435456, "operation": "read", "path": "buffered", "queue_depth": 1, "run_id": "P1_20260909_233505_46b98098", "status": "pass"}
{"block_size": 268435456, "operation": "read", "path": "buffered", "queue_depth": 4, "run_id": "P1_20260909_233548_4810fc5e", "status": "pass"}
{"block_size": 4096, "operation": "write", "path": "odirect", "queue_depth": 1, "run_id": "P1_20260909_233628_5b045c01", "status": "pass"}
{"block_size": 4096, "operation": "write", "path": "odirect", "queue_depth": 4, "run_id": "P1_20260909_233910_6dad2031", "status": "pass"}
{"block_size": 65536, "operation": "write", "path": "odirect", "queue_depth": 1, "run_id": "P1_20260909_234000_855f958a", "status": "pass"}
{"block_size": 65536, "operation": "write", "path": "odirect", "queue_depth": 4, "run_id": "P1_20260909_234028_4104f9a8", "status": "pass"}
{"block_size": 1048576, "operation": "write", "path": "odirect", "queue_depth": 1, "run_id": "P1_20260909_234045_d2d5b8f8", "status": "pass"}
{"block_size": 1048576, "operation": "write", "path": "odirect", "queue_depth": 4, "run_id": "P1_20260909_234104_446e8e88", "status": "pass"}
{"block_size": 4194304, "operation": "write", "path": "odirect", "queue_depth": 1, "run_id": "P1_20260909_234121_0b98c69a", "status": "pass"}
{"block_size": 4194304, "operation": "write", "path": "odirect", "queue_depth": 4, "run_id": "P1_20260909_234139_20abce60", "status": "pass"}
{"block_size": 268435456, "operation": "write", "path": "odirect", "queue_depth": 1, "run_id": "P1_20260909_234156_b60a5181", "status": "pass"}
{"block_size": 268435456, "operation": "write", "path": "odirect", "queue_depth": 4, "run_id": "P1_20260909_234219_759b433b", "status": "pass"}
{"block_size": 4096, "operation": "read", "path": "odirect", "queue_depth": 1, "run_id": "P1_20260909_234253_cfe7ccac", "status": "pass"}
{"block_size": 4096, "operation": "read", "path": "odirect", "queue_depth": 4, "run_id": "P1_20260909_235816_acd09e5d", "status": "pass"}
{"block_size": 65536, "operation": "read", "path": "odirect", "queue_depth": 1, "run_id": "P1_20260910_000216_110a790e", "status": "pass"}
{"block_size": 65536, "operation": "read", "path": "odirect", "queue_depth": 4, "run_id": "P1_20260910_000340_6b7112a8", "status": "pass"}
{"block_size": 1048576, "operation": "read", "path": "odirect", "queue_depth": 1, "run_id": "P1_20260910_000427_18546546", "status": "pass"}
{"block_size": 1048576, "operation": "read", "path": "odirect", "queue_depth": 4, "run_id": "P1_20260910_000458_ca40fd17", "status": "pass"}
{"block_size": 4194304, "operation": "read", "path": "odirect", "queue_depth": 1, "run_id": "P1_20260910_000515_404dd750", "status": "pass"}
{"block_size": 4194304, "operation": "read", "path": "odirect", "queue_depth": 4, "run_id": "P1_20260910_000536_84578223", "status": "pass"}
{"block_size": 268435456, "operation": "read", "path": "odirect", "queue_depth": 1, "run_id": "P1_20260910_000550_86d025ef", "status": "pass"}
{"block_size": 268435456, "operation": "read", "path": "odirect", "queue_depth": 4, "run_id": "P1_20260910_000606_b3015fa8", "status": "pass"}
EAL: '-c <coremask>' option is deprecated, and will be removed in a future release
EAL: 	Use '-l <corelist>' or '--lcores=<corelist>' option instead
[Diag] after spdk_env_init: rte_lcore_count=1 rte_socket_count=8 spdk_core_count=1
[Diag] reactor: rings w=0x2000008fd600 r=0x2000008fd080 m=0x2000008fcb80 pollers s=0xfffe0c001db0 w=0xfffe0c001f50 r=0xfffe0c0020f0 m=0xfffe0c002290
[NPU-NVMe] Found matching controller at 0000:83:00.0
[NPU-NVMe] Attached NS: block_size=512 total_blocks=7501476528
[Init] NPUNVME Fully Initialized! Stream/Events ready. Max Pipe Depth: 1
[Init] Initialisation complete.
