EAL: '-c <coremask>' option is deprecated, and will be removed in a future release
EAL: 	Use '-l <corelist>' or '--lcores=<corelist>' option instead
[Diag] after spdk_env_init: rte_lcore_count=1 rte_socket_count=8 spdk_core_count=1
[Diag] reactor: rings w=0x2000008fd600 r=0x2000008fd080 m=0x2000008fcb80 pollers w=0xffff88001db0 r=0xffff88001f50 m=0xffff880020f0
[NPU-NVMe] Found matching controller at 0000:83:00.0
[NPU-NVMe] Attached NS: block_size=512 total_blocks=7501476528
[Init] NPUNVME Fully Initialized! Stream/Events ready. Max Pipe Depth: 2
[Init] Initialisation complete.
[Diag] after spdk_env_init: rte_lcore_count=1 rte_socket_count=8 spdk_core_count=1
[Diag] reactor: rings w=0x2000008fd500 r=0x2000008fcf80 m=0x2000004ff580 pollers w=0xffff88001db0 r=0xffff88001f50 m=0xffff880020f0
[NPU-NVMe] Found matching controller at 0000:83:00.0
[NPU-NVMe] Attached NS: block_size=512 total_blocks=7501476528
[Init] NPUNVME Fully Initialized! Stream/Events ready. Max Pipe Depth: 2
[Init] Initialisation complete.
[Diag] after spdk_env_init: rte_lcore_count=1 rte_socket_count=8 spdk_core_count=1
[Diag] reactor: rings w=0x2000008fd500 r=0x2000008fcf80 m=0x2000004ff580 pollers w=0xffff7c001db0 r=0xffff7c001f50 m=0xffff7c0020f0
[NPU-NVMe] Found matching controller at 0000:83:00.0
[NPU-NVMe] Attached NS: block_size=512 total_blocks=7501476528
[Init] NPUNVME Fully Initialized! Stream/Events ready. Max Pipe Depth: 2
[Init] Initialisation complete.
[Diag] after spdk_env_init: rte_lcore_count=1 rte_socket_count=8 spdk_core_count=1
[Diag] reactor: rings w=0x2000008fd500 r=0x2000008fcf80 m=0x2000004ff580 pollers w=0xffff7c001db0 r=0xffff7c001f50 m=0xffff7c0020f0
[NPU-NVMe] Found matching controller at 0000:83:00.0
[NPU-NVMe] Attached NS: block_size=512 total_blocks=7501476528
[Init] NPUNVME Fully Initialized! Stream/Events ready. Max Pipe Depth: 2
[Init] Initialisation complete.
[Diag] after spdk_env_init: rte_lcore_count=1 rte_socket_count=8 spdk_core_count=1
[Diag] reactor: rings w=0x2000008fd500 r=0x2000008fcf80 m=0x2000004ff580 pollers w=0xffff7c001db0 r=0xffff7c001f50 m=0xffff7c0020f0
[NPU-NVMe] Found matching controller at 0000:83:00.0
[NPU-NVMe] Attached NS: block_size=512 total_blocks=7501476528
[Init] NPUNVME Fully Initialized! Stream/Events ready. Max Pipe Depth: 2
[Init] Initialisation complete.
[Diag] after spdk_env_init: rte_lcore_count=1 rte_socket_count=8 spdk_core_count=1
[Diag] reactor: rings w=0x2000008fd500 r=0x2000008fcf80 m=0x2000004ff580 pollers w=0xffff7c001db0 r=0xffff7c001f50 m=0xffff7c0020f0
[NPU-NVMe] Found matching controller at 0000:83:00.0
[NPU-NVMe] Attached NS: block_size=512 total_blocks=7501476528
[Init] NPUNVME Fully Initialized! Stream/Events ready. Max Pipe Depth: 2
[Init] Initialisation complete.
[Diag] after spdk_env_init: rte_lcore_count=1 rte_socket_count=8 spdk_core_count=1
[Diag] reactor: rings w=0x2000008fd500 r=0x2000008fcf80 m=0x2000004ff580 pollers w=0xffff7c001db0 r=0xffff7c001f50 m=0xffff7c0020f0
[NPU-NVMe] Found matching controller at 0000:83:00.0
[NPU-NVMe] Attached NS: block_size=512 total_blocks=7501476528
[Init] NPUNVME Fully Initialized! Stream/Events ready. Max Pipe Depth: 2
[Init] Initialisation complete.
[Diag] after spdk_env_init: rte_lcore_count=1 rte_socket_count=8 spdk_core_count=1
[Diag] reactor: rings w=0x2000008fd500 r=0x2000008fcf80 m=0x2000004ff580 pollers w=0xffff7c001db0 r=0xffff7c001f50 m=0xffff7c0020f0
[NPU-NVMe] Found matching controller at 0000:83:00.0
[NPU-NVMe] Attached NS: block_size=512 total_blocks=7501476528
[Init] NPUNVME Fully Initialized! Stream/Events ready. Max Pipe Depth: 2
[Init] Initialisation complete.
[Diag] after spdk_env_init: rte_lcore_count=1 rte_socket_count=8 spdk_core_count=1
[Diag] reactor: rings w=0x2000008fd500 r=0x2000008fcf80 m=0x2000004ff580 pollers w=0xffff7c001db0 r=0xffff7c001f50 m=0xffff7c0020f0
[NPU-NVMe] Found matching controller at 0000:83:00.0
[NPU-NVMe] Attached NS: block_size=512 total_blocks=7501476528
[Init] NPUNVME Fully Initialized! Stream/Events ready. Max Pipe Depth: 2
[Init] Initialisation complete.
[Diag] after spdk_env_init: rte_lcore_count=1 rte_socket_count=8 spdk_core_count=1
[Diag] reactor: rings w=0x2000008fd500 r=0x2000008fcf80 m=0x2000004ff580 pollers w=0xffff7c001db0 r=0xffff7c001f50 m=0xffff7c0020f0
[NPU-NVMe] Found matching controller at 0000:83:00.0
[NPU-NVMe] Attached NS: block_size=512 total_blocks=7501476528
[Init] NPUNVME Fully Initialized! Stream/Events ready. Max Pipe Depth: 2
[Init] Initialisation complete.
[Diag] after spdk_env_init: rte_lcore_count=1 rte_socket_count=8 spdk_core_count=1
[Diag] reactor: rings w=0x2000008fd500 r=0x2000008fcf80 m=0x2000004ff580 pollers w=0xffff7c001db0 r=0xffff7c001f50 m=0xffff7c0020f0
[NPU-NVMe] Found matching controller at 0000:83:00.0
[NPU-NVMe] Attached NS: block_size=512 total_blocks=7501476528
[Init] NPUNVME Fully Initialized! Stream/Events ready. Max Pipe Depth: 2
[Init] Initialisation complete.
[Diag] after spdk_env_init: rte_lcore_count=1 rte_socket_count=8 spdk_core_count=1
[Diag] reactor: rings w=0x2000008fd500 r=0x2000008fcf80 m=0x2000004ff580 pollers w=0xffff7c001db0 r=0xffff7c001f50 m=0xffff7c0020f0
[NPU-NVMe] Found matching controller at 0000:83:00.0
[NPU-NVMe] Attached NS: block_size=512 total_blocks=7501476528
[Init] NPUNVME Fully Initialized! Stream/Events ready. Max Pipe Depth: 2
[Init] Initialisation complete.
[Diag] after spdk_env_init: rte_lcore_count=1 rte_socket_count=8 spdk_core_count=1
[Diag] reactor: rings w=0x2000008fd500 r=0x2000008fcf80 m=0x2000004ff580 pollers w=0xffff7c001db0 r=0xffff7c001f50 m=0xffff7c0020f0
[NPU-NVMe] Found matching controller at 0000:83:00.0
[NPU-NVMe] Attached NS: block_size=512 total_blocks=7501476528
[Init] NPUNVME Fully Initialized! Stream/Events ready. Max Pipe Depth: 2
[Init] Initialisation complete.
[Diag] after spdk_env_init: rte_lcore_count=1 rte_socket_count=8 spdk_core_count=1
[Diag] reactor: rings w=0x2000008fd500 r=0x2000008fcf80 m=0x2000004ff580 pollers w=0xffff7c001db0 r=0xffff7c001f50 m=0xffff7c0020f0
[NPU-NVMe] Found matching controller at 0000:83:00.0
[NPU-NVMe] Attached NS: block_size=512 total_blocks=7501476528
[Init] NPUNVME Fully Initialized! Stream/Events ready. Max Pipe Depth: 2
[Init] Initialisation complete.
[Diag] after spdk_env_init: rte_lcore_count=1 rte_socket_count=8 spdk_core_count=1
[Diag] reactor: rings w=0x2000008fd500 r=0x2000008fcf80 m=0x2000004ff580 pollers w=0xffff7c001db0 r=0xffff7c001f50 m=0xffff7c0020f0
[NPU-NVMe] Found matching controller at 0000:83:00.0
[NPU-NVMe] Attached NS: block_size=512 total_blocks=7501476528
[Init] NPUNVME Fully Initialized! Stream/Events ready. Max Pipe Depth: 2
[Init] Initialisation complete.
[Diag] after spdk_env_init: rte_lcore_count=1 rte_socket_count=8 spdk_core_count=1
[Diag] reactor: rings w=0x2000008fd500 r=0x2000008fcf80 m=0x2000004ff580 pollers w=0xffff7c001db0 r=0xffff7c001f50 m=0xffff7c0020f0
[NPU-NVMe] Found matching controller at 0000:83:00.0
[NPU-NVMe] Attached NS: block_size=512 total_blocks=7501476528
[Init] NPUNVME Fully Initialized! Stream/Events ready. Max Pipe Depth: 2
[Init] Initialisation complete.
[Diag] after spdk_env_init: rte_lcore_count=1 rte_socket_count=8 spdk_core_count=1
[Diag] reactor: rings w=0x2000008fd500 r=0x2000008fcf80 m=0x2000004ff580 pollers w=0xffff7c001db0 r=0xffff7c001f50 m=0xffff7c0020f0
[NPU-NVMe] Found matching controller at 0000:83:00.0
[NPU-NVMe] Attached NS: block_size=512 total_blocks=7501476528
[Init] NPUNVME Fully Initialized! Stream/Events ready. Max Pipe Depth: 2
[Init] Initialisation complete.
[Diag] after spdk_env_init: rte_lcore_count=1 rte_socket_count=8 spdk_core_count=1
[Diag] reactor: rings w=0x2000008fd500 r=0x2000008fcf80 m=0x2000004ff580 pollers w=0xffff7c001db0 r=0xffff7c001f50 m=0xffff7c0020f0
[NPU-NVMe] Found matching controller at 0000:83:00.0
[NPU-NVMe] Attached NS: block_size=512 total_blocks=7501476528
[Init] NPUNVME Fully Initialized! Stream/Events ready. Max Pipe Depth: 2
[Init] Initialisation complete.
[Diag] after spdk_env_init: rte_lcore_count=1 rte_socket_count=8 spdk_core_count=1
[Diag] reactor: rings w=0x2000008fd500 r=0x2000008fcf80 m=0x2000004ff580 pollers w=0xffff7c001db0 r=0xffff7c001f50 m=0xffff7c0020f0
[NPU-NVMe] Found matching controller at 0000:83:00.0
[NPU-NVMe] Attached NS: block_size=512 total_blocks=7501476528
[Init] NPUNVME Fully Initialized! Stream/Events ready. Max Pipe Depth: 2
[Init] Initialisation complete.
[Diag] after spdk_env_init: rte_lcore_count=1 rte_socket_count=8 spdk_core_count=1
[Diag] reactor: rings w=0x2000008fd500 r=0x2000008fcf80 m=0x2000004ff580 pollers w=0xffff7c001db0 r=0xffff7c001f50 m=0xffff7c0020f0
[NPU-NVMe] Found matching controller at 0000:83:00.0
[NPU-NVMe] Attached NS: block_size=512 total_blocks=7501476528
[Init] NPUNVME Fully Initialized! Stream/Events ready. Max Pipe Depth: 2
[Init] Initialisation complete.
[Diag] after spdk_env_init: rte_lcore_count=1 rte_socket_count=8 spdk_core_count=1
[Diag] reactor: rings w=0x2000008fd500 r=0x2000008fcf80 m=0x2000004ff580 pollers w=0xffff7c001db0 r=0xffff7c001f50 m=0xffff7c0020f0
[NPU-NVMe] Found matching controller at 0000:83:00.0
[NPU-NVMe] Attached NS: block_size=512 total_blocks=7501476528
[Init] NPUNVME Fully Initialized! Stream/Events ready. Max Pipe Depth: 2
[Init] Initialisation complete.
[Diag] after spdk_env_init: rte_lcore_count=1 rte_socket_count=8 spdk_core_count=1
[Diag] reactor: rings w=0x2000008fd500 r=0x2000008fcf80 m=0x2000004ff580 pollers w=0xffff7c001db0 r=0xffff7c001f50 m=0xffff7c0020f0
[NPU-NVMe] Found matching controller at 0000:83:00.0
[NPU-NVMe] Attached NS: block_size=512 total_blocks=7501476528
[Init] NPUNVME Fully Initialized! Stream/Events ready. Max Pipe Depth: 2
[Init] Initialisation complete.
[Diag] after spdk_env_init: rte_lcore_count=1 rte_socket_count=8 spdk_core_count=1
[Diag] reactor: rings w=0x2000008fd500 r=0x2000008fcf80 m=0x2000004ff580 pollers w=0xffff7c001db0 r=0xffff7c001f50 m=0xffff7c0020f0
[NPU-NVMe] Found matching controller at 0000:83:00.0
[NPU-NVMe] Attached NS: block_size=512 total_blocks=7501476528
[Init] NPUNVME Fully Initialized! Stream/Events ready. Max Pipe Depth: 2
[Init] Initialisation complete.
[Diag] after spdk_env_init: rte_lcore_count=1 rte_socket_count=8 spdk_core_count=1
[Diag] reactor: rings w=0x2000008fd500 r=0x2000008fcf80 m=0x2000004ff580 pollers w=0xffff7c001db0 r=0xffff7c001f50 m=0xffff7c0020f0
[NPU-NVMe] Found matching controller at 0000:83:00.0
[NPU-NVMe] Attached NS: block_size=512 total_blocks=7501476528
[Init] NPUNVME Fully Initialized! Stream/Events ready. Max Pipe Depth: 2
[Init] Initialisation complete.
[Diag] after spdk_env_init: rte_lcore_count=1 rte_socket_count=8 spdk_core_count=1
[Diag] reactor: rings w=0x2000008fd500 r=0x2000008fcf80 m=0x2000004ff580 pollers w=0xffff7c001db0 r=0xffff7c001f50 m=0xffff7c0020f0
[NPU-NVMe] Found matching controller at 0000:83:00.0
[NPU-NVMe] Attached NS: block_size=512 total_blocks=7501476528
[Init] NPUNVME Fully Initialized! Stream/Events ready. Max Pipe Depth: 2
[Init] Initialisation complete.
[Diag] after spdk_env_init: rte_lcore_count=1 rte_socket_count=8 spdk_core_count=1
[Diag] reactor: rings w=0x2000008fd500 r=0x2000008fcf80 m=0x2000004ff580 pollers w=0xffff7c001db0 r=0xffff7c001f50 m=0xffff7c0020f0
[NPU-NVMe] Found matching controller at 0000:83:00.0
[NPU-NVMe] Attached NS: block_size=512 total_blocks=7501476528
[Init] NPUNVME Fully Initialized! Stream/Events ready. Max Pipe Depth: 2
[Init] Initialisation complete.
[Diag] after spdk_env_init: rte_lcore_count=1 rte_socket_count=8 spdk_core_count=1
[Diag] reactor: rings w=0x2000008fd500 r=0x2000008fcf80 m=0x2000004ff580 pollers w=0xffff7c001db0 r=0xffff7c001f50 m=0xffff7c0020f0
[NPU-NVMe] Found matching controller at 0000:83:00.0
[NPU-NVMe] Attached NS: block_size=512 total_blocks=7501476528
[Init] NPUNVME Fully Initialized! Stream/Events ready. Max Pipe Depth: 2
[Init] Initialisation complete.
[Diag] after spdk_env_init: rte_lcore_count=1 rte_socket_count=8 spdk_core_count=1
[Diag] reactor: rings w=0x2000008fd500 r=0x2000008fcf80 m=0x2000004ff580 pollers w=0xffff7c001db0 r=0xffff7c001f50 m=0xffff7c0020f0
[NPU-NVMe] Found matching controller at 0000:83:00.0
[NPU-NVMe] Attached NS: block_size=512 total_blocks=7501476528
[Init] NPUNVME Fully Initialized! Stream/Events ready. Max Pipe Depth: 2
[Init] Initialisation complete.
[Diag] after spdk_env_init: rte_lcore_count=1 rte_socket_count=8 spdk_core_count=1
[Diag] reactor: rings w=0x2000008fd500 r=0x2000008fcf80 m=0x2000004ff580 pollers w=0xffff7c001db0 r=0xffff7c001f50 m=0xffff7c0020f0
[NPU-NVMe] Found matching controller at 0000:83:00.0
[NPU-NVMe] Attached NS: block_size=512 total_blocks=7501476528
[Init] NPUNVME Fully Initialized! Stream/Events ready. Max Pipe Depth: 2
[Init] Initialisation complete.
[Diag] after spdk_env_init: rte_lcore_count=1 rte_socket_count=8 spdk_core_count=1
[Diag] reactor: rings w=0x2000008fd500 r=0x2000008fcf80 m=0x2000004ff580 pollers w=0xffff7c001db0 r=0xffff7c001f50 m=0xffff7c0020f0
[NPU-NVMe] Found matching controller at 0000:83:00.0
[NPU-NVMe] Attached NS: block_size=512 total_blocks=7501476528
[Init] NPUNVME Fully Initialized! Stream/Events ready. Max Pipe Depth: 2
[Init] Initialisation complete.
[Diag] after spdk_env_init: rte_lcore_count=1 rte_socket_count=8 spdk_core_count=1
[Diag] reactor: rings w=0x2000008fd500 r=0x2000008fcf80 m=0x2000004ff580 pollers w=0xffff7c001db0 r=0xffff7c001f50 m=0xffff7c0020f0
[NPU-NVMe] Found matching controller at 0000:83:00.0
[NPU-NVMe] Attached NS: block_size=512 total_blocks=7501476528
[Init] NPUNVME Fully Initialized! Stream/Events ready. Max Pipe Depth: 2
[Init] Initialisation complete.
[Diag] after spdk_env_init: rte_lcore_count=1 rte_socket_count=8 spdk_core_count=1
[Diag] reactor: rings w=0x2000008fd500 r=0x2000008fcf80 m=0x2000004ff580 pollers w=0xffff7c001db0 r=0xffff7c001f50 m=0xffff7c0020f0
[NPU-NVMe] Found matching controller at 0000:83:00.0
[NPU-NVMe] Attached NS: block_size=512 total_blocks=7501476528
[Init] NPUNVME Fully Initialized! Stream/Events ready. Max Pipe Depth: 2
[Init] Initialisation complete.
[Diag] after spdk_env_init: rte_lcore_count=1 rte_socket_count=8 spdk_core_count=1
[Diag] reactor: rings w=0x2000008fd500 r=0x2000008fcf80 m=0x2000004ff580 pollers w=0xffff7c001db0 r=0xffff7c001f50 m=0xffff7c0020f0
[NPU-NVMe] Found matching controller at 0000:83:00.0
[NPU-NVMe] Attached NS: block_size=512 total_blocks=7501476528
[Init] NPUNVME Fully Initialized! Stream/Events ready. Max Pipe Depth: 2
[Init] Initialisation complete.
[Diag] after spdk_env_init: rte_lcore_count=1 rte_socket_count=8 spdk_core_count=1
[Diag] reactor: rings w=0x2000008fd500 r=0x2000008fcf80 m=0x2000004ff580 pollers w=0xffff7c001db0 r=0xffff7c001f50 m=0xffff7c0020f0
[NPU-NVMe] Found matching controller at 0000:83:00.0
[NPU-NVMe] Attached NS: block_size=512 total_blocks=7501476528
[Init] NPUNVME Fully Initialized! Stream/Events ready. Max Pipe Depth: 2
[Init] Initialisation complete.
