........................................................................ [ 24%]
........................................................................ [ 48%]
........................................................................ [ 72%]
........................................................................ [ 96%]
..........                                                               [100%]
=============================== warnings summary ===============================
../../../../../home/user7/miniconda3/envs/ms_2.5/lib/python3.9/site-packages/numpy/core/getlimits.py:549
  /home/user7/miniconda3/envs/ms_2.5/lib/python3.9/site-packages/numpy/core/getlimits.py:549: UserWarning: The value of the smallest subnormal for <class 'numpy.float64'> type is zero.
    setattr(self, word, getattr(machar, word).flat[0])

../../../../../home/user7/miniconda3/envs/ms_2.5/lib/python3.9/site-packages/numpy/core/getlimits.py:89
  /home/user7/miniconda3/envs/ms_2.5/lib/python3.9/site-packages/numpy/core/getlimits.py:89: UserWarning: The value of the smallest subnormal for <class 'numpy.float64'> type is zero.
    return self._float_to_str(self.smallest_subnormal)

../../../../../home/user7/miniconda3/envs/ms_2.5/lib/python3.9/site-packages/numpy/core/getlimits.py:549
  /home/user7/miniconda3/envs/ms_2.5/lib/python3.9/site-packages/numpy/core/getlimits.py:549: UserWarning: The value of the smallest subnormal for <class 'numpy.float32'> type is zero.
    setattr(self, word, getattr(machar, word).flat[0])

../../../../../home/user7/miniconda3/envs/ms_2.5/lib/python3.9/site-packages/numpy/core/getlimits.py:89
  /home/user7/miniconda3/envs/ms_2.5/lib/python3.9/site-packages/numpy/core/getlimits.py:89: UserWarning: The value of the smallest subnormal for <class 'numpy.float32'> type is zero.
    return self._float_to_str(self.smallest_subnormal)

../../../../../home/user7/miniconda3/envs/ms_2.5/lib/python3.9/site-packages/mindspore/ops/_op_impl/_custom_op/batchnorm_fold2.py:57
  /home/user7/miniconda3/envs/ms_2.5/lib/python3.9/site-packages/mindspore/ops/_op_impl/_custom_op/batchnorm_fold2.py:57: DeprecationWarning: te_fusion.fusion_manager.fusion_manager.register is deprecated,please replace it with tbe.common.register.register_op_compute
    @fusion_manager.register("batchnorm_fold2")

../../../../../home/user7/miniconda3/envs/ms_2.5/lib/python3.9/site-packages/mindspore/ops/_op_impl/_custom_op/batchnorm_fold2_grad.py:56
  /home/user7/miniconda3/envs/ms_2.5/lib/python3.9/site-packages/mindspore/ops/_op_impl/_custom_op/batchnorm_fold2_grad.py:56: DeprecationWarning: te_fusion.fusion_manager.fusion_manager.register is deprecated,please replace it with tbe.common.register.register_op_compute
    @fusion_manager.register("batchnorm_fold2_grad")

../../../../../home/user7/miniconda3/envs/ms_2.5/lib/python3.9/site-packages/mindspore/ops/_op_impl/_custom_op/batchnorm_fold2_grad_reduce.py:48
  /home/user7/miniconda3/envs/ms_2.5/lib/python3.9/site-packages/mindspore/ops/_op_impl/_custom_op/batchnorm_fold2_grad_reduce.py:48: DeprecationWarning: te_fusion.fusion_manager.fusion_manager.register is deprecated,please replace it with tbe.common.register.register_op_compute
    @fusion_manager.register("batchnorm_fold2_grad_reduce")

../../../../../home/user7/miniconda3/envs/ms_2.5/lib/python3.9/site-packages/mindspore/ops/_op_impl/_custom_op/correction_mul.py:51
  /home/user7/miniconda3/envs/ms_2.5/lib/python3.9/site-packages/mindspore/ops/_op_impl/_custom_op/correction_mul.py:51: DeprecationWarning: te_fusion.fusion_manager.fusion_manager.register is deprecated,please replace it with tbe.common.register.register_op_compute
    @fusion_manager.register("correction_mul")

../../../../../home/user7/miniconda3/envs/ms_2.5/lib/python3.9/site-packages/mindspore/ops/_op_impl/_custom_op/correction_mul_grad.py:51
  /home/user7/miniconda3/envs/ms_2.5/lib/python3.9/site-packages/mindspore/ops/_op_impl/_custom_op/correction_mul_grad.py:51: DeprecationWarning: te_fusion.fusion_manager.fusion_manager.register is deprecated,please replace it with tbe.common.register.register_op_compute
    @fusion_manager.register("correction_mul_grad")

../../../../../home/user7/miniconda3/envs/ms_2.5/lib/python3.9/site-packages/mindspore/ops/_op_impl/_custom_op/correction_mul_grad.py:143
  /home/user7/miniconda3/envs/ms_2.5/lib/python3.9/site-packages/mindspore/ops/_op_impl/_custom_op/correction_mul_grad.py:143: DeprecationWarning: te_fusion.fusion_manager.fusion_manager.register is deprecated,please replace it with tbe.common.register.register_op_compute
    @fusion_manager.register("correction_mul_grad_reduce")

../../../../../home/user7/miniconda3/envs/ms_2.5/lib/python3.9/site-packages/mindspore/ops/_op_impl/_custom_op/fake_learned_scale_quant_perlayer.py:50
  /home/user7/miniconda3/envs/ms_2.5/lib/python3.9/site-packages/mindspore/ops/_op_impl/_custom_op/fake_learned_scale_quant_perlayer.py:50: DeprecationWarning: te_fusion.fusion_manager.fusion_manager.register is deprecated,please replace it with tbe.common.register.register_op_compute
    @fusion_manager.register("fake_learned_scale_quant_perlayer")

../../../../../home/user7/miniconda3/envs/ms_2.5/lib/python3.9/site-packages/mindspore/ops/_op_impl/_custom_op/fake_learned_scale_quant_perlayer_grad.py:92
  /home/user7/miniconda3/envs/ms_2.5/lib/python3.9/site-packages/mindspore/ops/_op_impl/_custom_op/fake_learned_scale_quant_perlayer_grad.py:92: DeprecationWarning: te_fusion.fusion_manager.fusion_manager.register is deprecated,please replace it with tbe.common.register.register_op_compute
    @fusion_manager.register("fake_learned_scale_quant_perlayer_grad_d")

../../../../../home/user7/miniconda3/envs/ms_2.5/lib/python3.9/site-packages/mindspore/ops/_op_impl/_custom_op/fake_learned_scale_quant_perlayer_grad_reduce.py:49
  /home/user7/miniconda3/envs/ms_2.5/lib/python3.9/site-packages/mindspore/ops/_op_impl/_custom_op/fake_learned_scale_quant_perlayer_grad_reduce.py:49: DeprecationWarning: te_fusion.fusion_manager.fusion_manager.register is deprecated,please replace it with tbe.common.register.register_op_compute
    @fusion_manager.register("fake_learned_scale_quant_perlayer_grad_d_reduce")

../../../../../home/user7/miniconda3/envs/ms_2.5/lib/python3.9/site-packages/mindspore/ops/_op_impl/_custom_op/fake_learned_scale_quant_perchannel.py:50
  /home/user7/miniconda3/envs/ms_2.5/lib/python3.9/site-packages/mindspore/ops/_op_impl/_custom_op/fake_learned_scale_quant_perchannel.py:50: DeprecationWarning: te_fusion.fusion_manager.fusion_manager.register is deprecated,please replace it with tbe.common.register.register_op_compute
    @fusion_manager.register("fake_learned_scale_quant_perchannel")

../../../../../home/user7/miniconda3/envs/ms_2.5/lib/python3.9/site-packages/mindspore/ops/_op_impl/_custom_op/fake_learned_scale_quant_perchannel_grad.py:91
  /home/user7/miniconda3/envs/ms_2.5/lib/python3.9/site-packages/mindspore/ops/_op_impl/_custom_op/fake_learned_scale_quant_perchannel_grad.py:91: DeprecationWarning: te_fusion.fusion_manager.fusion_manager.register is deprecated,please replace it with tbe.common.register.register_op_compute
    @fusion_manager.register("fake_learned_scale_quant_perchannel_grad_d")

../../../../../home/user7/miniconda3/envs/ms_2.5/lib/python3.9/site-packages/mindspore/ops/_op_impl/_custom_op/fake_learned_scale_quant_perchannel_grad_reduce.py:48
  /home/user7/miniconda3/envs/ms_2.5/lib/python3.9/site-packages/mindspore/ops/_op_impl/_custom_op/fake_learned_scale_quant_perchannel_grad_reduce.py:48: DeprecationWarning: te_fusion.fusion_manager.fusion_manager.register is deprecated,please replace it with tbe.common.register.register_op_compute
    @fusion_manager.register("fake_learned_scale_quant_perchannel_grad_d_reduce")

../../../../../home/user7/miniconda3/envs/ms_2.5/lib/python3.9/site-packages/mindspore/ops/_op_impl/_custom_op/fake_quant_perchannel.py:52
  /home/user7/miniconda3/envs/ms_2.5/lib/python3.9/site-packages/mindspore/ops/_op_impl/_custom_op/fake_quant_perchannel.py:52: DeprecationWarning: te_fusion.fusion_manager.fusion_manager.register is deprecated,please replace it with tbe.common.register.register_op_compute
    @fusion_manager.register("fake_quant_perchannel")

../../../../../home/user7/miniconda3/envs/ms_2.5/lib/python3.9/site-packages/mindspore/ops/_op_impl/_custom_op/fake_quant_perchannel_grad.py:81
  /home/user7/miniconda3/envs/ms_2.5/lib/python3.9/site-packages/mindspore/ops/_op_impl/_custom_op/fake_quant_perchannel_grad.py:81: DeprecationWarning: te_fusion.fusion_manager.fusion_manager.register is deprecated,please replace it with tbe.common.register.register_op_compute
    @fusion_manager.register("fake_quant_perchannel_grad")

../../../../../home/user7/miniconda3/envs/ms_2.5/lib/python3.9/site-packages/mindspore/ops/_op_impl/_custom_op/fake_quant_perlayer.py:54
  /home/user7/miniconda3/envs/ms_2.5/lib/python3.9/site-packages/mindspore/ops/_op_impl/_custom_op/fake_quant_perlayer.py:54: DeprecationWarning: te_fusion.fusion_manager.fusion_manager.register is deprecated,please replace it with tbe.common.register.register_op_compute
    @fusion_manager.register("fake_quant_per_layer")

../../../../../home/user7/miniconda3/envs/ms_2.5/lib/python3.9/site-packages/mindspore/ops/_op_impl/_custom_op/fake_quant_perlayer_grad.py:81
  /home/user7/miniconda3/envs/ms_2.5/lib/python3.9/site-packages/mindspore/ops/_op_impl/_custom_op/fake_quant_perlayer_grad.py:81: DeprecationWarning: te_fusion.fusion_manager.fusion_manager.register is deprecated,please replace it with tbe.common.register.register_op_compute
    @fusion_manager.register("fake_quant_per_layer_grad")

../../../../../home/user7/miniconda3/envs/ms_2.5/lib/python3.9/site-packages/mindspore/ops/_op_impl/_custom_op/minmax_update_perchannel.py:50
  /home/user7/miniconda3/envs/ms_2.5/lib/python3.9/site-packages/mindspore/ops/_op_impl/_custom_op/minmax_update_perchannel.py:50: DeprecationWarning: te_fusion.fusion_manager.fusion_manager.register is deprecated,please replace it with tbe.common.register.register_op_compute
    @fusion_manager.register("minmax_update_perchannel")

../../../../../home/user7/miniconda3/envs/ms_2.5/lib/python3.9/site-packages/mindspore/ops/_op_impl/_custom_op/minmax_update_perlayer.py:50
  /home/user7/miniconda3/envs/ms_2.5/lib/python3.9/site-packages/mindspore/ops/_op_impl/_custom_op/minmax_update_perlayer.py:50: DeprecationWarning: te_fusion.fusion_manager.fusion_manager.register is deprecated,please replace it with tbe.common.register.register_op_compute
    @fusion_manager.register("minmax_update_perlayer")

-- Docs: https://docs.pytest.org/en/stable/how-to/capture-warnings.html
298 passed, 22 warnings in 19.94s
