[INFO] Start profiling...
[INFO] Start export data in msprof.
Sat 29 Aug 2026 14:34:37 [INFO] [MSVP] [1126851] msprof_common.py: Start analyzing data in "/home/user7/npu-nvme/results/ppt-evidence-20260829/E8/formal-gpt2xl-3seed-v2/E8_gpt2_xl_seed42_Memory_20260829_143126/msprof/PROF_000001_20260829143405217_OKQFGHCGBAMACFJA/host" ...
Sat 29 Aug 2026 14:34:37 [INFO] [MSVP] [1126851] msprof_common.py: It may take few minutes, please be patient ...
Sat 29 Aug 2026 14:35:06 [INFO] [MSVP] [1126851] msprof_common.py: Analysis data in "/home/user7/npu-nvme/results/ppt-evidence-20260829/E8/formal-gpt2xl-3seed-v2/E8_gpt2_xl_seed42_Memory_20260829_143126/msprof/PROF_000001_20260829143405217_OKQFGHCGBAMACFJA/host" finished.
Sat 29 Aug 2026 14:35:06 [INFO] [MSVP] [1126851] msprof_common.py: Start analyzing data in "/home/user7/npu-nvme/results/ppt-evidence-20260829/E8/formal-gpt2xl-3seed-v2/E8_gpt2_xl_seed42_Memory_20260829_143126/msprof/PROF_000001_20260829143405217_OKQFGHCGBAMACFJA/device_6" ...
Sat 29 Aug 2026 14:35:06 [INFO] [MSVP] [1126851] msprof_common.py: It may take few minutes, please be patient ...
Sat 29 Aug 2026 14:35:06 [INFO] [MSVP] [1126851] msprof_common.py: Analysis data in "/home/user7/npu-nvme/results/ppt-evidence-20260829/E8/formal-gpt2xl-3seed-v2/E8_gpt2_xl_seed42_Memory_20260829_143126/msprof/PROF_000001_20260829143405217_OKQFGHCGBAMACFJA/device_6" finished.
Sat 29 Aug 2026 14:35:16 [INFO] [MSVP] [1126851] msprof_export.py: All collected data will be exported, path is: /home/user7/npu-nvme/results/ppt-evidence-20260829/E8/formal-gpt2xl-3seed-v2/E8_gpt2_xl_seed42_Memory_20260829_143126/msprof/PROF_000001_20260829143405217_OKQFGHCGBAMACFJA/device_6.
Sat 29 Aug 2026 14:35:28 [INFO] [MSVP] [1126851] msprof_export.py: There is no timeline data to export for "/home/user7/npu-nvme/results/ppt-evidence-20260829/E8/formal-gpt2xl-3seed-v2/E8_gpt2_xl_seed42_Memory_20260829_143126/msprof/PROF_000001_20260829143405217_OKQFGHCGBAMACFJA/host"
Sat 29 Aug 2026 14:35:28 [INFO] [MSVP] [1126851] msprof_export.py: All collected data will be exported, path is: /home/user7/npu-nvme/results/ppt-evidence-20260829/E8/formal-gpt2xl-3seed-v2/E8_gpt2_xl_seed42_Memory_20260829_143126/msprof/PROF_000001_20260829143405217_OKQFGHCGBAMACFJA/device_6.
Sat 29 Aug 2026 14:38:01 [INFO] [MSVP] [1126851] msprof_common.py: Start exporting timeline output_file.
Sat 29 Aug 2026 14:38:03 [INFO] [MSVP] [1126851] msprof_common.py: End exporting timeline output_file.The file is stored in the /home/user7/npu-nvme/results/ppt-evidence-20260829/E8/formal-gpt2xl-3seed-v2/E8_gpt2_xl_seed42_Memory_20260829_143126/msprof/PROF_000001_20260829143405217_OKQFGHCGBAMACFJA/mindstudio_profiler_output path.
Sat 29 Aug 2026 14:38:03 [WARNING] [MSVP] [1126851] msprof_export.py: Invalid parsing dir("/home/user7/npu-nvme/results/ppt-evidence-20260829/E8/formal-gpt2xl-3seed-v2/E8_gpt2_xl_seed42_Memory_20260829_143126/msprof"), no valid dir. 
Sat 29 Aug 2026 14:38:19 [INFO] [MSVP] [1128507] msprof_export.py: The data in "/home/user7/npu-nvme/results/ppt-evidence-20260829/E8/formal-gpt2xl-3seed-v2/E8_gpt2_xl_seed42_Memory_20260829_143126/msprof/PROF_000001_20260829143405217_OKQFGHCGBAMACFJA/host" has been analyzed.
Sat 29 Aug 2026 14:38:19 [INFO] [MSVP] [1128507] msprof_export.py: The data in "/home/user7/npu-nvme/results/ppt-evidence-20260829/E8/formal-gpt2xl-3seed-v2/E8_gpt2_xl_seed42_Memory_20260829_143126/msprof/PROF_000001_20260829143405217_OKQFGHCGBAMACFJA/device_6" has been analyzed.
Sat 29 Aug 2026 14:38:19 [INFO] [MSVP] [1128507] msprof_export.py: All collected data will be exported, path is: /home/user7/npu-nvme/results/ppt-evidence-20260829/E8/formal-gpt2xl-3seed-v2/E8_gpt2_xl_seed42_Memory_20260829_143126/msprof/PROF_000001_20260829143405217_OKQFGHCGBAMACFJA/device_6.
Sat 29 Aug 2026 14:38:23 [INFO] [MSVP] [1128507] msprof_export.py: There is no summary data to export for "/home/user7/npu-nvme/results/ppt-evidence-20260829/E8/formal-gpt2xl-3seed-v2/E8_gpt2_xl_seed42_Memory_20260829_143126/msprof/PROF_000001_20260829143405217_OKQFGHCGBAMACFJA/host"
Sat 29 Aug 2026 14:38:23 [INFO] [MSVP] [1128507] msprof_export.py: All collected data will be exported, path is: /home/user7/npu-nvme/results/ppt-evidence-20260829/E8/formal-gpt2xl-3seed-v2/E8_gpt2_xl_seed42_Memory_20260829_143126/msprof/PROF_000001_20260829143405217_OKQFGHCGBAMACFJA/device_6.
Sat 29 Aug 2026 14:38:39 [INFO] [MSVP] [1128507] msprof_common.py: Start exporting summary output_file.
Sat 29 Aug 2026 14:38:39 [INFO] [MSVP] [1128507] msprof_common.py: End exporting summary output_file.The file is stored in the /home/user7/npu-nvme/results/ppt-evidence-20260829/E8/formal-gpt2xl-3seed-v2/E8_gpt2_xl_seed42_Memory_20260829_143126/msprof/PROF_000001_20260829143405217_OKQFGHCGBAMACFJA/mindstudio_profiler_output path.
Sat 29 Aug 2026 14:38:39 [WARNING] [MSVP] [1128507] msprof_export.py: Invalid parsing dir("/home/user7/npu-nvme/results/ppt-evidence-20260829/E8/formal-gpt2xl-3seed-v2/E8_gpt2_xl_seed42_Memory_20260829_143126/msprof"), no valid dir. 

Cluster Tuning Report:
1. For slow nodes, pay attention to the data preparation phase (threshold: 20%):
	N/A
2. For slow link, pay attention to the data bandwidth (threshold: 20%):
	N/A


Sat 29 Aug 2026 14:38:39 [WARNING] [MSVP] [1128507] msprof_export.py: Cluster Tuning did not complete!
[INFO] Export all data in msprof done.
[INFO] Profiling finished.
[INFO] Process profiling data complete. Data is saved in results/ppt-evidence-20260829/E8/formal-gpt2xl-3seed-v2/E8_gpt2_xl_seed42_Memory_20260829_143126/msprof
