{"block_size": 4096, "operation": "write", "path": "buffered", "queue_depth": 1, "run_id": "P1_20260909_212034_1d6d0a1f", "status": "pass"}
{"block_size": 4096, "operation": "write", "path": "buffered", "queue_depth": 4, "run_id": "P1_20260909_212344_fb0b1c90", "status": "pass"}
{"block_size": 65536, "operation": "write", "path": "buffered", "queue_depth": 1, "run_id": "P1_20260909_212449_d6ce15c6", "status": "pass"}
{"block_size": 65536, "operation": "write", "path": "buffered", "queue_depth": 4, "run_id": "P1_20260909_212545_87b363d8", "status": "pass"}
{"block_size": 1048576, "operation": "write", "path": "buffered", "queue_depth": 1, "run_id": "P1_20260909_212633_12d8147d", "status": "pass"}
{"block_size": 1048576, "operation": "write", "path": "buffered", "queue_depth": 4, "run_id": "P1_20260909_212720_db12292f", "status": "pass"}
{"block_size": 4194304, "operation": "write", "path": "buffered", "queue_depth": 1, "run_id": "P1_20260909_212807_0fae042d", "status": "pass"}
{"block_size": 4194304, "operation": "write", "path": "buffered", "queue_depth": 4, "run_id": "P1_20260909_212854_0447716c", "status": "pass"}
{"block_size": 268435456, "operation": "write", "path": "buffered", "queue_depth": 1, "run_id": "P1_20260909_212940_387e24b5", "status": "pass"}
{"block_size": 268435456, "operation": "write", "path": "buffered", "queue_depth": 4, "run_id": "P1_20260909_213030_df3ae746", "status": "pass"}
{"block_size": 4096, "operation": "read", "path": "buffered", "queue_depth": 1, "run_id": "P1_20260909_213134_cc8f7089", "status": "pass"}
{"block_size": 4096, "operation": "read", "path": "buffered", "queue_depth": 4, "run_id": "P1_20260909_213230_5d83e7f2", "status": "pass"}
{"block_size": 65536, "operation": "read", "path": "buffered", "queue_depth": 1, "run_id": "P1_20260909_213324_ed254f2c", "status": "pass"}
{"block_size": 65536, "operation": "read", "path": "buffered", "queue_depth": 4, "run_id": "P1_20260909_213409_355cc0ce", "status": "pass"}
{"block_size": 1048576, "operation": "read", "path": "buffered", "queue_depth": 1, "run_id": "P1_20260909_213454_c2bf929d", "status": "pass"}
{"block_size": 1048576, "operation": "read", "path": "buffered", "queue_depth": 4, "run_id": "P1_20260909_213536_b2d6b2fe", "status": "pass"}
{"block_size": 4194304, "operation": "read", "path": "buffered", "queue_depth": 1, "run_id": "P1_20260909_213612_d7889e1d", "status": "pass"}
{"block_size": 4194304, "operation": "read", "path": "buffered", "queue_depth": 4, "run_id": "P1_20260909_213653_a7998e84", "status": "pass"}
{"block_size": 268435456, "operation": "read", "path": "buffered", "queue_depth": 1, "run_id": "P1_20260909_213729_6d7d86c6", "status": "pass"}
{"block_size": 268435456, "operation": "read", "path": "buffered", "queue_depth": 4, "run_id": "P1_20260909_213811_1529f768", "status": "pass"}
{"block_size": 4096, "operation": "write", "path": "odirect", "queue_depth": 1, "run_id": "P1_20260909_213850_6dd60ef7", "status": "pass"}
{"block_size": 4096, "operation": "write", "path": "odirect", "queue_depth": 4, "run_id": "P1_20260909_214130_4edd0694", "status": "pass"}
{"block_size": 65536, "operation": "write", "path": "odirect", "queue_depth": 1, "run_id": "P1_20260909_214220_2b64b7a3", "status": "pass"}
{"block_size": 65536, "operation": "write", "path": "odirect", "queue_depth": 4, "run_id": "P1_20260909_214247_5640e290", "status": "pass"}
{"block_size": 1048576, "operation": "write", "path": "odirect", "queue_depth": 1, "run_id": "P1_20260909_214304_ad786bce", "status": "pass"}
{"block_size": 1048576, "operation": "write", "path": "odirect", "queue_depth": 4, "run_id": "P1_20260909_214323_58cbd9ed", "status": "pass"}
{"block_size": 4194304, "operation": "write", "path": "odirect", "queue_depth": 1, "run_id": "P1_20260909_214340_5ee5aba5", "status": "pass"}
{"block_size": 4194304, "operation": "write", "path": "odirect", "queue_depth": 4, "run_id": "P1_20260909_214358_96ddbfa0", "status": "pass"}
{"block_size": 268435456, "operation": "write", "path": "odirect", "queue_depth": 1, "run_id": "P1_20260909_214415_5dc6bde4", "status": "pass"}
{"block_size": 268435456, "operation": "write", "path": "odirect", "queue_depth": 4, "run_id": "P1_20260909_214438_0a357650", "status": "pass"}
{"block_size": 4096, "operation": "read", "path": "odirect", "queue_depth": 1, "run_id": "P1_20260909_214512_c2eb3a3b", "status": "pass"}
{"block_size": 4096, "operation": "read", "path": "odirect", "queue_depth": 4, "run_id": "P1_20260909_220033_8b48f615", "status": "pass"}
{"block_size": 65536, "operation": "read", "path": "odirect", "queue_depth": 1, "run_id": "P1_20260909_220437_2c9920b2", "status": "pass"}
{"block_size": 65536, "operation": "read", "path": "odirect", "queue_depth": 4, "run_id": "P1_20260909_220600_6ebd530d", "status": "pass"}
{"block_size": 1048576, "operation": "read", "path": "odirect", "queue_depth": 1, "run_id": "P1_20260909_220646_0fa2ddd2", "status": "pass"}
{"block_size": 1048576, "operation": "read", "path": "odirect", "queue_depth": 4, "run_id": "P1_20260909_220715_ba7bf8cc", "status": "pass"}
{"block_size": 4194304, "operation": "read", "path": "odirect", "queue_depth": 1, "run_id": "P1_20260909_220732_88052804", "status": "pass"}
{"block_size": 4194304, "operation": "read", "path": "odirect", "queue_depth": 4, "run_id": "P1_20260909_220752_06207f74", "status": "pass"}
{"block_size": 268435456, "operation": "read", "path": "odirect", "queue_depth": 1, "run_id": "P1_20260909_220806_fbad47ef", "status": "pass"}
{"block_size": 268435456, "operation": "read", "path": "odirect", "queue_depth": 4, "run_id": "P1_20260909_220822_4e92f6a4", "status": "pass"}
EAL: '-c <coremask>' option is deprecated, and will be removed in a future release
EAL: 	Use '-l <corelist>' or '--lcores=<corelist>' option instead
[Diag] after spdk_env_init: rte_lcore_count=1 rte_socket_count=8 spdk_core_count=1
[Diag] reactor: rings w=0x2000008fd600 r=0x2000008fd080 m=0x2000008fcb80 pollers s=0xfffde8001db0 w=0xfffde8001f50 r=0xfffde80020f0 m=0xfffde8002290
[NPU-NVMe] Found matching controller at 0000:83:00.0
[NPU-NVMe] Attached NS: block_size=512 total_blocks=7501476528
[Init] NPUNVME Fully Initialized! Stream/Events ready. Max Pipe Depth: 1
[Init] Initialisation complete.
{"block_size": 4096, "operation": "write", "path": "spdk", "queue_depth": 1, "run_id": "P1_20260909_220840_c6ae72e7", "status": "fail"}
[Diag] after spdk_env_init: rte_lcore_count=1 rte_socket_count=8 spdk_core_count=1
[Diag] reactor: rings w=0x2000008fd500 r=0x2000008fcf80 m=0x2000004ff580 pollers s=0xfffde8002430 w=0xfffde80025d0 r=0xfffde8002770 m=0xfffde8002910
[NPU-NVMe] Found matching controller at 0000:83:00.0
[NPU-NVMe] Attached NS: block_size=512 total_blocks=7501476528
[Init] NPUNVME Fully Initialized! Stream/Events ready. Max Pipe Depth: 4
[Init] Initialisation complete.
