/home/user7/miniconda3/envs/ms_2.5/lib/python3.9/site-packages/numpy/core/getlimits.py:549: UserWarning: The value of the smallest subnormal for <class 'numpy.float64'> type is zero.
  setattr(self, word, getattr(machar, word).flat[0])
/home/user7/miniconda3/envs/ms_2.5/lib/python3.9/site-packages/numpy/core/getlimits.py:89: UserWarning: The value of the smallest subnormal for <class 'numpy.float64'> type is zero.
  return self._float_to_str(self.smallest_subnormal)
/home/user7/miniconda3/envs/ms_2.5/lib/python3.9/site-packages/numpy/core/getlimits.py:549: UserWarning: The value of the smallest subnormal for <class 'numpy.float32'> type is zero.
  setattr(self, word, getattr(machar, word).flat[0])
/home/user7/miniconda3/envs/ms_2.5/lib/python3.9/site-packages/numpy/core/getlimits.py:89: UserWarning: The value of the smallest subnormal for <class 'numpy.float32'> type is zero.
  return self._float_to_str(self.smallest_subnormal)
[WARNING] ME(826951:281473354387488,MainProcess):2026-09-14-17:33:30.766.07 [mindspore/context.py:1335] For 'context.set_context', the parameter 'deterministic' will be deprecated and removed in a future version. Please use the api mindspore.set_deterministic() instead.
[WARNING] ME(826951:281473354387488,MainProcess):2026-09-14-17:33:30.780.27 [mindspore/context.py:1335] For 'context.set_context', the parameter 'deterministic' will be deprecated and removed in a future version. Please use the api mindspore.set_deterministic() instead.
[WARNING] ME(826951:281473354387488,MainProcess):2026-09-14-17:33:30.790.25 [mindspore/context.py:1335] For 'context.set_context', the parameter 'device_target' will be deprecated and removed in a future version. Please use the api mindspore.set_device() instead.
[WARNING] ME(826951:281473354387488,MainProcess):2026-09-14-17:33:30.797.60 [mindspore/context.py:1335] For 'context.set_context', the parameter 'device_id' will be deprecated and removed in a future version. Please use the api mindspore.set_device() instead.
/home/user7/miniconda3/envs/ms_2.5/lib/python3.9/site-packages/jieba/_compat.py:18: UserWarning: pkg_resources is deprecated as an API. See https://setuptools.pypa.io/en/latest/pkg_resources.html. The pkg_resources package is slated for removal as early as 2025-11-30. Refrain from using this package or pin to Setuptools<81.
  import pkg_resources
[WARNING] ME(826951:281473354387488,MainProcess):2026-09-14-17:33:31.261.490 [mindspore/ops/primitive.py:217] The in_strategy/in_layout of the operator in your network will not take effect in stand_alone mode. This means the the shard function called in the network is ignored. 
If you want to enable it, please use semi auto or auto parallel mode by context.set_auto_parallel_context(parallel_mode=ParallelMode.SEMI_AUTO_PARALLEL or context.set_auto_parallel_context(parallel_mode=ParallelMode.AUTO_PARALLEL)
[WARNING] ME(826951:281473354387488,MainProcess):2026-09-14-17:33:31.659.911 [mindspore/common/parameter.py:851] This interface may be deleted in the future.
[WARNING] ME(826951:281473354387488,MainProcess):2026-09-14-17:34:00.836.54 [mindspore/hal/stream.py:272] WARN_DEPRECATED: The usage of mindspore.hal.synchronize() is deprecated. Please use mindspore.runtime.synchronize()
[ERROR] COMMON(826951,ffff9f4d5020,python):2026-09-14-17:34:16.895.342 [mindspore/ccsrc/pybind_api/ir/tensor_py.cc:730] DataPtr] Tensor device address is null
[ERROR] COMMON(826951,ffff9f4d5020,python):2026-09-14-17:34:16.972.414 [mindspore/ccsrc/pybind_api/ir/tensor_py.cc:730] DataPtr] Tensor device address is null
[ERROR] COMMON(826951,ffff9f4d5020,python):2026-09-14-17:34:16.980.043 [mindspore/ccsrc/pybind_api/ir/tensor_py.cc:730] DataPtr] Tensor device address is null
[ERROR] COMMON(826951,ffff9f4d5020,python):2026-09-14-17:34:16.986.597 [mindspore/ccsrc/pybind_api/ir/tensor_py.cc:730] DataPtr] Tensor device address is null
[ERROR] COMMON(826951,ffff9f4d5020,python):2026-09-14-17:34:16.987.350 [mindspore/ccsrc/pybind_api/ir/tensor_py.cc:730] DataPtr] Tensor device address is null
[ERROR] COMMON(826951,ffff9f4d5020,python):2026-09-14-17:34:16.988.012 [mindspore/ccsrc/pybind_api/ir/tensor_py.cc:730] DataPtr] Tensor device address is null
[ERROR] COMMON(826951,ffff9f4d5020,python):2026-09-14-17:34:16.988.710 [mindspore/ccsrc/pybind_api/ir/tensor_py.cc:730] DataPtr] Tensor device address is null
[ERROR] COMMON(826951,ffff9f4d5020,python):2026-09-14-17:34:16.989.382 [mindspore/ccsrc/pybind_api/ir/tensor_py.cc:730] DataPtr] Tensor device address is null
[ERROR] COMMON(826951,ffff9f4d5020,python):2026-09-14-17:34:16.990.056 [mindspore/ccsrc/pybind_api/ir/tensor_py.cc:730] DataPtr] Tensor device address is null
[ERROR] COMMON(826951,ffff9f4d5020,python):2026-09-14-17:34:16.997.734 [mindspore/ccsrc/pybind_api/ir/tensor_py.cc:730] DataPtr] Tensor device address is null
[ERROR] COMMON(826951,ffff9f4d5020,python):2026-09-14-17:34:16.998.476 [mindspore/ccsrc/pybind_api/ir/tensor_py.cc:730] DataPtr] Tensor device address is null
[ERROR] COMMON(826951,ffff9f4d5020,python):2026-09-14-17:34:17.000.264 [mindspore/ccsrc/pybind_api/ir/tensor_py.cc:730] DataPtr] Tensor device address is null
[ERROR] COMMON(826951,ffff9f4d5020,python):2026-09-14-17:34:17.000.959 [mindspore/ccsrc/pybind_api/ir/tensor_py.cc:730] DataPtr] Tensor device address is null
[ERROR] COMMON(826951,ffff9f4d5020,python):2026-09-14-17:34:17.002.697 [mindspore/ccsrc/pybind_api/ir/tensor_py.cc:730] DataPtr] Tensor device address is null
[ERROR] COMMON(826951,ffff9f4d5020,python):2026-09-14-17:34:17.003.368 [mindspore/ccsrc/pybind_api/ir/tensor_py.cc:730] DataPtr] Tensor device address is null
[ERROR] COMMON(826951,ffff9f4d5020,python):2026-09-14-17:34:17.005.005 [mindspore/ccsrc/pybind_api/ir/tensor_py.cc:730] DataPtr] Tensor device address is null
[ERROR] COMMON(826951,ffff9f4d5020,python):2026-09-14-17:34:17.005.706 [mindspore/ccsrc/pybind_api/ir/tensor_py.cc:730] DataPtr] Tensor device address is null
[ERROR] COMMON(826951,ffff9f4d5020,python):2026-09-14-17:34:17.015.939 [mindspore/ccsrc/pybind_api/ir/tensor_py.cc:730] DataPtr] Tensor device address is null
[ERROR] COMMON(826951,ffff9f4d5020,python):2026-09-14-17:34:17.022.629 [mindspore/ccsrc/pybind_api/ir/tensor_py.cc:730] DataPtr] Tensor device address is null
[ERROR] COMMON(826951,ffff9f4d5020,python):2026-09-14-17:34:17.033.793 [mindspore/ccsrc/pybind_api/ir/tensor_py.cc:730] DataPtr] Tensor device address is null
[ERROR] COMMON(826951,ffff9f4d5020,python):2026-09-14-17:34:17.034.552 [mindspore/ccsrc/pybind_api/ir/tensor_py.cc:730] DataPtr] Tensor device address is null
[ERROR] COMMON(826951,ffff9f4d5020,python):2026-09-14-17:34:17.035.222 [mindspore/ccsrc/pybind_api/ir/tensor_py.cc:730] DataPtr] Tensor device address is null
[ERROR] COMMON(826951,ffff9f4d5020,python):2026-09-14-17:34:17.035.917 [mindspore/ccsrc/pybind_api/ir/tensor_py.cc:730] DataPtr] Tensor device address is null
[ERROR] COMMON(826951,ffff9f4d5020,python):2026-09-14-17:34:17.038.582 [mindspore/ccsrc/pybind_api/ir/tensor_py.cc:730] DataPtr] Tensor device address is null
[ERROR] COMMON(826951,ffff9f4d5020,python):2026-09-14-17:34:17.039.502 [mindspore/ccsrc/pybind_api/ir/tensor_py.cc:730] DataPtr] Tensor device address is null
[ERROR] COMMON(826951,ffff9f4d5020,python):2026-09-14-17:34:17.041.341 [mindspore/ccsrc/pybind_api/ir/tensor_py.cc:730] DataPtr] Tensor device address is null
[ERROR] COMMON(826951,ffff9f4d5020,python):2026-09-14-17:34:17.042.062 [mindspore/ccsrc/pybind_api/ir/tensor_py.cc:730] DataPtr] Tensor device address is null
[ERROR] COMMON(826951,ffff9f4d5020,python):2026-09-14-17:34:17.044.659 [mindspore/ccsrc/pybind_api/ir/tensor_py.cc:730] DataPtr] Tensor device address is null
[ERROR] COMMON(826951,ffff9f4d5020,python):2026-09-14-17:34:17.045.386 [mindspore/ccsrc/pybind_api/ir/tensor_py.cc:730] DataPtr] Tensor device address is null
[ERROR] COMMON(826951,ffff9f4d5020,python):2026-09-14-17:34:17.048.501 [mindspore/ccsrc/pybind_api/ir/tensor_py.cc:730] DataPtr] Tensor device address is null
[ERROR] COMMON(826951,ffff9f4d5020,python):2026-09-14-17:34:17.049.216 [mindspore/ccsrc/pybind_api/ir/tensor_py.cc:730] DataPtr] Tensor device address is null
[ERROR] COMMON(826951,ffff9f4d5020,python):2026-09-14-17:34:17.051.990 [mindspore/ccsrc/pybind_api/ir/tensor_py.cc:730] DataPtr] Tensor device address is null
[ERROR] COMMON(826951,ffff9f4d5020,python):2026-09-14-17:34:17.052.741 [mindspore/ccsrc/pybind_api/ir/tensor_py.cc:730] DataPtr] Tensor device address is null
[ERROR] COMMON(826951,ffff9f4d5020,python):2026-09-14-17:34:17.058.942 [mindspore/ccsrc/pybind_api/ir/tensor_py.cc:730] DataPtr] Tensor device address is null
[ERROR] COMMON(826951,ffff9f4d5020,python):2026-09-14-17:34:17.059.705 [mindspore/ccsrc/pybind_api/ir/tensor_py.cc:730] DataPtr] Tensor device address is null
[ERROR] COMMON(826951,ffff9f4d5020,python):2026-09-14-17:34:17.066.970 [mindspore/ccsrc/pybind_api/ir/tensor_py.cc:730] DataPtr] Tensor device address is null
[ERROR] COMMON(826951,ffff9f4d5020,python):2026-09-14-17:34:17.067.724 [mindspore/ccsrc/pybind_api/ir/tensor_py.cc:730] DataPtr] Tensor device address is null
[ERROR] COMMON(826951,ffff9f4d5020,python):2026-09-14-17:34:17.068.425 [mindspore/ccsrc/pybind_api/ir/tensor_py.cc:730] DataPtr] Tensor device address is null
[ERROR] COMMON(826951,ffff9f4d5020,python):2026-09-14-17:34:17.069.130 [mindspore/ccsrc/pybind_api/ir/tensor_py.cc:730] DataPtr] Tensor device address is null
[ERROR] COMMON(826951,ffff9f4d5020,python):2026-09-14-17:34:17.069.832 [mindspore/ccsrc/pybind_api/ir/tensor_py.cc:730] DataPtr] Tensor device address is null
[ERROR] COMMON(826951,ffff9f4d5020,python):2026-09-14-17:34:17.070.542 [mindspore/ccsrc/pybind_api/ir/tensor_py.cc:730] DataPtr] Tensor device address is null
[ERROR] COMMON(826951,ffff9f4d5020,python):2026-09-14-17:34:17.073.419 [mindspore/ccsrc/pybind_api/ir/tensor_py.cc:730] DataPtr] Tensor device address is null
[ERROR] COMMON(826951,ffff9f4d5020,python):2026-09-14-17:34:17.074.140 [mindspore/ccsrc/pybind_api/ir/tensor_py.cc:730] DataPtr] Tensor device address is null
[ERROR] COMMON(826951,ffff9f4d5020,python):2026-09-14-17:34:17.077.096 [mindspore/ccsrc/pybind_api/ir/tensor_py.cc:730] DataPtr] Tensor device address is null
[ERROR] COMMON(826951,ffff9f4d5020,python):2026-09-14-17:34:17.077.811 [mindspore/ccsrc/pybind_api/ir/tensor_py.cc:730] DataPtr] Tensor device address is null
[ERROR] COMMON(826951,ffff9f4d5020,python):2026-09-14-17:34:17.080.171 [mindspore/ccsrc/pybind_api/ir/tensor_py.cc:730] DataPtr] Tensor device address is null
[ERROR] COMMON(826951,ffff9f4d5020,python):2026-09-14-17:34:17.080.965 [mindspore/ccsrc/pybind_api/ir/tensor_py.cc:730] DataPtr] Tensor device address is null
[ERROR] COMMON(826951,ffff9f4d5020,python):2026-09-14-17:34:17.083.888 [mindspore/ccsrc/pybind_api/ir/tensor_py.cc:730] DataPtr] Tensor device address is null
[ERROR] COMMON(826951,ffff9f4d5020,python):2026-09-14-17:34:17.084.622 [mindspore/ccsrc/pybind_api/ir/tensor_py.cc:730] DataPtr] Tensor device address is null
[ERROR] COMMON(826951,ffff9f4d5020,python):2026-09-14-17:34:17.092.090 [mindspore/ccsrc/pybind_api/ir/tensor_py.cc:730] DataPtr] Tensor device address is null
[ERROR] COMMON(826951,ffff9f4d5020,python):2026-09-14-17:34:17.092.853 [mindspore/ccsrc/pybind_api/ir/tensor_py.cc:730] DataPtr] Tensor device address is null
[ERROR] COMMON(826951,ffff9f4d5020,python):2026-09-14-17:34:17.100.009 [mindspore/ccsrc/pybind_api/ir/tensor_py.cc:730] DataPtr] Tensor device address is null
[ERROR] COMMON(826951,ffff9f4d5020,python):2026-09-14-17:34:17.100.777 [mindspore/ccsrc/pybind_api/ir/tensor_py.cc:730] DataPtr] Tensor device address is null
[ERROR] COMMON(826951,ffff9f4d5020,python):2026-09-14-17:34:17.101.477 [mindspore/ccsrc/pybind_api/ir/tensor_py.cc:730] DataPtr] Tensor device address is null
[ERROR] COMMON(826951,ffff9f4d5020,python):2026-09-14-17:34:17.102.161 [mindspore/ccsrc/pybind_api/ir/tensor_py.cc:730] DataPtr] Tensor device address is null
[ERROR] COMMON(826951,ffff9f4d5020,python):2026-09-14-17:34:17.102.865 [mindspore/ccsrc/pybind_api/ir/tensor_py.cc:730] DataPtr] Tensor device address is null
[ERROR] COMMON(826951,ffff9f4d5020,python):2026-09-14-17:34:17.103.583 [mindspore/ccsrc/pybind_api/ir/tensor_py.cc:730] DataPtr] Tensor device address is null
[ERROR] COMMON(826951,ffff9f4d5020,python):2026-09-14-17:34:17.106.460 [mindspore/ccsrc/pybind_api/ir/tensor_py.cc:730] DataPtr] Tensor device address is null
[ERROR] COMMON(826951,ffff9f4d5020,python):2026-09-14-17:34:17.107.202 [mindspore/ccsrc/pybind_api/ir/tensor_py.cc:730] DataPtr] Tensor device address is null
[ERROR] COMMON(826951,ffff9f4d5020,python):2026-09-14-17:34:17.109.969 [mindspore/ccsrc/pybind_api/ir/tensor_py.cc:730] DataPtr] Tensor device address is null
[ERROR] COMMON(826951,ffff9f4d5020,python):2026-09-14-17:34:17.110.691 [mindspore/ccsrc/pybind_api/ir/tensor_py.cc:730] DataPtr] Tensor device address is null
[ERROR] COMMON(826951,ffff9f4d5020,python):2026-09-14-17:34:17.114.869 [mindspore/ccsrc/pybind_api/ir/tensor_py.cc:730] DataPtr] Tensor device address is null
[ERROR] COMMON(826951,ffff9f4d5020,python):2026-09-14-17:34:17.115.585 [mindspore/ccsrc/pybind_api/ir/tensor_py.cc:730] DataPtr] Tensor device address is null
[ERROR] COMMON(826951,ffff9f4d5020,python):2026-09-14-17:34:17.118.926 [mindspore/ccsrc/pybind_api/ir/tensor_py.cc:730] DataPtr] Tensor device address is null
[ERROR] COMMON(826951,ffff9f4d5020,python):2026-09-14-17:34:17.119.647 [mindspore/ccsrc/pybind_api/ir/tensor_py.cc:730] DataPtr] Tensor device address is null
[ERROR] COMMON(826951,ffff9f4d5020,python):2026-09-14-17:34:17.125.958 [mindspore/ccsrc/pybind_api/ir/tensor_py.cc:730] DataPtr] Tensor device address is null
[ERROR] COMMON(826951,ffff9f4d5020,python):2026-09-14-17:34:17.126.713 [mindspore/ccsrc/pybind_api/ir/tensor_py.cc:730] DataPtr] Tensor device address is null
[ERROR] COMMON(826951,ffff9f4d5020,python):2026-09-14-17:34:17.133.580 [mindspore/ccsrc/pybind_api/ir/tensor_py.cc:730] DataPtr] Tensor device address is null
[ERROR] COMMON(826951,ffff9f4d5020,python):2026-09-14-17:34:17.134.322 [mindspore/ccsrc/pybind_api/ir/tensor_py.cc:730] DataPtr] Tensor device address is null
[ERROR] COMMON(826951,ffff9f4d5020,python):2026-09-14-17:34:17.135.008 [mindspore/ccsrc/pybind_api/ir/tensor_py.cc:730] DataPtr] Tensor device address is null
[ERROR] COMMON(826951,ffff9f4d5020,python):2026-09-14-17:34:17.135.711 [mindspore/ccsrc/pybind_api/ir/tensor_py.cc:730] DataPtr] Tensor device address is null
[ERROR] COMMON(826951,ffff9f4d5020,python):2026-09-14-17:34:17.136.397 [mindspore/ccsrc/pybind_api/ir/tensor_py.cc:730] DataPtr] Tensor device address is null
[ERROR] COMMON(826951,ffff9f4d5020,python):2026-09-14-17:34:17.137.105 [mindspore/ccsrc/pybind_api/ir/tensor_py.cc:730] DataPtr] Tensor device address is null
[ERROR] COMMON(826951,ffff9f4d5020,python):2026-09-14-17:34:17.139.877 [mindspore/ccsrc/pybind_api/ir/tensor_py.cc:730] DataPtr] Tensor device address is null
[ERROR] COMMON(826951,ffff9f4d5020,python):2026-09-14-17:34:17.140.598 [mindspore/ccsrc/pybind_api/ir/tensor_py.cc:730] DataPtr] Tensor device address is null
[ERROR] COMMON(826951,ffff9f4d5020,python):2026-09-14-17:34:17.143.304 [mindspore/ccsrc/pybind_api/ir/tensor_py.cc:730] DataPtr] Tensor device address is null
[ERROR] COMMON(826951,ffff9f4d5020,python):2026-09-14-17:34:17.144.027 [mindspore/ccsrc/pybind_api/ir/tensor_py.cc:730] DataPtr] Tensor device address is null
[ERROR] COMMON(826951,ffff9f4d5020,python):2026-09-14-17:34:17.146.432 [mindspore/ccsrc/pybind_api/ir/tensor_py.cc:730] DataPtr] Tensor device address is null
[ERROR] COMMON(826951,ffff9f4d5020,python):2026-09-14-17:34:17.147.136 [mindspore/ccsrc/pybind_api/ir/tensor_py.cc:730] DataPtr] Tensor device address is null
[ERROR] COMMON(826951,ffff9f4d5020,python):2026-09-14-17:34:17.150.014 [mindspore/ccsrc/pybind_api/ir/tensor_py.cc:730] DataPtr] Tensor device address is null
[ERROR] COMMON(826951,ffff9f4d5020,python):2026-09-14-17:34:17.150.723 [mindspore/ccsrc/pybind_api/ir/tensor_py.cc:730] DataPtr] Tensor device address is null
[ERROR] COMMON(826951,ffff9f4d5020,python):2026-09-14-17:34:17.158.082 [mindspore/ccsrc/pybind_api/ir/tensor_py.cc:730] DataPtr] Tensor device address is null
[ERROR] COMMON(826951,ffff9f4d5020,python):2026-09-14-17:34:17.158.857 [mindspore/ccsrc/pybind_api/ir/tensor_py.cc:730] DataPtr] Tensor device address is null
[ERROR] COMMON(826951,ffff9f4d5020,python):2026-09-14-17:34:17.164.279 [mindspore/ccsrc/pybind_api/ir/tensor_py.cc:730] DataPtr] Tensor device address is null
[ERROR] COMMON(826951,ffff9f4d5020,python):2026-09-14-17:34:17.165.047 [mindspore/ccsrc/pybind_api/ir/tensor_py.cc:730] DataPtr] Tensor device address is null
[ERROR] COMMON(826951,ffff9f4d5020,python):2026-09-14-17:34:17.165.750 [mindspore/ccsrc/pybind_api/ir/tensor_py.cc:730] DataPtr] Tensor device address is null
[ERROR] COMMON(826951,ffff9f4d5020,python):2026-09-14-17:34:17.166.469 [mindspore/ccsrc/pybind_api/ir/tensor_py.cc:730] DataPtr] Tensor device address is null
[ERROR] COMMON(826951,ffff9f4d5020,python):2026-09-14-17:34:17.167.152 [mindspore/ccsrc/pybind_api/ir/tensor_py.cc:730] DataPtr] Tensor device address is null
[ERROR] COMMON(826951,ffff9f4d5020,python):2026-09-14-17:34:17.167.867 [mindspore/ccsrc/pybind_api/ir/tensor_py.cc:730] DataPtr] Tensor device address is null
[ERROR] COMMON(826951,ffff9f4d5020,python):2026-09-14-17:34:17.170.423 [mindspore/ccsrc/pybind_api/ir/tensor_py.cc:730] DataPtr] Tensor device address is null
[ERROR] COMMON(826951,ffff9f4d5020,python):2026-09-14-17:34:17.171.138 [mindspore/ccsrc/pybind_api/ir/tensor_py.cc:730] DataPtr] Tensor device address is null
[ERROR] COMMON(826951,ffff9f4d5020,python):2026-09-14-17:34:17.173.885 [mindspore/ccsrc/pybind_api/ir/tensor_py.cc:730] DataPtr] Tensor device address is null
[ERROR] COMMON(826951,ffff9f4d5020,python):2026-09-14-17:34:17.174.605 [mindspore/ccsrc/pybind_api/ir/tensor_py.cc:730] DataPtr] Tensor device address is null
[ERROR] COMMON(826951,ffff9f4d5020,python):2026-09-14-17:34:17.177.222 [mindspore/ccsrc/pybind_api/ir/tensor_py.cc:730] DataPtr] Tensor device address is null
[ERROR] COMMON(826951,ffff9f4d5020,python):2026-09-14-17:34:17.177.940 [mindspore/ccsrc/pybind_api/ir/tensor_py.cc:730] DataPtr] Tensor device address is null
[ERROR] COMMON(826951,ffff9f4d5020,python):2026-09-14-17:34:17.180.552 [mindspore/ccsrc/pybind_api/ir/tensor_py.cc:730] DataPtr] Tensor device address is null
[ERROR] COMMON(826951,ffff9f4d5020,python):2026-09-14-17:34:17.181.266 [mindspore/ccsrc/pybind_api/ir/tensor_py.cc:730] DataPtr] Tensor device address is null
[ERROR] COMMON(826951,ffff9f4d5020,python):2026-09-14-17:34:17.186.578 [mindspore/ccsrc/pybind_api/ir/tensor_py.cc:730] DataPtr] Tensor device address is null
[ERROR] COMMON(826951,ffff9f4d5020,python):2026-09-14-17:34:17.187.320 [mindspore/ccsrc/pybind_api/ir/tensor_py.cc:730] DataPtr] Tensor device address is null
[ERROR] COMMON(826951,ffff9f4d5020,python):2026-09-14-17:34:17.192.968 [mindspore/ccsrc/pybind_api/ir/tensor_py.cc:730] DataPtr] Tensor device address is null
[ERROR] COMMON(826951,ffff9f4d5020,python):2026-09-14-17:34:17.193.737 [mindspore/ccsrc/pybind_api/ir/tensor_py.cc:730] DataPtr] Tensor device address is null
[ERROR] COMMON(826951,ffff9f4d5020,python):2026-09-14-17:34:17.194.422 [mindspore/ccsrc/pybind_api/ir/tensor_py.cc:730] DataPtr] Tensor device address is null
[ERROR] COMMON(826951,ffff9f4d5020,python):2026-09-14-17:34:17.195.115 [mindspore/ccsrc/pybind_api/ir/tensor_py.cc:730] DataPtr] Tensor device address is null
[ERROR] COMMON(826951,ffff9f4d5020,python):2026-09-14-17:34:17.195.800 [mindspore/ccsrc/pybind_api/ir/tensor_py.cc:730] DataPtr] Tensor device address is null
[ERROR] COMMON(826951,ffff9f4d5020,python):2026-09-14-17:34:17.196.502 [mindspore/ccsrc/pybind_api/ir/tensor_py.cc:730] DataPtr] Tensor device address is null
[ERROR] COMMON(826951,ffff9f4d5020,python):2026-09-14-17:34:17.199.059 [mindspore/ccsrc/pybind_api/ir/tensor_py.cc:730] DataPtr] Tensor device address is null
[ERROR] COMMON(826951,ffff9f4d5020,python):2026-09-14-17:34:17.199.797 [mindspore/ccsrc/pybind_api/ir/tensor_py.cc:730] DataPtr] Tensor device address is null
[ERROR] COMMON(826951,ffff9f4d5020,python):2026-09-14-17:34:17.202.352 [mindspore/ccsrc/pybind_api/ir/tensor_py.cc:730] DataPtr] Tensor device address is null
[ERROR] COMMON(826951,ffff9f4d5020,python):2026-09-14-17:34:17.203.065 [mindspore/ccsrc/pybind_api/ir/tensor_py.cc:730] DataPtr] Tensor device address is null
[ERROR] COMMON(826951,ffff9f4d5020,python):2026-09-14-17:34:17.205.198 [mindspore/ccsrc/pybind_api/ir/tensor_py.cc:730] DataPtr] Tensor device address is null
[ERROR] COMMON(826951,ffff9f4d5020,python):2026-09-14-17:34:17.205.926 [mindspore/ccsrc/pybind_api/ir/tensor_py.cc:730] DataPtr] Tensor device address is null
[ERROR] COMMON(826951,ffff9f4d5020,python):2026-09-14-17:34:17.208.468 [mindspore/ccsrc/pybind_api/ir/tensor_py.cc:730] DataPtr] Tensor device address is null
[ERROR] COMMON(826951,ffff9f4d5020,python):2026-09-14-17:34:17.209.201 [mindspore/ccsrc/pybind_api/ir/tensor_py.cc:730] DataPtr] Tensor device address is null
[ERROR] COMMON(826951,ffff9f4d5020,python):2026-09-14-17:34:17.214.918 [mindspore/ccsrc/pybind_api/ir/tensor_py.cc:730] DataPtr] Tensor device address is null
[ERROR] COMMON(826951,ffff9f4d5020,python):2026-09-14-17:34:17.215.683 [mindspore/ccsrc/pybind_api/ir/tensor_py.cc:730] DataPtr] Tensor device address is null
[ERROR] COMMON(826951,ffff9f4d5020,python):2026-09-14-17:34:17.220.860 [mindspore/ccsrc/pybind_api/ir/tensor_py.cc:730] DataPtr] Tensor device address is null
[ERROR] COMMON(826951,ffff9f4d5020,python):2026-09-14-17:34:17.221.604 [mindspore/ccsrc/pybind_api/ir/tensor_py.cc:730] DataPtr] Tensor device address is null
[ERROR] COMMON(826951,ffff9f4d5020,python):2026-09-14-17:34:17.222.309 [mindspore/ccsrc/pybind_api/ir/tensor_py.cc:730] DataPtr] Tensor device address is null
[ERROR] COMMON(826951,ffff9f4d5020,python):2026-09-14-17:34:17.223.012 [mindspore/ccsrc/pybind_api/ir/tensor_py.cc:730] DataPtr] Tensor device address is null
[ERROR] COMMON(826951,ffff9f4d5020,python):2026-09-14-17:34:17.223.695 [mindspore/ccsrc/pybind_api/ir/tensor_py.cc:730] DataPtr] Tensor device address is null
[ERROR] COMMON(826951,ffff9f4d5020,python):2026-09-14-17:34:17.224.394 [mindspore/ccsrc/pybind_api/ir/tensor_py.cc:730] DataPtr] Tensor device address is null
[ERROR] COMMON(826951,ffff9f4d5020,python):2026-09-14-17:34:17.226.998 [mindspore/ccsrc/pybind_api/ir/tensor_py.cc:730] DataPtr] Tensor device address is null
[ERROR] COMMON(826951,ffff9f4d5020,python):2026-09-14-17:34:17.227.735 [mindspore/ccsrc/pybind_api/ir/tensor_py.cc:730] DataPtr] Tensor device address is null
[ERROR] COMMON(826951,ffff9f4d5020,python):2026-09-14-17:34:17.230.391 [mindspore/ccsrc/pybind_api/ir/tensor_py.cc:730] DataPtr] Tensor device address is null
[ERROR] COMMON(826951,ffff9f4d5020,python):2026-09-14-17:34:17.231.125 [mindspore/ccsrc/pybind_api/ir/tensor_py.cc:730] DataPtr] Tensor device address is null
[ERROR] COMMON(826951,ffff9f4d5020,python):2026-09-14-17:34:17.233.729 [mindspore/ccsrc/pybind_api/ir/tensor_py.cc:730] DataPtr] Tensor device address is null
[ERROR] COMMON(826951,ffff9f4d5020,python):2026-09-14-17:34:17.234.443 [mindspore/ccsrc/pybind_api/ir/tensor_py.cc:730] DataPtr] Tensor device address is null
[ERROR] COMMON(826951,ffff9f4d5020,python):2026-09-14-17:34:17.237.009 [mindspore/ccsrc/pybind_api/ir/tensor_py.cc:730] DataPtr] Tensor device address is null
[ERROR] COMMON(826951,ffff9f4d5020,python):2026-09-14-17:34:17.237.728 [mindspore/ccsrc/pybind_api/ir/tensor_py.cc:730] DataPtr] Tensor device address is null
[ERROR] COMMON(826951,ffff9f4d5020,python):2026-09-14-17:34:17.242.963 [mindspore/ccsrc/pybind_api/ir/tensor_py.cc:730] DataPtr] Tensor device address is null
[ERROR] COMMON(826951,ffff9f4d5020,python):2026-09-14-17:34:17.243.740 [mindspore/ccsrc/pybind_api/ir/tensor_py.cc:730] DataPtr] Tensor device address is null
[ERROR] COMMON(826951,ffff9f4d5020,python):2026-09-14-17:34:17.249.575 [mindspore/ccsrc/pybind_api/ir/tensor_py.cc:730] DataPtr] Tensor device address is null
[ERROR] COMMON(826951,ffff9f4d5020,python):2026-09-14-17:34:17.250.324 [mindspore/ccsrc/pybind_api/ir/tensor_py.cc:730] DataPtr] Tensor device address is null
[ERROR] COMMON(826951,ffff9f4d5020,python):2026-09-14-17:34:17.251.008 [mindspore/ccsrc/pybind_api/ir/tensor_py.cc:730] DataPtr] Tensor device address is null
[ERROR] COMMON(826951,ffff9f4d5020,python):2026-09-14-17:34:17.251.697 [mindspore/ccsrc/pybind_api/ir/tensor_py.cc:730] DataPtr] Tensor device address is null
[ERROR] COMMON(826951,ffff9f4d5020,python):2026-09-14-17:34:17.252.387 [mindspore/ccsrc/pybind_api/ir/tensor_py.cc:730] DataPtr] Tensor device address is null
[ERROR] COMMON(826951,ffff9f4d5020,python):2026-09-14-17:34:17.253.108 [mindspore/ccsrc/pybind_api/ir/tensor_py.cc:730] DataPtr] Tensor device address is null
[ERROR] COMMON(826951,ffff9f4d5020,python):2026-09-14-17:34:17.255.736 [mindspore/ccsrc/pybind_api/ir/tensor_py.cc:730] DataPtr] Tensor device address is null
[ERROR] COMMON(826951,ffff9f4d5020,python):2026-09-14-17:34:17.256.464 [mindspore/ccsrc/pybind_api/ir/tensor_py.cc:730] DataPtr] Tensor device address is null
[ERROR] COMMON(826951,ffff9f4d5020,python):2026-09-14-17:34:17.259.171 [mindspore/ccsrc/pybind_api/ir/tensor_py.cc:730] DataPtr] Tensor device address is null
[ERROR] COMMON(826951,ffff9f4d5020,python):2026-09-14-17:34:17.259.895 [mindspore/ccsrc/pybind_api/ir/tensor_py.cc:730] DataPtr] Tensor device address is null
[ERROR] COMMON(826951,ffff9f4d5020,python):2026-09-14-17:34:17.262.039 [mindspore/ccsrc/pybind_api/ir/tensor_py.cc:730] DataPtr] Tensor device address is null
[ERROR] COMMON(826951,ffff9f4d5020,python):2026-09-14-17:34:17.262.753 [mindspore/ccsrc/pybind_api/ir/tensor_py.cc:730] DataPtr] Tensor device address is null
[ERROR] COMMON(826951,ffff9f4d5020,python):2026-09-14-17:34:17.265.374 [mindspore/ccsrc/pybind_api/ir/tensor_py.cc:730] DataPtr] Tensor device address is null
[ERROR] COMMON(826951,ffff9f4d5020,python):2026-09-14-17:34:17.266.098 [mindspore/ccsrc/pybind_api/ir/tensor_py.cc:730] DataPtr] Tensor device address is null
[ERROR] COMMON(826951,ffff9f4d5020,python):2026-09-14-17:34:17.271.889 [mindspore/ccsrc/pybind_api/ir/tensor_py.cc:730] DataPtr] Tensor device address is null
[ERROR] COMMON(826951,ffff9f4d5020,python):2026-09-14-17:34:17.272.657 [mindspore/ccsrc/pybind_api/ir/tensor_py.cc:730] DataPtr] Tensor device address is null
[ERROR] COMMON(826951,ffff9f4d5020,python):2026-09-14-17:34:17.277.891 [mindspore/ccsrc/pybind_api/ir/tensor_py.cc:730] DataPtr] Tensor device address is null
[ERROR] COMMON(826951,ffff9f4d5020,python):2026-09-14-17:34:17.278.650 [mindspore/ccsrc/pybind_api/ir/tensor_py.cc:730] DataPtr] Tensor device address is null
[ERROR] COMMON(826951,ffff9f4d5020,python):2026-09-14-17:34:17.279.354 [mindspore/ccsrc/pybind_api/ir/tensor_py.cc:730] DataPtr] Tensor device address is null
[ERROR] COMMON(826951,ffff9f4d5020,python):2026-09-14-17:34:17.280.039 [mindspore/ccsrc/pybind_api/ir/tensor_py.cc:730] DataPtr] Tensor device address is null
[ERROR] COMMON(826951,ffff9f4d5020,python):2026-09-14-17:34:17.280.744 [mindspore/ccsrc/pybind_api/ir/tensor_py.cc:730] DataPtr] Tensor device address is null
[ERROR] COMMON(826951,ffff9f4d5020,python):2026-09-14-17:34:17.281.443 [mindspore/ccsrc/pybind_api/ir/tensor_py.cc:730] DataPtr] Tensor device address is null
[ERROR] COMMON(826951,ffff9f4d5020,python):2026-09-14-17:34:17.283.997 [mindspore/ccsrc/pybind_api/ir/tensor_py.cc:730] DataPtr] Tensor device address is null
[ERROR] COMMON(826951,ffff9f4d5020,python):2026-09-14-17:34:17.284.728 [mindspore/ccsrc/pybind_api/ir/tensor_py.cc:730] DataPtr] Tensor device address is null
[ERROR] COMMON(826951,ffff9f4d5020,python):2026-09-14-17:34:17.287.358 [mindspore/ccsrc/pybind_api/ir/tensor_py.cc:730] DataPtr] Tensor device address is null
[ERROR] COMMON(826951,ffff9f4d5020,python):2026-09-14-17:34:17.288.082 [mindspore/ccsrc/pybind_api/ir/tensor_py.cc:730] DataPtr] Tensor device address is null
[ERROR] COMMON(826951,ffff9f4d5020,python):2026-09-14-17:34:17.290.654 [mindspore/ccsrc/pybind_api/ir/tensor_py.cc:730] DataPtr] Tensor device address is null
[ERROR] COMMON(826951,ffff9f4d5020,python):2026-09-14-17:34:17.291.365 [mindspore/ccsrc/pybind_api/ir/tensor_py.cc:730] DataPtr] Tensor device address is null
[ERROR] COMMON(826951,ffff9f4d5020,python):2026-09-14-17:34:17.293.933 [mindspore/ccsrc/pybind_api/ir/tensor_py.cc:730] DataPtr] Tensor device address is null
[ERROR] COMMON(826951,ffff9f4d5020,python):2026-09-14-17:34:17.294.672 [mindspore/ccsrc/pybind_api/ir/tensor_py.cc:730] DataPtr] Tensor device address is null
[ERROR] COMMON(826951,ffff9f4d5020,python):2026-09-14-17:34:17.299.925 [mindspore/ccsrc/pybind_api/ir/tensor_py.cc:730] DataPtr] Tensor device address is null
[ERROR] COMMON(826951,ffff9f4d5020,python):2026-09-14-17:34:17.300.686 [mindspore/ccsrc/pybind_api/ir/tensor_py.cc:730] DataPtr] Tensor device address is null
[ERROR] COMMON(826951,ffff9f4d5020,python):2026-09-14-17:34:17.306.693 [mindspore/ccsrc/pybind_api/ir/tensor_py.cc:730] DataPtr] Tensor device address is null
[ERROR] COMMON(826951,ffff9f4d5020,python):2026-09-14-17:34:17.307.457 [mindspore/ccsrc/pybind_api/ir/tensor_py.cc:730] DataPtr] Tensor device address is null
[ERROR] COMMON(826951,ffff9f4d5020,python):2026-09-14-17:34:17.308.150 [mindspore/ccsrc/pybind_api/ir/tensor_py.cc:730] DataPtr] Tensor device address is null
[ERROR] COMMON(826951,ffff9f4d5020,python):2026-09-14-17:34:17.308.854 [mindspore/ccsrc/pybind_api/ir/tensor_py.cc:730] DataPtr] Tensor device address is null
[ERROR] COMMON(826951,ffff9f4d5020,python):2026-09-14-17:34:17.309.556 [mindspore/ccsrc/pybind_api/ir/tensor_py.cc:730] DataPtr] Tensor device address is null
[ERROR] COMMON(826951,ffff9f4d5020,python):2026-09-14-17:34:17.310.268 [mindspore/ccsrc/pybind_api/ir/tensor_py.cc:730] DataPtr] Tensor device address is null
[ERROR] COMMON(826951,ffff9f4d5020,python):2026-09-14-17:34:17.312.852 [mindspore/ccsrc/pybind_api/ir/tensor_py.cc:730] DataPtr] Tensor device address is null
[ERROR] COMMON(826951,ffff9f4d5020,python):2026-09-14-17:34:17.313.589 [mindspore/ccsrc/pybind_api/ir/tensor_py.cc:730] DataPtr] Tensor device address is null
[ERROR] COMMON(826951,ffff9f4d5020,python):2026-09-14-17:34:17.316.224 [mindspore/ccsrc/pybind_api/ir/tensor_py.cc:730] DataPtr] Tensor device address is null
[ERROR] COMMON(826951,ffff9f4d5020,python):2026-09-14-17:34:17.316.970 [mindspore/ccsrc/pybind_api/ir/tensor_py.cc:730] DataPtr] Tensor device address is null
[ERROR] COMMON(826951,ffff9f4d5020,python):2026-09-14-17:34:17.319.058 [mindspore/ccsrc/pybind_api/ir/tensor_py.cc:730] DataPtr] Tensor device address is null
[ERROR] COMMON(826951,ffff9f4d5020,python):2026-09-14-17:34:17.319.763 [mindspore/ccsrc/pybind_api/ir/tensor_py.cc:730] DataPtr] Tensor device address is null
[ERROR] COMMON(826951,ffff9f4d5020,python):2026-09-14-17:34:17.322.394 [mindspore/ccsrc/pybind_api/ir/tensor_py.cc:730] DataPtr] Tensor device address is null
[ERROR] COMMON(826951,ffff9f4d5020,python):2026-09-14-17:34:17.323.112 [mindspore/ccsrc/pybind_api/ir/tensor_py.cc:730] DataPtr] Tensor device address is null
[ERROR] COMMON(826951,ffff9f4d5020,python):2026-09-14-17:34:17.329.028 [mindspore/ccsrc/pybind_api/ir/tensor_py.cc:730] DataPtr] Tensor device address is null
[ERROR] COMMON(826951,ffff9f4d5020,python):2026-09-14-17:34:17.329.808 [mindspore/ccsrc/pybind_api/ir/tensor_py.cc:730] DataPtr] Tensor device address is null
[ERROR] COMMON(826951,ffff9f4d5020,python):2026-09-14-17:34:17.335.236 [mindspore/ccsrc/pybind_api/ir/tensor_py.cc:730] DataPtr] Tensor device address is null
[ERROR] COMMON(826951,ffff9f4d5020,python):2026-09-14-17:34:17.335.990 [mindspore/ccsrc/pybind_api/ir/tensor_py.cc:730] DataPtr] Tensor device address is null
[ERROR] COMMON(826951,ffff9f4d5020,python):2026-09-14-17:34:17.336.687 [mindspore/ccsrc/pybind_api/ir/tensor_py.cc:730] DataPtr] Tensor device address is null
[ERROR] COMMON(826951,ffff9f4d5020,python):2026-09-14-17:34:17.337.383 [mindspore/ccsrc/pybind_api/ir/tensor_py.cc:730] DataPtr] Tensor device address is null
[ERROR] COMMON(826951,ffff9f4d5020,python):2026-09-14-17:34:17.338.063 [mindspore/ccsrc/pybind_api/ir/tensor_py.cc:730] DataPtr] Tensor device address is null
[ERROR] COMMON(826951,ffff9f4d5020,python):2026-09-14-17:34:17.338.768 [mindspore/ccsrc/pybind_api/ir/tensor_py.cc:730] DataPtr] Tensor device address is null
[ERROR] COMMON(826951,ffff9f4d5020,python):2026-09-14-17:34:17.341.497 [mindspore/ccsrc/pybind_api/ir/tensor_py.cc:730] DataPtr] Tensor device address is null
[ERROR] COMMON(826951,ffff9f4d5020,python):2026-09-14-17:34:17.342.239 [mindspore/ccsrc/pybind_api/ir/tensor_py.cc:730] DataPtr] Tensor device address is null
[ERROR] COMMON(826951,ffff9f4d5020,python):2026-09-14-17:34:17.344.819 [mindspore/ccsrc/pybind_api/ir/tensor_py.cc:730] DataPtr] Tensor device address is null
[ERROR] COMMON(826951,ffff9f4d5020,python):2026-09-14-17:34:17.345.542 [mindspore/ccsrc/pybind_api/ir/tensor_py.cc:730] DataPtr] Tensor device address is null
[ERROR] COMMON(826951,ffff9f4d5020,python):2026-09-14-17:34:17.348.083 [mindspore/ccsrc/pybind_api/ir/tensor_py.cc:730] DataPtr] Tensor device address is null
[ERROR] COMMON(826951,ffff9f4d5020,python):2026-09-14-17:34:17.348.814 [mindspore/ccsrc/pybind_api/ir/tensor_py.cc:730] DataPtr] Tensor device address is null
[ERROR] COMMON(826951,ffff9f4d5020,python):2026-09-14-17:34:17.351.353 [mindspore/ccsrc/pybind_api/ir/tensor_py.cc:730] DataPtr] Tensor device address is null
[ERROR] COMMON(826951,ffff9f4d5020,python):2026-09-14-17:34:17.352.058 [mindspore/ccsrc/pybind_api/ir/tensor_py.cc:730] DataPtr] Tensor device address is null
[ERROR] COMMON(826951,ffff9f4d5020,python):2026-09-14-17:34:17.358.011 [mindspore/ccsrc/pybind_api/ir/tensor_py.cc:730] DataPtr] Tensor device address is null
[ERROR] COMMON(826951,ffff9f4d5020,python):2026-09-14-17:34:17.358.761 [mindspore/ccsrc/pybind_api/ir/tensor_py.cc:730] DataPtr] Tensor device address is null
[ERROR] COMMON(826951,ffff9f4d5020,python):2026-09-14-17:34:17.364.499 [mindspore/ccsrc/pybind_api/ir/tensor_py.cc:730] DataPtr] Tensor device address is null
[ERROR] COMMON(826951,ffff9f4d5020,python):2026-09-14-17:34:17.365.322 [mindspore/ccsrc/pybind_api/ir/tensor_py.cc:730] DataPtr] Tensor device address is null
[ERROR] COMMON(826951,ffff9f4d5020,python):2026-09-14-17:34:17.372.745 [mindspore/ccsrc/pybind_api/ir/tensor_py.cc:730] DataPtr] Tensor device address is null
[ERROR] COMMON(826951,ffff9f4d5020,python):2026-09-14-17:34:17.379.270 [mindspore/ccsrc/pybind_api/ir/tensor_py.cc:730] DataPtr] Tensor device address is null
[ERROR] COMMON(826951,ffff9f4d5020,python):2026-09-14-17:34:17.449.353 [mindspore/ccsrc/pybind_api/ir/tensor_py.cc:730] DataPtr] Tensor device address is null
[ERROR] COMMON(826951,ffff9f4d5020,python):2026-09-14-17:34:17.450.432 [mindspore/ccsrc/pybind_api/ir/tensor_py.cc:730] DataPtr] Tensor device address is null
[ERROR] COMMON(826951,ffff9f4d5020,python):2026-09-14-17:34:17.451.146 [mindspore/ccsrc/pybind_api/ir/tensor_py.cc:730] DataPtr] Tensor device address is null
[ERROR] COMMON(826951,ffff9f4d5020,python):2026-09-14-17:34:17.451.825 [mindspore/ccsrc/pybind_api/ir/tensor_py.cc:730] DataPtr] Tensor device address is null
[ERROR] COMMON(826951,ffff9f4d5020,python):2026-09-14-17:34:17.452.501 [mindspore/ccsrc/pybind_api/ir/tensor_py.cc:730] DataPtr] Tensor device address is null
[ERROR] COMMON(826951,ffff9f4d5020,python):2026-09-14-17:34:17.453.206 [mindspore/ccsrc/pybind_api/ir/tensor_py.cc:730] DataPtr] Tensor device address is null
[ERROR] COMMON(826951,ffff9f4d5020,python):2026-09-14-17:34:17.453.877 [mindspore/ccsrc/pybind_api/ir/tensor_py.cc:730] DataPtr] Tensor device address is null
[ERROR] COMMON(826951,ffff9f4d5020,python):2026-09-14-17:34:17.454.545 [mindspore/ccsrc/pybind_api/ir/tensor_py.cc:730] DataPtr] Tensor device address is null
[ERROR] COMMON(826951,ffff9f4d5020,python):2026-09-14-17:34:17.457.133 [mindspore/ccsrc/pybind_api/ir/tensor_py.cc:730] DataPtr] Tensor device address is null
[ERROR] COMMON(826951,ffff9f4d5020,python):2026-09-14-17:34:17.457.813 [mindspore/ccsrc/pybind_api/ir/tensor_py.cc:730] DataPtr] Tensor device address is null
[ERROR] COMMON(826951,ffff9f4d5020,python):2026-09-14-17:34:17.460.196 [mindspore/ccsrc/pybind_api/ir/tensor_py.cc:730] DataPtr] Tensor device address is null
[ERROR] COMMON(826951,ffff9f4d5020,python):2026-09-14-17:34:17.460.892 [mindspore/ccsrc/pybind_api/ir/tensor_py.cc:730] DataPtr] Tensor device address is null
[ERROR] COMMON(826951,ffff9f4d5020,python):2026-09-14-17:34:17.462.847 [mindspore/ccsrc/pybind_api/ir/tensor_py.cc:730] DataPtr] Tensor device address is null
[ERROR] COMMON(826951,ffff9f4d5020,python):2026-09-14-17:34:17.463.558 [mindspore/ccsrc/pybind_api/ir/tensor_py.cc:730] DataPtr] Tensor device address is null
[ERROR] COMMON(826951,ffff9f4d5020,python):2026-09-14-17:34:17.466.062 [mindspore/ccsrc/pybind_api/ir/tensor_py.cc:730] DataPtr] Tensor device address is null
[ERROR] COMMON(826951,ffff9f4d5020,python):2026-09-14-17:34:17.466.756 [mindspore/ccsrc/pybind_api/ir/tensor_py.cc:730] DataPtr] Tensor device address is null
[ERROR] COMMON(826951,ffff9f4d5020,python):2026-09-14-17:34:17.472.705 [mindspore/ccsrc/pybind_api/ir/tensor_py.cc:730] DataPtr] Tensor device address is null
[ERROR] COMMON(826951,ffff9f4d5020,python):2026-09-14-17:34:17.473.467 [mindspore/ccsrc/pybind_api/ir/tensor_py.cc:730] DataPtr] Tensor device address is null
[ERROR] COMMON(826951,ffff9f4d5020,python):2026-09-14-17:34:17.479.101 [mindspore/ccsrc/pybind_api/ir/tensor_py.cc:730] DataPtr] Tensor device address is null
[ERROR] COMMON(826951,ffff9f4d5020,python):2026-09-14-17:34:17.479.806 [mindspore/ccsrc/pybind_api/ir/tensor_py.cc:730] DataPtr] Tensor device address is null
[ERROR] COMMON(826951,ffff9f4d5020,python):2026-09-14-17:34:17.480.493 [mindspore/ccsrc/pybind_api/ir/tensor_py.cc:730] DataPtr] Tensor device address is null
[ERROR] COMMON(826951,ffff9f4d5020,python):2026-09-14-17:34:17.481.187 [mindspore/ccsrc/pybind_api/ir/tensor_py.cc:730] DataPtr] Tensor device address is null
[ERROR] COMMON(826951,ffff9f4d5020,python):2026-09-14-17:34:17.481.865 [mindspore/ccsrc/pybind_api/ir/tensor_py.cc:730] DataPtr] Tensor device address is null
[ERROR] COMMON(826951,ffff9f4d5020,python):2026-09-14-17:34:17.482.553 [mindspore/ccsrc/pybind_api/ir/tensor_py.cc:730] DataPtr] Tensor device address is null
[ERROR] COMMON(826951,ffff9f4d5020,python):2026-09-14-17:34:17.485.011 [mindspore/ccsrc/pybind_api/ir/tensor_py.cc:730] DataPtr] Tensor device address is null
[ERROR] COMMON(826951,ffff9f4d5020,python):2026-09-14-17:34:17.485.707 [mindspore/ccsrc/pybind_api/ir/tensor_py.cc:730] DataPtr] Tensor device address is null
[ERROR] COMMON(826951,ffff9f4d5020,python):2026-09-14-17:34:17.488.600 [mindspore/ccsrc/pybind_api/ir/tensor_py.cc:730] DataPtr] Tensor device address is null
[ERROR] COMMON(826951,ffff9f4d5020,python):2026-09-14-17:34:17.489.327 [mindspore/ccsrc/pybind_api/ir/tensor_py.cc:730] DataPtr] Tensor device address is null
[ERROR] COMMON(826951,ffff9f4d5020,python):2026-09-14-17:34:17.491.780 [mindspore/ccsrc/pybind_api/ir/tensor_py.cc:730] DataPtr] Tensor device address is null
[ERROR] COMMON(826951,ffff9f4d5020,python):2026-09-14-17:34:17.492.476 [mindspore/ccsrc/pybind_api/ir/tensor_py.cc:730] DataPtr] Tensor device address is null
[ERROR] COMMON(826951,ffff9f4d5020,python):2026-09-14-17:34:17.494.891 [mindspore/ccsrc/pybind_api/ir/tensor_py.cc:730] DataPtr] Tensor device address is null
[ERROR] COMMON(826951,ffff9f4d5020,python):2026-09-14-17:34:17.495.586 [mindspore/ccsrc/pybind_api/ir/tensor_py.cc:730] DataPtr] Tensor device address is null
[ERROR] COMMON(826951,ffff9f4d5020,python):2026-09-14-17:34:17.500.937 [mindspore/ccsrc/pybind_api/ir/tensor_py.cc:730] DataPtr] Tensor device address is null
[ERROR] COMMON(826951,ffff9f4d5020,python):2026-09-14-17:34:17.501.685 [mindspore/ccsrc/pybind_api/ir/tensor_py.cc:730] DataPtr] Tensor device address is null
[ERROR] COMMON(826951,ffff9f4d5020,python):2026-09-14-17:34:17.507.407 [mindspore/ccsrc/pybind_api/ir/tensor_py.cc:730] DataPtr] Tensor device address is null
[ERROR] COMMON(826951,ffff9f4d5020,python):2026-09-14-17:34:17.508.131 [mindspore/ccsrc/pybind_api/ir/tensor_py.cc:730] DataPtr] Tensor device address is null
[ERROR] COMMON(826951,ffff9f4d5020,python):2026-09-14-17:34:17.508.817 [mindspore/ccsrc/pybind_api/ir/tensor_py.cc:730] DataPtr] Tensor device address is null
[ERROR] COMMON(826951,ffff9f4d5020,python):2026-09-14-17:34:17.509.504 [mindspore/ccsrc/pybind_api/ir/tensor_py.cc:730] DataPtr] Tensor device address is null
[ERROR] COMMON(826951,ffff9f4d5020,python):2026-09-14-17:34:17.510.186 [mindspore/ccsrc/pybind_api/ir/tensor_py.cc:730] DataPtr] Tensor device address is null
[ERROR] COMMON(826951,ffff9f4d5020,python):2026-09-14-17:34:17.510.877 [mindspore/ccsrc/pybind_api/ir/tensor_py.cc:730] DataPtr] Tensor device address is null
[ERROR] COMMON(826951,ffff9f4d5020,python):2026-09-14-17:34:17.513.394 [mindspore/ccsrc/pybind_api/ir/tensor_py.cc:730] DataPtr] Tensor device address is null
[ERROR] COMMON(826951,ffff9f4d5020,python):2026-09-14-17:34:17.514.111 [mindspore/ccsrc/pybind_api/ir/tensor_py.cc:730] DataPtr] Tensor device address is null
[ERROR] COMMON(826951,ffff9f4d5020,python):2026-09-14-17:34:17.516.667 [mindspore/ccsrc/pybind_api/ir/tensor_py.cc:730] DataPtr] Tensor device address is null
[ERROR] COMMON(826951,ffff9f4d5020,python):2026-09-14-17:34:17.517.360 [mindspore/ccsrc/pybind_api/ir/tensor_py.cc:730] DataPtr] Tensor device address is null
[ERROR] COMMON(826951,ffff9f4d5020,python):2026-09-14-17:34:17.519.306 [mindspore/ccsrc/pybind_api/ir/tensor_py.cc:730] DataPtr] Tensor device address is null
[ERROR] COMMON(826951,ffff9f4d5020,python):2026-09-14-17:34:17.519.990 [mindspore/ccsrc/pybind_api/ir/tensor_py.cc:730] DataPtr] Tensor device address is null
[ERROR] COMMON(826951,ffff9f4d5020,python):2026-09-14-17:34:17.524.033 [mindspore/ccsrc/pybind_api/ir/tensor_py.cc:730] DataPtr] Tensor device address is null
[ERROR] COMMON(826951,ffff9f4d5020,python):2026-09-14-17:34:17.524.828 [mindspore/ccsrc/pybind_api/ir/tensor_py.cc:730] DataPtr] Tensor device address is null
[ERROR] COMMON(826951,ffff9f4d5020,python):2026-09-14-17:34:17.530.600 [mindspore/ccsrc/pybind_api/ir/tensor_py.cc:730] DataPtr] Tensor device address is null
[ERROR] COMMON(826951,ffff9f4d5020,python):2026-09-14-17:34:17.531.341 [mindspore/ccsrc/pybind_api/ir/tensor_py.cc:730] DataPtr] Tensor device address is null
[ERROR] COMMON(826951,ffff9f4d5020,python):2026-09-14-17:34:17.536.610 [mindspore/ccsrc/pybind_api/ir/tensor_py.cc:730] DataPtr] Tensor device address is null
[ERROR] COMMON(826951,ffff9f4d5020,python):2026-09-14-17:34:17.537.370 [mindspore/ccsrc/pybind_api/ir/tensor_py.cc:730] DataPtr] Tensor device address is null
[ERROR] COMMON(826951,ffff9f4d5020,python):2026-09-14-17:34:17.538.082 [mindspore/ccsrc/pybind_api/ir/tensor_py.cc:730] DataPtr] Tensor device address is null
[ERROR] COMMON(826951,ffff9f4d5020,python):2026-09-14-17:34:17.538.799 [mindspore/ccsrc/pybind_api/ir/tensor_py.cc:730] DataPtr] Tensor device address is null
[ERROR] COMMON(826951,ffff9f4d5020,python):2026-09-14-17:34:17.539.489 [mindspore/ccsrc/pybind_api/ir/tensor_py.cc:730] DataPtr] Tensor device address is null
[ERROR] COMMON(826951,ffff9f4d5020,python):2026-09-14-17:34:17.540.176 [mindspore/ccsrc/pybind_api/ir/tensor_py.cc:730] DataPtr] Tensor device address is null
[ERROR] COMMON(826951,ffff9f4d5020,python):2026-09-14-17:34:17.543.132 [mindspore/ccsrc/pybind_api/ir/tensor_py.cc:730] DataPtr] Tensor device address is null
[ERROR] COMMON(826951,ffff9f4d5020,python):2026-09-14-17:34:17.543.826 [mindspore/ccsrc/pybind_api/ir/tensor_py.cc:730] DataPtr] Tensor device address is null
[ERROR] COMMON(826951,ffff9f4d5020,python):2026-09-14-17:34:17.546.516 [mindspore/ccsrc/pybind_api/ir/tensor_py.cc:730] DataPtr] Tensor device address is null
[ERROR] COMMON(826951,ffff9f4d5020,python):2026-09-14-17:34:17.547.224 [mindspore/ccsrc/pybind_api/ir/tensor_py.cc:730] DataPtr] Tensor device address is null
[ERROR] COMMON(826951,ffff9f4d5020,python):2026-09-14-17:34:17.549.664 [mindspore/ccsrc/pybind_api/ir/tensor_py.cc:730] DataPtr] Tensor device address is null
[ERROR] COMMON(826951,ffff9f4d5020,python):2026-09-14-17:34:17.550.381 [mindspore/ccsrc/pybind_api/ir/tensor_py.cc:730] DataPtr] Tensor device address is null
[ERROR] COMMON(826951,ffff9f4d5020,python):2026-09-14-17:34:17.552.799 [mindspore/ccsrc/pybind_api/ir/tensor_py.cc:730] DataPtr] Tensor device address is null
[ERROR] COMMON(826951,ffff9f4d5020,python):2026-09-14-17:34:17.553.492 [mindspore/ccsrc/pybind_api/ir/tensor_py.cc:730] DataPtr] Tensor device address is null
[ERROR] COMMON(826951,ffff9f4d5020,python):2026-09-14-17:34:17.558.757 [mindspore/ccsrc/pybind_api/ir/tensor_py.cc:730] DataPtr] Tensor device address is null
[ERROR] COMMON(826951,ffff9f4d5020,python):2026-09-14-17:34:17.559.491 [mindspore/ccsrc/pybind_api/ir/tensor_py.cc:730] DataPtr] Tensor device address is null
[ERROR] COMMON(826951,ffff9f4d5020,python):2026-09-14-17:34:17.565.432 [mindspore/ccsrc/pybind_api/ir/tensor_py.cc:730] DataPtr] Tensor device address is null
[ERROR] COMMON(826951,ffff9f4d5020,python):2026-09-14-17:34:17.566.160 [mindspore/ccsrc/pybind_api/ir/tensor_py.cc:730] DataPtr] Tensor device address is null
[ERROR] COMMON(826951,ffff9f4d5020,python):2026-09-14-17:34:17.566.858 [mindspore/ccsrc/pybind_api/ir/tensor_py.cc:730] DataPtr] Tensor device address is null
[ERROR] COMMON(826951,ffff9f4d5020,python):2026-09-14-17:34:17.567.543 [mindspore/ccsrc/pybind_api/ir/tensor_py.cc:730] DataPtr] Tensor device address is null
[ERROR] COMMON(826951,ffff9f4d5020,python):2026-09-14-17:34:17.568.225 [mindspore/ccsrc/pybind_api/ir/tensor_py.cc:730] DataPtr] Tensor device address is null
[ERROR] COMMON(826951,ffff9f4d5020,python):2026-09-14-17:34:17.568.959 [mindspore/ccsrc/pybind_api/ir/tensor_py.cc:730] DataPtr] Tensor device address is null
[ERROR] COMMON(826951,ffff9f4d5020,python):2026-09-14-17:34:17.571.398 [mindspore/ccsrc/pybind_api/ir/tensor_py.cc:730] DataPtr] Tensor device address is null
[ERROR] COMMON(826951,ffff9f4d5020,python):2026-09-14-17:34:17.572.093 [mindspore/ccsrc/pybind_api/ir/tensor_py.cc:730] DataPtr] Tensor device address is null
[ERROR] COMMON(826951,ffff9f4d5020,python):2026-09-14-17:34:17.574.595 [mindspore/ccsrc/pybind_api/ir/tensor_py.cc:730] DataPtr] Tensor device address is null
[ERROR] COMMON(826951,ffff9f4d5020,python):2026-09-14-17:34:17.575.301 [mindspore/ccsrc/pybind_api/ir/tensor_py.cc:730] DataPtr] Tensor device address is null
[ERROR] COMMON(826951,ffff9f4d5020,python):2026-09-14-17:34:17.577.276 [mindspore/ccsrc/pybind_api/ir/tensor_py.cc:730] DataPtr] Tensor device address is null
[ERROR] COMMON(826951,ffff9f4d5020,python):2026-09-14-17:34:17.577.998 [mindspore/ccsrc/pybind_api/ir/tensor_py.cc:730] DataPtr] Tensor device address is null
[ERROR] COMMON(826951,ffff9f4d5020,python):2026-09-14-17:34:17.580.347 [mindspore/ccsrc/pybind_api/ir/tensor_py.cc:730] DataPtr] Tensor device address is null
[ERROR] COMMON(826951,ffff9f4d5020,python):2026-09-14-17:34:17.581.055 [mindspore/ccsrc/pybind_api/ir/tensor_py.cc:730] DataPtr] Tensor device address is null
[ERROR] COMMON(826951,ffff9f4d5020,python):2026-09-14-17:34:17.586.871 [mindspore/ccsrc/pybind_api/ir/tensor_py.cc:730] DataPtr] Tensor device address is null
[ERROR] COMMON(826951,ffff9f4d5020,python):2026-09-14-17:34:17.587.638 [mindspore/ccsrc/pybind_api/ir/tensor_py.cc:730] DataPtr] Tensor device address is null
[ERROR] COMMON(826951,ffff9f4d5020,python):2026-09-14-17:34:17.592.843 [mindspore/ccsrc/pybind_api/ir/tensor_py.cc:730] DataPtr] Tensor device address is null
[ERROR] COMMON(826951,ffff9f4d5020,python):2026-09-14-17:34:17.593.588 [mindspore/ccsrc/pybind_api/ir/tensor_py.cc:730] DataPtr] Tensor device address is null
[ERROR] COMMON(826951,ffff9f4d5020,python):2026-09-14-17:34:17.594.295 [mindspore/ccsrc/pybind_api/ir/tensor_py.cc:730] DataPtr] Tensor device address is null
[ERROR] COMMON(826951,ffff9f4d5020,python):2026-09-14-17:34:17.595.002 [mindspore/ccsrc/pybind_api/ir/tensor_py.cc:730] DataPtr] Tensor device address is null
[ERROR] COMMON(826951,ffff9f4d5020,python):2026-09-14-17:34:17.595.698 [mindspore/ccsrc/pybind_api/ir/tensor_py.cc:730] DataPtr] Tensor device address is null
[ERROR] COMMON(826951,ffff9f4d5020,python):2026-09-14-17:34:17.596.388 [mindspore/ccsrc/pybind_api/ir/tensor_py.cc:730] DataPtr] Tensor device address is null
[ERROR] COMMON(826951,ffff9f4d5020,python):2026-09-14-17:34:17.598.812 [mindspore/ccsrc/pybind_api/ir/tensor_py.cc:730] DataPtr] Tensor device address is null
[ERROR] COMMON(826951,ffff9f4d5020,python):2026-09-14-17:34:17.599.520 [mindspore/ccsrc/pybind_api/ir/tensor_py.cc:730] DataPtr] Tensor device address is null
[ERROR] COMMON(826951,ffff9f4d5020,python):2026-09-14-17:34:17.602.146 [mindspore/ccsrc/pybind_api/ir/tensor_py.cc:730] DataPtr] Tensor device address is null
[ERROR] COMMON(826951,ffff9f4d5020,python):2026-09-14-17:34:17.602.850 [mindspore/ccsrc/pybind_api/ir/tensor_py.cc:730] DataPtr] Tensor device address is null
[ERROR] COMMON(826951,ffff9f4d5020,python):2026-09-14-17:34:17.605.264 [mindspore/ccsrc/pybind_api/ir/tensor_py.cc:730] DataPtr] Tensor device address is null
[ERROR] COMMON(826951,ffff9f4d5020,python):2026-09-14-17:34:17.605.983 [mindspore/ccsrc/pybind_api/ir/tensor_py.cc:730] DataPtr] Tensor device address is null
[ERROR] COMMON(826951,ffff9f4d5020,python):2026-09-14-17:34:17.608.406 [mindspore/ccsrc/pybind_api/ir/tensor_py.cc:730] DataPtr] Tensor device address is null
[ERROR] COMMON(826951,ffff9f4d5020,python):2026-09-14-17:34:17.609.124 [mindspore/ccsrc/pybind_api/ir/tensor_py.cc:730] DataPtr] Tensor device address is null
[ERROR] COMMON(826951,ffff9f4d5020,python):2026-09-14-17:34:17.614.504 [mindspore/ccsrc/pybind_api/ir/tensor_py.cc:730] DataPtr] Tensor device address is null
[ERROR] COMMON(826951,ffff9f4d5020,python):2026-09-14-17:34:17.615.248 [mindspore/ccsrc/pybind_api/ir/tensor_py.cc:730] DataPtr] Tensor device address is null
[ERROR] COMMON(826951,ffff9f4d5020,python):2026-09-14-17:34:17.621.232 [mindspore/ccsrc/pybind_api/ir/tensor_py.cc:730] DataPtr] Tensor device address is null
[ERROR] COMMON(826951,ffff9f4d5020,python):2026-09-14-17:34:17.621.956 [mindspore/ccsrc/pybind_api/ir/tensor_py.cc:730] DataPtr] Tensor device address is null
[ERROR] COMMON(826951,ffff9f4d5020,python):2026-09-14-17:34:17.622.643 [mindspore/ccsrc/pybind_api/ir/tensor_py.cc:730] DataPtr] Tensor device address is null
[ERROR] COMMON(826951,ffff9f4d5020,python):2026-09-14-17:34:17.623.337 [mindspore/ccsrc/pybind_api/ir/tensor_py.cc:730] DataPtr] Tensor device address is null
[ERROR] COMMON(826951,ffff9f4d5020,python):2026-09-14-17:34:17.624.018 [mindspore/ccsrc/pybind_api/ir/tensor_py.cc:730] DataPtr] Tensor device address is null
[ERROR] COMMON(826951,ffff9f4d5020,python):2026-09-14-17:34:17.624.718 [mindspore/ccsrc/pybind_api/ir/tensor_py.cc:730] DataPtr] Tensor device address is null
[ERROR] COMMON(826951,ffff9f4d5020,python):2026-09-14-17:34:17.627.219 [mindspore/ccsrc/pybind_api/ir/tensor_py.cc:730] DataPtr] Tensor device address is null
[ERROR] COMMON(826951,ffff9f4d5020,python):2026-09-14-17:34:17.627.930 [mindspore/ccsrc/pybind_api/ir/tensor_py.cc:730] DataPtr] Tensor device address is null
[ERROR] COMMON(826951,ffff9f4d5020,python):2026-09-14-17:34:17.630.595 [mindspore/ccsrc/pybind_api/ir/tensor_py.cc:730] DataPtr] Tensor device address is null
[ERROR] COMMON(826951,ffff9f4d5020,python):2026-09-14-17:34:17.631.337 [mindspore/ccsrc/pybind_api/ir/tensor_py.cc:730] DataPtr] Tensor device address is null
[ERROR] COMMON(826951,ffff9f4d5020,python):2026-09-14-17:34:17.633.283 [mindspore/ccsrc/pybind_api/ir/tensor_py.cc:730] DataPtr] Tensor device address is null
[ERROR] COMMON(826951,ffff9f4d5020,python):2026-09-14-17:34:17.633.988 [mindspore/ccsrc/pybind_api/ir/tensor_py.cc:730] DataPtr] Tensor device address is null
[ERROR] COMMON(826951,ffff9f4d5020,python):2026-09-14-17:34:17.636.491 [mindspore/ccsrc/pybind_api/ir/tensor_py.cc:730] DataPtr] Tensor device address is null
[ERROR] COMMON(826951,ffff9f4d5020,python):2026-09-14-17:34:17.637.212 [mindspore/ccsrc/pybind_api/ir/tensor_py.cc:730] DataPtr] Tensor device address is null
[ERROR] COMMON(826951,ffff9f4d5020,python):2026-09-14-17:34:17.643.149 [mindspore/ccsrc/pybind_api/ir/tensor_py.cc:730] DataPtr] Tensor device address is null
[ERROR] COMMON(826951,ffff9f4d5020,python):2026-09-14-17:34:17.643.884 [mindspore/ccsrc/pybind_api/ir/tensor_py.cc:730] DataPtr] Tensor device address is null
[ERROR] COMMON(826951,ffff9f4d5020,python):2026-09-14-17:34:17.649.279 [mindspore/ccsrc/pybind_api/ir/tensor_py.cc:730] DataPtr] Tensor device address is null
[ERROR] COMMON(826951,ffff9f4d5020,python):2026-09-14-17:34:17.649.993 [mindspore/ccsrc/pybind_api/ir/tensor_py.cc:730] DataPtr] Tensor device address is null
[ERROR] COMMON(826951,ffff9f4d5020,python):2026-09-14-17:34:17.650.730 [mindspore/ccsrc/pybind_api/ir/tensor_py.cc:730] DataPtr] Tensor device address is null
[ERROR] COMMON(826951,ffff9f4d5020,python):2026-09-14-17:34:17.651.428 [mindspore/ccsrc/pybind_api/ir/tensor_py.cc:730] DataPtr] Tensor device address is null
[ERROR] COMMON(826951,ffff9f4d5020,python):2026-09-14-17:34:17.652.109 [mindspore/ccsrc/pybind_api/ir/tensor_py.cc:730] DataPtr] Tensor device address is null
[ERROR] COMMON(826951,ffff9f4d5020,python):2026-09-14-17:34:17.652.821 [mindspore/ccsrc/pybind_api/ir/tensor_py.cc:730] DataPtr] Tensor device address is null
[ERROR] COMMON(826951,ffff9f4d5020,python):2026-09-14-17:34:17.655.307 [mindspore/ccsrc/pybind_api/ir/tensor_py.cc:730] DataPtr] Tensor device address is null
[ERROR] COMMON(826951,ffff9f4d5020,python):2026-09-14-17:34:17.655.996 [mindspore/ccsrc/pybind_api/ir/tensor_py.cc:730] DataPtr] Tensor device address is null
[ERROR] COMMON(826951,ffff9f4d5020,python):2026-09-14-17:34:17.658.476 [mindspore/ccsrc/pybind_api/ir/tensor_py.cc:730] DataPtr] Tensor device address is null
[ERROR] COMMON(826951,ffff9f4d5020,python):2026-09-14-17:34:17.659.188 [mindspore/ccsrc/pybind_api/ir/tensor_py.cc:730] DataPtr] Tensor device address is null
[ERROR] COMMON(826951,ffff9f4d5020,python):2026-09-14-17:34:17.661.591 [mindspore/ccsrc/pybind_api/ir/tensor_py.cc:730] DataPtr] Tensor device address is null
[ERROR] COMMON(826951,ffff9f4d5020,python):2026-09-14-17:34:17.662.305 [mindspore/ccsrc/pybind_api/ir/tensor_py.cc:730] DataPtr] Tensor device address is null
[ERROR] COMMON(826951,ffff9f4d5020,python):2026-09-14-17:34:17.664.681 [mindspore/ccsrc/pybind_api/ir/tensor_py.cc:730] DataPtr] Tensor device address is null
[ERROR] COMMON(826951,ffff9f4d5020,python):2026-09-14-17:34:17.665.385 [mindspore/ccsrc/pybind_api/ir/tensor_py.cc:730] DataPtr] Tensor device address is null
[ERROR] COMMON(826951,ffff9f4d5020,python):2026-09-14-17:34:17.670.619 [mindspore/ccsrc/pybind_api/ir/tensor_py.cc:730] DataPtr] Tensor device address is null
[ERROR] COMMON(826951,ffff9f4d5020,python):2026-09-14-17:34:17.671.344 [mindspore/ccsrc/pybind_api/ir/tensor_py.cc:730] DataPtr] Tensor device address is null
[ERROR] COMMON(826951,ffff9f4d5020,python):2026-09-14-17:34:17.677.122 [mindspore/ccsrc/pybind_api/ir/tensor_py.cc:730] DataPtr] Tensor device address is null
[ERROR] COMMON(826951,ffff9f4d5020,python):2026-09-14-17:34:17.677.842 [mindspore/ccsrc/pybind_api/ir/tensor_py.cc:730] DataPtr] Tensor device address is null
[ERROR] COMMON(826951,ffff9f4d5020,python):2026-09-14-17:34:17.678.536 [mindspore/ccsrc/pybind_api/ir/tensor_py.cc:730] DataPtr] Tensor device address is null
[ERROR] COMMON(826951,ffff9f4d5020,python):2026-09-14-17:34:17.679.219 [mindspore/ccsrc/pybind_api/ir/tensor_py.cc:730] DataPtr] Tensor device address is null
[ERROR] COMMON(826951,ffff9f4d5020,python):2026-09-14-17:34:17.679.901 [mindspore/ccsrc/pybind_api/ir/tensor_py.cc:730] DataPtr] Tensor device address is null
[ERROR] COMMON(826951,ffff9f4d5020,python):2026-09-14-17:34:17.680.599 [mindspore/ccsrc/pybind_api/ir/tensor_py.cc:730] DataPtr] Tensor device address is null
[ERROR] COMMON(826951,ffff9f4d5020,python):2026-09-14-17:34:17.682.973 [mindspore/ccsrc/pybind_api/ir/tensor_py.cc:730] DataPtr] Tensor device address is null
[ERROR] COMMON(826951,ffff9f4d5020,python):2026-09-14-17:34:17.683.668 [mindspore/ccsrc/pybind_api/ir/tensor_py.cc:730] DataPtr] Tensor device address is null
[ERROR] COMMON(826951,ffff9f4d5020,python):2026-09-14-17:34:17.686.333 [mindspore/ccsrc/pybind_api/ir/tensor_py.cc:730] DataPtr] Tensor device address is null
[ERROR] COMMON(826951,ffff9f4d5020,python):2026-09-14-17:34:17.687.048 [mindspore/ccsrc/pybind_api/ir/tensor_py.cc:730] DataPtr] Tensor device address is null
[ERROR] COMMON(826951,ffff9f4d5020,python):2026-09-14-17:34:17.689.022 [mindspore/ccsrc/pybind_api/ir/tensor_py.cc:730] DataPtr] Tensor device address is null
[ERROR] COMMON(826951,ffff9f4d5020,python):2026-09-14-17:34:17.689.727 [mindspore/ccsrc/pybind_api/ir/tensor_py.cc:730] DataPtr] Tensor device address is null
[ERROR] COMMON(826951,ffff9f4d5020,python):2026-09-14-17:34:17.692.164 [mindspore/ccsrc/pybind_api/ir/tensor_py.cc:730] DataPtr] Tensor device address is null
[ERROR] COMMON(826951,ffff9f4d5020,python):2026-09-14-17:34:17.692.903 [mindspore/ccsrc/pybind_api/ir/tensor_py.cc:730] DataPtr] Tensor device address is null
[ERROR] COMMON(826951,ffff9f4d5020,python):2026-09-14-17:34:17.698.908 [mindspore/ccsrc/pybind_api/ir/tensor_py.cc:730] DataPtr] Tensor device address is null
[ERROR] COMMON(826951,ffff9f4d5020,python):2026-09-14-17:34:17.699.659 [mindspore/ccsrc/pybind_api/ir/tensor_py.cc:730] DataPtr] Tensor device address is null
[ERROR] COMMON(826951,ffff9f4d5020,python):2026-09-14-17:34:17.705.052 [mindspore/ccsrc/pybind_api/ir/tensor_py.cc:730] DataPtr] Tensor device address is null
[ERROR] COMMON(826951,ffff9f4d5020,python):2026-09-14-17:34:17.705.774 [mindspore/ccsrc/pybind_api/ir/tensor_py.cc:730] DataPtr] Tensor device address is null
[ERROR] COMMON(826951,ffff9f4d5020,python):2026-09-14-17:34:17.706.458 [mindspore/ccsrc/pybind_api/ir/tensor_py.cc:730] DataPtr] Tensor device address is null
[ERROR] COMMON(826951,ffff9f4d5020,python):2026-09-14-17:34:17.707.165 [mindspore/ccsrc/pybind_api/ir/tensor_py.cc:730] DataPtr] Tensor device address is null
[ERROR] COMMON(826951,ffff9f4d5020,python):2026-09-14-17:34:17.707.848 [mindspore/ccsrc/pybind_api/ir/tensor_py.cc:730] DataPtr] Tensor device address is null
[ERROR] COMMON(826951,ffff9f4d5020,python):2026-09-14-17:34:17.708.530 [mindspore/ccsrc/pybind_api/ir/tensor_py.cc:730] DataPtr] Tensor device address is null
[ERROR] COMMON(826951,ffff9f4d5020,python):2026-09-14-17:34:17.711.007 [mindspore/ccsrc/pybind_api/ir/tensor_py.cc:730] DataPtr] Tensor device address is null
[ERROR] COMMON(826951,ffff9f4d5020,python):2026-09-14-17:34:17.711.693 [mindspore/ccsrc/pybind_api/ir/tensor_py.cc:730] DataPtr] Tensor device address is null
[ERROR] COMMON(826951,ffff9f4d5020,python):2026-09-14-17:34:17.714.440 [mindspore/ccsrc/pybind_api/ir/tensor_py.cc:730] DataPtr] Tensor device address is null
[ERROR] COMMON(826951,ffff9f4d5020,python):2026-09-14-17:34:17.715.164 [mindspore/ccsrc/pybind_api/ir/tensor_py.cc:730] DataPtr] Tensor device address is null
[ERROR] COMMON(826951,ffff9f4d5020,python):2026-09-14-17:34:17.717.668 [mindspore/ccsrc/pybind_api/ir/tensor_py.cc:730] DataPtr] Tensor device address is null
[ERROR] COMMON(826951,ffff9f4d5020,python):2026-09-14-17:34:17.718.373 [mindspore/ccsrc/pybind_api/ir/tensor_py.cc:730] DataPtr] Tensor device address is null
[ERROR] COMMON(826951,ffff9f4d5020,python):2026-09-14-17:34:17.720.873 [mindspore/ccsrc/pybind_api/ir/tensor_py.cc:730] DataPtr] Tensor device address is null
[ERROR] COMMON(826951,ffff9f4d5020,python):2026-09-14-17:34:17.721.578 [mindspore/ccsrc/pybind_api/ir/tensor_py.cc:730] DataPtr] Tensor device address is null
[ERROR] COMMON(826951,ffff9f4d5020,python):2026-09-14-17:34:17.726.890 [mindspore/ccsrc/pybind_api/ir/tensor_py.cc:730] DataPtr] Tensor device address is null
[ERROR] COMMON(826951,ffff9f4d5020,python):2026-09-14-17:34:17.727.616 [mindspore/ccsrc/pybind_api/ir/tensor_py.cc:730] DataPtr] Tensor device address is null
[ERROR] COMMON(826951,ffff9f4d5020,python):2026-09-14-17:34:17.733.339 [mindspore/ccsrc/pybind_api/ir/tensor_py.cc:730] DataPtr] Tensor device address is null
[ERROR] COMMON(826951,ffff9f4d5020,python):2026-09-14-17:34:17.734.059 [mindspore/ccsrc/pybind_api/ir/tensor_py.cc:730] DataPtr] Tensor device address is null
[ERROR] COMMON(826951,ffff9f4d5020,python):2026-09-14-17:34:17.734.742 [mindspore/ccsrc/pybind_api/ir/tensor_py.cc:730] DataPtr] Tensor device address is null
[ERROR] COMMON(826951,ffff9f4d5020,python):2026-09-14-17:34:17.735.459 [mindspore/ccsrc/pybind_api/ir/tensor_py.cc:730] DataPtr] Tensor device address is null
[ERROR] COMMON(826951,ffff9f4d5020,python):2026-09-14-17:34:17.736.140 [mindspore/ccsrc/pybind_api/ir/tensor_py.cc:730] DataPtr] Tensor device address is null
[ERROR] COMMON(826951,ffff9f4d5020,python):2026-09-14-17:34:17.736.851 [mindspore/ccsrc/pybind_api/ir/tensor_py.cc:730] DataPtr] Tensor device address is null
[ERROR] COMMON(826951,ffff9f4d5020,python):2026-09-14-17:34:17.739.244 [mindspore/ccsrc/pybind_api/ir/tensor_py.cc:730] DataPtr] Tensor device address is null
[ERROR] COMMON(826951,ffff9f4d5020,python):2026-09-14-17:34:17.739.924 [mindspore/ccsrc/pybind_api/ir/tensor_py.cc:730] DataPtr] Tensor device address is null
[ERROR] COMMON(826951,ffff9f4d5020,python):2026-09-14-17:34:17.742.561 [mindspore/ccsrc/pybind_api/ir/tensor_py.cc:730] DataPtr] Tensor device address is null
[ERROR] COMMON(826951,ffff9f4d5020,python):2026-09-14-17:34:17.743.274 [mindspore/ccsrc/pybind_api/ir/tensor_py.cc:730] DataPtr] Tensor device address is null
[ERROR] COMMON(826951,ffff9f4d5020,python):2026-09-14-17:34:17.745.209 [mindspore/ccsrc/pybind_api/ir/tensor_py.cc:730] DataPtr] Tensor device address is null
[ERROR] COMMON(826951,ffff9f4d5020,python):2026-09-14-17:34:17.745.925 [mindspore/ccsrc/pybind_api/ir/tensor_py.cc:730] DataPtr] Tensor device address is null
[ERROR] COMMON(826951,ffff9f4d5020,python):2026-09-14-17:34:17.748.299 [mindspore/ccsrc/pybind_api/ir/tensor_py.cc:730] DataPtr] Tensor device address is null
[ERROR] COMMON(826951,ffff9f4d5020,python):2026-09-14-17:34:17.748.987 [mindspore/ccsrc/pybind_api/ir/tensor_py.cc:730] DataPtr] Tensor device address is null
[ERROR] COMMON(826951,ffff9f4d5020,python):2026-09-14-17:34:17.754.760 [mindspore/ccsrc/pybind_api/ir/tensor_py.cc:730] DataPtr] Tensor device address is null
[ERROR] COMMON(826951,ffff9f4d5020,python):2026-09-14-17:34:17.755.483 [mindspore/ccsrc/pybind_api/ir/tensor_py.cc:730] DataPtr] Tensor device address is null
[ERROR] COMMON(826951,ffff9f4d5020,python):2026-09-14-17:34:17.760.713 [mindspore/ccsrc/pybind_api/ir/tensor_py.cc:730] DataPtr] Tensor device address is null
[ERROR] COMMON(826951,ffff9f4d5020,python):2026-09-14-17:34:17.761.435 [mindspore/ccsrc/pybind_api/ir/tensor_py.cc:730] DataPtr] Tensor device address is null
[ERROR] COMMON(826951,ffff9f4d5020,python):2026-09-14-17:34:17.762.113 [mindspore/ccsrc/pybind_api/ir/tensor_py.cc:730] DataPtr] Tensor device address is null
[ERROR] COMMON(826951,ffff9f4d5020,python):2026-09-14-17:34:17.762.806 [mindspore/ccsrc/pybind_api/ir/tensor_py.cc:730] DataPtr] Tensor device address is null
[ERROR] COMMON(826951,ffff9f4d5020,python):2026-09-14-17:34:17.763.590 [mindspore/ccsrc/pybind_api/ir/tensor_py.cc:730] DataPtr] Tensor device address is null
[ERROR] COMMON(826951,ffff9f4d5020,python):2026-09-14-17:34:17.764.282 [mindspore/ccsrc/pybind_api/ir/tensor_py.cc:730] DataPtr] Tensor device address is null
[ERROR] COMMON(826951,ffff9f4d5020,python):2026-09-14-17:34:17.766.742 [mindspore/ccsrc/pybind_api/ir/tensor_py.cc:730] DataPtr] Tensor device address is null
[ERROR] COMMON(826951,ffff9f4d5020,python):2026-09-14-17:34:17.767.453 [mindspore/ccsrc/pybind_api/ir/tensor_py.cc:730] DataPtr] Tensor device address is null
[ERROR] COMMON(826951,ffff9f4d5020,python):2026-09-14-17:34:17.770.111 [mindspore/ccsrc/pybind_api/ir/tensor_py.cc:730] DataPtr] Tensor device address is null
[ERROR] COMMON(826951,ffff9f4d5020,python):2026-09-14-17:34:17.770.819 [mindspore/ccsrc/pybind_api/ir/tensor_py.cc:730] DataPtr] Tensor device address is null
[ERROR] COMMON(826951,ffff9f4d5020,python):2026-09-14-17:34:17.773.256 [mindspore/ccsrc/pybind_api/ir/tensor_py.cc:730] DataPtr] Tensor device address is null
[ERROR] COMMON(826951,ffff9f4d5020,python):2026-09-14-17:34:17.773.970 [mindspore/ccsrc/pybind_api/ir/tensor_py.cc:730] DataPtr] Tensor device address is null
[ERROR] COMMON(826951,ffff9f4d5020,python):2026-09-14-17:34:17.776.425 [mindspore/ccsrc/pybind_api/ir/tensor_py.cc:730] DataPtr] Tensor device address is null
[ERROR] COMMON(826951,ffff9f4d5020,python):2026-09-14-17:34:17.777.158 [mindspore/ccsrc/pybind_api/ir/tensor_py.cc:730] DataPtr] Tensor device address is null
[ERROR] COMMON(826951,ffff9f4d5020,python):2026-09-14-17:34:17.782.410 [mindspore/ccsrc/pybind_api/ir/tensor_py.cc:730] DataPtr] Tensor device address is null
[ERROR] COMMON(826951,ffff9f4d5020,python):2026-09-14-17:34:17.783.147 [mindspore/ccsrc/pybind_api/ir/tensor_py.cc:730] DataPtr] Tensor device address is null
[ERROR] COMMON(826951,ffff9f4d5020,python):2026-09-14-17:34:17.789.009 [mindspore/ccsrc/pybind_api/ir/tensor_py.cc:730] DataPtr] Tensor device address is null
[ERROR] COMMON(826951,ffff9f4d5020,python):2026-09-14-17:34:17.789.732 [mindspore/ccsrc/pybind_api/ir/tensor_py.cc:730] DataPtr] Tensor device address is null
[ERROR] COMMON(826951,ffff9f4d5020,python):2026-09-14-17:34:17.859.601 [mindspore/ccsrc/pybind_api/ir/tensor_py.cc:730] DataPtr] Tensor device address is null
[ERROR] COMMON(826951,ffff9f4d5020,python):2026-09-14-17:34:17.860.952 [mindspore/ccsrc/pybind_api/ir/tensor_py.cc:730] DataPtr] Tensor device address is null
[ERROR] COMMON(826951,ffff9f4d5020,python):2026-09-14-17:34:17.861.661 [mindspore/ccsrc/pybind_api/ir/tensor_py.cc:730] DataPtr] Tensor device address is null
[ERROR] COMMON(826951,ffff9f4d5020,python):2026-09-14-17:34:17.862.342 [mindspore/ccsrc/pybind_api/ir/tensor_py.cc:730] DataPtr] Tensor device address is null
[ERROR] COMMON(826951,ffff9f4d5020,python):2026-09-14-17:34:17.863.032 [mindspore/ccsrc/pybind_api/ir/tensor_py.cc:730] DataPtr] Tensor device address is null
[ERROR] COMMON(826951,ffff9f4d5020,python):2026-09-14-17:34:17.863.709 [mindspore/ccsrc/pybind_api/ir/tensor_py.cc:730] DataPtr] Tensor device address is null
[ERROR] COMMON(826951,ffff9f4d5020,python):2026-09-14-17:34:17.864.392 [mindspore/ccsrc/pybind_api/ir/tensor_py.cc:730] DataPtr] Tensor device address is null
[ERROR] COMMON(826951,ffff9f4d5020,python):2026-09-14-17:34:17.865.079 [mindspore/ccsrc/pybind_api/ir/tensor_py.cc:730] DataPtr] Tensor device address is null
[ERROR] COMMON(826951,ffff9f4d5020,python):2026-09-14-17:34:17.867.524 [mindspore/ccsrc/pybind_api/ir/tensor_py.cc:730] DataPtr] Tensor device address is null
[ERROR] COMMON(826951,ffff9f4d5020,python):2026-09-14-17:34:17.868.209 [mindspore/ccsrc/pybind_api/ir/tensor_py.cc:730] DataPtr] Tensor device address is null
[ERROR] COMMON(826951,ffff9f4d5020,python):2026-09-14-17:34:17.870.678 [mindspore/ccsrc/pybind_api/ir/tensor_py.cc:730] DataPtr] Tensor device address is null
[ERROR] COMMON(826951,ffff9f4d5020,python):2026-09-14-17:34:17.871.379 [mindspore/ccsrc/pybind_api/ir/tensor_py.cc:730] DataPtr] Tensor device address is null
[ERROR] COMMON(826951,ffff9f4d5020,python):2026-09-14-17:34:17.873.357 [mindspore/ccsrc/pybind_api/ir/tensor_py.cc:730] DataPtr] Tensor device address is null
[ERROR] COMMON(826951,ffff9f4d5020,python):2026-09-14-17:34:17.874.051 [mindspore/ccsrc/pybind_api/ir/tensor_py.cc:730] DataPtr] Tensor device address is null
[ERROR] COMMON(826951,ffff9f4d5020,python):2026-09-14-17:34:17.876.423 [mindspore/ccsrc/pybind_api/ir/tensor_py.cc:730] DataPtr] Tensor device address is null
[ERROR] COMMON(826951,ffff9f4d5020,python):2026-09-14-17:34:17.877.111 [mindspore/ccsrc/pybind_api/ir/tensor_py.cc:730] DataPtr] Tensor device address is null
[ERROR] COMMON(826951,ffff9f4d5020,python):2026-09-14-17:34:17.882.866 [mindspore/ccsrc/pybind_api/ir/tensor_py.cc:730] DataPtr] Tensor device address is null
[ERROR] COMMON(826951,ffff9f4d5020,python):2026-09-14-17:34:17.883.605 [mindspore/ccsrc/pybind_api/ir/tensor_py.cc:730] DataPtr] Tensor device address is null
[ERROR] COMMON(826951,ffff9f4d5020,python):2026-09-14-17:34:17.888.804 [mindspore/ccsrc/pybind_api/ir/tensor_py.cc:730] DataPtr] Tensor device address is null
[ERROR] COMMON(826951,ffff9f4d5020,python):2026-09-14-17:34:17.889.554 [mindspore/ccsrc/pybind_api/ir/tensor_py.cc:730] DataPtr] Tensor device address is null
[ERROR] COMMON(826951,ffff9f4d5020,python):2026-09-14-17:34:17.890.240 [mindspore/ccsrc/pybind_api/ir/tensor_py.cc:730] DataPtr] Tensor device address is null
[ERROR] COMMON(826951,ffff9f4d5020,python):2026-09-14-17:34:17.890.926 [mindspore/ccsrc/pybind_api/ir/tensor_py.cc:730] DataPtr] Tensor device address is null
[ERROR] COMMON(826951,ffff9f4d5020,python):2026-09-14-17:34:17.891.604 [mindspore/ccsrc/pybind_api/ir/tensor_py.cc:730] DataPtr] Tensor device address is null
[ERROR] COMMON(826951,ffff9f4d5020,python):2026-09-14-17:34:17.892.284 [mindspore/ccsrc/pybind_api/ir/tensor_py.cc:730] DataPtr] Tensor device address is null
[ERROR] COMMON(826951,ffff9f4d5020,python):2026-09-14-17:34:17.894.677 [mindspore/ccsrc/pybind_api/ir/tensor_py.cc:730] DataPtr] Tensor device address is null
[ERROR] COMMON(826951,ffff9f4d5020,python):2026-09-14-17:34:17.895.379 [mindspore/ccsrc/pybind_api/ir/tensor_py.cc:730] DataPtr] Tensor device address is null
[ERROR] COMMON(826951,ffff9f4d5020,python):2026-09-14-17:34:17.898.010 [mindspore/ccsrc/pybind_api/ir/tensor_py.cc:730] DataPtr] Tensor device address is null
[ERROR] COMMON(826951,ffff9f4d5020,python):2026-09-14-17:34:17.898.721 [mindspore/ccsrc/pybind_api/ir/tensor_py.cc:730] DataPtr] Tensor device address is null
[ERROR] COMMON(826951,ffff9f4d5020,python):2026-09-14-17:34:17.901.109 [mindspore/ccsrc/pybind_api/ir/tensor_py.cc:730] DataPtr] Tensor device address is null
[ERROR] COMMON(826951,ffff9f4d5020,python):2026-09-14-17:34:17.901.801 [mindspore/ccsrc/pybind_api/ir/tensor_py.cc:730] DataPtr] Tensor device address is null
[ERROR] COMMON(826951,ffff9f4d5020,python):2026-09-14-17:34:17.904.148 [mindspore/ccsrc/pybind_api/ir/tensor_py.cc:730] DataPtr] Tensor device address is null
[ERROR] COMMON(826951,ffff9f4d5020,python):2026-09-14-17:34:17.904.832 [mindspore/ccsrc/pybind_api/ir/tensor_py.cc:730] DataPtr] Tensor device address is null
[ERROR] COMMON(826951,ffff9f4d5020,python):2026-09-14-17:34:17.910.166 [mindspore/ccsrc/pybind_api/ir/tensor_py.cc:730] DataPtr] Tensor device address is null
[ERROR] COMMON(826951,ffff9f4d5020,python):2026-09-14-17:34:17.910.914 [mindspore/ccsrc/pybind_api/ir/tensor_py.cc:730] DataPtr] Tensor device address is null
[ERROR] COMMON(826951,ffff9f4d5020,python):2026-09-14-17:34:17.916.875 [mindspore/ccsrc/pybind_api/ir/tensor_py.cc:730] DataPtr] Tensor device address is null
[ERROR] COMMON(826951,ffff9f4d5020,python):2026-09-14-17:34:17.917.620 [mindspore/ccsrc/pybind_api/ir/tensor_py.cc:730] DataPtr] Tensor device address is null
[ERROR] COMMON(826951,ffff9f4d5020,python):2026-09-14-17:34:17.918.303 [mindspore/ccsrc/pybind_api/ir/tensor_py.cc:730] DataPtr] Tensor device address is null
[ERROR] COMMON(826951,ffff9f4d5020,python):2026-09-14-17:34:17.918.986 [mindspore/ccsrc/pybind_api/ir/tensor_py.cc:730] DataPtr] Tensor device address is null
[ERROR] COMMON(826951,ffff9f4d5020,python):2026-09-14-17:34:17.919.660 [mindspore/ccsrc/pybind_api/ir/tensor_py.cc:730] DataPtr] Tensor device address is null
[ERROR] COMMON(826951,ffff9f4d5020,python):2026-09-14-17:34:17.920.327 [mindspore/ccsrc/pybind_api/ir/tensor_py.cc:730] DataPtr] Tensor device address is null
[ERROR] COMMON(826951,ffff9f4d5020,python):2026-09-14-17:34:17.922.763 [mindspore/ccsrc/pybind_api/ir/tensor_py.cc:730] DataPtr] Tensor device address is null
[ERROR] COMMON(826951,ffff9f4d5020,python):2026-09-14-17:34:17.923.472 [mindspore/ccsrc/pybind_api/ir/tensor_py.cc:730] DataPtr] Tensor device address is null
[ERROR] COMMON(826951,ffff9f4d5020,python):2026-09-14-17:34:17.926.198 [mindspore/ccsrc/pybind_api/ir/tensor_py.cc:730] DataPtr] Tensor device address is null
[ERROR] COMMON(826951,ffff9f4d5020,python):2026-09-14-17:34:17.926.908 [mindspore/ccsrc/pybind_api/ir/tensor_py.cc:730] DataPtr] Tensor device address is null
[ERROR] COMMON(826951,ffff9f4d5020,python):2026-09-14-17:34:17.928.831 [mindspore/ccsrc/pybind_api/ir/tensor_py.cc:730] DataPtr] Tensor device address is null
[ERROR] COMMON(826951,ffff9f4d5020,python):2026-09-14-17:34:17.929.525 [mindspore/ccsrc/pybind_api/ir/tensor_py.cc:730] DataPtr] Tensor device address is null
[ERROR] COMMON(826951,ffff9f4d5020,python):2026-09-14-17:34:17.931.960 [mindspore/ccsrc/pybind_api/ir/tensor_py.cc:730] DataPtr] Tensor device address is null
[ERROR] COMMON(826951,ffff9f4d5020,python):2026-09-14-17:34:17.932.656 [mindspore/ccsrc/pybind_api/ir/tensor_py.cc:730] DataPtr] Tensor device address is null
[ERROR] COMMON(826951,ffff9f4d5020,python):2026-09-14-17:34:17.938.673 [mindspore/ccsrc/pybind_api/ir/tensor_py.cc:730] DataPtr] Tensor device address is null
[ERROR] COMMON(826951,ffff9f4d5020,python):2026-09-14-17:34:17.939.415 [mindspore/ccsrc/pybind_api/ir/tensor_py.cc:730] DataPtr] Tensor device address is null
[ERROR] COMMON(826951,ffff9f4d5020,python):2026-09-14-17:34:17.944.830 [mindspore/ccsrc/pybind_api/ir/tensor_py.cc:730] DataPtr] Tensor device address is null
[ERROR] COMMON(826951,ffff9f4d5020,python):2026-09-14-17:34:17.945.555 [mindspore/ccsrc/pybind_api/ir/tensor_py.cc:730] DataPtr] Tensor device address is null
[ERROR] COMMON(826951,ffff9f4d5020,python):2026-09-14-17:34:17.946.234 [mindspore/ccsrc/pybind_api/ir/tensor_py.cc:730] DataPtr] Tensor device address is null
[ERROR] COMMON(826951,ffff9f4d5020,python):2026-09-14-17:34:17.946.914 [mindspore/ccsrc/pybind_api/ir/tensor_py.cc:730] DataPtr] Tensor device address is null
[ERROR] COMMON(826951,ffff9f4d5020,python):2026-09-14-17:34:17.947.587 [mindspore/ccsrc/pybind_api/ir/tensor_py.cc:730] DataPtr] Tensor device address is null
[ERROR] COMMON(826951,ffff9f4d5020,python):2026-09-14-17:34:17.948.255 [mindspore/ccsrc/pybind_api/ir/tensor_py.cc:730] DataPtr] Tensor device address is null
[ERROR] COMMON(826951,ffff9f4d5020,python):2026-09-14-17:34:17.950.694 [mindspore/ccsrc/pybind_api/ir/tensor_py.cc:730] DataPtr] Tensor device address is null
[ERROR] COMMON(826951,ffff9f4d5020,python):2026-09-14-17:34:17.951.388 [mindspore/ccsrc/pybind_api/ir/tensor_py.cc:730] DataPtr] Tensor device address is null
[ERROR] COMMON(826951,ffff9f4d5020,python):2026-09-14-17:34:17.953.849 [mindspore/ccsrc/pybind_api/ir/tensor_py.cc:730] DataPtr] Tensor device address is null
[ERROR] COMMON(826951,ffff9f4d5020,python):2026-09-14-17:34:17.954.571 [mindspore/ccsrc/pybind_api/ir/tensor_py.cc:730] DataPtr] Tensor device address is null
[ERROR] COMMON(826951,ffff9f4d5020,python):2026-09-14-17:34:17.957.021 [mindspore/ccsrc/pybind_api/ir/tensor_py.cc:730] DataPtr] Tensor device address is null
[ERROR] COMMON(826951,ffff9f4d5020,python):2026-09-14-17:34:17.957.723 [mindspore/ccsrc/pybind_api/ir/tensor_py.cc:730] DataPtr] Tensor device address is null
[ERROR] COMMON(826951,ffff9f4d5020,python):2026-09-14-17:34:17.960.092 [mindspore/ccsrc/pybind_api/ir/tensor_py.cc:730] DataPtr] Tensor device address is null
[ERROR] COMMON(826951,ffff9f4d5020,python):2026-09-14-17:34:17.960.794 [mindspore/ccsrc/pybind_api/ir/tensor_py.cc:730] DataPtr] Tensor device address is null
[ERROR] COMMON(826951,ffff9f4d5020,python):2026-09-14-17:34:17.966.028 [mindspore/ccsrc/pybind_api/ir/tensor_py.cc:730] DataPtr] Tensor device address is null
[ERROR] COMMON(826951,ffff9f4d5020,python):2026-09-14-17:34:17.966.769 [mindspore/ccsrc/pybind_api/ir/tensor_py.cc:730] DataPtr] Tensor device address is null
[ERROR] COMMON(826951,ffff9f4d5020,python):2026-09-14-17:34:17.972.497 [mindspore/ccsrc/pybind_api/ir/tensor_py.cc:730] DataPtr] Tensor device address is null
[ERROR] COMMON(826951,ffff9f4d5020,python):2026-09-14-17:34:17.973.230 [mindspore/ccsrc/pybind_api/ir/tensor_py.cc:730] DataPtr] Tensor device address is null
[ERROR] COMMON(826951,ffff9f4d5020,python):2026-09-14-17:34:17.973.908 [mindspore/ccsrc/pybind_api/ir/tensor_py.cc:730] DataPtr] Tensor device address is null
[ERROR] COMMON(826951,ffff9f4d5020,python):2026-09-14-17:34:17.974.595 [mindspore/ccsrc/pybind_api/ir/tensor_py.cc:730] DataPtr] Tensor device address is null
[ERROR] COMMON(826951,ffff9f4d5020,python):2026-09-14-17:34:17.975.274 [mindspore/ccsrc/pybind_api/ir/tensor_py.cc:730] DataPtr] Tensor device address is null
[ERROR] COMMON(826951,ffff9f4d5020,python):2026-09-14-17:34:17.975.940 [mindspore/ccsrc/pybind_api/ir/tensor_py.cc:730] DataPtr] Tensor device address is null
[ERROR] COMMON(826951,ffff9f4d5020,python):2026-09-14-17:34:17.978.320 [mindspore/ccsrc/pybind_api/ir/tensor_py.cc:730] DataPtr] Tensor device address is null
[ERROR] COMMON(826951,ffff9f4d5020,python):2026-09-14-17:34:17.979.021 [mindspore/ccsrc/pybind_api/ir/tensor_py.cc:730] DataPtr] Tensor device address is null
[ERROR] COMMON(826951,ffff9f4d5020,python):2026-09-14-17:34:17.981.605 [mindspore/ccsrc/pybind_api/ir/tensor_py.cc:730] DataPtr] Tensor device address is null
[ERROR] COMMON(826951,ffff9f4d5020,python):2026-09-14-17:34:17.982.318 [mindspore/ccsrc/pybind_api/ir/tensor_py.cc:730] DataPtr] Tensor device address is null
[ERROR] COMMON(826951,ffff9f4d5020,python):2026-09-14-17:34:17.984.270 [mindspore/ccsrc/pybind_api/ir/tensor_py.cc:730] DataPtr] Tensor device address is null
[ERROR] COMMON(826951,ffff9f4d5020,python):2026-09-14-17:34:17.984.957 [mindspore/ccsrc/pybind_api/ir/tensor_py.cc:730] DataPtr] Tensor device address is null
[ERROR] COMMON(826951,ffff9f4d5020,python):2026-09-14-17:34:17.987.349 [mindspore/ccsrc/pybind_api/ir/tensor_py.cc:730] DataPtr] Tensor device address is null
[ERROR] COMMON(826951,ffff9f4d5020,python):2026-09-14-17:34:17.988.035 [mindspore/ccsrc/pybind_api/ir/tensor_py.cc:730] DataPtr] Tensor device address is null
[ERROR] COMMON(826951,ffff9f4d5020,python):2026-09-14-17:34:17.996.242 [mindspore/ccsrc/pybind_api/ir/tensor_py.cc:730] DataPtr] Tensor device address is null
[ERROR] COMMON(826951,ffff9f4d5020,python):2026-09-14-17:34:17.997.050 [mindspore/ccsrc/pybind_api/ir/tensor_py.cc:730] DataPtr] Tensor device address is null
[ERROR] COMMON(826951,ffff9f4d5020,python):2026-09-14-17:34:18.002.485 [mindspore/ccsrc/pybind_api/ir/tensor_py.cc:730] DataPtr] Tensor device address is null
[ERROR] COMMON(826951,ffff9f4d5020,python):2026-09-14-17:34:18.003.236 [mindspore/ccsrc/pybind_api/ir/tensor_py.cc:730] DataPtr] Tensor device address is null
[ERROR] COMMON(826951,ffff9f4d5020,python):2026-09-14-17:34:18.003.937 [mindspore/ccsrc/pybind_api/ir/tensor_py.cc:730] DataPtr] Tensor device address is null
[ERROR] COMMON(826951,ffff9f4d5020,python):2026-09-14-17:34:18.004.630 [mindspore/ccsrc/pybind_api/ir/tensor_py.cc:730] DataPtr] Tensor device address is null
[ERROR] COMMON(826951,ffff9f4d5020,python):2026-09-14-17:34:18.005.323 [mindspore/ccsrc/pybind_api/ir/tensor_py.cc:730] DataPtr] Tensor device address is null
[ERROR] COMMON(826951,ffff9f4d5020,python):2026-09-14-17:34:18.005.990 [mindspore/ccsrc/pybind_api/ir/tensor_py.cc:730] DataPtr] Tensor device address is null
[ERROR] COMMON(826951,ffff9f4d5020,python):2026-09-14-17:34:18.008.508 [mindspore/ccsrc/pybind_api/ir/tensor_py.cc:730] DataPtr] Tensor device address is null
[ERROR] COMMON(826951,ffff9f4d5020,python):2026-09-14-17:34:18.009.208 [mindspore/ccsrc/pybind_api/ir/tensor_py.cc:730] DataPtr] Tensor device address is null
[ERROR] COMMON(826951,ffff9f4d5020,python):2026-09-14-17:34:18.011.953 [mindspore/ccsrc/pybind_api/ir/tensor_py.cc:730] DataPtr] Tensor device address is null
[ERROR] COMMON(826951,ffff9f4d5020,python):2026-09-14-17:34:18.012.658 [mindspore/ccsrc/pybind_api/ir/tensor_py.cc:730] DataPtr] Tensor device address is null
[ERROR] COMMON(826951,ffff9f4d5020,python):2026-09-14-17:34:18.015.098 [mindspore/ccsrc/pybind_api/ir/tensor_py.cc:730] DataPtr] Tensor device address is null
[ERROR] COMMON(826951,ffff9f4d5020,python):2026-09-14-17:34:18.015.793 [mindspore/ccsrc/pybind_api/ir/tensor_py.cc:730] DataPtr] Tensor device address is null
[ERROR] COMMON(826951,ffff9f4d5020,python):2026-09-14-17:34:18.018.213 [mindspore/ccsrc/pybind_api/ir/tensor_py.cc:730] DataPtr] Tensor device address is null
[ERROR] COMMON(826951,ffff9f4d5020,python):2026-09-14-17:34:18.018.905 [mindspore/ccsrc/pybind_api/ir/tensor_py.cc:730] DataPtr] Tensor device address is null
[ERROR] COMMON(826951,ffff9f4d5020,python):2026-09-14-17:34:18.024.242 [mindspore/ccsrc/pybind_api/ir/tensor_py.cc:730] DataPtr] Tensor device address is null
[ERROR] COMMON(826951,ffff9f4d5020,python):2026-09-14-17:34:18.025.005 [mindspore/ccsrc/pybind_api/ir/tensor_py.cc:730] DataPtr] Tensor device address is null
[ERROR] COMMON(826951,ffff9f4d5020,python):2026-09-14-17:34:18.030.757 [mindspore/ccsrc/pybind_api/ir/tensor_py.cc:730] DataPtr] Tensor device address is null
[ERROR] COMMON(826951,ffff9f4d5020,python):2026-09-14-17:34:18.031.497 [mindspore/ccsrc/pybind_api/ir/tensor_py.cc:730] DataPtr] Tensor device address is null
[ERROR] COMMON(826951,ffff9f4d5020,python):2026-09-14-17:34:18.032.200 [mindspore/ccsrc/pybind_api/ir/tensor_py.cc:730] DataPtr] Tensor device address is null
[ERROR] COMMON(826951,ffff9f4d5020,python):2026-09-14-17:34:18.032.914 [mindspore/ccsrc/pybind_api/ir/tensor_py.cc:730] DataPtr] Tensor device address is null
[ERROR] COMMON(826951,ffff9f4d5020,python):2026-09-14-17:34:18.033.600 [mindspore/ccsrc/pybind_api/ir/tensor_py.cc:730] DataPtr] Tensor device address is null
[ERROR] COMMON(826951,ffff9f4d5020,python):2026-09-14-17:34:18.034.276 [mindspore/ccsrc/pybind_api/ir/tensor_py.cc:730] DataPtr] Tensor device address is null
[ERROR] COMMON(826951,ffff9f4d5020,python):2026-09-14-17:34:18.036.660 [mindspore/ccsrc/pybind_api/ir/tensor_py.cc:730] DataPtr] Tensor device address is null
[ERROR] COMMON(826951,ffff9f4d5020,python):2026-09-14-17:34:18.037.376 [mindspore/ccsrc/pybind_api/ir/tensor_py.cc:730] DataPtr] Tensor device address is null
[ERROR] COMMON(826951,ffff9f4d5020,python):2026-09-14-17:34:18.039.903 [mindspore/ccsrc/pybind_api/ir/tensor_py.cc:730] DataPtr] Tensor device address is null
[ERROR] COMMON(826951,ffff9f4d5020,python):2026-09-14-17:34:18.040.605 [mindspore/ccsrc/pybind_api/ir/tensor_py.cc:730] DataPtr] Tensor device address is null
[ERROR] COMMON(826951,ffff9f4d5020,python):2026-09-14-17:34:18.042.542 [mindspore/ccsrc/pybind_api/ir/tensor_py.cc:730] DataPtr] Tensor device address is null
[ERROR] COMMON(826951,ffff9f4d5020,python):2026-09-14-17:34:18.043.229 [mindspore/ccsrc/pybind_api/ir/tensor_py.cc:730] DataPtr] Tensor device address is null
[ERROR] COMMON(826951,ffff9f4d5020,python):2026-09-14-17:34:18.045.612 [mindspore/ccsrc/pybind_api/ir/tensor_py.cc:730] DataPtr] Tensor device address is null
[ERROR] COMMON(826951,ffff9f4d5020,python):2026-09-14-17:34:18.046.294 [mindspore/ccsrc/pybind_api/ir/tensor_py.cc:730] DataPtr] Tensor device address is null
[ERROR] COMMON(826951,ffff9f4d5020,python):2026-09-14-17:34:18.052.021 [mindspore/ccsrc/pybind_api/ir/tensor_py.cc:730] DataPtr] Tensor device address is null
[ERROR] COMMON(826951,ffff9f4d5020,python):2026-09-14-17:34:18.052.760 [mindspore/ccsrc/pybind_api/ir/tensor_py.cc:730] DataPtr] Tensor device address is null
[ERROR] COMMON(826951,ffff9f4d5020,python):2026-09-14-17:34:18.058.024 [mindspore/ccsrc/pybind_api/ir/tensor_py.cc:730] DataPtr] Tensor device address is null
[ERROR] COMMON(826951,ffff9f4d5020,python):2026-09-14-17:34:18.058.750 [mindspore/ccsrc/pybind_api/ir/tensor_py.cc:730] DataPtr] Tensor device address is null
[ERROR] COMMON(826951,ffff9f4d5020,python):2026-09-14-17:34:18.059.445 [mindspore/ccsrc/pybind_api/ir/tensor_py.cc:730] DataPtr] Tensor device address is null
[ERROR] COMMON(826951,ffff9f4d5020,python):2026-09-14-17:34:18.060.131 [mindspore/ccsrc/pybind_api/ir/tensor_py.cc:730] DataPtr] Tensor device address is null
[ERROR] COMMON(826951,ffff9f4d5020,python):2026-09-14-17:34:18.060.827 [mindspore/ccsrc/pybind_api/ir/tensor_py.cc:730] DataPtr] Tensor device address is null
[ERROR] COMMON(826951,ffff9f4d5020,python):2026-09-14-17:34:18.061.523 [mindspore/ccsrc/pybind_api/ir/tensor_py.cc:730] DataPtr] Tensor device address is null
[ERROR] COMMON(826951,ffff9f4d5020,python):2026-09-14-17:34:18.063.983 [mindspore/ccsrc/pybind_api/ir/tensor_py.cc:730] DataPtr] Tensor device address is null
[ERROR] COMMON(826951,ffff9f4d5020,python):2026-09-14-17:34:18.064.685 [mindspore/ccsrc/pybind_api/ir/tensor_py.cc:730] DataPtr] Tensor device address is null
[ERROR] COMMON(826951,ffff9f4d5020,python):2026-09-14-17:34:18.067.342 [mindspore/ccsrc/pybind_api/ir/tensor_py.cc:730] DataPtr] Tensor device address is null
[ERROR] COMMON(826951,ffff9f4d5020,python):2026-09-14-17:34:18.068.044 [mindspore/ccsrc/pybind_api/ir/tensor_py.cc:730] DataPtr] Tensor device address is null
[ERROR] COMMON(826951,ffff9f4d5020,python):2026-09-14-17:34:18.070.507 [mindspore/ccsrc/pybind_api/ir/tensor_py.cc:730] DataPtr] Tensor device address is null
[ERROR] COMMON(826951,ffff9f4d5020,python):2026-09-14-17:34:18.071.202 [mindspore/ccsrc/pybind_api/ir/tensor_py.cc:730] DataPtr] Tensor device address is null
[ERROR] COMMON(826951,ffff9f4d5020,python):2026-09-14-17:34:18.073.700 [mindspore/ccsrc/pybind_api/ir/tensor_py.cc:730] DataPtr] Tensor device address is null
[ERROR] COMMON(826951,ffff9f4d5020,python):2026-09-14-17:34:18.074.428 [mindspore/ccsrc/pybind_api/ir/tensor_py.cc:730] DataPtr] Tensor device address is null
[ERROR] COMMON(826951,ffff9f4d5020,python):2026-09-14-17:34:18.079.680 [mindspore/ccsrc/pybind_api/ir/tensor_py.cc:730] DataPtr] Tensor device address is null
[ERROR] COMMON(826951,ffff9f4d5020,python):2026-09-14-17:34:18.080.436 [mindspore/ccsrc/pybind_api/ir/tensor_py.cc:730] DataPtr] Tensor device address is null
[ERROR] COMMON(826951,ffff9f4d5020,python):2026-09-14-17:34:18.086.328 [mindspore/ccsrc/pybind_api/ir/tensor_py.cc:730] DataPtr] Tensor device address is null
[ERROR] COMMON(826951,ffff9f4d5020,python):2026-09-14-17:34:18.087.057 [mindspore/ccsrc/pybind_api/ir/tensor_py.cc:730] DataPtr] Tensor device address is null
[ERROR] COMMON(826951,ffff9f4d5020,python):2026-09-14-17:34:18.087.747 [mindspore/ccsrc/pybind_api/ir/tensor_py.cc:730] DataPtr] Tensor device address is null
[ERROR] COMMON(826951,ffff9f4d5020,python):2026-09-14-17:34:18.088.423 [mindspore/ccsrc/pybind_api/ir/tensor_py.cc:730] DataPtr] Tensor device address is null
[ERROR] COMMON(826951,ffff9f4d5020,python):2026-09-14-17:34:18.089.296 [mindspore/ccsrc/pybind_api/ir/tensor_py.cc:730] DataPtr] Tensor device address is null
[ERROR] COMMON(826951,ffff9f4d5020,python):2026-09-14-17:34:18.089.988 [mindspore/ccsrc/pybind_api/ir/tensor_py.cc:730] DataPtr] Tensor device address is null
[ERROR] COMMON(826951,ffff9f4d5020,python):2026-09-14-17:34:18.092.466 [mindspore/ccsrc/pybind_api/ir/tensor_py.cc:730] DataPtr] Tensor device address is null
[ERROR] COMMON(826951,ffff9f4d5020,python):2026-09-14-17:34:18.093.176 [mindspore/ccsrc/pybind_api/ir/tensor_py.cc:730] DataPtr] Tensor device address is null
[ERROR] COMMON(826951,ffff9f4d5020,python):2026-09-14-17:34:18.095.685 [mindspore/ccsrc/pybind_api/ir/tensor_py.cc:730] DataPtr] Tensor device address is null
[ERROR] COMMON(826951,ffff9f4d5020,python):2026-09-14-17:34:18.096.383 [mindspore/ccsrc/pybind_api/ir/tensor_py.cc:730] DataPtr] Tensor device address is null
[ERROR] COMMON(826951,ffff9f4d5020,python):2026-09-14-17:34:18.098.343 [mindspore/ccsrc/pybind_api/ir/tensor_py.cc:730] DataPtr] Tensor device address is null
[ERROR] COMMON(826951,ffff9f4d5020,python):2026-09-14-17:34:18.099.039 [mindspore/ccsrc/pybind_api/ir/tensor_py.cc:730] DataPtr] Tensor device address is null
[ERROR] COMMON(826951,ffff9f4d5020,python):2026-09-14-17:34:18.101.490 [mindspore/ccsrc/pybind_api/ir/tensor_py.cc:730] DataPtr] Tensor device address is null
[ERROR] COMMON(826951,ffff9f4d5020,python):2026-09-14-17:34:18.102.184 [mindspore/ccsrc/pybind_api/ir/tensor_py.cc:730] DataPtr] Tensor device address is null
[ERROR] COMMON(826951,ffff9f4d5020,python):2026-09-14-17:34:18.107.877 [mindspore/ccsrc/pybind_api/ir/tensor_py.cc:730] DataPtr] Tensor device address is null
[ERROR] COMMON(826951,ffff9f4d5020,python):2026-09-14-17:34:18.108.628 [mindspore/ccsrc/pybind_api/ir/tensor_py.cc:730] DataPtr] Tensor device address is null
[ERROR] COMMON(826951,ffff9f4d5020,python):2026-09-14-17:34:18.113.923 [mindspore/ccsrc/pybind_api/ir/tensor_py.cc:730] DataPtr] Tensor device address is null
[ERROR] COMMON(826951,ffff9f4d5020,python):2026-09-14-17:34:18.114.623 [mindspore/ccsrc/pybind_api/ir/tensor_py.cc:730] DataPtr] Tensor device address is null
[ERROR] COMMON(826951,ffff9f4d5020,python):2026-09-14-17:34:18.115.311 [mindspore/ccsrc/pybind_api/ir/tensor_py.cc:730] DataPtr] Tensor device address is null
[ERROR] COMMON(826951,ffff9f4d5020,python):2026-09-14-17:34:18.115.992 [mindspore/ccsrc/pybind_api/ir/tensor_py.cc:730] DataPtr] Tensor device address is null
[ERROR] COMMON(826951,ffff9f4d5020,python):2026-09-14-17:34:18.116.674 [mindspore/ccsrc/pybind_api/ir/tensor_py.cc:730] DataPtr] Tensor device address is null
[ERROR] COMMON(826951,ffff9f4d5020,python):2026-09-14-17:34:18.117.364 [mindspore/ccsrc/pybind_api/ir/tensor_py.cc:730] DataPtr] Tensor device address is null
[ERROR] COMMON(826951,ffff9f4d5020,python):2026-09-14-17:34:18.119.745 [mindspore/ccsrc/pybind_api/ir/tensor_py.cc:730] DataPtr] Tensor device address is null
[ERROR] COMMON(826951,ffff9f4d5020,python):2026-09-14-17:34:18.120.441 [mindspore/ccsrc/pybind_api/ir/tensor_py.cc:730] DataPtr] Tensor device address is null
[ERROR] COMMON(826951,ffff9f4d5020,python):2026-09-14-17:34:18.122.999 [mindspore/ccsrc/pybind_api/ir/tensor_py.cc:730] DataPtr] Tensor device address is null
[ERROR] COMMON(826951,ffff9f4d5020,python):2026-09-14-17:34:18.123.696 [mindspore/ccsrc/pybind_api/ir/tensor_py.cc:730] DataPtr] Tensor device address is null
[ERROR] COMMON(826951,ffff9f4d5020,python):2026-09-14-17:34:18.126.107 [mindspore/ccsrc/pybind_api/ir/tensor_py.cc:730] DataPtr] Tensor device address is null
[ERROR] COMMON(826951,ffff9f4d5020,python):2026-09-14-17:34:18.126.817 [mindspore/ccsrc/pybind_api/ir/tensor_py.cc:730] DataPtr] Tensor device address is null
[ERROR] COMMON(826951,ffff9f4d5020,python):2026-09-14-17:34:18.129.187 [mindspore/ccsrc/pybind_api/ir/tensor_py.cc:730] DataPtr] Tensor device address is null
[ERROR] COMMON(826951,ffff9f4d5020,python):2026-09-14-17:34:18.129.878 [mindspore/ccsrc/pybind_api/ir/tensor_py.cc:730] DataPtr] Tensor device address is null
[ERROR] COMMON(826951,ffff9f4d5020,python):2026-09-14-17:34:18.135.263 [mindspore/ccsrc/pybind_api/ir/tensor_py.cc:730] DataPtr] Tensor device address is null
[ERROR] COMMON(826951,ffff9f4d5020,python):2026-09-14-17:34:18.136.003 [mindspore/ccsrc/pybind_api/ir/tensor_py.cc:730] DataPtr] Tensor device address is null
[ERROR] COMMON(826951,ffff9f4d5020,python):2026-09-14-17:34:18.141.836 [mindspore/ccsrc/pybind_api/ir/tensor_py.cc:730] DataPtr] Tensor device address is null
[ERROR] COMMON(826951,ffff9f4d5020,python):2026-09-14-17:34:18.142.567 [mindspore/ccsrc/pybind_api/ir/tensor_py.cc:730] DataPtr] Tensor device address is null
[ERROR] COMMON(826951,ffff9f4d5020,python):2026-09-14-17:34:18.143.264 [mindspore/ccsrc/pybind_api/ir/tensor_py.cc:730] DataPtr] Tensor device address is null
[ERROR] COMMON(826951,ffff9f4d5020,python):2026-09-14-17:34:18.143.953 [mindspore/ccsrc/pybind_api/ir/tensor_py.cc:730] DataPtr] Tensor device address is null
[ERROR] COMMON(826951,ffff9f4d5020,python):2026-09-14-17:34:18.144.663 [mindspore/ccsrc/pybind_api/ir/tensor_py.cc:730] DataPtr] Tensor device address is null
[ERROR] COMMON(826951,ffff9f4d5020,python):2026-09-14-17:34:18.145.359 [mindspore/ccsrc/pybind_api/ir/tensor_py.cc:730] DataPtr] Tensor device address is null
[ERROR] COMMON(826951,ffff9f4d5020,python):2026-09-14-17:34:18.147.840 [mindspore/ccsrc/pybind_api/ir/tensor_py.cc:730] DataPtr] Tensor device address is null
[ERROR] COMMON(826951,ffff9f4d5020,python):2026-09-14-17:34:18.148.528 [mindspore/ccsrc/pybind_api/ir/tensor_py.cc:730] DataPtr] Tensor device address is null
[ERROR] COMMON(826951,ffff9f4d5020,python):2026-09-14-17:34:18.151.288 [mindspore/ccsrc/pybind_api/ir/tensor_py.cc:730] DataPtr] Tensor device address is null
[ERROR] COMMON(826951,ffff9f4d5020,python):2026-09-14-17:34:18.151.998 [mindspore/ccsrc/pybind_api/ir/tensor_py.cc:730] DataPtr] Tensor device address is null
[ERROR] COMMON(826951,ffff9f4d5020,python):2026-09-14-17:34:18.153.942 [mindspore/ccsrc/pybind_api/ir/tensor_py.cc:730] DataPtr] Tensor device address is null
[ERROR] COMMON(826951,ffff9f4d5020,python):2026-09-14-17:34:18.154.636 [mindspore/ccsrc/pybind_api/ir/tensor_py.cc:730] DataPtr] Tensor device address is null
[ERROR] COMMON(826951,ffff9f4d5020,python):2026-09-14-17:34:18.157.099 [mindspore/ccsrc/pybind_api/ir/tensor_py.cc:730] DataPtr] Tensor device address is null
[ERROR] COMMON(826951,ffff9f4d5020,python):2026-09-14-17:34:18.157.813 [mindspore/ccsrc/pybind_api/ir/tensor_py.cc:730] DataPtr] Tensor device address is null
[ERROR] COMMON(826951,ffff9f4d5020,python):2026-09-14-17:34:18.163.682 [mindspore/ccsrc/pybind_api/ir/tensor_py.cc:730] DataPtr] Tensor device address is null
[ERROR] COMMON(826951,ffff9f4d5020,python):2026-09-14-17:34:18.164.421 [mindspore/ccsrc/pybind_api/ir/tensor_py.cc:730] DataPtr] Tensor device address is null
[ERROR] COMMON(826951,ffff9f4d5020,python):2026-09-14-17:34:18.169.921 [mindspore/ccsrc/pybind_api/ir/tensor_py.cc:730] DataPtr] Tensor device address is null
[ERROR] COMMON(826951,ffff9f4d5020,python):2026-09-14-17:34:18.170.630 [mindspore/ccsrc/pybind_api/ir/tensor_py.cc:730] DataPtr] Tensor device address is null
[ERROR] COMMON(826951,ffff9f4d5020,python):2026-09-14-17:34:18.171.312 [mindspore/ccsrc/pybind_api/ir/tensor_py.cc:730] DataPtr] Tensor device address is null
[ERROR] COMMON(826951,ffff9f4d5020,python):2026-09-14-17:34:18.171.999 [mindspore/ccsrc/pybind_api/ir/tensor_py.cc:730] DataPtr] Tensor device address is null
[ERROR] COMMON(826951,ffff9f4d5020,python):2026-09-14-17:34:18.172.696 [mindspore/ccsrc/pybind_api/ir/tensor_py.cc:730] DataPtr] Tensor device address is null
[ERROR] COMMON(826951,ffff9f4d5020,python):2026-09-14-17:34:18.173.391 [mindspore/ccsrc/pybind_api/ir/tensor_py.cc:730] DataPtr] Tensor device address is null
[ERROR] COMMON(826951,ffff9f4d5020,python):2026-09-14-17:34:18.175.812 [mindspore/ccsrc/pybind_api/ir/tensor_py.cc:730] DataPtr] Tensor device address is null
[ERROR] COMMON(826951,ffff9f4d5020,python):2026-09-14-17:34:18.176.511 [mindspore/ccsrc/pybind_api/ir/tensor_py.cc:730] DataPtr] Tensor device address is null
[ERROR] COMMON(826951,ffff9f4d5020,python):2026-09-14-17:34:18.178.988 [mindspore/ccsrc/pybind_api/ir/tensor_py.cc:730] DataPtr] Tensor device address is null
[ERROR] COMMON(826951,ffff9f4d5020,python):2026-09-14-17:34:18.179.703 [mindspore/ccsrc/pybind_api/ir/tensor_py.cc:730] DataPtr] Tensor device address is null
[ERROR] COMMON(826951,ffff9f4d5020,python):2026-09-14-17:34:18.182.148 [mindspore/ccsrc/pybind_api/ir/tensor_py.cc:730] DataPtr] Tensor device address is null
[ERROR] COMMON(826951,ffff9f4d5020,python):2026-09-14-17:34:18.182.859 [mindspore/ccsrc/pybind_api/ir/tensor_py.cc:730] DataPtr] Tensor device address is null
[ERROR] COMMON(826951,ffff9f4d5020,python):2026-09-14-17:34:18.185.236 [mindspore/ccsrc/pybind_api/ir/tensor_py.cc:730] DataPtr] Tensor device address is null
[ERROR] COMMON(826951,ffff9f4d5020,python):2026-09-14-17:34:18.185.934 [mindspore/ccsrc/pybind_api/ir/tensor_py.cc:730] DataPtr] Tensor device address is null
[ERROR] COMMON(826951,ffff9f4d5020,python):2026-09-14-17:34:18.191.208 [mindspore/ccsrc/pybind_api/ir/tensor_py.cc:730] DataPtr] Tensor device address is null
[ERROR] COMMON(826951,ffff9f4d5020,python):2026-09-14-17:34:18.191.952 [mindspore/ccsrc/pybind_api/ir/tensor_py.cc:730] DataPtr] Tensor device address is null
[ERROR] COMMON(826951,ffff9f4d5020,python):2026-09-14-17:34:18.197.620 [mindspore/ccsrc/pybind_api/ir/tensor_py.cc:730] DataPtr] Tensor device address is null
