/home/user7/miniconda3/envs/ms_2.5/lib/python3.9/site-packages/numpy/core/getlimits.py:549: UserWarning: The value of the smallest subnormal for <class 'numpy.float64'> type is zero.
  setattr(self, word, getattr(machar, word).flat[0])
/home/user7/miniconda3/envs/ms_2.5/lib/python3.9/site-packages/numpy/core/getlimits.py:89: UserWarning: The value of the smallest subnormal for <class 'numpy.float64'> type is zero.
  return self._float_to_str(self.smallest_subnormal)
/home/user7/miniconda3/envs/ms_2.5/lib/python3.9/site-packages/numpy/core/getlimits.py:549: UserWarning: The value of the smallest subnormal for <class 'numpy.float32'> type is zero.
  setattr(self, word, getattr(machar, word).flat[0])
/home/user7/miniconda3/envs/ms_2.5/lib/python3.9/site-packages/numpy/core/getlimits.py:89: UserWarning: The value of the smallest subnormal for <class 'numpy.float32'> type is zero.
  return self._float_to_str(self.smallest_subnormal)
[WARNING] ME(817214:281473676664864,MainProcess):2026-09-14-17:29:43.144.192 [mindspore/context.py:1335] For 'context.set_context', the parameter 'deterministic' will be deprecated and removed in a future version. Please use the api mindspore.set_deterministic() instead.
[WARNING] ME(817214:281473676664864,MainProcess):2026-09-14-17:29:43.145.302 [mindspore/context.py:1335] For 'context.set_context', the parameter 'device_target' will be deprecated and removed in a future version. Please use the api mindspore.set_device() instead.
[WARNING] ME(817214:281473676664864,MainProcess):2026-09-14-17:29:43.146.060 [mindspore/context.py:1335] For 'context.set_context', the parameter 'device_id' will be deprecated and removed in a future version. Please use the api mindspore.set_device() instead.
[WARNING] ME(817214:281473676664864,MainProcess):2026-09-14-17:29:43.146.339 [mindspore/hal/stream.py:272] WARN_DEPRECATED: The usage of mindspore.hal.synchronize() is deprecated. Please use mindspore.runtime.synchronize()
EAL: '-c <coremask>' option is deprecated, and will be removed in a future release
EAL: 	Use '-l <corelist>' or '--lcores=<corelist>' option instead
[Diag] after spdk_env_init: rte_lcore_count=1 rte_socket_count=8 spdk_core_count=1
[Diag] reactor: rings w=0x2000008fd600 r=0x2000008fd080 m=0x2000008fcb80 pollers s=0xfffe2c001db0 w=0xfffe2c001f50 r=0xfffe2c0020f0 m=0xfffe2c002290
[NPU-NVMe] Found matching controller at 0000:83:00.0
[WARNING] ME(817214:281472927658400,MainProcess):2026-09-14-17:29:47.231.847 [mindspore/context.py:1282] For 'context.set_context' in Ascend backend, the backend is already initialized, please set it before the definition of any Tensor and Parameter, and the instantiation and execution of any operation and net, otherwise the settings may not take effect. 
[WARNING] ME(817214:281472927658400,MainProcess):2026-09-14-17:29:47.232.186 [mindspore/context.py:1335] For 'context.set_context', the parameter 'deterministic' will be deprecated and removed in a future version. Please use the api mindspore.set_deterministic() instead.
[WARNING] ME(817214:281472927658400,MainProcess):2026-09-14-17:29:47.232.509 [mindspore/context.py:1282] For 'context.set_context' in Ascend backend, the backend is already initialized, please set it before the definition of any Tensor and Parameter, and the instantiation and execution of any operation and net, otherwise the settings may not take effect. 
[WARNING] ME(817214:281472927658400,MainProcess):2026-09-14-17:29:47.232.651 [mindspore/context.py:1335] For 'context.set_context', the parameter 'deterministic' will be deprecated and removed in a future version. Please use the api mindspore.set_deterministic() instead.
/home/user7/miniconda3/envs/ms_2.5/lib/python3.9/site-packages/jieba/_compat.py:18: UserWarning: pkg_resources is deprecated as an API. See https://setuptools.pypa.io/en/latest/pkg_resources.html. The pkg_resources package is slated for removal as early as 2025-11-30. Refrain from using this package or pin to Setuptools<81.
  import pkg_resources
[WARNING] ME(817214:281472927658400,MainProcess):2026-09-14-17:29:48.684.896 [mindspore/ops/primitive.py:217] The in_strategy/in_layout of the operator in your network will not take effect in stand_alone mode. This means the the shard function called in the network is ignored. 
If you want to enable it, please use semi auto or auto parallel mode by context.set_auto_parallel_context(parallel_mode=ParallelMode.SEMI_AUTO_PARALLEL or context.set_auto_parallel_context(parallel_mode=ParallelMode.AUTO_PARALLEL)
[WARNING] ME(817214:281472927658400,MainProcess):2026-09-14-17:29:50.716.424 [mindspore/common/parameter.py:851] This interface may be deleted in the future.
