/home/user7/miniconda3/envs/ms_2.5/lib/python3.9/site-packages/numpy/core/getlimits.py:549: UserWarning: The value of the smallest subnormal for <class 'numpy.float64'> type is zero.
  setattr(self, word, getattr(machar, word).flat[0])
/home/user7/miniconda3/envs/ms_2.5/lib/python3.9/site-packages/numpy/core/getlimits.py:89: UserWarning: The value of the smallest subnormal for <class 'numpy.float64'> type is zero.
  return self._float_to_str(self.smallest_subnormal)
/home/user7/miniconda3/envs/ms_2.5/lib/python3.9/site-packages/numpy/core/getlimits.py:549: UserWarning: The value of the smallest subnormal for <class 'numpy.float32'> type is zero.
  setattr(self, word, getattr(machar, word).flat[0])
/home/user7/miniconda3/envs/ms_2.5/lib/python3.9/site-packages/numpy/core/getlimits.py:89: UserWarning: The value of the smallest subnormal for <class 'numpy.float32'> type is zero.
  return self._float_to_str(self.smallest_subnormal)
[WARNING] ME(788511:281473477869600,MainProcess):2026-09-14-17:19:41.214.010 [mindspore/context.py:1335] For 'context.set_context', the parameter 'deterministic' will be deprecated and removed in a future version. Please use the api mindspore.set_deterministic() instead.
[WARNING] ME(788511:281473477869600,MainProcess):2026-09-14-17:19:41.215.477 [mindspore/context.py:1335] For 'context.set_context', the parameter 'deterministic' will be deprecated and removed in a future version. Please use the api mindspore.set_deterministic() instead.
[WARNING] ME(788511:281473477869600,MainProcess):2026-09-14-17:19:41.216.454 [mindspore/context.py:1335] For 'context.set_context', the parameter 'device_target' will be deprecated and removed in a future version. Please use the api mindspore.set_device() instead.
[WARNING] ME(788511:281473477869600,MainProcess):2026-09-14-17:19:41.217.213 [mindspore/context.py:1335] For 'context.set_context', the parameter 'device_id' will be deprecated and removed in a future version. Please use the api mindspore.set_device() instead.
/home/user7/miniconda3/envs/ms_2.5/lib/python3.9/site-packages/jieba/_compat.py:18: UserWarning: pkg_resources is deprecated as an API. See https://setuptools.pypa.io/en/latest/pkg_resources.html. The pkg_resources package is slated for removal as early as 2025-11-30. Refrain from using this package or pin to Setuptools<81.
  import pkg_resources
[WARNING] ME(788511:281473477869600,MainProcess):2026-09-14-17:19:42.372.433 [mindspore/ops/primitive.py:217] The in_strategy/in_layout of the operator in your network will not take effect in stand_alone mode. This means the the shard function called in the network is ignored. 
If you want to enable it, please use semi auto or auto parallel mode by context.set_auto_parallel_context(parallel_mode=ParallelMode.SEMI_AUTO_PARALLEL or context.set_auto_parallel_context(parallel_mode=ParallelMode.AUTO_PARALLEL)
[WARNING] ME(788511:281473477869600,MainProcess):2026-09-14-17:19:42.786.142 [mindspore/common/parameter.py:851] This interface may be deleted in the future.
[WARNING] ME(788511:281473477869600,MainProcess):2026-09-14-17:20:12.679.43 [mindspore/hal/stream.py:272] WARN_DEPRECATED: The usage of mindspore.hal.synchronize() is deprecated. Please use mindspore.runtime.synchronize()
[ERROR] COMMON(788511,ffffa6a98020,python):2026-09-14-17:20:20.437.467 [mindspore/ccsrc/pybind_api/ir/tensor_py.cc:730] DataPtr] Tensor device address is null
[ERROR] COMMON(788511,ffffa6a98020,python):2026-09-14-17:20:20.497.533 [mindspore/ccsrc/pybind_api/ir/tensor_py.cc:730] DataPtr] Tensor device address is null
[ERROR] COMMON(788511,ffffa6a98020,python):2026-09-14-17:20:20.506.049 [mindspore/ccsrc/pybind_api/ir/tensor_py.cc:730] DataPtr] Tensor device address is null
[ERROR] COMMON(788511,ffffa6a98020,python):2026-09-14-17:20:20.513.521 [mindspore/ccsrc/pybind_api/ir/tensor_py.cc:730] DataPtr] Tensor device address is null
[ERROR] COMMON(788511,ffffa6a98020,python):2026-09-14-17:20:20.514.274 [mindspore/ccsrc/pybind_api/ir/tensor_py.cc:730] DataPtr] Tensor device address is null
[ERROR] COMMON(788511,ffffa6a98020,python):2026-09-14-17:20:20.514.973 [mindspore/ccsrc/pybind_api/ir/tensor_py.cc:730] DataPtr] Tensor device address is null
[ERROR] COMMON(788511,ffffa6a98020,python):2026-09-14-17:20:20.515.694 [mindspore/ccsrc/pybind_api/ir/tensor_py.cc:730] DataPtr] Tensor device address is null
[ERROR] COMMON(788511,ffffa6a98020,python):2026-09-14-17:20:20.516.393 [mindspore/ccsrc/pybind_api/ir/tensor_py.cc:730] DataPtr] Tensor device address is null
[ERROR] COMMON(788511,ffffa6a98020,python):2026-09-14-17:20:20.517.101 [mindspore/ccsrc/pybind_api/ir/tensor_py.cc:730] DataPtr] Tensor device address is null
[ERROR] COMMON(788511,ffffa6a98020,python):2026-09-14-17:20:20.525.706 [mindspore/ccsrc/pybind_api/ir/tensor_py.cc:730] DataPtr] Tensor device address is null
[ERROR] COMMON(788511,ffffa6a98020,python):2026-09-14-17:20:20.526.448 [mindspore/ccsrc/pybind_api/ir/tensor_py.cc:730] DataPtr] Tensor device address is null
[ERROR] COMMON(788511,ffffa6a98020,python):2026-09-14-17:20:20.528.225 [mindspore/ccsrc/pybind_api/ir/tensor_py.cc:730] DataPtr] Tensor device address is null
[ERROR] COMMON(788511,ffffa6a98020,python):2026-09-14-17:20:20.528.936 [mindspore/ccsrc/pybind_api/ir/tensor_py.cc:730] DataPtr] Tensor device address is null
[ERROR] COMMON(788511,ffffa6a98020,python):2026-09-14-17:20:20.530.556 [mindspore/ccsrc/pybind_api/ir/tensor_py.cc:730] DataPtr] Tensor device address is null
[ERROR] COMMON(788511,ffffa6a98020,python):2026-09-14-17:20:20.531.259 [mindspore/ccsrc/pybind_api/ir/tensor_py.cc:730] DataPtr] Tensor device address is null
[ERROR] COMMON(788511,ffffa6a98020,python):2026-09-14-17:20:20.532.832 [mindspore/ccsrc/pybind_api/ir/tensor_py.cc:730] DataPtr] Tensor device address is null
[ERROR] COMMON(788511,ffffa6a98020,python):2026-09-14-17:20:20.533.549 [mindspore/ccsrc/pybind_api/ir/tensor_py.cc:730] DataPtr] Tensor device address is null
[ERROR] COMMON(788511,ffffa6a98020,python):2026-09-14-17:20:20.544.450 [mindspore/ccsrc/pybind_api/ir/tensor_py.cc:730] DataPtr] Tensor device address is null
[ERROR] COMMON(788511,ffffa6a98020,python):2026-09-14-17:20:20.551.756 [mindspore/ccsrc/pybind_api/ir/tensor_py.cc:730] DataPtr] Tensor device address is null
[ERROR] COMMON(788511,ffffa6a98020,python):2026-09-14-17:20:20.562.234 [mindspore/ccsrc/pybind_api/ir/tensor_py.cc:730] DataPtr] Tensor device address is null
[ERROR] COMMON(788511,ffffa6a98020,python):2026-09-14-17:20:20.563.005 [mindspore/ccsrc/pybind_api/ir/tensor_py.cc:730] DataPtr] Tensor device address is null
[ERROR] COMMON(788511,ffffa6a98020,python):2026-09-14-17:20:20.563.713 [mindspore/ccsrc/pybind_api/ir/tensor_py.cc:730] DataPtr] Tensor device address is null
[ERROR] COMMON(788511,ffffa6a98020,python):2026-09-14-17:20:20.564.432 [mindspore/ccsrc/pybind_api/ir/tensor_py.cc:730] DataPtr] Tensor device address is null
[ERROR] COMMON(788511,ffffa6a98020,python):2026-09-14-17:20:20.565.142 [mindspore/ccsrc/pybind_api/ir/tensor_py.cc:730] DataPtr] Tensor device address is null
[ERROR] COMMON(788511,ffffa6a98020,python):2026-09-14-17:20:20.565.857 [mindspore/ccsrc/pybind_api/ir/tensor_py.cc:730] DataPtr] Tensor device address is null
[ERROR] COMMON(788511,ffffa6a98020,python):2026-09-14-17:20:20.567.417 [mindspore/ccsrc/pybind_api/ir/tensor_py.cc:730] DataPtr] Tensor device address is null
[ERROR] COMMON(788511,ffffa6a98020,python):2026-09-14-17:20:20.568.137 [mindspore/ccsrc/pybind_api/ir/tensor_py.cc:730] DataPtr] Tensor device address is null
[ERROR] COMMON(788511,ffffa6a98020,python):2026-09-14-17:20:20.570.036 [mindspore/ccsrc/pybind_api/ir/tensor_py.cc:730] DataPtr] Tensor device address is null
[ERROR] COMMON(788511,ffffa6a98020,python):2026-09-14-17:20:20.570.752 [mindspore/ccsrc/pybind_api/ir/tensor_py.cc:730] DataPtr] Tensor device address is null
[ERROR] COMMON(788511,ffffa6a98020,python):2026-09-14-17:20:20.572.367 [mindspore/ccsrc/pybind_api/ir/tensor_py.cc:730] DataPtr] Tensor device address is null
[ERROR] COMMON(788511,ffffa6a98020,python):2026-09-14-17:20:20.573.077 [mindspore/ccsrc/pybind_api/ir/tensor_py.cc:730] DataPtr] Tensor device address is null
[ERROR] COMMON(788511,ffffa6a98020,python):2026-09-14-17:20:20.575.112 [mindspore/ccsrc/pybind_api/ir/tensor_py.cc:730] DataPtr] Tensor device address is null
[ERROR] COMMON(788511,ffffa6a98020,python):2026-09-14-17:20:20.575.848 [mindspore/ccsrc/pybind_api/ir/tensor_py.cc:730] DataPtr] Tensor device address is null
[ERROR] COMMON(788511,ffffa6a98020,python):2026-09-14-17:20:20.581.054 [mindspore/ccsrc/pybind_api/ir/tensor_py.cc:730] DataPtr] Tensor device address is null
[ERROR] COMMON(788511,ffffa6a98020,python):2026-09-14-17:20:20.581.817 [mindspore/ccsrc/pybind_api/ir/tensor_py.cc:730] DataPtr] Tensor device address is null
[ERROR] COMMON(788511,ffffa6a98020,python):2026-09-14-17:20:20.587.422 [mindspore/ccsrc/pybind_api/ir/tensor_py.cc:730] DataPtr] Tensor device address is null
[ERROR] COMMON(788511,ffffa6a98020,python):2026-09-14-17:20:20.588.186 [mindspore/ccsrc/pybind_api/ir/tensor_py.cc:730] DataPtr] Tensor device address is null
[ERROR] COMMON(788511,ffffa6a98020,python):2026-09-14-17:20:20.588.912 [mindspore/ccsrc/pybind_api/ir/tensor_py.cc:730] DataPtr] Tensor device address is null
[ERROR] COMMON(788511,ffffa6a98020,python):2026-09-14-17:20:20.589.632 [mindspore/ccsrc/pybind_api/ir/tensor_py.cc:730] DataPtr] Tensor device address is null
[ERROR] COMMON(788511,ffffa6a98020,python):2026-09-14-17:20:20.590.328 [mindspore/ccsrc/pybind_api/ir/tensor_py.cc:730] DataPtr] Tensor device address is null
[ERROR] COMMON(788511,ffffa6a98020,python):2026-09-14-17:20:20.591.033 [mindspore/ccsrc/pybind_api/ir/tensor_py.cc:730] DataPtr] Tensor device address is null
[ERROR] COMMON(788511,ffffa6a98020,python):2026-09-14-17:20:20.592.579 [mindspore/ccsrc/pybind_api/ir/tensor_py.cc:730] DataPtr] Tensor device address is null
[ERROR] COMMON(788511,ffffa6a98020,python):2026-09-14-17:20:20.593.307 [mindspore/ccsrc/pybind_api/ir/tensor_py.cc:730] DataPtr] Tensor device address is null
[ERROR] COMMON(788511,ffffa6a98020,python):2026-09-14-17:20:20.594.911 [mindspore/ccsrc/pybind_api/ir/tensor_py.cc:730] DataPtr] Tensor device address is null
[ERROR] COMMON(788511,ffffa6a98020,python):2026-09-14-17:20:20.595.618 [mindspore/ccsrc/pybind_api/ir/tensor_py.cc:730] DataPtr] Tensor device address is null
[ERROR] COMMON(788511,ffffa6a98020,python):2026-09-14-17:20:20.597.361 [mindspore/ccsrc/pybind_api/ir/tensor_py.cc:730] DataPtr] Tensor device address is null
[ERROR] COMMON(788511,ffffa6a98020,python):2026-09-14-17:20:20.598.085 [mindspore/ccsrc/pybind_api/ir/tensor_py.cc:730] DataPtr] Tensor device address is null
[ERROR] COMMON(788511,ffffa6a98020,python):2026-09-14-17:20:20.599.951 [mindspore/ccsrc/pybind_api/ir/tensor_py.cc:730] DataPtr] Tensor device address is null
[ERROR] COMMON(788511,ffffa6a98020,python):2026-09-14-17:20:20.600.671 [mindspore/ccsrc/pybind_api/ir/tensor_py.cc:730] DataPtr] Tensor device address is null
[ERROR] COMMON(788511,ffffa6a98020,python):2026-09-14-17:20:20.605.601 [mindspore/ccsrc/pybind_api/ir/tensor_py.cc:730] DataPtr] Tensor device address is null
[ERROR] COMMON(788511,ffffa6a98020,python):2026-09-14-17:20:20.606.340 [mindspore/ccsrc/pybind_api/ir/tensor_py.cc:730] DataPtr] Tensor device address is null
[ERROR] COMMON(788511,ffffa6a98020,python):2026-09-14-17:20:20.612.421 [mindspore/ccsrc/pybind_api/ir/tensor_py.cc:730] DataPtr] Tensor device address is null
[ERROR] COMMON(788511,ffffa6a98020,python):2026-09-14-17:20:20.613.217 [mindspore/ccsrc/pybind_api/ir/tensor_py.cc:730] DataPtr] Tensor device address is null
[ERROR] COMMON(788511,ffffa6a98020,python):2026-09-14-17:20:20.613.925 [mindspore/ccsrc/pybind_api/ir/tensor_py.cc:730] DataPtr] Tensor device address is null
[ERROR] COMMON(788511,ffffa6a98020,python):2026-09-14-17:20:20.614.637 [mindspore/ccsrc/pybind_api/ir/tensor_py.cc:730] DataPtr] Tensor device address is null
[ERROR] COMMON(788511,ffffa6a98020,python):2026-09-14-17:20:20.615.332 [mindspore/ccsrc/pybind_api/ir/tensor_py.cc:730] DataPtr] Tensor device address is null
[ERROR] COMMON(788511,ffffa6a98020,python):2026-09-14-17:20:20.616.042 [mindspore/ccsrc/pybind_api/ir/tensor_py.cc:730] DataPtr] Tensor device address is null
[ERROR] COMMON(788511,ffffa6a98020,python):2026-09-14-17:20:20.617.618 [mindspore/ccsrc/pybind_api/ir/tensor_py.cc:730] DataPtr] Tensor device address is null
[ERROR] COMMON(788511,ffffa6a98020,python):2026-09-14-17:20:20.618.355 [mindspore/ccsrc/pybind_api/ir/tensor_py.cc:730] DataPtr] Tensor device address is null
[ERROR] COMMON(788511,ffffa6a98020,python):2026-09-14-17:20:20.619.903 [mindspore/ccsrc/pybind_api/ir/tensor_py.cc:730] DataPtr] Tensor device address is null
[ERROR] COMMON(788511,ffffa6a98020,python):2026-09-14-17:20:20.620.628 [mindspore/ccsrc/pybind_api/ir/tensor_py.cc:730] DataPtr] Tensor device address is null
[ERROR] COMMON(788511,ffffa6a98020,python):2026-09-14-17:20:20.622.250 [mindspore/ccsrc/pybind_api/ir/tensor_py.cc:730] DataPtr] Tensor device address is null
[ERROR] COMMON(788511,ffffa6a98020,python):2026-09-14-17:20:20.622.953 [mindspore/ccsrc/pybind_api/ir/tensor_py.cc:730] DataPtr] Tensor device address is null
[ERROR] COMMON(788511,ffffa6a98020,python):2026-09-14-17:20:20.624.936 [mindspore/ccsrc/pybind_api/ir/tensor_py.cc:730] DataPtr] Tensor device address is null
[ERROR] COMMON(788511,ffffa6a98020,python):2026-09-14-17:20:20.625.670 [mindspore/ccsrc/pybind_api/ir/tensor_py.cc:730] DataPtr] Tensor device address is null
[ERROR] COMMON(788511,ffffa6a98020,python):2026-09-14-17:20:20.630.321 [mindspore/ccsrc/pybind_api/ir/tensor_py.cc:730] DataPtr] Tensor device address is null
[ERROR] COMMON(788511,ffffa6a98020,python):2026-09-14-17:20:20.631.060 [mindspore/ccsrc/pybind_api/ir/tensor_py.cc:730] DataPtr] Tensor device address is null
[ERROR] COMMON(788511,ffffa6a98020,python):2026-09-14-17:20:20.636.970 [mindspore/ccsrc/pybind_api/ir/tensor_py.cc:730] DataPtr] Tensor device address is null
[ERROR] COMMON(788511,ffffa6a98020,python):2026-09-14-17:20:20.637.722 [mindspore/ccsrc/pybind_api/ir/tensor_py.cc:730] DataPtr] Tensor device address is null
[ERROR] COMMON(788511,ffffa6a98020,python):2026-09-14-17:20:20.638.423 [mindspore/ccsrc/pybind_api/ir/tensor_py.cc:730] DataPtr] Tensor device address is null
[ERROR] COMMON(788511,ffffa6a98020,python):2026-09-14-17:20:20.639.143 [mindspore/ccsrc/pybind_api/ir/tensor_py.cc:730] DataPtr] Tensor device address is null
[ERROR] COMMON(788511,ffffa6a98020,python):2026-09-14-17:20:20.639.831 [mindspore/ccsrc/pybind_api/ir/tensor_py.cc:730] DataPtr] Tensor device address is null
[ERROR] COMMON(788511,ffffa6a98020,python):2026-09-14-17:20:20.640.559 [mindspore/ccsrc/pybind_api/ir/tensor_py.cc:730] DataPtr] Tensor device address is null
[ERROR] COMMON(788511,ffffa6a98020,python):2026-09-14-17:20:20.642.162 [mindspore/ccsrc/pybind_api/ir/tensor_py.cc:730] DataPtr] Tensor device address is null
[ERROR] COMMON(788511,ffffa6a98020,python):2026-09-14-17:20:20.642.875 [mindspore/ccsrc/pybind_api/ir/tensor_py.cc:730] DataPtr] Tensor device address is null
[ERROR] COMMON(788511,ffffa6a98020,python):2026-09-14-17:20:20.644.477 [mindspore/ccsrc/pybind_api/ir/tensor_py.cc:730] DataPtr] Tensor device address is null
[ERROR] COMMON(788511,ffffa6a98020,python):2026-09-14-17:20:20.645.211 [mindspore/ccsrc/pybind_api/ir/tensor_py.cc:730] DataPtr] Tensor device address is null
[ERROR] COMMON(788511,ffffa6a98020,python):2026-09-14-17:20:20.646.965 [mindspore/ccsrc/pybind_api/ir/tensor_py.cc:730] DataPtr] Tensor device address is null
[ERROR] COMMON(788511,ffffa6a98020,python):2026-09-14-17:20:20.647.674 [mindspore/ccsrc/pybind_api/ir/tensor_py.cc:730] DataPtr] Tensor device address is null
[ERROR] COMMON(788511,ffffa6a98020,python):2026-09-14-17:20:20.649.566 [mindspore/ccsrc/pybind_api/ir/tensor_py.cc:730] DataPtr] Tensor device address is null
[ERROR] COMMON(788511,ffffa6a98020,python):2026-09-14-17:20:20.650.294 [mindspore/ccsrc/pybind_api/ir/tensor_py.cc:730] DataPtr] Tensor device address is null
[ERROR] COMMON(788511,ffffa6a98020,python):2026-09-14-17:20:20.655.097 [mindspore/ccsrc/pybind_api/ir/tensor_py.cc:730] DataPtr] Tensor device address is null
[ERROR] COMMON(788511,ffffa6a98020,python):2026-09-14-17:20:20.656.632 [mindspore/ccsrc/pybind_api/ir/tensor_py.cc:730] DataPtr] Tensor device address is null
[ERROR] COMMON(788511,ffffa6a98020,python):2026-09-14-17:20:20.662.472 [mindspore/ccsrc/pybind_api/ir/tensor_py.cc:730] DataPtr] Tensor device address is null
[ERROR] COMMON(788511,ffffa6a98020,python):2026-09-14-17:20:20.663.232 [mindspore/ccsrc/pybind_api/ir/tensor_py.cc:730] DataPtr] Tensor device address is null
[ERROR] COMMON(788511,ffffa6a98020,python):2026-09-14-17:20:20.663.936 [mindspore/ccsrc/pybind_api/ir/tensor_py.cc:730] DataPtr] Tensor device address is null
[ERROR] COMMON(788511,ffffa6a98020,python):2026-09-14-17:20:20.664.669 [mindspore/ccsrc/pybind_api/ir/tensor_py.cc:730] DataPtr] Tensor device address is null
[ERROR] COMMON(788511,ffffa6a98020,python):2026-09-14-17:20:20.665.382 [mindspore/ccsrc/pybind_api/ir/tensor_py.cc:730] DataPtr] Tensor device address is null
[ERROR] COMMON(788511,ffffa6a98020,python):2026-09-14-17:20:20.666.093 [mindspore/ccsrc/pybind_api/ir/tensor_py.cc:730] DataPtr] Tensor device address is null
[ERROR] COMMON(788511,ffffa6a98020,python):2026-09-14-17:20:20.667.684 [mindspore/ccsrc/pybind_api/ir/tensor_py.cc:730] DataPtr] Tensor device address is null
[ERROR] COMMON(788511,ffffa6a98020,python):2026-09-14-17:20:20.668.405 [mindspore/ccsrc/pybind_api/ir/tensor_py.cc:730] DataPtr] Tensor device address is null
[ERROR] COMMON(788511,ffffa6a98020,python):2026-09-14-17:20:20.670.060 [mindspore/ccsrc/pybind_api/ir/tensor_py.cc:730] DataPtr] Tensor device address is null
[ERROR] COMMON(788511,ffffa6a98020,python):2026-09-14-17:20:20.670.776 [mindspore/ccsrc/pybind_api/ir/tensor_py.cc:730] DataPtr] Tensor device address is null
[ERROR] COMMON(788511,ffffa6a98020,python):2026-09-14-17:20:20.672.338 [mindspore/ccsrc/pybind_api/ir/tensor_py.cc:730] DataPtr] Tensor device address is null
[ERROR] COMMON(788511,ffffa6a98020,python):2026-09-14-17:20:20.673.063 [mindspore/ccsrc/pybind_api/ir/tensor_py.cc:730] DataPtr] Tensor device address is null
[ERROR] COMMON(788511,ffffa6a98020,python):2026-09-14-17:20:20.675.024 [mindspore/ccsrc/pybind_api/ir/tensor_py.cc:730] DataPtr] Tensor device address is null
[ERROR] COMMON(788511,ffffa6a98020,python):2026-09-14-17:20:20.675.736 [mindspore/ccsrc/pybind_api/ir/tensor_py.cc:730] DataPtr] Tensor device address is null
[ERROR] COMMON(788511,ffffa6a98020,python):2026-09-14-17:20:20.680.711 [mindspore/ccsrc/pybind_api/ir/tensor_py.cc:730] DataPtr] Tensor device address is null
[ERROR] COMMON(788511,ffffa6a98020,python):2026-09-14-17:20:20.681.462 [mindspore/ccsrc/pybind_api/ir/tensor_py.cc:730] DataPtr] Tensor device address is null
[ERROR] COMMON(788511,ffffa6a98020,python):2026-09-14-17:20:20.687.505 [mindspore/ccsrc/pybind_api/ir/tensor_py.cc:730] DataPtr] Tensor device address is null
[ERROR] COMMON(788511,ffffa6a98020,python):2026-09-14-17:20:20.688.270 [mindspore/ccsrc/pybind_api/ir/tensor_py.cc:730] DataPtr] Tensor device address is null
[ERROR] COMMON(788511,ffffa6a98020,python):2026-09-14-17:20:20.688.983 [mindspore/ccsrc/pybind_api/ir/tensor_py.cc:730] DataPtr] Tensor device address is null
[ERROR] COMMON(788511,ffffa6a98020,python):2026-09-14-17:20:20.689.697 [mindspore/ccsrc/pybind_api/ir/tensor_py.cc:730] DataPtr] Tensor device address is null
[ERROR] COMMON(788511,ffffa6a98020,python):2026-09-14-17:20:20.690.390 [mindspore/ccsrc/pybind_api/ir/tensor_py.cc:730] DataPtr] Tensor device address is null
[ERROR] COMMON(788511,ffffa6a98020,python):2026-09-14-17:20:20.691.100 [mindspore/ccsrc/pybind_api/ir/tensor_py.cc:730] DataPtr] Tensor device address is null
[ERROR] COMMON(788511,ffffa6a98020,python):2026-09-14-17:20:20.692.666 [mindspore/ccsrc/pybind_api/ir/tensor_py.cc:730] DataPtr] Tensor device address is null
[ERROR] COMMON(788511,ffffa6a98020,python):2026-09-14-17:20:20.693.405 [mindspore/ccsrc/pybind_api/ir/tensor_py.cc:730] DataPtr] Tensor device address is null
[ERROR] COMMON(788511,ffffa6a98020,python):2026-09-14-17:20:20.695.812 [mindspore/ccsrc/pybind_api/ir/tensor_py.cc:730] DataPtr] Tensor device address is null
[ERROR] COMMON(788511,ffffa6a98020,python):2026-09-14-17:20:20.696.523 [mindspore/ccsrc/pybind_api/ir/tensor_py.cc:730] DataPtr] Tensor device address is null
[ERROR] COMMON(788511,ffffa6a98020,python):2026-09-14-17:20:20.698.931 [mindspore/ccsrc/pybind_api/ir/tensor_py.cc:730] DataPtr] Tensor device address is null
[ERROR] COMMON(788511,ffffa6a98020,python):2026-09-14-17:20:20.699.651 [mindspore/ccsrc/pybind_api/ir/tensor_py.cc:730] DataPtr] Tensor device address is null
[ERROR] COMMON(788511,ffffa6a98020,python):2026-09-14-17:20:20.702.029 [mindspore/ccsrc/pybind_api/ir/tensor_py.cc:730] DataPtr] Tensor device address is null
[ERROR] COMMON(788511,ffffa6a98020,python):2026-09-14-17:20:20.702.762 [mindspore/ccsrc/pybind_api/ir/tensor_py.cc:730] DataPtr] Tensor device address is null
[ERROR] COMMON(788511,ffffa6a98020,python):2026-09-14-17:20:20.708.776 [mindspore/ccsrc/pybind_api/ir/tensor_py.cc:730] DataPtr] Tensor device address is null
[ERROR] COMMON(788511,ffffa6a98020,python):2026-09-14-17:20:20.709.534 [mindspore/ccsrc/pybind_api/ir/tensor_py.cc:730] DataPtr] Tensor device address is null
[ERROR] COMMON(788511,ffffa6a98020,python):2026-09-14-17:20:20.715.438 [mindspore/ccsrc/pybind_api/ir/tensor_py.cc:730] DataPtr] Tensor device address is null
[ERROR] COMMON(788511,ffffa6a98020,python):2026-09-14-17:20:20.716.192 [mindspore/ccsrc/pybind_api/ir/tensor_py.cc:730] DataPtr] Tensor device address is null
[ERROR] COMMON(788511,ffffa6a98020,python):2026-09-14-17:20:20.716.910 [mindspore/ccsrc/pybind_api/ir/tensor_py.cc:730] DataPtr] Tensor device address is null
[ERROR] COMMON(788511,ffffa6a98020,python):2026-09-14-17:20:20.717.634 [mindspore/ccsrc/pybind_api/ir/tensor_py.cc:730] DataPtr] Tensor device address is null
[ERROR] COMMON(788511,ffffa6a98020,python):2026-09-14-17:20:20.718.324 [mindspore/ccsrc/pybind_api/ir/tensor_py.cc:730] DataPtr] Tensor device address is null
[ERROR] COMMON(788511,ffffa6a98020,python):2026-09-14-17:20:20.719.044 [mindspore/ccsrc/pybind_api/ir/tensor_py.cc:730] DataPtr] Tensor device address is null
[ERROR] COMMON(788511,ffffa6a98020,python):2026-09-14-17:20:20.721.481 [mindspore/ccsrc/pybind_api/ir/tensor_py.cc:730] DataPtr] Tensor device address is null
[ERROR] COMMON(788511,ffffa6a98020,python):2026-09-14-17:20:20.722.210 [mindspore/ccsrc/pybind_api/ir/tensor_py.cc:730] DataPtr] Tensor device address is null
[ERROR] COMMON(788511,ffffa6a98020,python):2026-09-14-17:20:20.724.651 [mindspore/ccsrc/pybind_api/ir/tensor_py.cc:730] DataPtr] Tensor device address is null
[ERROR] COMMON(788511,ffffa6a98020,python):2026-09-14-17:20:20.725.393 [mindspore/ccsrc/pybind_api/ir/tensor_py.cc:730] DataPtr] Tensor device address is null
[ERROR] COMMON(788511,ffffa6a98020,python):2026-09-14-17:20:20.727.812 [mindspore/ccsrc/pybind_api/ir/tensor_py.cc:730] DataPtr] Tensor device address is null
[ERROR] COMMON(788511,ffffa6a98020,python):2026-09-14-17:20:20.728.523 [mindspore/ccsrc/pybind_api/ir/tensor_py.cc:730] DataPtr] Tensor device address is null
[ERROR] COMMON(788511,ffffa6a98020,python):2026-09-14-17:20:20.730.898 [mindspore/ccsrc/pybind_api/ir/tensor_py.cc:730] DataPtr] Tensor device address is null
[ERROR] COMMON(788511,ffffa6a98020,python):2026-09-14-17:20:20.731.619 [mindspore/ccsrc/pybind_api/ir/tensor_py.cc:730] DataPtr] Tensor device address is null
[ERROR] COMMON(788511,ffffa6a98020,python):2026-09-14-17:20:20.737.581 [mindspore/ccsrc/pybind_api/ir/tensor_py.cc:730] DataPtr] Tensor device address is null
[ERROR] COMMON(788511,ffffa6a98020,python):2026-09-14-17:20:20.738.343 [mindspore/ccsrc/pybind_api/ir/tensor_py.cc:730] DataPtr] Tensor device address is null
[ERROR] COMMON(788511,ffffa6a98020,python):2026-09-14-17:20:20.744.650 [mindspore/ccsrc/pybind_api/ir/tensor_py.cc:730] DataPtr] Tensor device address is null
[ERROR] COMMON(788511,ffffa6a98020,python):2026-09-14-17:20:20.745.421 [mindspore/ccsrc/pybind_api/ir/tensor_py.cc:730] DataPtr] Tensor device address is null
[ERROR] COMMON(788511,ffffa6a98020,python):2026-09-14-17:20:20.746.134 [mindspore/ccsrc/pybind_api/ir/tensor_py.cc:730] DataPtr] Tensor device address is null
[ERROR] COMMON(788511,ffffa6a98020,python):2026-09-14-17:20:20.746.830 [mindspore/ccsrc/pybind_api/ir/tensor_py.cc:730] DataPtr] Tensor device address is null
[ERROR] COMMON(788511,ffffa6a98020,python):2026-09-14-17:20:20.747.547 [mindspore/ccsrc/pybind_api/ir/tensor_py.cc:730] DataPtr] Tensor device address is null
[ERROR] COMMON(788511,ffffa6a98020,python):2026-09-14-17:20:20.748.269 [mindspore/ccsrc/pybind_api/ir/tensor_py.cc:730] DataPtr] Tensor device address is null
[ERROR] COMMON(788511,ffffa6a98020,python):2026-09-14-17:20:20.750.263 [mindspore/ccsrc/pybind_api/ir/tensor_py.cc:730] DataPtr] Tensor device address is null
[ERROR] COMMON(788511,ffffa6a98020,python):2026-09-14-17:20:20.750.994 [mindspore/ccsrc/pybind_api/ir/tensor_py.cc:730] DataPtr] Tensor device address is null
[ERROR] COMMON(788511,ffffa6a98020,python):2026-09-14-17:20:20.753.485 [mindspore/ccsrc/pybind_api/ir/tensor_py.cc:730] DataPtr] Tensor device address is null
[ERROR] COMMON(788511,ffffa6a98020,python):2026-09-14-17:20:20.754.209 [mindspore/ccsrc/pybind_api/ir/tensor_py.cc:730] DataPtr] Tensor device address is null
[ERROR] COMMON(788511,ffffa6a98020,python):2026-09-14-17:20:20.756.666 [mindspore/ccsrc/pybind_api/ir/tensor_py.cc:730] DataPtr] Tensor device address is null
[ERROR] COMMON(788511,ffffa6a98020,python):2026-09-14-17:20:20.757.405 [mindspore/ccsrc/pybind_api/ir/tensor_py.cc:730] DataPtr] Tensor device address is null
[ERROR] COMMON(788511,ffffa6a98020,python):2026-09-14-17:20:20.759.854 [mindspore/ccsrc/pybind_api/ir/tensor_py.cc:730] DataPtr] Tensor device address is null
[ERROR] COMMON(788511,ffffa6a98020,python):2026-09-14-17:20:20.760.602 [mindspore/ccsrc/pybind_api/ir/tensor_py.cc:730] DataPtr] Tensor device address is null
[ERROR] COMMON(788511,ffffa6a98020,python):2026-09-14-17:20:20.766.590 [mindspore/ccsrc/pybind_api/ir/tensor_py.cc:730] DataPtr] Tensor device address is null
[ERROR] COMMON(788511,ffffa6a98020,python):2026-09-14-17:20:20.767.361 [mindspore/ccsrc/pybind_api/ir/tensor_py.cc:730] DataPtr] Tensor device address is null
[ERROR] COMMON(788511,ffffa6a98020,python):2026-09-14-17:20:20.772.583 [mindspore/ccsrc/pybind_api/ir/tensor_py.cc:730] DataPtr] Tensor device address is null
[ERROR] COMMON(788511,ffffa6a98020,python):2026-09-14-17:20:20.773.345 [mindspore/ccsrc/pybind_api/ir/tensor_py.cc:730] DataPtr] Tensor device address is null
[ERROR] COMMON(788511,ffffa6a98020,python):2026-09-14-17:20:20.774.048 [mindspore/ccsrc/pybind_api/ir/tensor_py.cc:730] DataPtr] Tensor device address is null
[ERROR] COMMON(788511,ffffa6a98020,python):2026-09-14-17:20:20.774.761 [mindspore/ccsrc/pybind_api/ir/tensor_py.cc:730] DataPtr] Tensor device address is null
[ERROR] COMMON(788511,ffffa6a98020,python):2026-09-14-17:20:20.775.468 [mindspore/ccsrc/pybind_api/ir/tensor_py.cc:730] DataPtr] Tensor device address is null
[ERROR] COMMON(788511,ffffa6a98020,python):2026-09-14-17:20:20.776.175 [mindspore/ccsrc/pybind_api/ir/tensor_py.cc:730] DataPtr] Tensor device address is null
[ERROR] COMMON(788511,ffffa6a98020,python):2026-09-14-17:20:20.778.565 [mindspore/ccsrc/pybind_api/ir/tensor_py.cc:730] DataPtr] Tensor device address is null
[ERROR] COMMON(788511,ffffa6a98020,python):2026-09-14-17:20:20.779.310 [mindspore/ccsrc/pybind_api/ir/tensor_py.cc:730] DataPtr] Tensor device address is null
[ERROR] COMMON(788511,ffffa6a98020,python):2026-09-14-17:20:20.781.746 [mindspore/ccsrc/pybind_api/ir/tensor_py.cc:730] DataPtr] Tensor device address is null
[ERROR] COMMON(788511,ffffa6a98020,python):2026-09-14-17:20:20.782.482 [mindspore/ccsrc/pybind_api/ir/tensor_py.cc:730] DataPtr] Tensor device address is null
[ERROR] COMMON(788511,ffffa6a98020,python):2026-09-14-17:20:20.784.860 [mindspore/ccsrc/pybind_api/ir/tensor_py.cc:730] DataPtr] Tensor device address is null
[ERROR] COMMON(788511,ffffa6a98020,python):2026-09-14-17:20:20.785.591 [mindspore/ccsrc/pybind_api/ir/tensor_py.cc:730] DataPtr] Tensor device address is null
[ERROR] COMMON(788511,ffffa6a98020,python):2026-09-14-17:20:20.787.962 [mindspore/ccsrc/pybind_api/ir/tensor_py.cc:730] DataPtr] Tensor device address is null
[ERROR] COMMON(788511,ffffa6a98020,python):2026-09-14-17:20:20.788.715 [mindspore/ccsrc/pybind_api/ir/tensor_py.cc:730] DataPtr] Tensor device address is null
[ERROR] COMMON(788511,ffffa6a98020,python):2026-09-14-17:20:20.794.632 [mindspore/ccsrc/pybind_api/ir/tensor_py.cc:730] DataPtr] Tensor device address is null
[ERROR] COMMON(788511,ffffa6a98020,python):2026-09-14-17:20:20.795.391 [mindspore/ccsrc/pybind_api/ir/tensor_py.cc:730] DataPtr] Tensor device address is null
[ERROR] COMMON(788511,ffffa6a98020,python):2026-09-14-17:20:20.801.329 [mindspore/ccsrc/pybind_api/ir/tensor_py.cc:730] DataPtr] Tensor device address is null
[ERROR] COMMON(788511,ffffa6a98020,python):2026-09-14-17:20:20.802.091 [mindspore/ccsrc/pybind_api/ir/tensor_py.cc:730] DataPtr] Tensor device address is null
[ERROR] COMMON(788511,ffffa6a98020,python):2026-09-14-17:20:20.802.796 [mindspore/ccsrc/pybind_api/ir/tensor_py.cc:730] DataPtr] Tensor device address is null
[ERROR] COMMON(788511,ffffa6a98020,python):2026-09-14-17:20:20.803.502 [mindspore/ccsrc/pybind_api/ir/tensor_py.cc:730] DataPtr] Tensor device address is null
[ERROR] COMMON(788511,ffffa6a98020,python):2026-09-14-17:20:20.804.210 [mindspore/ccsrc/pybind_api/ir/tensor_py.cc:730] DataPtr] Tensor device address is null
[ERROR] COMMON(788511,ffffa6a98020,python):2026-09-14-17:20:20.804.945 [mindspore/ccsrc/pybind_api/ir/tensor_py.cc:730] DataPtr] Tensor device address is null
[ERROR] COMMON(788511,ffffa6a98020,python):2026-09-14-17:20:20.806.969 [mindspore/ccsrc/pybind_api/ir/tensor_py.cc:730] DataPtr] Tensor device address is null
[ERROR] COMMON(788511,ffffa6a98020,python):2026-09-14-17:20:20.807.688 [mindspore/ccsrc/pybind_api/ir/tensor_py.cc:730] DataPtr] Tensor device address is null
[ERROR] COMMON(788511,ffffa6a98020,python):2026-09-14-17:20:20.810.086 [mindspore/ccsrc/pybind_api/ir/tensor_py.cc:730] DataPtr] Tensor device address is null
[ERROR] COMMON(788511,ffffa6a98020,python):2026-09-14-17:20:20.810.820 [mindspore/ccsrc/pybind_api/ir/tensor_py.cc:730] DataPtr] Tensor device address is null
[ERROR] COMMON(788511,ffffa6a98020,python):2026-09-14-17:20:20.813.224 [mindspore/ccsrc/pybind_api/ir/tensor_py.cc:730] DataPtr] Tensor device address is null
[ERROR] COMMON(788511,ffffa6a98020,python):2026-09-14-17:20:20.813.943 [mindspore/ccsrc/pybind_api/ir/tensor_py.cc:730] DataPtr] Tensor device address is null
[ERROR] COMMON(788511,ffffa6a98020,python):2026-09-14-17:20:20.816.369 [mindspore/ccsrc/pybind_api/ir/tensor_py.cc:730] DataPtr] Tensor device address is null
[ERROR] COMMON(788511,ffffa6a98020,python):2026-09-14-17:20:20.817.099 [mindspore/ccsrc/pybind_api/ir/tensor_py.cc:730] DataPtr] Tensor device address is null
[ERROR] COMMON(788511,ffffa6a98020,python):2026-09-14-17:20:20.823.275 [mindspore/ccsrc/pybind_api/ir/tensor_py.cc:730] DataPtr] Tensor device address is null
[ERROR] COMMON(788511,ffffa6a98020,python):2026-09-14-17:20:20.824.028 [mindspore/ccsrc/pybind_api/ir/tensor_py.cc:730] DataPtr] Tensor device address is null
[ERROR] COMMON(788511,ffffa6a98020,python):2026-09-14-17:20:20.829.890 [mindspore/ccsrc/pybind_api/ir/tensor_py.cc:730] DataPtr] Tensor device address is null
[ERROR] COMMON(788511,ffffa6a98020,python):2026-09-14-17:20:20.830.654 [mindspore/ccsrc/pybind_api/ir/tensor_py.cc:730] DataPtr] Tensor device address is null
[ERROR] COMMON(788511,ffffa6a98020,python):2026-09-14-17:20:20.831.360 [mindspore/ccsrc/pybind_api/ir/tensor_py.cc:730] DataPtr] Tensor device address is null
[ERROR] COMMON(788511,ffffa6a98020,python):2026-09-14-17:20:20.832.071 [mindspore/ccsrc/pybind_api/ir/tensor_py.cc:730] DataPtr] Tensor device address is null
[ERROR] COMMON(788511,ffffa6a98020,python):2026-09-14-17:20:20.832.776 [mindspore/ccsrc/pybind_api/ir/tensor_py.cc:730] DataPtr] Tensor device address is null
[ERROR] COMMON(788511,ffffa6a98020,python):2026-09-14-17:20:20.833.501 [mindspore/ccsrc/pybind_api/ir/tensor_py.cc:730] DataPtr] Tensor device address is null
[ERROR] COMMON(788511,ffffa6a98020,python):2026-09-14-17:20:20.835.914 [mindspore/ccsrc/pybind_api/ir/tensor_py.cc:730] DataPtr] Tensor device address is null
[ERROR] COMMON(788511,ffffa6a98020,python):2026-09-14-17:20:20.836.668 [mindspore/ccsrc/pybind_api/ir/tensor_py.cc:730] DataPtr] Tensor device address is null
[ERROR] COMMON(788511,ffffa6a98020,python):2026-09-14-17:20:20.839.057 [mindspore/ccsrc/pybind_api/ir/tensor_py.cc:730] DataPtr] Tensor device address is null
[ERROR] COMMON(788511,ffffa6a98020,python):2026-09-14-17:20:20.839.774 [mindspore/ccsrc/pybind_api/ir/tensor_py.cc:730] DataPtr] Tensor device address is null
[ERROR] COMMON(788511,ffffa6a98020,python):2026-09-14-17:20:20.844.201 [mindspore/ccsrc/pybind_api/ir/tensor_py.cc:730] DataPtr] Tensor device address is null
[ERROR] COMMON(788511,ffffa6a98020,python):2026-09-14-17:20:20.844.937 [mindspore/ccsrc/pybind_api/ir/tensor_py.cc:730] DataPtr] Tensor device address is null
[ERROR] COMMON(788511,ffffa6a98020,python):2026-09-14-17:20:20.847.316 [mindspore/ccsrc/pybind_api/ir/tensor_py.cc:730] DataPtr] Tensor device address is null
[ERROR] COMMON(788511,ffffa6a98020,python):2026-09-14-17:20:20.848.040 [mindspore/ccsrc/pybind_api/ir/tensor_py.cc:730] DataPtr] Tensor device address is null
[ERROR] COMMON(788511,ffffa6a98020,python):2026-09-14-17:20:20.853.443 [mindspore/ccsrc/pybind_api/ir/tensor_py.cc:730] DataPtr] Tensor device address is null
[ERROR] COMMON(788511,ffffa6a98020,python):2026-09-14-17:20:20.854.194 [mindspore/ccsrc/pybind_api/ir/tensor_py.cc:730] DataPtr] Tensor device address is null
[ERROR] COMMON(788511,ffffa6a98020,python):2026-09-14-17:20:20.859.901 [mindspore/ccsrc/pybind_api/ir/tensor_py.cc:730] DataPtr] Tensor device address is null
[ERROR] COMMON(788511,ffffa6a98020,python):2026-09-14-17:20:20.860.706 [mindspore/ccsrc/pybind_api/ir/tensor_py.cc:730] DataPtr] Tensor device address is null
[ERROR] COMMON(788511,ffffa6a98020,python):2026-09-14-17:20:20.868.515 [mindspore/ccsrc/pybind_api/ir/tensor_py.cc:730] DataPtr] Tensor device address is null
[ERROR] COMMON(788511,ffffa6a98020,python):2026-09-14-17:20:20.875.760 [mindspore/ccsrc/pybind_api/ir/tensor_py.cc:730] DataPtr] Tensor device address is null
[ERROR] COMMON(788511,ffffa6a98020,python):2026-09-14-17:20:20.945.893 [mindspore/ccsrc/pybind_api/ir/tensor_py.cc:730] DataPtr] Tensor device address is null
[ERROR] COMMON(788511,ffffa6a98020,python):2026-09-14-17:20:20.947.070 [mindspore/ccsrc/pybind_api/ir/tensor_py.cc:730] DataPtr] Tensor device address is null
[ERROR] COMMON(788511,ffffa6a98020,python):2026-09-14-17:20:20.947.790 [mindspore/ccsrc/pybind_api/ir/tensor_py.cc:730] DataPtr] Tensor device address is null
[ERROR] COMMON(788511,ffffa6a98020,python):2026-09-14-17:20:20.948.475 [mindspore/ccsrc/pybind_api/ir/tensor_py.cc:730] DataPtr] Tensor device address is null
[ERROR] COMMON(788511,ffffa6a98020,python):2026-09-14-17:20:20.949.186 [mindspore/ccsrc/pybind_api/ir/tensor_py.cc:730] DataPtr] Tensor device address is null
[ERROR] COMMON(788511,ffffa6a98020,python):2026-09-14-17:20:20.949.888 [mindspore/ccsrc/pybind_api/ir/tensor_py.cc:730] DataPtr] Tensor device address is null
[ERROR] COMMON(788511,ffffa6a98020,python):2026-09-14-17:20:20.950.570 [mindspore/ccsrc/pybind_api/ir/tensor_py.cc:730] DataPtr] Tensor device address is null
[ERROR] COMMON(788511,ffffa6a98020,python):2026-09-14-17:20:20.951.260 [mindspore/ccsrc/pybind_api/ir/tensor_py.cc:730] DataPtr] Tensor device address is null
[ERROR] COMMON(788511,ffffa6a98020,python):2026-09-14-17:20:20.953.327 [mindspore/ccsrc/pybind_api/ir/tensor_py.cc:730] DataPtr] Tensor device address is null
[ERROR] COMMON(788511,ffffa6a98020,python):2026-09-14-17:20:20.954.031 [mindspore/ccsrc/pybind_api/ir/tensor_py.cc:730] DataPtr] Tensor device address is null
[ERROR] COMMON(788511,ffffa6a98020,python):2026-09-14-17:20:20.956.483 [mindspore/ccsrc/pybind_api/ir/tensor_py.cc:730] DataPtr] Tensor device address is null
[ERROR] COMMON(788511,ffffa6a98020,python):2026-09-14-17:20:20.957.202 [mindspore/ccsrc/pybind_api/ir/tensor_py.cc:730] DataPtr] Tensor device address is null
[ERROR] COMMON(788511,ffffa6a98020,python):2026-09-14-17:20:20.959.737 [mindspore/ccsrc/pybind_api/ir/tensor_py.cc:730] DataPtr] Tensor device address is null
[ERROR] COMMON(788511,ffffa6a98020,python):2026-09-14-17:20:20.960.461 [mindspore/ccsrc/pybind_api/ir/tensor_py.cc:730] DataPtr] Tensor device address is null
[ERROR] COMMON(788511,ffffa6a98020,python):2026-09-14-17:20:20.962.903 [mindspore/ccsrc/pybind_api/ir/tensor_py.cc:730] DataPtr] Tensor device address is null
[ERROR] COMMON(788511,ffffa6a98020,python):2026-09-14-17:20:20.963.616 [mindspore/ccsrc/pybind_api/ir/tensor_py.cc:730] DataPtr] Tensor device address is null
[ERROR] COMMON(788511,ffffa6a98020,python):2026-09-14-17:20:20.970.677 [mindspore/ccsrc/pybind_api/ir/tensor_py.cc:730] DataPtr] Tensor device address is null
[ERROR] COMMON(788511,ffffa6a98020,python):2026-09-14-17:20:20.971.422 [mindspore/ccsrc/pybind_api/ir/tensor_py.cc:730] DataPtr] Tensor device address is null
[ERROR] COMMON(788511,ffffa6a98020,python):2026-09-14-17:20:20.976.599 [mindspore/ccsrc/pybind_api/ir/tensor_py.cc:730] DataPtr] Tensor device address is null
[ERROR] COMMON(788511,ffffa6a98020,python):2026-09-14-17:20:20.977.337 [mindspore/ccsrc/pybind_api/ir/tensor_py.cc:730] DataPtr] Tensor device address is null
[ERROR] COMMON(788511,ffffa6a98020,python):2026-09-14-17:20:20.978.047 [mindspore/ccsrc/pybind_api/ir/tensor_py.cc:730] DataPtr] Tensor device address is null
[ERROR] COMMON(788511,ffffa6a98020,python):2026-09-14-17:20:20.978.745 [mindspore/ccsrc/pybind_api/ir/tensor_py.cc:730] DataPtr] Tensor device address is null
[ERROR] COMMON(788511,ffffa6a98020,python):2026-09-14-17:20:20.979.455 [mindspore/ccsrc/pybind_api/ir/tensor_py.cc:730] DataPtr] Tensor device address is null
[ERROR] COMMON(788511,ffffa6a98020,python):2026-09-14-17:20:20.980.153 [mindspore/ccsrc/pybind_api/ir/tensor_py.cc:730] DataPtr] Tensor device address is null
[ERROR] COMMON(788511,ffffa6a98020,python):2026-09-14-17:20:20.982.629 [mindspore/ccsrc/pybind_api/ir/tensor_py.cc:730] DataPtr] Tensor device address is null
[ERROR] COMMON(788511,ffffa6a98020,python):2026-09-14-17:20:20.983.345 [mindspore/ccsrc/pybind_api/ir/tensor_py.cc:730] DataPtr] Tensor device address is null
[ERROR] COMMON(788511,ffffa6a98020,python):2026-09-14-17:20:20.985.872 [mindspore/ccsrc/pybind_api/ir/tensor_py.cc:730] DataPtr] Tensor device address is null
[ERROR] COMMON(788511,ffffa6a98020,python):2026-09-14-17:20:20.986.588 [mindspore/ccsrc/pybind_api/ir/tensor_py.cc:730] DataPtr] Tensor device address is null
[ERROR] COMMON(788511,ffffa6a98020,python):2026-09-14-17:20:20.989.109 [mindspore/ccsrc/pybind_api/ir/tensor_py.cc:730] DataPtr] Tensor device address is null
[ERROR] COMMON(788511,ffffa6a98020,python):2026-09-14-17:20:20.989.828 [mindspore/ccsrc/pybind_api/ir/tensor_py.cc:730] DataPtr] Tensor device address is null
[ERROR] COMMON(788511,ffffa6a98020,python):2026-09-14-17:20:20.992.279 [mindspore/ccsrc/pybind_api/ir/tensor_py.cc:730] DataPtr] Tensor device address is null
[ERROR] COMMON(788511,ffffa6a98020,python):2026-09-14-17:20:20.992.999 [mindspore/ccsrc/pybind_api/ir/tensor_py.cc:730] DataPtr] Tensor device address is null
[ERROR] COMMON(788511,ffffa6a98020,python):2026-09-14-17:20:20.998.236 [mindspore/ccsrc/pybind_api/ir/tensor_py.cc:730] DataPtr] Tensor device address is null
[ERROR] COMMON(788511,ffffa6a98020,python):2026-09-14-17:20:20.998.986 [mindspore/ccsrc/pybind_api/ir/tensor_py.cc:730] DataPtr] Tensor device address is null
[ERROR] COMMON(788511,ffffa6a98020,python):2026-09-14-17:20:21.004.694 [mindspore/ccsrc/pybind_api/ir/tensor_py.cc:730] DataPtr] Tensor device address is null
[ERROR] COMMON(788511,ffffa6a98020,python):2026-09-14-17:20:21.005.430 [mindspore/ccsrc/pybind_api/ir/tensor_py.cc:730] DataPtr] Tensor device address is null
[ERROR] COMMON(788511,ffffa6a98020,python):2026-09-14-17:20:21.006.139 [mindspore/ccsrc/pybind_api/ir/tensor_py.cc:730] DataPtr] Tensor device address is null
[ERROR] COMMON(788511,ffffa6a98020,python):2026-09-14-17:20:21.006.834 [mindspore/ccsrc/pybind_api/ir/tensor_py.cc:730] DataPtr] Tensor device address is null
[ERROR] COMMON(788511,ffffa6a98020,python):2026-09-14-17:20:21.007.535 [mindspore/ccsrc/pybind_api/ir/tensor_py.cc:730] DataPtr] Tensor device address is null
[ERROR] COMMON(788511,ffffa6a98020,python):2026-09-14-17:20:21.008.246 [mindspore/ccsrc/pybind_api/ir/tensor_py.cc:730] DataPtr] Tensor device address is null
[ERROR] COMMON(788511,ffffa6a98020,python):2026-09-14-17:20:21.010.201 [mindspore/ccsrc/pybind_api/ir/tensor_py.cc:730] DataPtr] Tensor device address is null
[ERROR] COMMON(788511,ffffa6a98020,python):2026-09-14-17:20:21.010.913 [mindspore/ccsrc/pybind_api/ir/tensor_py.cc:730] DataPtr] Tensor device address is null
[ERROR] COMMON(788511,ffffa6a98020,python):2026-09-14-17:20:21.013.286 [mindspore/ccsrc/pybind_api/ir/tensor_py.cc:730] DataPtr] Tensor device address is null
[ERROR] COMMON(788511,ffffa6a98020,python):2026-09-14-17:20:21.013.994 [mindspore/ccsrc/pybind_api/ir/tensor_py.cc:730] DataPtr] Tensor device address is null
[ERROR] COMMON(788511,ffffa6a98020,python):2026-09-14-17:20:21.016.420 [mindspore/ccsrc/pybind_api/ir/tensor_py.cc:730] DataPtr] Tensor device address is null
[ERROR] COMMON(788511,ffffa6a98020,python):2026-09-14-17:20:21.017.138 [mindspore/ccsrc/pybind_api/ir/tensor_py.cc:730] DataPtr] Tensor device address is null
[ERROR] COMMON(788511,ffffa6a98020,python):2026-09-14-17:20:21.019.507 [mindspore/ccsrc/pybind_api/ir/tensor_py.cc:730] DataPtr] Tensor device address is null
[ERROR] COMMON(788511,ffffa6a98020,python):2026-09-14-17:20:21.020.215 [mindspore/ccsrc/pybind_api/ir/tensor_py.cc:730] DataPtr] Tensor device address is null
[ERROR] COMMON(788511,ffffa6a98020,python):2026-09-14-17:20:21.025.976 [mindspore/ccsrc/pybind_api/ir/tensor_py.cc:730] DataPtr] Tensor device address is null
[ERROR] COMMON(788511,ffffa6a98020,python):2026-09-14-17:20:21.026.730 [mindspore/ccsrc/pybind_api/ir/tensor_py.cc:730] DataPtr] Tensor device address is null
[ERROR] COMMON(788511,ffffa6a98020,python):2026-09-14-17:20:21.032.049 [mindspore/ccsrc/pybind_api/ir/tensor_py.cc:730] DataPtr] Tensor device address is null
[ERROR] COMMON(788511,ffffa6a98020,python):2026-09-14-17:20:21.032.802 [mindspore/ccsrc/pybind_api/ir/tensor_py.cc:730] DataPtr] Tensor device address is null
[ERROR] COMMON(788511,ffffa6a98020,python):2026-09-14-17:20:21.033.518 [mindspore/ccsrc/pybind_api/ir/tensor_py.cc:730] DataPtr] Tensor device address is null
[ERROR] COMMON(788511,ffffa6a98020,python):2026-09-14-17:20:21.034.218 [mindspore/ccsrc/pybind_api/ir/tensor_py.cc:730] DataPtr] Tensor device address is null
[ERROR] COMMON(788511,ffffa6a98020,python):2026-09-14-17:20:21.034.907 [mindspore/ccsrc/pybind_api/ir/tensor_py.cc:730] DataPtr] Tensor device address is null
[ERROR] COMMON(788511,ffffa6a98020,python):2026-09-14-17:20:21.035.600 [mindspore/ccsrc/pybind_api/ir/tensor_py.cc:730] DataPtr] Tensor device address is null
[ERROR] COMMON(788511,ffffa6a98020,python):2026-09-14-17:20:21.038.033 [mindspore/ccsrc/pybind_api/ir/tensor_py.cc:730] DataPtr] Tensor device address is null
[ERROR] COMMON(788511,ffffa6a98020,python):2026-09-14-17:20:21.038.751 [mindspore/ccsrc/pybind_api/ir/tensor_py.cc:730] DataPtr] Tensor device address is null
[ERROR] COMMON(788511,ffffa6a98020,python):2026-09-14-17:20:21.041.240 [mindspore/ccsrc/pybind_api/ir/tensor_py.cc:730] DataPtr] Tensor device address is null
[ERROR] COMMON(788511,ffffa6a98020,python):2026-09-14-17:20:21.041.958 [mindspore/ccsrc/pybind_api/ir/tensor_py.cc:730] DataPtr] Tensor device address is null
[ERROR] COMMON(788511,ffffa6a98020,python):2026-09-14-17:20:21.044.392 [mindspore/ccsrc/pybind_api/ir/tensor_py.cc:730] DataPtr] Tensor device address is null
[ERROR] COMMON(788511,ffffa6a98020,python):2026-09-14-17:20:21.045.110 [mindspore/ccsrc/pybind_api/ir/tensor_py.cc:730] DataPtr] Tensor device address is null
[ERROR] COMMON(788511,ffffa6a98020,python):2026-09-14-17:20:21.047.736 [mindspore/ccsrc/pybind_api/ir/tensor_py.cc:730] DataPtr] Tensor device address is null
[ERROR] COMMON(788511,ffffa6a98020,python):2026-09-14-17:20:21.048.445 [mindspore/ccsrc/pybind_api/ir/tensor_py.cc:730] DataPtr] Tensor device address is null
[ERROR] COMMON(788511,ffffa6a98020,python):2026-09-14-17:20:21.053.845 [mindspore/ccsrc/pybind_api/ir/tensor_py.cc:730] DataPtr] Tensor device address is null
[ERROR] COMMON(788511,ffffa6a98020,python):2026-09-14-17:20:21.054.584 [mindspore/ccsrc/pybind_api/ir/tensor_py.cc:730] DataPtr] Tensor device address is null
[ERROR] COMMON(788511,ffffa6a98020,python):2026-09-14-17:20:21.060.481 [mindspore/ccsrc/pybind_api/ir/tensor_py.cc:730] DataPtr] Tensor device address is null
[ERROR] COMMON(788511,ffffa6a98020,python):2026-09-14-17:20:21.061.236 [mindspore/ccsrc/pybind_api/ir/tensor_py.cc:730] DataPtr] Tensor device address is null
[ERROR] COMMON(788511,ffffa6a98020,python):2026-09-14-17:20:21.061.945 [mindspore/ccsrc/pybind_api/ir/tensor_py.cc:730] DataPtr] Tensor device address is null
[ERROR] COMMON(788511,ffffa6a98020,python):2026-09-14-17:20:21.062.634 [mindspore/ccsrc/pybind_api/ir/tensor_py.cc:730] DataPtr] Tensor device address is null
[ERROR] COMMON(788511,ffffa6a98020,python):2026-09-14-17:20:21.063.346 [mindspore/ccsrc/pybind_api/ir/tensor_py.cc:730] DataPtr] Tensor device address is null
[ERROR] COMMON(788511,ffffa6a98020,python):2026-09-14-17:20:21.064.046 [mindspore/ccsrc/pybind_api/ir/tensor_py.cc:730] DataPtr] Tensor device address is null
[ERROR] COMMON(788511,ffffa6a98020,python):2026-09-14-17:20:21.066.026 [mindspore/ccsrc/pybind_api/ir/tensor_py.cc:730] DataPtr] Tensor device address is null
[ERROR] COMMON(788511,ffffa6a98020,python):2026-09-14-17:20:21.066.735 [mindspore/ccsrc/pybind_api/ir/tensor_py.cc:730] DataPtr] Tensor device address is null
[ERROR] COMMON(788511,ffffa6a98020,python):2026-09-14-17:20:21.069.194 [mindspore/ccsrc/pybind_api/ir/tensor_py.cc:730] DataPtr] Tensor device address is null
[ERROR] COMMON(788511,ffffa6a98020,python):2026-09-14-17:20:21.069.909 [mindspore/ccsrc/pybind_api/ir/tensor_py.cc:730] DataPtr] Tensor device address is null
[ERROR] COMMON(788511,ffffa6a98020,python):2026-09-14-17:20:21.072.388 [mindspore/ccsrc/pybind_api/ir/tensor_py.cc:730] DataPtr] Tensor device address is null
[ERROR] COMMON(788511,ffffa6a98020,python):2026-09-14-17:20:21.073.115 [mindspore/ccsrc/pybind_api/ir/tensor_py.cc:730] DataPtr] Tensor device address is null
[ERROR] COMMON(788511,ffffa6a98020,python):2026-09-14-17:20:21.075.477 [mindspore/ccsrc/pybind_api/ir/tensor_py.cc:730] DataPtr] Tensor device address is null
[ERROR] COMMON(788511,ffffa6a98020,python):2026-09-14-17:20:21.076.191 [mindspore/ccsrc/pybind_api/ir/tensor_py.cc:730] DataPtr] Tensor device address is null
[ERROR] COMMON(788511,ffffa6a98020,python):2026-09-14-17:20:21.081.859 [mindspore/ccsrc/pybind_api/ir/tensor_py.cc:730] DataPtr] Tensor device address is null
[ERROR] COMMON(788511,ffffa6a98020,python):2026-09-14-17:20:21.082.628 [mindspore/ccsrc/pybind_api/ir/tensor_py.cc:730] DataPtr] Tensor device address is null
[ERROR] COMMON(788511,ffffa6a98020,python):2026-09-14-17:20:21.087.781 [mindspore/ccsrc/pybind_api/ir/tensor_py.cc:730] DataPtr] Tensor device address is null
[ERROR] COMMON(788511,ffffa6a98020,python):2026-09-14-17:20:21.088.510 [mindspore/ccsrc/pybind_api/ir/tensor_py.cc:730] DataPtr] Tensor device address is null
[ERROR] COMMON(788511,ffffa6a98020,python):2026-09-14-17:20:21.089.222 [mindspore/ccsrc/pybind_api/ir/tensor_py.cc:730] DataPtr] Tensor device address is null
[ERROR] COMMON(788511,ffffa6a98020,python):2026-09-14-17:20:21.089.938 [mindspore/ccsrc/pybind_api/ir/tensor_py.cc:730] DataPtr] Tensor device address is null
[ERROR] COMMON(788511,ffffa6a98020,python):2026-09-14-17:20:21.090.638 [mindspore/ccsrc/pybind_api/ir/tensor_py.cc:730] DataPtr] Tensor device address is null
[ERROR] COMMON(788511,ffffa6a98020,python):2026-09-14-17:20:21.091.338 [mindspore/ccsrc/pybind_api/ir/tensor_py.cc:730] DataPtr] Tensor device address is null
[ERROR] COMMON(788511,ffffa6a98020,python):2026-09-14-17:20:21.093.718 [mindspore/ccsrc/pybind_api/ir/tensor_py.cc:730] DataPtr] Tensor device address is null
[ERROR] COMMON(788511,ffffa6a98020,python):2026-09-14-17:20:21.094.436 [mindspore/ccsrc/pybind_api/ir/tensor_py.cc:730] DataPtr] Tensor device address is null
[ERROR] COMMON(788511,ffffa6a98020,python):2026-09-14-17:20:21.096.951 [mindspore/ccsrc/pybind_api/ir/tensor_py.cc:730] DataPtr] Tensor device address is null
[ERROR] COMMON(788511,ffffa6a98020,python):2026-09-14-17:20:21.097.666 [mindspore/ccsrc/pybind_api/ir/tensor_py.cc:730] DataPtr] Tensor device address is null
[ERROR] COMMON(788511,ffffa6a98020,python):2026-09-14-17:20:21.100.127 [mindspore/ccsrc/pybind_api/ir/tensor_py.cc:730] DataPtr] Tensor device address is null
[ERROR] COMMON(788511,ffffa6a98020,python):2026-09-14-17:20:21.100.840 [mindspore/ccsrc/pybind_api/ir/tensor_py.cc:730] DataPtr] Tensor device address is null
[ERROR] COMMON(788511,ffffa6a98020,python):2026-09-14-17:20:21.103.288 [mindspore/ccsrc/pybind_api/ir/tensor_py.cc:730] DataPtr] Tensor device address is null
[ERROR] COMMON(788511,ffffa6a98020,python):2026-09-14-17:20:21.103.998 [mindspore/ccsrc/pybind_api/ir/tensor_py.cc:730] DataPtr] Tensor device address is null
[ERROR] COMMON(788511,ffffa6a98020,python):2026-09-14-17:20:21.109.392 [mindspore/ccsrc/pybind_api/ir/tensor_py.cc:730] DataPtr] Tensor device address is null
[ERROR] COMMON(788511,ffffa6a98020,python):2026-09-14-17:20:21.110.141 [mindspore/ccsrc/pybind_api/ir/tensor_py.cc:730] DataPtr] Tensor device address is null
[ERROR] COMMON(788511,ffffa6a98020,python):2026-09-14-17:20:21.116.033 [mindspore/ccsrc/pybind_api/ir/tensor_py.cc:730] DataPtr] Tensor device address is null
[ERROR] COMMON(788511,ffffa6a98020,python):2026-09-14-17:20:21.116.784 [mindspore/ccsrc/pybind_api/ir/tensor_py.cc:730] DataPtr] Tensor device address is null
[ERROR] COMMON(788511,ffffa6a98020,python):2026-09-14-17:20:21.117.492 [mindspore/ccsrc/pybind_api/ir/tensor_py.cc:730] DataPtr] Tensor device address is null
[ERROR] COMMON(788511,ffffa6a98020,python):2026-09-14-17:20:21.118.191 [mindspore/ccsrc/pybind_api/ir/tensor_py.cc:730] DataPtr] Tensor device address is null
[ERROR] COMMON(788511,ffffa6a98020,python):2026-09-14-17:20:21.118.885 [mindspore/ccsrc/pybind_api/ir/tensor_py.cc:730] DataPtr] Tensor device address is null
[ERROR] COMMON(788511,ffffa6a98020,python):2026-09-14-17:20:21.119.580 [mindspore/ccsrc/pybind_api/ir/tensor_py.cc:730] DataPtr] Tensor device address is null
[ERROR] COMMON(788511,ffffa6a98020,python):2026-09-14-17:20:21.121.522 [mindspore/ccsrc/pybind_api/ir/tensor_py.cc:730] DataPtr] Tensor device address is null
[ERROR] COMMON(788511,ffffa6a98020,python):2026-09-14-17:20:21.122.230 [mindspore/ccsrc/pybind_api/ir/tensor_py.cc:730] DataPtr] Tensor device address is null
[ERROR] COMMON(788511,ffffa6a98020,python):2026-09-14-17:20:21.124.682 [mindspore/ccsrc/pybind_api/ir/tensor_py.cc:730] DataPtr] Tensor device address is null
[ERROR] COMMON(788511,ffffa6a98020,python):2026-09-14-17:20:21.125.443 [mindspore/ccsrc/pybind_api/ir/tensor_py.cc:730] DataPtr] Tensor device address is null
[ERROR] COMMON(788511,ffffa6a98020,python):2026-09-14-17:20:21.127.949 [mindspore/ccsrc/pybind_api/ir/tensor_py.cc:730] DataPtr] Tensor device address is null
[ERROR] COMMON(788511,ffffa6a98020,python):2026-09-14-17:20:21.128.671 [mindspore/ccsrc/pybind_api/ir/tensor_py.cc:730] DataPtr] Tensor device address is null
[ERROR] COMMON(788511,ffffa6a98020,python):2026-09-14-17:20:21.131.159 [mindspore/ccsrc/pybind_api/ir/tensor_py.cc:730] DataPtr] Tensor device address is null
[ERROR] COMMON(788511,ffffa6a98020,python):2026-09-14-17:20:21.131.873 [mindspore/ccsrc/pybind_api/ir/tensor_py.cc:730] DataPtr] Tensor device address is null
[ERROR] COMMON(788511,ffffa6a98020,python):2026-09-14-17:20:21.137.750 [mindspore/ccsrc/pybind_api/ir/tensor_py.cc:730] DataPtr] Tensor device address is null
[ERROR] COMMON(788511,ffffa6a98020,python):2026-09-14-17:20:21.138.504 [mindspore/ccsrc/pybind_api/ir/tensor_py.cc:730] DataPtr] Tensor device address is null
[ERROR] COMMON(788511,ffffa6a98020,python):2026-09-14-17:20:21.143.800 [mindspore/ccsrc/pybind_api/ir/tensor_py.cc:730] DataPtr] Tensor device address is null
[ERROR] COMMON(788511,ffffa6a98020,python):2026-09-14-17:20:21.144.550 [mindspore/ccsrc/pybind_api/ir/tensor_py.cc:730] DataPtr] Tensor device address is null
[ERROR] COMMON(788511,ffffa6a98020,python):2026-09-14-17:20:21.145.278 [mindspore/ccsrc/pybind_api/ir/tensor_py.cc:730] DataPtr] Tensor device address is null
[ERROR] COMMON(788511,ffffa6a98020,python):2026-09-14-17:20:21.145.978 [mindspore/ccsrc/pybind_api/ir/tensor_py.cc:730] DataPtr] Tensor device address is null
[ERROR] COMMON(788511,ffffa6a98020,python):2026-09-14-17:20:21.146.680 [mindspore/ccsrc/pybind_api/ir/tensor_py.cc:730] DataPtr] Tensor device address is null
[ERROR] COMMON(788511,ffffa6a98020,python):2026-09-14-17:20:21.147.368 [mindspore/ccsrc/pybind_api/ir/tensor_py.cc:730] DataPtr] Tensor device address is null
[ERROR] COMMON(788511,ffffa6a98020,python):2026-09-14-17:20:21.149.787 [mindspore/ccsrc/pybind_api/ir/tensor_py.cc:730] DataPtr] Tensor device address is null
[ERROR] COMMON(788511,ffffa6a98020,python):2026-09-14-17:20:21.150.500 [mindspore/ccsrc/pybind_api/ir/tensor_py.cc:730] DataPtr] Tensor device address is null
[ERROR] COMMON(788511,ffffa6a98020,python):2026-09-14-17:20:21.152.900 [mindspore/ccsrc/pybind_api/ir/tensor_py.cc:730] DataPtr] Tensor device address is null
[ERROR] COMMON(788511,ffffa6a98020,python):2026-09-14-17:20:21.153.634 [mindspore/ccsrc/pybind_api/ir/tensor_py.cc:730] DataPtr] Tensor device address is null
[ERROR] COMMON(788511,ffffa6a98020,python):2026-09-14-17:20:21.156.361 [mindspore/ccsrc/pybind_api/ir/tensor_py.cc:730] DataPtr] Tensor device address is null
[ERROR] COMMON(788511,ffffa6a98020,python):2026-09-14-17:20:21.157.084 [mindspore/ccsrc/pybind_api/ir/tensor_py.cc:730] DataPtr] Tensor device address is null
[ERROR] COMMON(788511,ffffa6a98020,python):2026-09-14-17:20:21.159.523 [mindspore/ccsrc/pybind_api/ir/tensor_py.cc:730] DataPtr] Tensor device address is null
[ERROR] COMMON(788511,ffffa6a98020,python):2026-09-14-17:20:21.160.246 [mindspore/ccsrc/pybind_api/ir/tensor_py.cc:730] DataPtr] Tensor device address is null
[ERROR] COMMON(788511,ffffa6a98020,python):2026-09-14-17:20:21.166.566 [mindspore/ccsrc/pybind_api/ir/tensor_py.cc:730] DataPtr] Tensor device address is null
[ERROR] COMMON(788511,ffffa6a98020,python):2026-09-14-17:20:21.167.325 [mindspore/ccsrc/pybind_api/ir/tensor_py.cc:730] DataPtr] Tensor device address is null
[ERROR] COMMON(788511,ffffa6a98020,python):2026-09-14-17:20:21.173.012 [mindspore/ccsrc/pybind_api/ir/tensor_py.cc:730] DataPtr] Tensor device address is null
[ERROR] COMMON(788511,ffffa6a98020,python):2026-09-14-17:20:21.173.760 [mindspore/ccsrc/pybind_api/ir/tensor_py.cc:730] DataPtr] Tensor device address is null
[ERROR] COMMON(788511,ffffa6a98020,python):2026-09-14-17:20:21.174.459 [mindspore/ccsrc/pybind_api/ir/tensor_py.cc:730] DataPtr] Tensor device address is null
[ERROR] COMMON(788511,ffffa6a98020,python):2026-09-14-17:20:21.175.160 [mindspore/ccsrc/pybind_api/ir/tensor_py.cc:730] DataPtr] Tensor device address is null
[ERROR] COMMON(788511,ffffa6a98020,python):2026-09-14-17:20:21.175.856 [mindspore/ccsrc/pybind_api/ir/tensor_py.cc:730] DataPtr] Tensor device address is null
[ERROR] COMMON(788511,ffffa6a98020,python):2026-09-14-17:20:21.176.560 [mindspore/ccsrc/pybind_api/ir/tensor_py.cc:730] DataPtr] Tensor device address is null
[ERROR] COMMON(788511,ffffa6a98020,python):2026-09-14-17:20:21.178.479 [mindspore/ccsrc/pybind_api/ir/tensor_py.cc:730] DataPtr] Tensor device address is null
[ERROR] COMMON(788511,ffffa6a98020,python):2026-09-14-17:20:21.179.187 [mindspore/ccsrc/pybind_api/ir/tensor_py.cc:730] DataPtr] Tensor device address is null
[ERROR] COMMON(788511,ffffa6a98020,python):2026-09-14-17:20:21.181.631 [mindspore/ccsrc/pybind_api/ir/tensor_py.cc:730] DataPtr] Tensor device address is null
[ERROR] COMMON(788511,ffffa6a98020,python):2026-09-14-17:20:21.182.348 [mindspore/ccsrc/pybind_api/ir/tensor_py.cc:730] DataPtr] Tensor device address is null
[ERROR] COMMON(788511,ffffa6a98020,python):2026-09-14-17:20:21.184.835 [mindspore/ccsrc/pybind_api/ir/tensor_py.cc:730] DataPtr] Tensor device address is null
[ERROR] COMMON(788511,ffffa6a98020,python):2026-09-14-17:20:21.185.554 [mindspore/ccsrc/pybind_api/ir/tensor_py.cc:730] DataPtr] Tensor device address is null
[ERROR] COMMON(788511,ffffa6a98020,python):2026-09-14-17:20:21.188.045 [mindspore/ccsrc/pybind_api/ir/tensor_py.cc:730] DataPtr] Tensor device address is null
[ERROR] COMMON(788511,ffffa6a98020,python):2026-09-14-17:20:21.188.833 [mindspore/ccsrc/pybind_api/ir/tensor_py.cc:730] DataPtr] Tensor device address is null
[ERROR] COMMON(788511,ffffa6a98020,python):2026-09-14-17:20:21.194.874 [mindspore/ccsrc/pybind_api/ir/tensor_py.cc:730] DataPtr] Tensor device address is null
[ERROR] COMMON(788511,ffffa6a98020,python):2026-09-14-17:20:21.195.632 [mindspore/ccsrc/pybind_api/ir/tensor_py.cc:730] DataPtr] Tensor device address is null
[ERROR] COMMON(788511,ffffa6a98020,python):2026-09-14-17:20:21.200.809 [mindspore/ccsrc/pybind_api/ir/tensor_py.cc:730] DataPtr] Tensor device address is null
[ERROR] COMMON(788511,ffffa6a98020,python):2026-09-14-17:20:21.201.539 [mindspore/ccsrc/pybind_api/ir/tensor_py.cc:730] DataPtr] Tensor device address is null
[ERROR] COMMON(788511,ffffa6a98020,python):2026-09-14-17:20:21.202.238 [mindspore/ccsrc/pybind_api/ir/tensor_py.cc:730] DataPtr] Tensor device address is null
[ERROR] COMMON(788511,ffffa6a98020,python):2026-09-14-17:20:21.202.939 [mindspore/ccsrc/pybind_api/ir/tensor_py.cc:730] DataPtr] Tensor device address is null
[ERROR] COMMON(788511,ffffa6a98020,python):2026-09-14-17:20:21.203.638 [mindspore/ccsrc/pybind_api/ir/tensor_py.cc:730] DataPtr] Tensor device address is null
[ERROR] COMMON(788511,ffffa6a98020,python):2026-09-14-17:20:21.204.341 [mindspore/ccsrc/pybind_api/ir/tensor_py.cc:730] DataPtr] Tensor device address is null
[ERROR] COMMON(788511,ffffa6a98020,python):2026-09-14-17:20:21.206.854 [mindspore/ccsrc/pybind_api/ir/tensor_py.cc:730] DataPtr] Tensor device address is null
[ERROR] COMMON(788511,ffffa6a98020,python):2026-09-14-17:20:21.207.573 [mindspore/ccsrc/pybind_api/ir/tensor_py.cc:730] DataPtr] Tensor device address is null
[ERROR] COMMON(788511,ffffa6a98020,python):2026-09-14-17:20:21.210.072 [mindspore/ccsrc/pybind_api/ir/tensor_py.cc:730] DataPtr] Tensor device address is null
[ERROR] COMMON(788511,ffffa6a98020,python):2026-09-14-17:20:21.210.805 [mindspore/ccsrc/pybind_api/ir/tensor_py.cc:730] DataPtr] Tensor device address is null
[ERROR] COMMON(788511,ffffa6a98020,python):2026-09-14-17:20:21.213.310 [mindspore/ccsrc/pybind_api/ir/tensor_py.cc:730] DataPtr] Tensor device address is null
[ERROR] COMMON(788511,ffffa6a98020,python):2026-09-14-17:20:21.214.034 [mindspore/ccsrc/pybind_api/ir/tensor_py.cc:730] DataPtr] Tensor device address is null
[ERROR] COMMON(788511,ffffa6a98020,python):2026-09-14-17:20:21.216.492 [mindspore/ccsrc/pybind_api/ir/tensor_py.cc:730] DataPtr] Tensor device address is null
[ERROR] COMMON(788511,ffffa6a98020,python):2026-09-14-17:20:21.217.223 [mindspore/ccsrc/pybind_api/ir/tensor_py.cc:730] DataPtr] Tensor device address is null
[ERROR] COMMON(788511,ffffa6a98020,python):2026-09-14-17:20:21.222.459 [mindspore/ccsrc/pybind_api/ir/tensor_py.cc:730] DataPtr] Tensor device address is null
[ERROR] COMMON(788511,ffffa6a98020,python):2026-09-14-17:20:21.223.196 [mindspore/ccsrc/pybind_api/ir/tensor_py.cc:730] DataPtr] Tensor device address is null
[ERROR] COMMON(788511,ffffa6a98020,python):2026-09-14-17:20:21.228.926 [mindspore/ccsrc/pybind_api/ir/tensor_py.cc:730] DataPtr] Tensor device address is null
[ERROR] COMMON(788511,ffffa6a98020,python):2026-09-14-17:20:21.229.676 [mindspore/ccsrc/pybind_api/ir/tensor_py.cc:730] DataPtr] Tensor device address is null
[ERROR] COMMON(788511,ffffa6a98020,python):2026-09-14-17:20:21.230.389 [mindspore/ccsrc/pybind_api/ir/tensor_py.cc:730] DataPtr] Tensor device address is null
[ERROR] COMMON(788511,ffffa6a98020,python):2026-09-14-17:20:21.231.097 [mindspore/ccsrc/pybind_api/ir/tensor_py.cc:730] DataPtr] Tensor device address is null
[ERROR] COMMON(788511,ffffa6a98020,python):2026-09-14-17:20:21.231.794 [mindspore/ccsrc/pybind_api/ir/tensor_py.cc:730] DataPtr] Tensor device address is null
[ERROR] COMMON(788511,ffffa6a98020,python):2026-09-14-17:20:21.232.513 [mindspore/ccsrc/pybind_api/ir/tensor_py.cc:730] DataPtr] Tensor device address is null
[ERROR] COMMON(788511,ffffa6a98020,python):2026-09-14-17:20:21.234.462 [mindspore/ccsrc/pybind_api/ir/tensor_py.cc:730] DataPtr] Tensor device address is null
[ERROR] COMMON(788511,ffffa6a98020,python):2026-09-14-17:20:21.235.178 [mindspore/ccsrc/pybind_api/ir/tensor_py.cc:730] DataPtr] Tensor device address is null
[ERROR] COMMON(788511,ffffa6a98020,python):2026-09-14-17:20:21.237.562 [mindspore/ccsrc/pybind_api/ir/tensor_py.cc:730] DataPtr] Tensor device address is null
[ERROR] COMMON(788511,ffffa6a98020,python):2026-09-14-17:20:21.238.285 [mindspore/ccsrc/pybind_api/ir/tensor_py.cc:730] DataPtr] Tensor device address is null
[ERROR] COMMON(788511,ffffa6a98020,python):2026-09-14-17:20:21.240.682 [mindspore/ccsrc/pybind_api/ir/tensor_py.cc:730] DataPtr] Tensor device address is null
[ERROR] COMMON(788511,ffffa6a98020,python):2026-09-14-17:20:21.241.401 [mindspore/ccsrc/pybind_api/ir/tensor_py.cc:730] DataPtr] Tensor device address is null
[ERROR] COMMON(788511,ffffa6a98020,python):2026-09-14-17:20:21.243.753 [mindspore/ccsrc/pybind_api/ir/tensor_py.cc:730] DataPtr] Tensor device address is null
[ERROR] COMMON(788511,ffffa6a98020,python):2026-09-14-17:20:21.244.466 [mindspore/ccsrc/pybind_api/ir/tensor_py.cc:730] DataPtr] Tensor device address is null
[ERROR] COMMON(788511,ffffa6a98020,python):2026-09-14-17:20:21.250.164 [mindspore/ccsrc/pybind_api/ir/tensor_py.cc:730] DataPtr] Tensor device address is null
[ERROR] COMMON(788511,ffffa6a98020,python):2026-09-14-17:20:21.250.899 [mindspore/ccsrc/pybind_api/ir/tensor_py.cc:730] DataPtr] Tensor device address is null
[ERROR] COMMON(788511,ffffa6a98020,python):2026-09-14-17:20:21.256.169 [mindspore/ccsrc/pybind_api/ir/tensor_py.cc:730] DataPtr] Tensor device address is null
[ERROR] COMMON(788511,ffffa6a98020,python):2026-09-14-17:20:21.256.923 [mindspore/ccsrc/pybind_api/ir/tensor_py.cc:730] DataPtr] Tensor device address is null
[ERROR] COMMON(788511,ffffa6a98020,python):2026-09-14-17:20:21.257.630 [mindspore/ccsrc/pybind_api/ir/tensor_py.cc:730] DataPtr] Tensor device address is null
[ERROR] COMMON(788511,ffffa6a98020,python):2026-09-14-17:20:21.258.333 [mindspore/ccsrc/pybind_api/ir/tensor_py.cc:730] DataPtr] Tensor device address is null
[ERROR] COMMON(788511,ffffa6a98020,python):2026-09-14-17:20:21.259.124 [mindspore/ccsrc/pybind_api/ir/tensor_py.cc:730] DataPtr] Tensor device address is null
[ERROR] COMMON(788511,ffffa6a98020,python):2026-09-14-17:20:21.259.823 [mindspore/ccsrc/pybind_api/ir/tensor_py.cc:730] DataPtr] Tensor device address is null
[ERROR] COMMON(788511,ffffa6a98020,python):2026-09-14-17:20:21.262.222 [mindspore/ccsrc/pybind_api/ir/tensor_py.cc:730] DataPtr] Tensor device address is null
[ERROR] COMMON(788511,ffffa6a98020,python):2026-09-14-17:20:21.262.934 [mindspore/ccsrc/pybind_api/ir/tensor_py.cc:730] DataPtr] Tensor device address is null
[ERROR] COMMON(788511,ffffa6a98020,python):2026-09-14-17:20:21.265.370 [mindspore/ccsrc/pybind_api/ir/tensor_py.cc:730] DataPtr] Tensor device address is null
[ERROR] COMMON(788511,ffffa6a98020,python):2026-09-14-17:20:21.266.091 [mindspore/ccsrc/pybind_api/ir/tensor_py.cc:730] DataPtr] Tensor device address is null
[ERROR] COMMON(788511,ffffa6a98020,python):2026-09-14-17:20:21.268.501 [mindspore/ccsrc/pybind_api/ir/tensor_py.cc:730] DataPtr] Tensor device address is null
[ERROR] COMMON(788511,ffffa6a98020,python):2026-09-14-17:20:21.269.226 [mindspore/ccsrc/pybind_api/ir/tensor_py.cc:730] DataPtr] Tensor device address is null
[ERROR] COMMON(788511,ffffa6a98020,python):2026-09-14-17:20:21.271.596 [mindspore/ccsrc/pybind_api/ir/tensor_py.cc:730] DataPtr] Tensor device address is null
[ERROR] COMMON(788511,ffffa6a98020,python):2026-09-14-17:20:21.272.302 [mindspore/ccsrc/pybind_api/ir/tensor_py.cc:730] DataPtr] Tensor device address is null
[ERROR] COMMON(788511,ffffa6a98020,python):2026-09-14-17:20:21.277.708 [mindspore/ccsrc/pybind_api/ir/tensor_py.cc:730] DataPtr] Tensor device address is null
[ERROR] COMMON(788511,ffffa6a98020,python):2026-09-14-17:20:21.278.464 [mindspore/ccsrc/pybind_api/ir/tensor_py.cc:730] DataPtr] Tensor device address is null
[ERROR] COMMON(788511,ffffa6a98020,python):2026-09-14-17:20:21.284.255 [mindspore/ccsrc/pybind_api/ir/tensor_py.cc:730] DataPtr] Tensor device address is null
[ERROR] COMMON(788511,ffffa6a98020,python):2026-09-14-17:20:21.284.995 [mindspore/ccsrc/pybind_api/ir/tensor_py.cc:730] DataPtr] Tensor device address is null
[ERROR] COMMON(788511,ffffa6a98020,python):2026-09-14-17:20:21.354.555 [mindspore/ccsrc/pybind_api/ir/tensor_py.cc:730] DataPtr] Tensor device address is null
[ERROR] COMMON(788511,ffffa6a98020,python):2026-09-14-17:20:21.355.614 [mindspore/ccsrc/pybind_api/ir/tensor_py.cc:730] DataPtr] Tensor device address is null
[ERROR] COMMON(788511,ffffa6a98020,python):2026-09-14-17:20:21.356.334 [mindspore/ccsrc/pybind_api/ir/tensor_py.cc:730] DataPtr] Tensor device address is null
[ERROR] COMMON(788511,ffffa6a98020,python):2026-09-14-17:20:21.357.039 [mindspore/ccsrc/pybind_api/ir/tensor_py.cc:730] DataPtr] Tensor device address is null
[ERROR] COMMON(788511,ffffa6a98020,python):2026-09-14-17:20:21.357.742 [mindspore/ccsrc/pybind_api/ir/tensor_py.cc:730] DataPtr] Tensor device address is null
[ERROR] COMMON(788511,ffffa6a98020,python):2026-09-14-17:20:21.358.436 [mindspore/ccsrc/pybind_api/ir/tensor_py.cc:730] DataPtr] Tensor device address is null
[ERROR] COMMON(788511,ffffa6a98020,python):2026-09-14-17:20:21.359.135 [mindspore/ccsrc/pybind_api/ir/tensor_py.cc:730] DataPtr] Tensor device address is null
[ERROR] COMMON(788511,ffffa6a98020,python):2026-09-14-17:20:21.359.836 [mindspore/ccsrc/pybind_api/ir/tensor_py.cc:730] DataPtr] Tensor device address is null
[ERROR] COMMON(788511,ffffa6a98020,python):2026-09-14-17:20:21.361.830 [mindspore/ccsrc/pybind_api/ir/tensor_py.cc:730] DataPtr] Tensor device address is null
[ERROR] COMMON(788511,ffffa6a98020,python):2026-09-14-17:20:21.362.529 [mindspore/ccsrc/pybind_api/ir/tensor_py.cc:730] DataPtr] Tensor device address is null
[ERROR] COMMON(788511,ffffa6a98020,python):2026-09-14-17:20:21.364.942 [mindspore/ccsrc/pybind_api/ir/tensor_py.cc:730] DataPtr] Tensor device address is null
[ERROR] COMMON(788511,ffffa6a98020,python):2026-09-14-17:20:21.365.664 [mindspore/ccsrc/pybind_api/ir/tensor_py.cc:730] DataPtr] Tensor device address is null
[ERROR] COMMON(788511,ffffa6a98020,python):2026-09-14-17:20:21.368.043 [mindspore/ccsrc/pybind_api/ir/tensor_py.cc:730] DataPtr] Tensor device address is null
[ERROR] COMMON(788511,ffffa6a98020,python):2026-09-14-17:20:21.368.760 [mindspore/ccsrc/pybind_api/ir/tensor_py.cc:730] DataPtr] Tensor device address is null
[ERROR] COMMON(788511,ffffa6a98020,python):2026-09-14-17:20:21.371.101 [mindspore/ccsrc/pybind_api/ir/tensor_py.cc:730] DataPtr] Tensor device address is null
[ERROR] COMMON(788511,ffffa6a98020,python):2026-09-14-17:20:21.371.807 [mindspore/ccsrc/pybind_api/ir/tensor_py.cc:730] DataPtr] Tensor device address is null
[ERROR] COMMON(788511,ffffa6a98020,python):2026-09-14-17:20:21.377.504 [mindspore/ccsrc/pybind_api/ir/tensor_py.cc:730] DataPtr] Tensor device address is null
[ERROR] COMMON(788511,ffffa6a98020,python):2026-09-14-17:20:21.378.256 [mindspore/ccsrc/pybind_api/ir/tensor_py.cc:730] DataPtr] Tensor device address is null
[ERROR] COMMON(788511,ffffa6a98020,python):2026-09-14-17:20:21.383.438 [mindspore/ccsrc/pybind_api/ir/tensor_py.cc:730] DataPtr] Tensor device address is null
[ERROR] COMMON(788511,ffffa6a98020,python):2026-09-14-17:20:21.384.177 [mindspore/ccsrc/pybind_api/ir/tensor_py.cc:730] DataPtr] Tensor device address is null
[ERROR] COMMON(788511,ffffa6a98020,python):2026-09-14-17:20:21.384.892 [mindspore/ccsrc/pybind_api/ir/tensor_py.cc:730] DataPtr] Tensor device address is null
[ERROR] COMMON(788511,ffffa6a98020,python):2026-09-14-17:20:21.385.606 [mindspore/ccsrc/pybind_api/ir/tensor_py.cc:730] DataPtr] Tensor device address is null
[ERROR] COMMON(788511,ffffa6a98020,python):2026-09-14-17:20:21.386.304 [mindspore/ccsrc/pybind_api/ir/tensor_py.cc:730] DataPtr] Tensor device address is null
[ERROR] COMMON(788511,ffffa6a98020,python):2026-09-14-17:20:21.387.012 [mindspore/ccsrc/pybind_api/ir/tensor_py.cc:730] DataPtr] Tensor device address is null
[ERROR] COMMON(788511,ffffa6a98020,python):2026-09-14-17:20:21.389.461 [mindspore/ccsrc/pybind_api/ir/tensor_py.cc:730] DataPtr] Tensor device address is null
[ERROR] COMMON(788511,ffffa6a98020,python):2026-09-14-17:20:21.390.181 [mindspore/ccsrc/pybind_api/ir/tensor_py.cc:730] DataPtr] Tensor device address is null
[ERROR] COMMON(788511,ffffa6a98020,python):2026-09-14-17:20:21.392.650 [mindspore/ccsrc/pybind_api/ir/tensor_py.cc:730] DataPtr] Tensor device address is null
[ERROR] COMMON(788511,ffffa6a98020,python):2026-09-14-17:20:21.393.554 [mindspore/ccsrc/pybind_api/ir/tensor_py.cc:730] DataPtr] Tensor device address is null
[ERROR] COMMON(788511,ffffa6a98020,python):2026-09-14-17:20:21.395.997 [mindspore/ccsrc/pybind_api/ir/tensor_py.cc:730] DataPtr] Tensor device address is null
[ERROR] COMMON(788511,ffffa6a98020,python):2026-09-14-17:20:21.396.719 [mindspore/ccsrc/pybind_api/ir/tensor_py.cc:730] DataPtr] Tensor device address is null
[ERROR] COMMON(788511,ffffa6a98020,python):2026-09-14-17:20:21.399.208 [mindspore/ccsrc/pybind_api/ir/tensor_py.cc:730] DataPtr] Tensor device address is null
[ERROR] COMMON(788511,ffffa6a98020,python):2026-09-14-17:20:21.399.916 [mindspore/ccsrc/pybind_api/ir/tensor_py.cc:730] DataPtr] Tensor device address is null
[ERROR] COMMON(788511,ffffa6a98020,python):2026-09-14-17:20:21.405.292 [mindspore/ccsrc/pybind_api/ir/tensor_py.cc:730] DataPtr] Tensor device address is null
[ERROR] COMMON(788511,ffffa6a98020,python):2026-09-14-17:20:21.406.046 [mindspore/ccsrc/pybind_api/ir/tensor_py.cc:730] DataPtr] Tensor device address is null
[ERROR] COMMON(788511,ffffa6a98020,python):2026-09-14-17:20:21.411.953 [mindspore/ccsrc/pybind_api/ir/tensor_py.cc:730] DataPtr] Tensor device address is null
[ERROR] COMMON(788511,ffffa6a98020,python):2026-09-14-17:20:21.412.710 [mindspore/ccsrc/pybind_api/ir/tensor_py.cc:730] DataPtr] Tensor device address is null
[ERROR] COMMON(788511,ffffa6a98020,python):2026-09-14-17:20:21.413.436 [mindspore/ccsrc/pybind_api/ir/tensor_py.cc:730] DataPtr] Tensor device address is null
[ERROR] COMMON(788511,ffffa6a98020,python):2026-09-14-17:20:21.414.135 [mindspore/ccsrc/pybind_api/ir/tensor_py.cc:730] DataPtr] Tensor device address is null
[ERROR] COMMON(788511,ffffa6a98020,python):2026-09-14-17:20:21.414.832 [mindspore/ccsrc/pybind_api/ir/tensor_py.cc:730] DataPtr] Tensor device address is null
[ERROR] COMMON(788511,ffffa6a98020,python):2026-09-14-17:20:21.415.536 [mindspore/ccsrc/pybind_api/ir/tensor_py.cc:730] DataPtr] Tensor device address is null
[ERROR] COMMON(788511,ffffa6a98020,python):2026-09-14-17:20:21.417.517 [mindspore/ccsrc/pybind_api/ir/tensor_py.cc:730] DataPtr] Tensor device address is null
[ERROR] COMMON(788511,ffffa6a98020,python):2026-09-14-17:20:21.418.227 [mindspore/ccsrc/pybind_api/ir/tensor_py.cc:730] DataPtr] Tensor device address is null
[ERROR] COMMON(788511,ffffa6a98020,python):2026-09-14-17:20:21.420.692 [mindspore/ccsrc/pybind_api/ir/tensor_py.cc:730] DataPtr] Tensor device address is null
[ERROR] COMMON(788511,ffffa6a98020,python):2026-09-14-17:20:21.421.410 [mindspore/ccsrc/pybind_api/ir/tensor_py.cc:730] DataPtr] Tensor device address is null
[ERROR] COMMON(788511,ffffa6a98020,python):2026-09-14-17:20:21.423.880 [mindspore/ccsrc/pybind_api/ir/tensor_py.cc:730] DataPtr] Tensor device address is null
[ERROR] COMMON(788511,ffffa6a98020,python):2026-09-14-17:20:21.424.612 [mindspore/ccsrc/pybind_api/ir/tensor_py.cc:730] DataPtr] Tensor device address is null
[ERROR] COMMON(788511,ffffa6a98020,python):2026-09-14-17:20:21.427.106 [mindspore/ccsrc/pybind_api/ir/tensor_py.cc:730] DataPtr] Tensor device address is null
[ERROR] COMMON(788511,ffffa6a98020,python):2026-09-14-17:20:21.427.826 [mindspore/ccsrc/pybind_api/ir/tensor_py.cc:730] DataPtr] Tensor device address is null
[ERROR] COMMON(788511,ffffa6a98020,python):2026-09-14-17:20:21.433.713 [mindspore/ccsrc/pybind_api/ir/tensor_py.cc:730] DataPtr] Tensor device address is null
[ERROR] COMMON(788511,ffffa6a98020,python):2026-09-14-17:20:21.434.470 [mindspore/ccsrc/pybind_api/ir/tensor_py.cc:730] DataPtr] Tensor device address is null
[ERROR] COMMON(788511,ffffa6a98020,python):2026-09-14-17:20:21.439.769 [mindspore/ccsrc/pybind_api/ir/tensor_py.cc:730] DataPtr] Tensor device address is null
[ERROR] COMMON(788511,ffffa6a98020,python):2026-09-14-17:20:21.440.509 [mindspore/ccsrc/pybind_api/ir/tensor_py.cc:730] DataPtr] Tensor device address is null
[ERROR] COMMON(788511,ffffa6a98020,python):2026-09-14-17:20:21.441.226 [mindspore/ccsrc/pybind_api/ir/tensor_py.cc:730] DataPtr] Tensor device address is null
[ERROR] COMMON(788511,ffffa6a98020,python):2026-09-14-17:20:21.441.925 [mindspore/ccsrc/pybind_api/ir/tensor_py.cc:730] DataPtr] Tensor device address is null
[ERROR] COMMON(788511,ffffa6a98020,python):2026-09-14-17:20:21.442.632 [mindspore/ccsrc/pybind_api/ir/tensor_py.cc:730] DataPtr] Tensor device address is null
[ERROR] COMMON(788511,ffffa6a98020,python):2026-09-14-17:20:21.443.329 [mindspore/ccsrc/pybind_api/ir/tensor_py.cc:730] DataPtr] Tensor device address is null
[ERROR] COMMON(788511,ffffa6a98020,python):2026-09-14-17:20:21.445.766 [mindspore/ccsrc/pybind_api/ir/tensor_py.cc:730] DataPtr] Tensor device address is null
[ERROR] COMMON(788511,ffffa6a98020,python):2026-09-14-17:20:21.446.480 [mindspore/ccsrc/pybind_api/ir/tensor_py.cc:730] DataPtr] Tensor device address is null
[ERROR] COMMON(788511,ffffa6a98020,python):2026-09-14-17:20:21.448.862 [mindspore/ccsrc/pybind_api/ir/tensor_py.cc:730] DataPtr] Tensor device address is null
[ERROR] COMMON(788511,ffffa6a98020,python):2026-09-14-17:20:21.449.585 [mindspore/ccsrc/pybind_api/ir/tensor_py.cc:730] DataPtr] Tensor device address is null
[ERROR] COMMON(788511,ffffa6a98020,python):2026-09-14-17:20:21.451.954 [mindspore/ccsrc/pybind_api/ir/tensor_py.cc:730] DataPtr] Tensor device address is null
[ERROR] COMMON(788511,ffffa6a98020,python):2026-09-14-17:20:21.452.669 [mindspore/ccsrc/pybind_api/ir/tensor_py.cc:730] DataPtr] Tensor device address is null
[ERROR] COMMON(788511,ffffa6a98020,python):2026-09-14-17:20:21.455.009 [mindspore/ccsrc/pybind_api/ir/tensor_py.cc:730] DataPtr] Tensor device address is null
[ERROR] COMMON(788511,ffffa6a98020,python):2026-09-14-17:20:21.455.730 [mindspore/ccsrc/pybind_api/ir/tensor_py.cc:730] DataPtr] Tensor device address is null
[ERROR] COMMON(788511,ffffa6a98020,python):2026-09-14-17:20:21.460.870 [mindspore/ccsrc/pybind_api/ir/tensor_py.cc:730] DataPtr] Tensor device address is null
[ERROR] COMMON(788511,ffffa6a98020,python):2026-09-14-17:20:21.461.609 [mindspore/ccsrc/pybind_api/ir/tensor_py.cc:730] DataPtr] Tensor device address is null
[ERROR] COMMON(788511,ffffa6a98020,python):2026-09-14-17:20:21.467.303 [mindspore/ccsrc/pybind_api/ir/tensor_py.cc:730] DataPtr] Tensor device address is null
[ERROR] COMMON(788511,ffffa6a98020,python):2026-09-14-17:20:21.468.037 [mindspore/ccsrc/pybind_api/ir/tensor_py.cc:730] DataPtr] Tensor device address is null
[ERROR] COMMON(788511,ffffa6a98020,python):2026-09-14-17:20:21.468.753 [mindspore/ccsrc/pybind_api/ir/tensor_py.cc:730] DataPtr] Tensor device address is null
[ERROR] COMMON(788511,ffffa6a98020,python):2026-09-14-17:20:21.469.476 [mindspore/ccsrc/pybind_api/ir/tensor_py.cc:730] DataPtr] Tensor device address is null
[ERROR] COMMON(788511,ffffa6a98020,python):2026-09-14-17:20:21.470.177 [mindspore/ccsrc/pybind_api/ir/tensor_py.cc:730] DataPtr] Tensor device address is null
[ERROR] COMMON(788511,ffffa6a98020,python):2026-09-14-17:20:21.470.879 [mindspore/ccsrc/pybind_api/ir/tensor_py.cc:730] DataPtr] Tensor device address is null
[ERROR] COMMON(788511,ffffa6a98020,python):2026-09-14-17:20:21.472.824 [mindspore/ccsrc/pybind_api/ir/tensor_py.cc:730] DataPtr] Tensor device address is null
[ERROR] COMMON(788511,ffffa6a98020,python):2026-09-14-17:20:21.473.536 [mindspore/ccsrc/pybind_api/ir/tensor_py.cc:730] DataPtr] Tensor device address is null
[ERROR] COMMON(788511,ffffa6a98020,python):2026-09-14-17:20:21.475.902 [mindspore/ccsrc/pybind_api/ir/tensor_py.cc:730] DataPtr] Tensor device address is null
[ERROR] COMMON(788511,ffffa6a98020,python):2026-09-14-17:20:21.476.636 [mindspore/ccsrc/pybind_api/ir/tensor_py.cc:730] DataPtr] Tensor device address is null
[ERROR] COMMON(788511,ffffa6a98020,python):2026-09-14-17:20:21.479.044 [mindspore/ccsrc/pybind_api/ir/tensor_py.cc:730] DataPtr] Tensor device address is null
[ERROR] COMMON(788511,ffffa6a98020,python):2026-09-14-17:20:21.479.749 [mindspore/ccsrc/pybind_api/ir/tensor_py.cc:730] DataPtr] Tensor device address is null
[ERROR] COMMON(788511,ffffa6a98020,python):2026-09-14-17:20:21.482.158 [mindspore/ccsrc/pybind_api/ir/tensor_py.cc:730] DataPtr] Tensor device address is null
[ERROR] COMMON(788511,ffffa6a98020,python):2026-09-14-17:20:21.482.873 [mindspore/ccsrc/pybind_api/ir/tensor_py.cc:730] DataPtr] Tensor device address is null
[ERROR] COMMON(788511,ffffa6a98020,python):2026-09-14-17:20:21.488.711 [mindspore/ccsrc/pybind_api/ir/tensor_py.cc:730] DataPtr] Tensor device address is null
[ERROR] COMMON(788511,ffffa6a98020,python):2026-09-14-17:20:21.489.468 [mindspore/ccsrc/pybind_api/ir/tensor_py.cc:730] DataPtr] Tensor device address is null
[ERROR] COMMON(788511,ffffa6a98020,python):2026-09-14-17:20:21.494.647 [mindspore/ccsrc/pybind_api/ir/tensor_py.cc:730] DataPtr] Tensor device address is null
[ERROR] COMMON(788511,ffffa6a98020,python):2026-09-14-17:20:21.495.375 [mindspore/ccsrc/pybind_api/ir/tensor_py.cc:730] DataPtr] Tensor device address is null
[ERROR] COMMON(788511,ffffa6a98020,python):2026-09-14-17:20:21.496.079 [mindspore/ccsrc/pybind_api/ir/tensor_py.cc:730] DataPtr] Tensor device address is null
[ERROR] COMMON(788511,ffffa6a98020,python):2026-09-14-17:20:21.496.779 [mindspore/ccsrc/pybind_api/ir/tensor_py.cc:730] DataPtr] Tensor device address is null
[ERROR] COMMON(788511,ffffa6a98020,python):2026-09-14-17:20:21.497.483 [mindspore/ccsrc/pybind_api/ir/tensor_py.cc:730] DataPtr] Tensor device address is null
[ERROR] COMMON(788511,ffffa6a98020,python):2026-09-14-17:20:21.498.178 [mindspore/ccsrc/pybind_api/ir/tensor_py.cc:730] DataPtr] Tensor device address is null
[ERROR] COMMON(788511,ffffa6a98020,python):2026-09-14-17:20:21.500.657 [mindspore/ccsrc/pybind_api/ir/tensor_py.cc:730] DataPtr] Tensor device address is null
[ERROR] COMMON(788511,ffffa6a98020,python):2026-09-14-17:20:21.501.375 [mindspore/ccsrc/pybind_api/ir/tensor_py.cc:730] DataPtr] Tensor device address is null
[ERROR] COMMON(788511,ffffa6a98020,python):2026-09-14-17:20:21.503.765 [mindspore/ccsrc/pybind_api/ir/tensor_py.cc:730] DataPtr] Tensor device address is null
[ERROR] COMMON(788511,ffffa6a98020,python):2026-09-14-17:20:21.504.478 [mindspore/ccsrc/pybind_api/ir/tensor_py.cc:730] DataPtr] Tensor device address is null
[ERROR] COMMON(788511,ffffa6a98020,python):2026-09-14-17:20:21.506.848 [mindspore/ccsrc/pybind_api/ir/tensor_py.cc:730] DataPtr] Tensor device address is null
[ERROR] COMMON(788511,ffffa6a98020,python):2026-09-14-17:20:21.507.575 [mindspore/ccsrc/pybind_api/ir/tensor_py.cc:730] DataPtr] Tensor device address is null
[ERROR] COMMON(788511,ffffa6a98020,python):2026-09-14-17:20:21.509.979 [mindspore/ccsrc/pybind_api/ir/tensor_py.cc:730] DataPtr] Tensor device address is null
[ERROR] COMMON(788511,ffffa6a98020,python):2026-09-14-17:20:21.510.695 [mindspore/ccsrc/pybind_api/ir/tensor_py.cc:730] DataPtr] Tensor device address is null
[ERROR] COMMON(788511,ffffa6a98020,python):2026-09-14-17:20:21.515.902 [mindspore/ccsrc/pybind_api/ir/tensor_py.cc:730] DataPtr] Tensor device address is null
[ERROR] COMMON(788511,ffffa6a98020,python):2026-09-14-17:20:21.516.658 [mindspore/ccsrc/pybind_api/ir/tensor_py.cc:730] DataPtr] Tensor device address is null
[ERROR] COMMON(788511,ffffa6a98020,python):2026-09-14-17:20:21.522.375 [mindspore/ccsrc/pybind_api/ir/tensor_py.cc:730] DataPtr] Tensor device address is null
[ERROR] COMMON(788511,ffffa6a98020,python):2026-09-14-17:20:21.523.116 [mindspore/ccsrc/pybind_api/ir/tensor_py.cc:730] DataPtr] Tensor device address is null
[ERROR] COMMON(788511,ffffa6a98020,python):2026-09-14-17:20:21.523.828 [mindspore/ccsrc/pybind_api/ir/tensor_py.cc:730] DataPtr] Tensor device address is null
[ERROR] COMMON(788511,ffffa6a98020,python):2026-09-14-17:20:21.524.530 [mindspore/ccsrc/pybind_api/ir/tensor_py.cc:730] DataPtr] Tensor device address is null
[ERROR] COMMON(788511,ffffa6a98020,python):2026-09-14-17:20:21.525.250 [mindspore/ccsrc/pybind_api/ir/tensor_py.cc:730] DataPtr] Tensor device address is null
[ERROR] COMMON(788511,ffffa6a98020,python):2026-09-14-17:20:21.525.949 [mindspore/ccsrc/pybind_api/ir/tensor_py.cc:730] DataPtr] Tensor device address is null
[ERROR] COMMON(788511,ffffa6a98020,python):2026-09-14-17:20:21.527.899 [mindspore/ccsrc/pybind_api/ir/tensor_py.cc:730] DataPtr] Tensor device address is null
[ERROR] COMMON(788511,ffffa6a98020,python):2026-09-14-17:20:21.528.620 [mindspore/ccsrc/pybind_api/ir/tensor_py.cc:730] DataPtr] Tensor device address is null
[ERROR] COMMON(788511,ffffa6a98020,python):2026-09-14-17:20:21.530.995 [mindspore/ccsrc/pybind_api/ir/tensor_py.cc:730] DataPtr] Tensor device address is null
[ERROR] COMMON(788511,ffffa6a98020,python):2026-09-14-17:20:21.531.694 [mindspore/ccsrc/pybind_api/ir/tensor_py.cc:730] DataPtr] Tensor device address is null
[ERROR] COMMON(788511,ffffa6a98020,python):2026-09-14-17:20:21.534.076 [mindspore/ccsrc/pybind_api/ir/tensor_py.cc:730] DataPtr] Tensor device address is null
[ERROR] COMMON(788511,ffffa6a98020,python):2026-09-14-17:20:21.534.802 [mindspore/ccsrc/pybind_api/ir/tensor_py.cc:730] DataPtr] Tensor device address is null
[ERROR] COMMON(788511,ffffa6a98020,python):2026-09-14-17:20:21.537.178 [mindspore/ccsrc/pybind_api/ir/tensor_py.cc:730] DataPtr] Tensor device address is null
[ERROR] COMMON(788511,ffffa6a98020,python):2026-09-14-17:20:21.537.905 [mindspore/ccsrc/pybind_api/ir/tensor_py.cc:730] DataPtr] Tensor device address is null
[ERROR] COMMON(788511,ffffa6a98020,python):2026-09-14-17:20:21.543.588 [mindspore/ccsrc/pybind_api/ir/tensor_py.cc:730] DataPtr] Tensor device address is null
[ERROR] COMMON(788511,ffffa6a98020,python):2026-09-14-17:20:21.544.322 [mindspore/ccsrc/pybind_api/ir/tensor_py.cc:730] DataPtr] Tensor device address is null
[ERROR] COMMON(788511,ffffa6a98020,python):2026-09-14-17:20:21.549.602 [mindspore/ccsrc/pybind_api/ir/tensor_py.cc:730] DataPtr] Tensor device address is null
[ERROR] COMMON(788511,ffffa6a98020,python):2026-09-14-17:20:21.550.329 [mindspore/ccsrc/pybind_api/ir/tensor_py.cc:730] DataPtr] Tensor device address is null
[ERROR] COMMON(788511,ffffa6a98020,python):2026-09-14-17:20:21.551.024 [mindspore/ccsrc/pybind_api/ir/tensor_py.cc:730] DataPtr] Tensor device address is null
[ERROR] COMMON(788511,ffffa6a98020,python):2026-09-14-17:20:21.551.722 [mindspore/ccsrc/pybind_api/ir/tensor_py.cc:730] DataPtr] Tensor device address is null
[ERROR] COMMON(788511,ffffa6a98020,python):2026-09-14-17:20:21.552.419 [mindspore/ccsrc/pybind_api/ir/tensor_py.cc:730] DataPtr] Tensor device address is null
[ERROR] COMMON(788511,ffffa6a98020,python):2026-09-14-17:20:21.553.119 [mindspore/ccsrc/pybind_api/ir/tensor_py.cc:730] DataPtr] Tensor device address is null
[ERROR] COMMON(788511,ffffa6a98020,python):2026-09-14-17:20:21.555.607 [mindspore/ccsrc/pybind_api/ir/tensor_py.cc:730] DataPtr] Tensor device address is null
[ERROR] COMMON(788511,ffffa6a98020,python):2026-09-14-17:20:21.556.308 [mindspore/ccsrc/pybind_api/ir/tensor_py.cc:730] DataPtr] Tensor device address is null
[ERROR] COMMON(788511,ffffa6a98020,python):2026-09-14-17:20:21.558.709 [mindspore/ccsrc/pybind_api/ir/tensor_py.cc:730] DataPtr] Tensor device address is null
[ERROR] COMMON(788511,ffffa6a98020,python):2026-09-14-17:20:21.559.434 [mindspore/ccsrc/pybind_api/ir/tensor_py.cc:730] DataPtr] Tensor device address is null
[ERROR] COMMON(788511,ffffa6a98020,python):2026-09-14-17:20:21.561.865 [mindspore/ccsrc/pybind_api/ir/tensor_py.cc:730] DataPtr] Tensor device address is null
[ERROR] COMMON(788511,ffffa6a98020,python):2026-09-14-17:20:21.562.593 [mindspore/ccsrc/pybind_api/ir/tensor_py.cc:730] DataPtr] Tensor device address is null
[ERROR] COMMON(788511,ffffa6a98020,python):2026-09-14-17:20:21.565.033 [mindspore/ccsrc/pybind_api/ir/tensor_py.cc:730] DataPtr] Tensor device address is null
[ERROR] COMMON(788511,ffffa6a98020,python):2026-09-14-17:20:21.565.753 [mindspore/ccsrc/pybind_api/ir/tensor_py.cc:730] DataPtr] Tensor device address is null
[ERROR] COMMON(788511,ffffa6a98020,python):2026-09-14-17:20:21.571.178 [mindspore/ccsrc/pybind_api/ir/tensor_py.cc:730] DataPtr] Tensor device address is null
[ERROR] COMMON(788511,ffffa6a98020,python):2026-09-14-17:20:21.571.921 [mindspore/ccsrc/pybind_api/ir/tensor_py.cc:730] DataPtr] Tensor device address is null
[ERROR] COMMON(788511,ffffa6a98020,python):2026-09-14-17:20:21.577.800 [mindspore/ccsrc/pybind_api/ir/tensor_py.cc:730] DataPtr] Tensor device address is null
[ERROR] COMMON(788511,ffffa6a98020,python):2026-09-14-17:20:21.578.550 [mindspore/ccsrc/pybind_api/ir/tensor_py.cc:730] DataPtr] Tensor device address is null
[ERROR] COMMON(788511,ffffa6a98020,python):2026-09-14-17:20:21.579.263 [mindspore/ccsrc/pybind_api/ir/tensor_py.cc:730] DataPtr] Tensor device address is null
[ERROR] COMMON(788511,ffffa6a98020,python):2026-09-14-17:20:21.579.963 [mindspore/ccsrc/pybind_api/ir/tensor_py.cc:730] DataPtr] Tensor device address is null
[ERROR] COMMON(788511,ffffa6a98020,python):2026-09-14-17:20:21.580.675 [mindspore/ccsrc/pybind_api/ir/tensor_py.cc:730] DataPtr] Tensor device address is null
[ERROR] COMMON(788511,ffffa6a98020,python):2026-09-14-17:20:21.581.379 [mindspore/ccsrc/pybind_api/ir/tensor_py.cc:730] DataPtr] Tensor device address is null
[ERROR] COMMON(788511,ffffa6a98020,python):2026-09-14-17:20:21.583.374 [mindspore/ccsrc/pybind_api/ir/tensor_py.cc:730] DataPtr] Tensor device address is null
[ERROR] COMMON(788511,ffffa6a98020,python):2026-09-14-17:20:21.584.070 [mindspore/ccsrc/pybind_api/ir/tensor_py.cc:730] DataPtr] Tensor device address is null
[ERROR] COMMON(788511,ffffa6a98020,python):2026-09-14-17:20:21.586.544 [mindspore/ccsrc/pybind_api/ir/tensor_py.cc:730] DataPtr] Tensor device address is null
[ERROR] COMMON(788511,ffffa6a98020,python):2026-09-14-17:20:21.587.260 [mindspore/ccsrc/pybind_api/ir/tensor_py.cc:730] DataPtr] Tensor device address is null
[ERROR] COMMON(788511,ffffa6a98020,python):2026-09-14-17:20:21.589.715 [mindspore/ccsrc/pybind_api/ir/tensor_py.cc:730] DataPtr] Tensor device address is null
[ERROR] COMMON(788511,ffffa6a98020,python):2026-09-14-17:20:21.590.435 [mindspore/ccsrc/pybind_api/ir/tensor_py.cc:730] DataPtr] Tensor device address is null
[ERROR] COMMON(788511,ffffa6a98020,python):2026-09-14-17:20:21.592.925 [mindspore/ccsrc/pybind_api/ir/tensor_py.cc:730] DataPtr] Tensor device address is null
[ERROR] COMMON(788511,ffffa6a98020,python):2026-09-14-17:20:21.593.640 [mindspore/ccsrc/pybind_api/ir/tensor_py.cc:730] DataPtr] Tensor device address is null
[ERROR] COMMON(788511,ffffa6a98020,python):2026-09-14-17:20:21.599.302 [mindspore/ccsrc/pybind_api/ir/tensor_py.cc:730] DataPtr] Tensor device address is null
[ERROR] COMMON(788511,ffffa6a98020,python):2026-09-14-17:20:21.600.053 [mindspore/ccsrc/pybind_api/ir/tensor_py.cc:730] DataPtr] Tensor device address is null
[ERROR] COMMON(788511,ffffa6a98020,python):2026-09-14-17:20:21.605.294 [mindspore/ccsrc/pybind_api/ir/tensor_py.cc:730] DataPtr] Tensor device address is null
[ERROR] COMMON(788511,ffffa6a98020,python):2026-09-14-17:20:21.606.035 [mindspore/ccsrc/pybind_api/ir/tensor_py.cc:730] DataPtr] Tensor device address is null
[ERROR] COMMON(788511,ffffa6a98020,python):2026-09-14-17:20:21.606.739 [mindspore/ccsrc/pybind_api/ir/tensor_py.cc:730] DataPtr] Tensor device address is null
[ERROR] COMMON(788511,ffffa6a98020,python):2026-09-14-17:20:21.607.438 [mindspore/ccsrc/pybind_api/ir/tensor_py.cc:730] DataPtr] Tensor device address is null
[ERROR] COMMON(788511,ffffa6a98020,python):2026-09-14-17:20:21.608.133 [mindspore/ccsrc/pybind_api/ir/tensor_py.cc:730] DataPtr] Tensor device address is null
[ERROR] COMMON(788511,ffffa6a98020,python):2026-09-14-17:20:21.608.852 [mindspore/ccsrc/pybind_api/ir/tensor_py.cc:730] DataPtr] Tensor device address is null
[ERROR] COMMON(788511,ffffa6a98020,python):2026-09-14-17:20:21.611.218 [mindspore/ccsrc/pybind_api/ir/tensor_py.cc:730] DataPtr] Tensor device address is null
[ERROR] COMMON(788511,ffffa6a98020,python):2026-09-14-17:20:21.611.931 [mindspore/ccsrc/pybind_api/ir/tensor_py.cc:730] DataPtr] Tensor device address is null
[ERROR] COMMON(788511,ffffa6a98020,python):2026-09-14-17:20:21.614.313 [mindspore/ccsrc/pybind_api/ir/tensor_py.cc:730] DataPtr] Tensor device address is null
[ERROR] COMMON(788511,ffffa6a98020,python):2026-09-14-17:20:21.615.031 [mindspore/ccsrc/pybind_api/ir/tensor_py.cc:730] DataPtr] Tensor device address is null
[ERROR] COMMON(788511,ffffa6a98020,python):2026-09-14-17:20:21.617.409 [mindspore/ccsrc/pybind_api/ir/tensor_py.cc:730] DataPtr] Tensor device address is null
[ERROR] COMMON(788511,ffffa6a98020,python):2026-09-14-17:20:21.618.113 [mindspore/ccsrc/pybind_api/ir/tensor_py.cc:730] DataPtr] Tensor device address is null
[ERROR] COMMON(788511,ffffa6a98020,python):2026-09-14-17:20:21.620.479 [mindspore/ccsrc/pybind_api/ir/tensor_py.cc:730] DataPtr] Tensor device address is null
[ERROR] COMMON(788511,ffffa6a98020,python):2026-09-14-17:20:21.621.197 [mindspore/ccsrc/pybind_api/ir/tensor_py.cc:730] DataPtr] Tensor device address is null
[ERROR] COMMON(788511,ffffa6a98020,python):2026-09-14-17:20:21.626.599 [mindspore/ccsrc/pybind_api/ir/tensor_py.cc:730] DataPtr] Tensor device address is null
[ERROR] COMMON(788511,ffffa6a98020,python):2026-09-14-17:20:21.627.334 [mindspore/ccsrc/pybind_api/ir/tensor_py.cc:730] DataPtr] Tensor device address is null
[ERROR] COMMON(788511,ffffa6a98020,python):2026-09-14-17:20:21.633.149 [mindspore/ccsrc/pybind_api/ir/tensor_py.cc:730] DataPtr] Tensor device address is null
[ERROR] COMMON(788511,ffffa6a98020,python):2026-09-14-17:20:21.633.885 [mindspore/ccsrc/pybind_api/ir/tensor_py.cc:730] DataPtr] Tensor device address is null
[ERROR] COMMON(788511,ffffa6a98020,python):2026-09-14-17:20:21.634.584 [mindspore/ccsrc/pybind_api/ir/tensor_py.cc:730] DataPtr] Tensor device address is null
[ERROR] COMMON(788511,ffffa6a98020,python):2026-09-14-17:20:21.635.280 [mindspore/ccsrc/pybind_api/ir/tensor_py.cc:730] DataPtr] Tensor device address is null
[ERROR] COMMON(788511,ffffa6a98020,python):2026-09-14-17:20:21.635.979 [mindspore/ccsrc/pybind_api/ir/tensor_py.cc:730] DataPtr] Tensor device address is null
[ERROR] COMMON(788511,ffffa6a98020,python):2026-09-14-17:20:21.636.681 [mindspore/ccsrc/pybind_api/ir/tensor_py.cc:730] DataPtr] Tensor device address is null
[ERROR] COMMON(788511,ffffa6a98020,python):2026-09-14-17:20:21.638.661 [mindspore/ccsrc/pybind_api/ir/tensor_py.cc:730] DataPtr] Tensor device address is null
[ERROR] COMMON(788511,ffffa6a98020,python):2026-09-14-17:20:21.639.362 [mindspore/ccsrc/pybind_api/ir/tensor_py.cc:730] DataPtr] Tensor device address is null
[ERROR] COMMON(788511,ffffa6a98020,python):2026-09-14-17:20:21.641.735 [mindspore/ccsrc/pybind_api/ir/tensor_py.cc:730] DataPtr] Tensor device address is null
[ERROR] COMMON(788511,ffffa6a98020,python):2026-09-14-17:20:21.642.440 [mindspore/ccsrc/pybind_api/ir/tensor_py.cc:730] DataPtr] Tensor device address is null
[ERROR] COMMON(788511,ffffa6a98020,python):2026-09-14-17:20:21.644.864 [mindspore/ccsrc/pybind_api/ir/tensor_py.cc:730] DataPtr] Tensor device address is null
[ERROR] COMMON(788511,ffffa6a98020,python):2026-09-14-17:20:21.645.579 [mindspore/ccsrc/pybind_api/ir/tensor_py.cc:730] DataPtr] Tensor device address is null
[ERROR] COMMON(788511,ffffa6a98020,python):2026-09-14-17:20:21.648.040 [mindspore/ccsrc/pybind_api/ir/tensor_py.cc:730] DataPtr] Tensor device address is null
[ERROR] COMMON(788511,ffffa6a98020,python):2026-09-14-17:20:21.648.751 [mindspore/ccsrc/pybind_api/ir/tensor_py.cc:730] DataPtr] Tensor device address is null
[ERROR] COMMON(788511,ffffa6a98020,python):2026-09-14-17:20:21.654.550 [mindspore/ccsrc/pybind_api/ir/tensor_py.cc:730] DataPtr] Tensor device address is null
[ERROR] COMMON(788511,ffffa6a98020,python):2026-09-14-17:20:21.655.296 [mindspore/ccsrc/pybind_api/ir/tensor_py.cc:730] DataPtr] Tensor device address is null
[ERROR] COMMON(788511,ffffa6a98020,python):2026-09-14-17:20:21.660.649 [mindspore/ccsrc/pybind_api/ir/tensor_py.cc:730] DataPtr] Tensor device address is null
[ERROR] COMMON(788511,ffffa6a98020,python):2026-09-14-17:20:21.661.388 [mindspore/ccsrc/pybind_api/ir/tensor_py.cc:730] DataPtr] Tensor device address is null
[ERROR] COMMON(788511,ffffa6a98020,python):2026-09-14-17:20:21.662.096 [mindspore/ccsrc/pybind_api/ir/tensor_py.cc:730] DataPtr] Tensor device address is null
[ERROR] COMMON(788511,ffffa6a98020,python):2026-09-14-17:20:21.662.798 [mindspore/ccsrc/pybind_api/ir/tensor_py.cc:730] DataPtr] Tensor device address is null
[ERROR] COMMON(788511,ffffa6a98020,python):2026-09-14-17:20:21.663.498 [mindspore/ccsrc/pybind_api/ir/tensor_py.cc:730] DataPtr] Tensor device address is null
[ERROR] COMMON(788511,ffffa6a98020,python):2026-09-14-17:20:21.664.196 [mindspore/ccsrc/pybind_api/ir/tensor_py.cc:730] DataPtr] Tensor device address is null
[ERROR] COMMON(788511,ffffa6a98020,python):2026-09-14-17:20:21.666.591 [mindspore/ccsrc/pybind_api/ir/tensor_py.cc:730] DataPtr] Tensor device address is null
[ERROR] COMMON(788511,ffffa6a98020,python):2026-09-14-17:20:21.667.305 [mindspore/ccsrc/pybind_api/ir/tensor_py.cc:730] DataPtr] Tensor device address is null
[ERROR] COMMON(788511,ffffa6a98020,python):2026-09-14-17:20:21.669.702 [mindspore/ccsrc/pybind_api/ir/tensor_py.cc:730] DataPtr] Tensor device address is null
[ERROR] COMMON(788511,ffffa6a98020,python):2026-09-14-17:20:21.670.426 [mindspore/ccsrc/pybind_api/ir/tensor_py.cc:730] DataPtr] Tensor device address is null
[ERROR] COMMON(788511,ffffa6a98020,python):2026-09-14-17:20:21.672.785 [mindspore/ccsrc/pybind_api/ir/tensor_py.cc:730] DataPtr] Tensor device address is null
[ERROR] COMMON(788511,ffffa6a98020,python):2026-09-14-17:20:21.673.502 [mindspore/ccsrc/pybind_api/ir/tensor_py.cc:730] DataPtr] Tensor device address is null
[ERROR] COMMON(788511,ffffa6a98020,python):2026-09-14-17:20:21.675.864 [mindspore/ccsrc/pybind_api/ir/tensor_py.cc:730] DataPtr] Tensor device address is null
[ERROR] COMMON(788511,ffffa6a98020,python):2026-09-14-17:20:21.676.578 [mindspore/ccsrc/pybind_api/ir/tensor_py.cc:730] DataPtr] Tensor device address is null
[ERROR] COMMON(788511,ffffa6a98020,python):2026-09-14-17:20:21.681.822 [mindspore/ccsrc/pybind_api/ir/tensor_py.cc:730] DataPtr] Tensor device address is null
[ERROR] COMMON(788511,ffffa6a98020,python):2026-09-14-17:20:21.682.557 [mindspore/ccsrc/pybind_api/ir/tensor_py.cc:730] DataPtr] Tensor device address is null
[ERROR] COMMON(788511,ffffa6a98020,python):2026-09-14-17:20:21.688.179 [mindspore/ccsrc/pybind_api/ir/tensor_py.cc:730] DataPtr] Tensor device address is null
