[WARNING] ME(690390:281473511804960,MainProcess):2026-09-14-16:01:09.496.696 [mindspore/run_check/_check_version.py:402] Can not find the tbe operator implementation(need by mindspore-ascend). Please check whether the Environment Variable PYTHONPATH is set. For details, refer to the installation guidelines: https://www.mindspore.cn/install
/home/user7/miniconda3/envs/ms_2.5/lib/python3.9/site-packages/numpy/core/getlimits.py:549: UserWarning: The value of the smallest subnormal for <class 'numpy.float64'> type is zero.
  setattr(self, word, getattr(machar, word).flat[0])
/home/user7/miniconda3/envs/ms_2.5/lib/python3.9/site-packages/numpy/core/getlimits.py:89: UserWarning: The value of the smallest subnormal for <class 'numpy.float64'> type is zero.
  return self._float_to_str(self.smallest_subnormal)
/home/user7/miniconda3/envs/ms_2.5/lib/python3.9/site-packages/numpy/core/getlimits.py:549: UserWarning: The value of the smallest subnormal for <class 'numpy.float32'> type is zero.
  setattr(self, word, getattr(machar, word).flat[0])
/home/user7/miniconda3/envs/ms_2.5/lib/python3.9/site-packages/numpy/core/getlimits.py:89: UserWarning: The value of the smallest subnormal for <class 'numpy.float32'> type is zero.
  return self._float_to_str(self.smallest_subnormal)
[WARNING] ME(690390:281473511804960,MainProcess):2026-09-14-16:01:12.829.554 [mindspore/context.py:1335] For 'context.set_context', the parameter 'deterministic' will be deprecated and removed in a future version. Please use the api mindspore.set_deterministic() instead.
[WARNING] ME(690390:281473511804960,MainProcess):2026-09-14-16:01:12.831.190 [mindspore/run_check/_check_version.py:402] Can not find the tbe operator implementation(need by mindspore-ascend). Please check whether the Environment Variable PYTHONPATH is set. For details, refer to the installation guidelines: https://www.mindspore.cn/install
[WARNING] ME(690390:281473511804960,MainProcess):2026-09-14-16:01:12.831.360 [mindspore/context.py:1335] For 'context.set_context', the parameter 'device_target' will be deprecated and removed in a future version. Please use the api mindspore.set_device() instead.
[WARNING] ME(690390:281473511804960,MainProcess):2026-09-14-16:01:12.832.058 [mindspore/run_check/_check_version.py:402] Can not find the tbe operator implementation(need by mindspore-ascend). Please check whether the Environment Variable PYTHONPATH is set. For details, refer to the installation guidelines: https://www.mindspore.cn/install
[WARNING] ME(690390:281473511804960,MainProcess):2026-09-14-16:01:12.832.172 [mindspore/context.py:1335] For 'context.set_context', the parameter 'device_id' will be deprecated and removed in a future version. Please use the api mindspore.set_device() instead.
/home/user7/miniconda3/envs/ms_2.5/lib/python3.9/site-packages/jieba/_compat.py:18: UserWarning: pkg_resources is deprecated as an API. See https://setuptools.pypa.io/en/latest/pkg_resources.html. The pkg_resources package is slated for removal as early as 2025-11-30. Refrain from using this package or pin to Setuptools<81.
  import pkg_resources
[WARNING] ME(690390:281473511804960,MainProcess):2026-09-14-16:01:14.869.3 [mindspore/ops/primitive.py:217] The in_strategy/in_layout of the operator in your network will not take effect in stand_alone mode. This means the the shard function called in the network is ignored. 
If you want to enable it, please use semi auto or auto parallel mode by context.set_auto_parallel_context(parallel_mode=ParallelMode.SEMI_AUTO_PARALLEL or context.set_auto_parallel_context(parallel_mode=ParallelMode.AUTO_PARALLEL)
[WARNING] ME(690390:281473511804960,MainProcess):2026-09-14-16:01:14.406.592 [mindspore/common/parameter.py:851] This interface may be deleted in the future.
[WARNING] ME(690390:281473511804960,MainProcess):2026-09-14-16:01:42.401.747 [mindspore/hal/stream.py:272] WARN_DEPRECATED: The usage of mindspore.hal.synchronize() is deprecated. Please use mindspore.runtime.synchronize()
[ERROR] COMMON(690390,ffffa8af5020,python):2026-09-14-16:01:48.753.939 [mindspore/ccsrc/pybind_api/ir/tensor_py.cc:730] DataPtr] Tensor device address is null
[ERROR] COMMON(690390,ffffa8af5020,python):2026-09-14-16:01:48.834.970 [mindspore/ccsrc/pybind_api/ir/tensor_py.cc:730] DataPtr] Tensor device address is null
[ERROR] COMMON(690390,ffffa8af5020,python):2026-09-14-16:01:48.842.303 [mindspore/ccsrc/pybind_api/ir/tensor_py.cc:730] DataPtr] Tensor device address is null
[ERROR] COMMON(690390,ffffa8af5020,python):2026-09-14-16:01:48.848.584 [mindspore/ccsrc/pybind_api/ir/tensor_py.cc:730] DataPtr] Tensor device address is null
[ERROR] COMMON(690390,ffffa8af5020,python):2026-09-14-16:01:48.849.344 [mindspore/ccsrc/pybind_api/ir/tensor_py.cc:730] DataPtr] Tensor device address is null
[ERROR] COMMON(690390,ffffa8af5020,python):2026-09-14-16:01:48.850.018 [mindspore/ccsrc/pybind_api/ir/tensor_py.cc:730] DataPtr] Tensor device address is null
[ERROR] COMMON(690390,ffffa8af5020,python):2026-09-14-16:01:48.850.703 [mindspore/ccsrc/pybind_api/ir/tensor_py.cc:730] DataPtr] Tensor device address is null
[ERROR] COMMON(690390,ffffa8af5020,python):2026-09-14-16:01:48.851.365 [mindspore/ccsrc/pybind_api/ir/tensor_py.cc:730] DataPtr] Tensor device address is null
[ERROR] COMMON(690390,ffffa8af5020,python):2026-09-14-16:01:48.852.064 [mindspore/ccsrc/pybind_api/ir/tensor_py.cc:730] DataPtr] Tensor device address is null
[ERROR] COMMON(690390,ffffa8af5020,python):2026-09-14-16:01:48.859.466 [mindspore/ccsrc/pybind_api/ir/tensor_py.cc:730] DataPtr] Tensor device address is null
[ERROR] COMMON(690390,ffffa8af5020,python):2026-09-14-16:01:48.860.182 [mindspore/ccsrc/pybind_api/ir/tensor_py.cc:730] DataPtr] Tensor device address is null
[ERROR] COMMON(690390,ffffa8af5020,python):2026-09-14-16:01:48.862.185 [mindspore/ccsrc/pybind_api/ir/tensor_py.cc:730] DataPtr] Tensor device address is null
[ERROR] COMMON(690390,ffffa8af5020,python):2026-09-14-16:01:48.862.868 [mindspore/ccsrc/pybind_api/ir/tensor_py.cc:730] DataPtr] Tensor device address is null
[ERROR] COMMON(690390,ffffa8af5020,python):2026-09-14-16:01:48.864.689 [mindspore/ccsrc/pybind_api/ir/tensor_py.cc:730] DataPtr] Tensor device address is null
[ERROR] COMMON(690390,ffffa8af5020,python):2026-09-14-16:01:48.865.374 [mindspore/ccsrc/pybind_api/ir/tensor_py.cc:730] DataPtr] Tensor device address is null
[ERROR] COMMON(690390,ffffa8af5020,python):2026-09-14-16:01:48.867.213 [mindspore/ccsrc/pybind_api/ir/tensor_py.cc:730] DataPtr] Tensor device address is null
[ERROR] COMMON(690390,ffffa8af5020,python):2026-09-14-16:01:48.867.902 [mindspore/ccsrc/pybind_api/ir/tensor_py.cc:730] DataPtr] Tensor device address is null
[ERROR] COMMON(690390,ffffa8af5020,python):2026-09-14-16:01:48.877.973 [mindspore/ccsrc/pybind_api/ir/tensor_py.cc:730] DataPtr] Tensor device address is null
[ERROR] COMMON(690390,ffffa8af5020,python):2026-09-14-16:01:48.884.301 [mindspore/ccsrc/pybind_api/ir/tensor_py.cc:730] DataPtr] Tensor device address is null
[ERROR] COMMON(690390,ffffa8af5020,python):2026-09-14-16:01:48.894.283 [mindspore/ccsrc/pybind_api/ir/tensor_py.cc:730] DataPtr] Tensor device address is null
[ERROR] COMMON(690390,ffffa8af5020,python):2026-09-14-16:01:48.895.034 [mindspore/ccsrc/pybind_api/ir/tensor_py.cc:730] DataPtr] Tensor device address is null
[ERROR] COMMON(690390,ffffa8af5020,python):2026-09-14-16:01:48.895.704 [mindspore/ccsrc/pybind_api/ir/tensor_py.cc:730] DataPtr] Tensor device address is null
[ERROR] COMMON(690390,ffffa8af5020,python):2026-09-14-16:01:48.896.392 [mindspore/ccsrc/pybind_api/ir/tensor_py.cc:730] DataPtr] Tensor device address is null
[ERROR] COMMON(690390,ffffa8af5020,python):2026-09-14-16:01:48.897.072 [mindspore/ccsrc/pybind_api/ir/tensor_py.cc:730] DataPtr] Tensor device address is null
[ERROR] COMMON(690390,ffffa8af5020,python):2026-09-14-16:01:48.897.753 [mindspore/ccsrc/pybind_api/ir/tensor_py.cc:730] DataPtr] Tensor device address is null
[ERROR] COMMON(690390,ffffa8af5020,python):2026-09-14-16:01:48.899.944 [mindspore/ccsrc/pybind_api/ir/tensor_py.cc:730] DataPtr] Tensor device address is null
[ERROR] COMMON(690390,ffffa8af5020,python):2026-09-14-16:01:48.900.645 [mindspore/ccsrc/pybind_api/ir/tensor_py.cc:730] DataPtr] Tensor device address is null
[ERROR] COMMON(690390,ffffa8af5020,python):2026-09-14-16:01:48.903.159 [mindspore/ccsrc/pybind_api/ir/tensor_py.cc:730] DataPtr] Tensor device address is null
[ERROR] COMMON(690390,ffffa8af5020,python):2026-09-14-16:01:48.903.849 [mindspore/ccsrc/pybind_api/ir/tensor_py.cc:730] DataPtr] Tensor device address is null
[ERROR] COMMON(690390,ffffa8af5020,python):2026-09-14-16:01:48.906.547 [mindspore/ccsrc/pybind_api/ir/tensor_py.cc:730] DataPtr] Tensor device address is null
[ERROR] COMMON(690390,ffffa8af5020,python):2026-09-14-16:01:48.907.242 [mindspore/ccsrc/pybind_api/ir/tensor_py.cc:730] DataPtr] Tensor device address is null
[ERROR] COMMON(690390,ffffa8af5020,python):2026-09-14-16:01:48.909.939 [mindspore/ccsrc/pybind_api/ir/tensor_py.cc:730] DataPtr] Tensor device address is null
[ERROR] COMMON(690390,ffffa8af5020,python):2026-09-14-16:01:48.910.641 [mindspore/ccsrc/pybind_api/ir/tensor_py.cc:730] DataPtr] Tensor device address is null
[ERROR] COMMON(690390,ffffa8af5020,python):2026-09-14-16:01:48.916.159 [mindspore/ccsrc/pybind_api/ir/tensor_py.cc:730] DataPtr] Tensor device address is null
[ERROR] COMMON(690390,ffffa8af5020,python):2026-09-14-16:01:48.916.914 [mindspore/ccsrc/pybind_api/ir/tensor_py.cc:730] DataPtr] Tensor device address is null
[ERROR] COMMON(690390,ffffa8af5020,python):2026-09-14-16:01:48.922.572 [mindspore/ccsrc/pybind_api/ir/tensor_py.cc:730] DataPtr] Tensor device address is null
[ERROR] COMMON(690390,ffffa8af5020,python):2026-09-14-16:01:48.923.300 [mindspore/ccsrc/pybind_api/ir/tensor_py.cc:730] DataPtr] Tensor device address is null
[ERROR] COMMON(690390,ffffa8af5020,python):2026-09-14-16:01:48.923.980 [mindspore/ccsrc/pybind_api/ir/tensor_py.cc:730] DataPtr] Tensor device address is null
[ERROR] COMMON(690390,ffffa8af5020,python):2026-09-14-16:01:48.924.666 [mindspore/ccsrc/pybind_api/ir/tensor_py.cc:730] DataPtr] Tensor device address is null
[ERROR] COMMON(690390,ffffa8af5020,python):2026-09-14-16:01:48.925.329 [mindspore/ccsrc/pybind_api/ir/tensor_py.cc:730] DataPtr] Tensor device address is null
[ERROR] COMMON(690390,ffffa8af5020,python):2026-09-14-16:01:48.926.006 [mindspore/ccsrc/pybind_api/ir/tensor_py.cc:730] DataPtr] Tensor device address is null
[ERROR] COMMON(690390,ffffa8af5020,python):2026-09-14-16:01:48.928.644 [mindspore/ccsrc/pybind_api/ir/tensor_py.cc:730] DataPtr] Tensor device address is null
[ERROR] COMMON(690390,ffffa8af5020,python):2026-09-14-16:01:48.929.346 [mindspore/ccsrc/pybind_api/ir/tensor_py.cc:730] DataPtr] Tensor device address is null
[ERROR] COMMON(690390,ffffa8af5020,python):2026-09-14-16:01:48.932.058 [mindspore/ccsrc/pybind_api/ir/tensor_py.cc:730] DataPtr] Tensor device address is null
[ERROR] COMMON(690390,ffffa8af5020,python):2026-09-14-16:01:48.932.775 [mindspore/ccsrc/pybind_api/ir/tensor_py.cc:730] DataPtr] Tensor device address is null
[ERROR] COMMON(690390,ffffa8af5020,python):2026-09-14-16:01:48.935.426 [mindspore/ccsrc/pybind_api/ir/tensor_py.cc:730] DataPtr] Tensor device address is null
[ERROR] COMMON(690390,ffffa8af5020,python):2026-09-14-16:01:48.936.146 [mindspore/ccsrc/pybind_api/ir/tensor_py.cc:730] DataPtr] Tensor device address is null
[ERROR] COMMON(690390,ffffa8af5020,python):2026-09-14-16:01:48.938.206 [mindspore/ccsrc/pybind_api/ir/tensor_py.cc:730] DataPtr] Tensor device address is null
[ERROR] COMMON(690390,ffffa8af5020,python):2026-09-14-16:01:48.938.899 [mindspore/ccsrc/pybind_api/ir/tensor_py.cc:730] DataPtr] Tensor device address is null
[ERROR] COMMON(690390,ffffa8af5020,python):2026-09-14-16:01:48.944.494 [mindspore/ccsrc/pybind_api/ir/tensor_py.cc:730] DataPtr] Tensor device address is null
[ERROR] COMMON(690390,ffffa8af5020,python):2026-09-14-16:01:48.945.245 [mindspore/ccsrc/pybind_api/ir/tensor_py.cc:730] DataPtr] Tensor device address is null
[ERROR] COMMON(690390,ffffa8af5020,python):2026-09-14-16:01:48.950.779 [mindspore/ccsrc/pybind_api/ir/tensor_py.cc:730] DataPtr] Tensor device address is null
[ERROR] COMMON(690390,ffffa8af5020,python):2026-09-14-16:01:48.951.520 [mindspore/ccsrc/pybind_api/ir/tensor_py.cc:730] DataPtr] Tensor device address is null
[ERROR] COMMON(690390,ffffa8af5020,python):2026-09-14-16:01:48.952.195 [mindspore/ccsrc/pybind_api/ir/tensor_py.cc:730] DataPtr] Tensor device address is null
[ERROR] COMMON(690390,ffffa8af5020,python):2026-09-14-16:01:48.952.889 [mindspore/ccsrc/pybind_api/ir/tensor_py.cc:730] DataPtr] Tensor device address is null
[ERROR] COMMON(690390,ffffa8af5020,python):2026-09-14-16:01:48.953.568 [mindspore/ccsrc/pybind_api/ir/tensor_py.cc:730] DataPtr] Tensor device address is null
[ERROR] COMMON(690390,ffffa8af5020,python):2026-09-14-16:01:48.954.260 [mindspore/ccsrc/pybind_api/ir/tensor_py.cc:730] DataPtr] Tensor device address is null
[ERROR] COMMON(690390,ffffa8af5020,python):2026-09-14-16:01:48.956.446 [mindspore/ccsrc/pybind_api/ir/tensor_py.cc:730] DataPtr] Tensor device address is null
[ERROR] COMMON(690390,ffffa8af5020,python):2026-09-14-16:01:48.957.174 [mindspore/ccsrc/pybind_api/ir/tensor_py.cc:730] DataPtr] Tensor device address is null
[ERROR] COMMON(690390,ffffa8af5020,python):2026-09-14-16:01:48.959.908 [mindspore/ccsrc/pybind_api/ir/tensor_py.cc:730] DataPtr] Tensor device address is null
[ERROR] COMMON(690390,ffffa8af5020,python):2026-09-14-16:01:48.960.622 [mindspore/ccsrc/pybind_api/ir/tensor_py.cc:730] DataPtr] Tensor device address is null
[ERROR] COMMON(690390,ffffa8af5020,python):2026-09-14-16:01:48.963.422 [mindspore/ccsrc/pybind_api/ir/tensor_py.cc:730] DataPtr] Tensor device address is null
[ERROR] COMMON(690390,ffffa8af5020,python):2026-09-14-16:01:48.964.122 [mindspore/ccsrc/pybind_api/ir/tensor_py.cc:730] DataPtr] Tensor device address is null
[ERROR] COMMON(690390,ffffa8af5020,python):2026-09-14-16:01:48.966.763 [mindspore/ccsrc/pybind_api/ir/tensor_py.cc:730] DataPtr] Tensor device address is null
[ERROR] COMMON(690390,ffffa8af5020,python):2026-09-14-16:01:48.967.479 [mindspore/ccsrc/pybind_api/ir/tensor_py.cc:730] DataPtr] Tensor device address is null
[ERROR] COMMON(690390,ffffa8af5020,python):2026-09-14-16:01:48.973.005 [mindspore/ccsrc/pybind_api/ir/tensor_py.cc:730] DataPtr] Tensor device address is null
[ERROR] COMMON(690390,ffffa8af5020,python):2026-09-14-16:01:48.973.748 [mindspore/ccsrc/pybind_api/ir/tensor_py.cc:730] DataPtr] Tensor device address is null
[ERROR] COMMON(690390,ffffa8af5020,python):2026-09-14-16:01:48.979.467 [mindspore/ccsrc/pybind_api/ir/tensor_py.cc:730] DataPtr] Tensor device address is null
[ERROR] COMMON(690390,ffffa8af5020,python):2026-09-14-16:01:48.980.208 [mindspore/ccsrc/pybind_api/ir/tensor_py.cc:730] DataPtr] Tensor device address is null
[ERROR] COMMON(690390,ffffa8af5020,python):2026-09-14-16:01:48.980.895 [mindspore/ccsrc/pybind_api/ir/tensor_py.cc:730] DataPtr] Tensor device address is null
[ERROR] COMMON(690390,ffffa8af5020,python):2026-09-14-16:01:48.981.582 [mindspore/ccsrc/pybind_api/ir/tensor_py.cc:730] DataPtr] Tensor device address is null
[ERROR] COMMON(690390,ffffa8af5020,python):2026-09-14-16:01:48.982.245 [mindspore/ccsrc/pybind_api/ir/tensor_py.cc:730] DataPtr] Tensor device address is null
[ERROR] COMMON(690390,ffffa8af5020,python):2026-09-14-16:01:48.982.948 [mindspore/ccsrc/pybind_api/ir/tensor_py.cc:730] DataPtr] Tensor device address is null
[ERROR] COMMON(690390,ffffa8af5020,python):2026-09-14-16:01:48.985.657 [mindspore/ccsrc/pybind_api/ir/tensor_py.cc:730] DataPtr] Tensor device address is null
[ERROR] COMMON(690390,ffffa8af5020,python):2026-09-14-16:01:48.986.365 [mindspore/ccsrc/pybind_api/ir/tensor_py.cc:730] DataPtr] Tensor device address is null
[ERROR] COMMON(690390,ffffa8af5020,python):2026-09-14-16:01:48.989.041 [mindspore/ccsrc/pybind_api/ir/tensor_py.cc:730] DataPtr] Tensor device address is null
[ERROR] COMMON(690390,ffffa8af5020,python):2026-09-14-16:01:48.989.765 [mindspore/ccsrc/pybind_api/ir/tensor_py.cc:730] DataPtr] Tensor device address is null
[ERROR] COMMON(690390,ffffa8af5020,python):2026-09-14-16:01:48.992.425 [mindspore/ccsrc/pybind_api/ir/tensor_py.cc:730] DataPtr] Tensor device address is null
[ERROR] COMMON(690390,ffffa8af5020,python):2026-09-14-16:01:48.993.143 [mindspore/ccsrc/pybind_api/ir/tensor_py.cc:730] DataPtr] Tensor device address is null
[ERROR] COMMON(690390,ffffa8af5020,python):2026-09-14-16:01:48.995.177 [mindspore/ccsrc/pybind_api/ir/tensor_py.cc:730] DataPtr] Tensor device address is null
[ERROR] COMMON(690390,ffffa8af5020,python):2026-09-14-16:01:48.995.873 [mindspore/ccsrc/pybind_api/ir/tensor_py.cc:730] DataPtr] Tensor device address is null
[ERROR] COMMON(690390,ffffa8af5020,python):2026-09-14-16:01:49.001.467 [mindspore/ccsrc/pybind_api/ir/tensor_py.cc:730] DataPtr] Tensor device address is null
[ERROR] COMMON(690390,ffffa8af5020,python):2026-09-14-16:01:49.002.208 [mindspore/ccsrc/pybind_api/ir/tensor_py.cc:730] DataPtr] Tensor device address is null
[ERROR] COMMON(690390,ffffa8af5020,python):2026-09-14-16:01:49.007.754 [mindspore/ccsrc/pybind_api/ir/tensor_py.cc:730] DataPtr] Tensor device address is null
[ERROR] COMMON(690390,ffffa8af5020,python):2026-09-14-16:01:49.008.485 [mindspore/ccsrc/pybind_api/ir/tensor_py.cc:730] DataPtr] Tensor device address is null
[ERROR] COMMON(690390,ffffa8af5020,python):2026-09-14-16:01:49.009.185 [mindspore/ccsrc/pybind_api/ir/tensor_py.cc:730] DataPtr] Tensor device address is null
[ERROR] COMMON(690390,ffffa8af5020,python):2026-09-14-16:01:49.009.883 [mindspore/ccsrc/pybind_api/ir/tensor_py.cc:730] DataPtr] Tensor device address is null
[ERROR] COMMON(690390,ffffa8af5020,python):2026-09-14-16:01:49.010.559 [mindspore/ccsrc/pybind_api/ir/tensor_py.cc:730] DataPtr] Tensor device address is null
[ERROR] COMMON(690390,ffffa8af5020,python):2026-09-14-16:01:49.011.259 [mindspore/ccsrc/pybind_api/ir/tensor_py.cc:730] DataPtr] Tensor device address is null
[ERROR] COMMON(690390,ffffa8af5020,python):2026-09-14-16:01:49.013.468 [mindspore/ccsrc/pybind_api/ir/tensor_py.cc:730] DataPtr] Tensor device address is null
[ERROR] COMMON(690390,ffffa8af5020,python):2026-09-14-16:01:49.014.172 [mindspore/ccsrc/pybind_api/ir/tensor_py.cc:730] DataPtr] Tensor device address is null
[ERROR] COMMON(690390,ffffa8af5020,python):2026-09-14-16:01:49.016.935 [mindspore/ccsrc/pybind_api/ir/tensor_py.cc:730] DataPtr] Tensor device address is null
[ERROR] COMMON(690390,ffffa8af5020,python):2026-09-14-16:01:49.017.624 [mindspore/ccsrc/pybind_api/ir/tensor_py.cc:730] DataPtr] Tensor device address is null
[ERROR] COMMON(690390,ffffa8af5020,python):2026-09-14-16:01:49.020.313 [mindspore/ccsrc/pybind_api/ir/tensor_py.cc:730] DataPtr] Tensor device address is null
[ERROR] COMMON(690390,ffffa8af5020,python):2026-09-14-16:01:49.021.030 [mindspore/ccsrc/pybind_api/ir/tensor_py.cc:730] DataPtr] Tensor device address is null
[ERROR] COMMON(690390,ffffa8af5020,python):2026-09-14-16:01:49.023.710 [mindspore/ccsrc/pybind_api/ir/tensor_py.cc:730] DataPtr] Tensor device address is null
[ERROR] COMMON(690390,ffffa8af5020,python):2026-09-14-16:01:49.024.414 [mindspore/ccsrc/pybind_api/ir/tensor_py.cc:730] DataPtr] Tensor device address is null
[ERROR] COMMON(690390,ffffa8af5020,python):2026-09-14-16:01:49.029.947 [mindspore/ccsrc/pybind_api/ir/tensor_py.cc:730] DataPtr] Tensor device address is null
[ERROR] COMMON(690390,ffffa8af5020,python):2026-09-14-16:01:49.030.687 [mindspore/ccsrc/pybind_api/ir/tensor_py.cc:730] DataPtr] Tensor device address is null
[ERROR] COMMON(690390,ffffa8af5020,python):2026-09-14-16:01:49.036.362 [mindspore/ccsrc/pybind_api/ir/tensor_py.cc:730] DataPtr] Tensor device address is null
[ERROR] COMMON(690390,ffffa8af5020,python):2026-09-14-16:01:49.037.115 [mindspore/ccsrc/pybind_api/ir/tensor_py.cc:730] DataPtr] Tensor device address is null
[ERROR] COMMON(690390,ffffa8af5020,python):2026-09-14-16:01:49.037.791 [mindspore/ccsrc/pybind_api/ir/tensor_py.cc:730] DataPtr] Tensor device address is null
[ERROR] COMMON(690390,ffffa8af5020,python):2026-09-14-16:01:49.038.488 [mindspore/ccsrc/pybind_api/ir/tensor_py.cc:730] DataPtr] Tensor device address is null
[ERROR] COMMON(690390,ffffa8af5020,python):2026-09-14-16:01:49.039.189 [mindspore/ccsrc/pybind_api/ir/tensor_py.cc:730] DataPtr] Tensor device address is null
[ERROR] COMMON(690390,ffffa8af5020,python):2026-09-14-16:01:49.039.877 [mindspore/ccsrc/pybind_api/ir/tensor_py.cc:730] DataPtr] Tensor device address is null
[ERROR] COMMON(690390,ffffa8af5020,python):2026-09-14-16:01:49.042.568 [mindspore/ccsrc/pybind_api/ir/tensor_py.cc:730] DataPtr] Tensor device address is null
[ERROR] COMMON(690390,ffffa8af5020,python):2026-09-14-16:01:49.043.298 [mindspore/ccsrc/pybind_api/ir/tensor_py.cc:730] DataPtr] Tensor device address is null
[ERROR] COMMON(690390,ffffa8af5020,python):2026-09-14-16:01:49.046.066 [mindspore/ccsrc/pybind_api/ir/tensor_py.cc:730] DataPtr] Tensor device address is null
[ERROR] COMMON(690390,ffffa8af5020,python):2026-09-14-16:01:49.046.771 [mindspore/ccsrc/pybind_api/ir/tensor_py.cc:730] DataPtr] Tensor device address is null
[ERROR] COMMON(690390,ffffa8af5020,python):2026-09-14-16:01:49.049.457 [mindspore/ccsrc/pybind_api/ir/tensor_py.cc:730] DataPtr] Tensor device address is null
[ERROR] COMMON(690390,ffffa8af5020,python):2026-09-14-16:01:49.050.156 [mindspore/ccsrc/pybind_api/ir/tensor_py.cc:730] DataPtr] Tensor device address is null
[ERROR] COMMON(690390,ffffa8af5020,python):2026-09-14-16:01:49.052.201 [mindspore/ccsrc/pybind_api/ir/tensor_py.cc:730] DataPtr] Tensor device address is null
[ERROR] COMMON(690390,ffffa8af5020,python):2026-09-14-16:01:49.052.915 [mindspore/ccsrc/pybind_api/ir/tensor_py.cc:730] DataPtr] Tensor device address is null
[ERROR] COMMON(690390,ffffa8af5020,python):2026-09-14-16:01:49.058.517 [mindspore/ccsrc/pybind_api/ir/tensor_py.cc:730] DataPtr] Tensor device address is null
[ERROR] COMMON(690390,ffffa8af5020,python):2026-09-14-16:01:49.059.264 [mindspore/ccsrc/pybind_api/ir/tensor_py.cc:730] DataPtr] Tensor device address is null
[ERROR] COMMON(690390,ffffa8af5020,python):2026-09-14-16:01:49.064.852 [mindspore/ccsrc/pybind_api/ir/tensor_py.cc:730] DataPtr] Tensor device address is null
[ERROR] COMMON(690390,ffffa8af5020,python):2026-09-14-16:01:49.065.592 [mindspore/ccsrc/pybind_api/ir/tensor_py.cc:730] DataPtr] Tensor device address is null
[ERROR] COMMON(690390,ffffa8af5020,python):2026-09-14-16:01:49.066.277 [mindspore/ccsrc/pybind_api/ir/tensor_py.cc:730] DataPtr] Tensor device address is null
[ERROR] COMMON(690390,ffffa8af5020,python):2026-09-14-16:01:49.066.973 [mindspore/ccsrc/pybind_api/ir/tensor_py.cc:730] DataPtr] Tensor device address is null
[ERROR] COMMON(690390,ffffa8af5020,python):2026-09-14-16:01:49.067.645 [mindspore/ccsrc/pybind_api/ir/tensor_py.cc:730] DataPtr] Tensor device address is null
[ERROR] COMMON(690390,ffffa8af5020,python):2026-09-14-16:01:49.068.339 [mindspore/ccsrc/pybind_api/ir/tensor_py.cc:730] DataPtr] Tensor device address is null
[ERROR] COMMON(690390,ffffa8af5020,python):2026-09-14-16:01:49.070.522 [mindspore/ccsrc/pybind_api/ir/tensor_py.cc:730] DataPtr] Tensor device address is null
[ERROR] COMMON(690390,ffffa8af5020,python):2026-09-14-16:01:49.071.231 [mindspore/ccsrc/pybind_api/ir/tensor_py.cc:730] DataPtr] Tensor device address is null
[ERROR] COMMON(690390,ffffa8af5020,python):2026-09-14-16:01:49.074.026 [mindspore/ccsrc/pybind_api/ir/tensor_py.cc:730] DataPtr] Tensor device address is null
[ERROR] COMMON(690390,ffffa8af5020,python):2026-09-14-16:01:49.074.747 [mindspore/ccsrc/pybind_api/ir/tensor_py.cc:730] DataPtr] Tensor device address is null
[ERROR] COMMON(690390,ffffa8af5020,python):2026-09-14-16:01:49.077.416 [mindspore/ccsrc/pybind_api/ir/tensor_py.cc:730] DataPtr] Tensor device address is null
[ERROR] COMMON(690390,ffffa8af5020,python):2026-09-14-16:01:49.078.117 [mindspore/ccsrc/pybind_api/ir/tensor_py.cc:730] DataPtr] Tensor device address is null
[ERROR] COMMON(690390,ffffa8af5020,python):2026-09-14-16:01:49.080.802 [mindspore/ccsrc/pybind_api/ir/tensor_py.cc:730] DataPtr] Tensor device address is null
[ERROR] COMMON(690390,ffffa8af5020,python):2026-09-14-16:01:49.081.514 [mindspore/ccsrc/pybind_api/ir/tensor_py.cc:730] DataPtr] Tensor device address is null
[ERROR] COMMON(690390,ffffa8af5020,python):2026-09-14-16:01:49.087.094 [mindspore/ccsrc/pybind_api/ir/tensor_py.cc:730] DataPtr] Tensor device address is null
[ERROR] COMMON(690390,ffffa8af5020,python):2026-09-14-16:01:49.087.841 [mindspore/ccsrc/pybind_api/ir/tensor_py.cc:730] DataPtr] Tensor device address is null
[ERROR] COMMON(690390,ffffa8af5020,python):2026-09-14-16:01:49.093.521 [mindspore/ccsrc/pybind_api/ir/tensor_py.cc:730] DataPtr] Tensor device address is null
[ERROR] COMMON(690390,ffffa8af5020,python):2026-09-14-16:01:49.094.264 [mindspore/ccsrc/pybind_api/ir/tensor_py.cc:730] DataPtr] Tensor device address is null
[ERROR] COMMON(690390,ffffa8af5020,python):2026-09-14-16:01:49.094.954 [mindspore/ccsrc/pybind_api/ir/tensor_py.cc:730] DataPtr] Tensor device address is null
[ERROR] COMMON(690390,ffffa8af5020,python):2026-09-14-16:01:49.095.634 [mindspore/ccsrc/pybind_api/ir/tensor_py.cc:730] DataPtr] Tensor device address is null
[ERROR] COMMON(690390,ffffa8af5020,python):2026-09-14-16:01:49.096.297 [mindspore/ccsrc/pybind_api/ir/tensor_py.cc:730] DataPtr] Tensor device address is null
[ERROR] COMMON(690390,ffffa8af5020,python):2026-09-14-16:01:49.097.008 [mindspore/ccsrc/pybind_api/ir/tensor_py.cc:730] DataPtr] Tensor device address is null
[ERROR] COMMON(690390,ffffa8af5020,python):2026-09-14-16:01:49.099.693 [mindspore/ccsrc/pybind_api/ir/tensor_py.cc:730] DataPtr] Tensor device address is null
[ERROR] COMMON(690390,ffffa8af5020,python):2026-09-14-16:01:49.100.394 [mindspore/ccsrc/pybind_api/ir/tensor_py.cc:730] DataPtr] Tensor device address is null
[ERROR] COMMON(690390,ffffa8af5020,python):2026-09-14-16:01:49.103.756 [mindspore/ccsrc/pybind_api/ir/tensor_py.cc:730] DataPtr] Tensor device address is null
[ERROR] COMMON(690390,ffffa8af5020,python):2026-09-14-16:01:49.104.460 [mindspore/ccsrc/pybind_api/ir/tensor_py.cc:730] DataPtr] Tensor device address is null
[ERROR] COMMON(690390,ffffa8af5020,python):2026-09-14-16:01:49.107.131 [mindspore/ccsrc/pybind_api/ir/tensor_py.cc:730] DataPtr] Tensor device address is null
[ERROR] COMMON(690390,ffffa8af5020,python):2026-09-14-16:01:49.107.835 [mindspore/ccsrc/pybind_api/ir/tensor_py.cc:730] DataPtr] Tensor device address is null
[ERROR] COMMON(690390,ffffa8af5020,python):2026-09-14-16:01:49.109.877 [mindspore/ccsrc/pybind_api/ir/tensor_py.cc:730] DataPtr] Tensor device address is null
[ERROR] COMMON(690390,ffffa8af5020,python):2026-09-14-16:01:49.110.586 [mindspore/ccsrc/pybind_api/ir/tensor_py.cc:730] DataPtr] Tensor device address is null
[ERROR] COMMON(690390,ffffa8af5020,python):2026-09-14-16:01:49.116.248 [mindspore/ccsrc/pybind_api/ir/tensor_py.cc:730] DataPtr] Tensor device address is null
[ERROR] COMMON(690390,ffffa8af5020,python):2026-09-14-16:01:49.116.992 [mindspore/ccsrc/pybind_api/ir/tensor_py.cc:730] DataPtr] Tensor device address is null
[ERROR] COMMON(690390,ffffa8af5020,python):2026-09-14-16:01:49.122.537 [mindspore/ccsrc/pybind_api/ir/tensor_py.cc:730] DataPtr] Tensor device address is null
[ERROR] COMMON(690390,ffffa8af5020,python):2026-09-14-16:01:49.123.264 [mindspore/ccsrc/pybind_api/ir/tensor_py.cc:730] DataPtr] Tensor device address is null
[ERROR] COMMON(690390,ffffa8af5020,python):2026-09-14-16:01:49.123.947 [mindspore/ccsrc/pybind_api/ir/tensor_py.cc:730] DataPtr] Tensor device address is null
[ERROR] COMMON(690390,ffffa8af5020,python):2026-09-14-16:01:49.124.632 [mindspore/ccsrc/pybind_api/ir/tensor_py.cc:730] DataPtr] Tensor device address is null
[ERROR] COMMON(690390,ffffa8af5020,python):2026-09-14-16:01:49.125.310 [mindspore/ccsrc/pybind_api/ir/tensor_py.cc:730] DataPtr] Tensor device address is null
[ERROR] COMMON(690390,ffffa8af5020,python):2026-09-14-16:01:49.125.990 [mindspore/ccsrc/pybind_api/ir/tensor_py.cc:730] DataPtr] Tensor device address is null
[ERROR] COMMON(690390,ffffa8af5020,python):2026-09-14-16:01:49.128.154 [mindspore/ccsrc/pybind_api/ir/tensor_py.cc:730] DataPtr] Tensor device address is null
[ERROR] COMMON(690390,ffffa8af5020,python):2026-09-14-16:01:49.128.871 [mindspore/ccsrc/pybind_api/ir/tensor_py.cc:730] DataPtr] Tensor device address is null
[ERROR] COMMON(690390,ffffa8af5020,python):2026-09-14-16:01:49.131.607 [mindspore/ccsrc/pybind_api/ir/tensor_py.cc:730] DataPtr] Tensor device address is null
[ERROR] COMMON(690390,ffffa8af5020,python):2026-09-14-16:01:49.132.296 [mindspore/ccsrc/pybind_api/ir/tensor_py.cc:730] DataPtr] Tensor device address is null
[ERROR] COMMON(690390,ffffa8af5020,python):2026-09-14-16:01:49.134.992 [mindspore/ccsrc/pybind_api/ir/tensor_py.cc:730] DataPtr] Tensor device address is null
[ERROR] COMMON(690390,ffffa8af5020,python):2026-09-14-16:01:49.135.687 [mindspore/ccsrc/pybind_api/ir/tensor_py.cc:730] DataPtr] Tensor device address is null
[ERROR] COMMON(690390,ffffa8af5020,python):2026-09-14-16:01:49.138.383 [mindspore/ccsrc/pybind_api/ir/tensor_py.cc:730] DataPtr] Tensor device address is null
[ERROR] COMMON(690390,ffffa8af5020,python):2026-09-14-16:01:49.139.088 [mindspore/ccsrc/pybind_api/ir/tensor_py.cc:730] DataPtr] Tensor device address is null
[ERROR] COMMON(690390,ffffa8af5020,python):2026-09-14-16:01:49.144.657 [mindspore/ccsrc/pybind_api/ir/tensor_py.cc:730] DataPtr] Tensor device address is null
[ERROR] COMMON(690390,ffffa8af5020,python):2026-09-14-16:01:49.145.381 [mindspore/ccsrc/pybind_api/ir/tensor_py.cc:730] DataPtr] Tensor device address is null
[ERROR] COMMON(690390,ffffa8af5020,python):2026-09-14-16:01:49.151.086 [mindspore/ccsrc/pybind_api/ir/tensor_py.cc:730] DataPtr] Tensor device address is null
[ERROR] COMMON(690390,ffffa8af5020,python):2026-09-14-16:01:49.151.812 [mindspore/ccsrc/pybind_api/ir/tensor_py.cc:730] DataPtr] Tensor device address is null
[ERROR] COMMON(690390,ffffa8af5020,python):2026-09-14-16:01:49.152.484 [mindspore/ccsrc/pybind_api/ir/tensor_py.cc:730] DataPtr] Tensor device address is null
[ERROR] COMMON(690390,ffffa8af5020,python):2026-09-14-16:01:49.153.181 [mindspore/ccsrc/pybind_api/ir/tensor_py.cc:730] DataPtr] Tensor device address is null
[ERROR] COMMON(690390,ffffa8af5020,python):2026-09-14-16:01:49.153.853 [mindspore/ccsrc/pybind_api/ir/tensor_py.cc:730] DataPtr] Tensor device address is null
[ERROR] COMMON(690390,ffffa8af5020,python):2026-09-14-16:01:49.154.538 [mindspore/ccsrc/pybind_api/ir/tensor_py.cc:730] DataPtr] Tensor device address is null
[ERROR] COMMON(690390,ffffa8af5020,python):2026-09-14-16:01:49.157.235 [mindspore/ccsrc/pybind_api/ir/tensor_py.cc:730] DataPtr] Tensor device address is null
[ERROR] COMMON(690390,ffffa8af5020,python):2026-09-14-16:01:49.157.939 [mindspore/ccsrc/pybind_api/ir/tensor_py.cc:730] DataPtr] Tensor device address is null
[ERROR] COMMON(690390,ffffa8af5020,python):2026-09-14-16:01:49.160.708 [mindspore/ccsrc/pybind_api/ir/tensor_py.cc:730] DataPtr] Tensor device address is null
[ERROR] COMMON(690390,ffffa8af5020,python):2026-09-14-16:01:49.161.467 [mindspore/ccsrc/pybind_api/ir/tensor_py.cc:730] DataPtr] Tensor device address is null
[ERROR] COMMON(690390,ffffa8af5020,python):2026-09-14-16:01:49.164.176 [mindspore/ccsrc/pybind_api/ir/tensor_py.cc:730] DataPtr] Tensor device address is null
[ERROR] COMMON(690390,ffffa8af5020,python):2026-09-14-16:01:49.164.901 [mindspore/ccsrc/pybind_api/ir/tensor_py.cc:730] DataPtr] Tensor device address is null
[ERROR] COMMON(690390,ffffa8af5020,python):2026-09-14-16:01:49.166.964 [mindspore/ccsrc/pybind_api/ir/tensor_py.cc:730] DataPtr] Tensor device address is null
[ERROR] COMMON(690390,ffffa8af5020,python):2026-09-14-16:01:49.167.663 [mindspore/ccsrc/pybind_api/ir/tensor_py.cc:730] DataPtr] Tensor device address is null
[ERROR] COMMON(690390,ffffa8af5020,python):2026-09-14-16:01:49.173.291 [mindspore/ccsrc/pybind_api/ir/tensor_py.cc:730] DataPtr] Tensor device address is null
[ERROR] COMMON(690390,ffffa8af5020,python):2026-09-14-16:01:49.174.033 [mindspore/ccsrc/pybind_api/ir/tensor_py.cc:730] DataPtr] Tensor device address is null
[ERROR] COMMON(690390,ffffa8af5020,python):2026-09-14-16:01:49.179.594 [mindspore/ccsrc/pybind_api/ir/tensor_py.cc:730] DataPtr] Tensor device address is null
[ERROR] COMMON(690390,ffffa8af5020,python):2026-09-14-16:01:49.180.326 [mindspore/ccsrc/pybind_api/ir/tensor_py.cc:730] DataPtr] Tensor device address is null
[ERROR] COMMON(690390,ffffa8af5020,python):2026-09-14-16:01:49.181.031 [mindspore/ccsrc/pybind_api/ir/tensor_py.cc:730] DataPtr] Tensor device address is null
[ERROR] COMMON(690390,ffffa8af5020,python):2026-09-14-16:01:49.181.721 [mindspore/ccsrc/pybind_api/ir/tensor_py.cc:730] DataPtr] Tensor device address is null
[ERROR] COMMON(690390,ffffa8af5020,python):2026-09-14-16:01:49.182.392 [mindspore/ccsrc/pybind_api/ir/tensor_py.cc:730] DataPtr] Tensor device address is null
[ERROR] COMMON(690390,ffffa8af5020,python):2026-09-14-16:01:49.183.094 [mindspore/ccsrc/pybind_api/ir/tensor_py.cc:730] DataPtr] Tensor device address is null
[ERROR] COMMON(690390,ffffa8af5020,python):2026-09-14-16:01:49.185.373 [mindspore/ccsrc/pybind_api/ir/tensor_py.cc:730] DataPtr] Tensor device address is null
[ERROR] COMMON(690390,ffffa8af5020,python):2026-09-14-16:01:49.186.099 [mindspore/ccsrc/pybind_api/ir/tensor_py.cc:730] DataPtr] Tensor device address is null
[ERROR] COMMON(690390,ffffa8af5020,python):2026-09-14-16:01:49.188.796 [mindspore/ccsrc/pybind_api/ir/tensor_py.cc:730] DataPtr] Tensor device address is null
[ERROR] COMMON(690390,ffffa8af5020,python):2026-09-14-16:01:49.189.505 [mindspore/ccsrc/pybind_api/ir/tensor_py.cc:730] DataPtr] Tensor device address is null
[ERROR] COMMON(690390,ffffa8af5020,python):2026-09-14-16:01:49.192.175 [mindspore/ccsrc/pybind_api/ir/tensor_py.cc:730] DataPtr] Tensor device address is null
[ERROR] COMMON(690390,ffffa8af5020,python):2026-09-14-16:01:49.192.886 [mindspore/ccsrc/pybind_api/ir/tensor_py.cc:730] DataPtr] Tensor device address is null
[ERROR] COMMON(690390,ffffa8af5020,python):2026-09-14-16:01:49.195.561 [mindspore/ccsrc/pybind_api/ir/tensor_py.cc:730] DataPtr] Tensor device address is null
[ERROR] COMMON(690390,ffffa8af5020,python):2026-09-14-16:01:49.196.266 [mindspore/ccsrc/pybind_api/ir/tensor_py.cc:730] DataPtr] Tensor device address is null
[ERROR] COMMON(690390,ffffa8af5020,python):2026-09-14-16:01:49.201.780 [mindspore/ccsrc/pybind_api/ir/tensor_py.cc:730] DataPtr] Tensor device address is null
[ERROR] COMMON(690390,ffffa8af5020,python):2026-09-14-16:01:49.202.510 [mindspore/ccsrc/pybind_api/ir/tensor_py.cc:730] DataPtr] Tensor device address is null
[ERROR] COMMON(690390,ffffa8af5020,python):2026-09-14-16:01:49.208.197 [mindspore/ccsrc/pybind_api/ir/tensor_py.cc:730] DataPtr] Tensor device address is null
[ERROR] COMMON(690390,ffffa8af5020,python):2026-09-14-16:01:49.209.006 [mindspore/ccsrc/pybind_api/ir/tensor_py.cc:730] DataPtr] Tensor device address is null
[ERROR] COMMON(690390,ffffa8af5020,python):2026-09-14-16:01:49.215.907 [mindspore/ccsrc/pybind_api/ir/tensor_py.cc:730] DataPtr] Tensor device address is null
[ERROR] COMMON(690390,ffffa8af5020,python):2026-09-14-16:01:49.222.099 [mindspore/ccsrc/pybind_api/ir/tensor_py.cc:730] DataPtr] Tensor device address is null
[ERROR] COMMON(690390,ffffa8af5020,python):2026-09-14-16:01:49.294.507 [mindspore/ccsrc/pybind_api/ir/tensor_py.cc:730] DataPtr] Tensor device address is null
[ERROR] COMMON(690390,ffffa8af5020,python):2026-09-14-16:01:49.295.760 [mindspore/ccsrc/pybind_api/ir/tensor_py.cc:730] DataPtr] Tensor device address is null
[ERROR] COMMON(690390,ffffa8af5020,python):2026-09-14-16:01:49.296.459 [mindspore/ccsrc/pybind_api/ir/tensor_py.cc:730] DataPtr] Tensor device address is null
[ERROR] COMMON(690390,ffffa8af5020,python):2026-09-14-16:01:49.297.135 [mindspore/ccsrc/pybind_api/ir/tensor_py.cc:730] DataPtr] Tensor device address is null
[ERROR] COMMON(690390,ffffa8af5020,python):2026-09-14-16:01:49.297.806 [mindspore/ccsrc/pybind_api/ir/tensor_py.cc:730] DataPtr] Tensor device address is null
[ERROR] COMMON(690390,ffffa8af5020,python):2026-09-14-16:01:49.298.485 [mindspore/ccsrc/pybind_api/ir/tensor_py.cc:730] DataPtr] Tensor device address is null
[ERROR] COMMON(690390,ffffa8af5020,python):2026-09-14-16:01:49.299.151 [mindspore/ccsrc/pybind_api/ir/tensor_py.cc:730] DataPtr] Tensor device address is null
[ERROR] COMMON(690390,ffffa8af5020,python):2026-09-14-16:01:49.299.814 [mindspore/ccsrc/pybind_api/ir/tensor_py.cc:730] DataPtr] Tensor device address is null
[ERROR] COMMON(690390,ffffa8af5020,python):2026-09-14-16:01:49.304.694 [mindspore/ccsrc/pybind_api/ir/tensor_py.cc:730] DataPtr] Tensor device address is null
[ERROR] COMMON(690390,ffffa8af5020,python):2026-09-14-16:01:49.305.410 [mindspore/ccsrc/pybind_api/ir/tensor_py.cc:730] DataPtr] Tensor device address is null
[ERROR] COMMON(690390,ffffa8af5020,python):2026-09-14-16:01:49.308.138 [mindspore/ccsrc/pybind_api/ir/tensor_py.cc:730] DataPtr] Tensor device address is null
[ERROR] COMMON(690390,ffffa8af5020,python):2026-09-14-16:01:49.308.839 [mindspore/ccsrc/pybind_api/ir/tensor_py.cc:730] DataPtr] Tensor device address is null
[ERROR] COMMON(690390,ffffa8af5020,python):2026-09-14-16:01:49.311.543 [mindspore/ccsrc/pybind_api/ir/tensor_py.cc:730] DataPtr] Tensor device address is null
[ERROR] COMMON(690390,ffffa8af5020,python):2026-09-14-16:01:49.312.243 [mindspore/ccsrc/pybind_api/ir/tensor_py.cc:730] DataPtr] Tensor device address is null
[ERROR] COMMON(690390,ffffa8af5020,python):2026-09-14-16:01:49.314.342 [mindspore/ccsrc/pybind_api/ir/tensor_py.cc:730] DataPtr] Tensor device address is null
[ERROR] COMMON(690390,ffffa8af5020,python):2026-09-14-16:01:49.315.034 [mindspore/ccsrc/pybind_api/ir/tensor_py.cc:730] DataPtr] Tensor device address is null
[ERROR] COMMON(690390,ffffa8af5020,python):2026-09-14-16:01:49.320.518 [mindspore/ccsrc/pybind_api/ir/tensor_py.cc:730] DataPtr] Tensor device address is null
[ERROR] COMMON(690390,ffffa8af5020,python):2026-09-14-16:01:49.321.277 [mindspore/ccsrc/pybind_api/ir/tensor_py.cc:730] DataPtr] Tensor device address is null
[ERROR] COMMON(690390,ffffa8af5020,python):2026-09-14-16:01:49.327.401 [mindspore/ccsrc/pybind_api/ir/tensor_py.cc:730] DataPtr] Tensor device address is null
[ERROR] COMMON(690390,ffffa8af5020,python):2026-09-14-16:01:49.328.113 [mindspore/ccsrc/pybind_api/ir/tensor_py.cc:730] DataPtr] Tensor device address is null
[ERROR] COMMON(690390,ffffa8af5020,python):2026-09-14-16:01:49.328.807 [mindspore/ccsrc/pybind_api/ir/tensor_py.cc:730] DataPtr] Tensor device address is null
[ERROR] COMMON(690390,ffffa8af5020,python):2026-09-14-16:01:49.329.497 [mindspore/ccsrc/pybind_api/ir/tensor_py.cc:730] DataPtr] Tensor device address is null
[ERROR] COMMON(690390,ffffa8af5020,python):2026-09-14-16:01:49.330.190 [mindspore/ccsrc/pybind_api/ir/tensor_py.cc:730] DataPtr] Tensor device address is null
[ERROR] COMMON(690390,ffffa8af5020,python):2026-09-14-16:01:49.330.874 [mindspore/ccsrc/pybind_api/ir/tensor_py.cc:730] DataPtr] Tensor device address is null
[ERROR] COMMON(690390,ffffa8af5020,python):2026-09-14-16:01:49.333.082 [mindspore/ccsrc/pybind_api/ir/tensor_py.cc:730] DataPtr] Tensor device address is null
[ERROR] COMMON(690390,ffffa8af5020,python):2026-09-14-16:01:49.333.777 [mindspore/ccsrc/pybind_api/ir/tensor_py.cc:730] DataPtr] Tensor device address is null
[ERROR] COMMON(690390,ffffa8af5020,python):2026-09-14-16:01:49.336.724 [mindspore/ccsrc/pybind_api/ir/tensor_py.cc:730] DataPtr] Tensor device address is null
[ERROR] COMMON(690390,ffffa8af5020,python):2026-09-14-16:01:49.337.413 [mindspore/ccsrc/pybind_api/ir/tensor_py.cc:730] DataPtr] Tensor device address is null
[ERROR] COMMON(690390,ffffa8af5020,python):2026-09-14-16:01:49.339.897 [mindspore/ccsrc/pybind_api/ir/tensor_py.cc:730] DataPtr] Tensor device address is null
[ERROR] COMMON(690390,ffffa8af5020,python):2026-09-14-16:01:49.340.613 [mindspore/ccsrc/pybind_api/ir/tensor_py.cc:730] DataPtr] Tensor device address is null
[ERROR] COMMON(690390,ffffa8af5020,python):2026-09-14-16:01:49.343.140 [mindspore/ccsrc/pybind_api/ir/tensor_py.cc:730] DataPtr] Tensor device address is null
[ERROR] COMMON(690390,ffffa8af5020,python):2026-09-14-16:01:49.343.847 [mindspore/ccsrc/pybind_api/ir/tensor_py.cc:730] DataPtr] Tensor device address is null
[ERROR] COMMON(690390,ffffa8af5020,python):2026-09-14-16:01:49.349.874 [mindspore/ccsrc/pybind_api/ir/tensor_py.cc:730] DataPtr] Tensor device address is null
[ERROR] COMMON(690390,ffffa8af5020,python):2026-09-14-16:01:49.350.600 [mindspore/ccsrc/pybind_api/ir/tensor_py.cc:730] DataPtr] Tensor device address is null
[ERROR] COMMON(690390,ffffa8af5020,python):2026-09-14-16:01:49.356.931 [mindspore/ccsrc/pybind_api/ir/tensor_py.cc:730] DataPtr] Tensor device address is null
[ERROR] COMMON(690390,ffffa8af5020,python):2026-09-14-16:01:49.357.660 [mindspore/ccsrc/pybind_api/ir/tensor_py.cc:730] DataPtr] Tensor device address is null
[ERROR] COMMON(690390,ffffa8af5020,python):2026-09-14-16:01:49.358.337 [mindspore/ccsrc/pybind_api/ir/tensor_py.cc:730] DataPtr] Tensor device address is null
[ERROR] COMMON(690390,ffffa8af5020,python):2026-09-14-16:01:49.359.019 [mindspore/ccsrc/pybind_api/ir/tensor_py.cc:730] DataPtr] Tensor device address is null
[ERROR] COMMON(690390,ffffa8af5020,python):2026-09-14-16:01:49.359.708 [mindspore/ccsrc/pybind_api/ir/tensor_py.cc:730] DataPtr] Tensor device address is null
[ERROR] COMMON(690390,ffffa8af5020,python):2026-09-14-16:01:49.360.394 [mindspore/ccsrc/pybind_api/ir/tensor_py.cc:730] DataPtr] Tensor device address is null
[ERROR] COMMON(690390,ffffa8af5020,python):2026-09-14-16:01:49.363.215 [mindspore/ccsrc/pybind_api/ir/tensor_py.cc:730] DataPtr] Tensor device address is null
[ERROR] COMMON(690390,ffffa8af5020,python):2026-09-14-16:01:49.363.920 [mindspore/ccsrc/pybind_api/ir/tensor_py.cc:730] DataPtr] Tensor device address is null
[ERROR] COMMON(690390,ffffa8af5020,python):2026-09-14-16:01:49.366.942 [mindspore/ccsrc/pybind_api/ir/tensor_py.cc:730] DataPtr] Tensor device address is null
[ERROR] COMMON(690390,ffffa8af5020,python):2026-09-14-16:01:49.367.649 [mindspore/ccsrc/pybind_api/ir/tensor_py.cc:730] DataPtr] Tensor device address is null
[ERROR] COMMON(690390,ffffa8af5020,python):2026-09-14-16:01:49.370.148 [mindspore/ccsrc/pybind_api/ir/tensor_py.cc:730] DataPtr] Tensor device address is null
[ERROR] COMMON(690390,ffffa8af5020,python):2026-09-14-16:01:49.370.857 [mindspore/ccsrc/pybind_api/ir/tensor_py.cc:730] DataPtr] Tensor device address is null
[ERROR] COMMON(690390,ffffa8af5020,python):2026-09-14-16:01:49.372.709 [mindspore/ccsrc/pybind_api/ir/tensor_py.cc:730] DataPtr] Tensor device address is null
[ERROR] COMMON(690390,ffffa8af5020,python):2026-09-14-16:01:49.373.405 [mindspore/ccsrc/pybind_api/ir/tensor_py.cc:730] DataPtr] Tensor device address is null
[ERROR] COMMON(690390,ffffa8af5020,python):2026-09-14-16:01:49.379.882 [mindspore/ccsrc/pybind_api/ir/tensor_py.cc:730] DataPtr] Tensor device address is null
[ERROR] COMMON(690390,ffffa8af5020,python):2026-09-14-16:01:49.380.609 [mindspore/ccsrc/pybind_api/ir/tensor_py.cc:730] DataPtr] Tensor device address is null
[ERROR] COMMON(690390,ffffa8af5020,python):2026-09-14-16:01:49.386.965 [mindspore/ccsrc/pybind_api/ir/tensor_py.cc:730] DataPtr] Tensor device address is null
[ERROR] COMMON(690390,ffffa8af5020,python):2026-09-14-16:01:49.387.665 [mindspore/ccsrc/pybind_api/ir/tensor_py.cc:730] DataPtr] Tensor device address is null
[ERROR] COMMON(690390,ffffa8af5020,python):2026-09-14-16:01:49.388.359 [mindspore/ccsrc/pybind_api/ir/tensor_py.cc:730] DataPtr] Tensor device address is null
[ERROR] COMMON(690390,ffffa8af5020,python):2026-09-14-16:01:49.389.094 [mindspore/ccsrc/pybind_api/ir/tensor_py.cc:730] DataPtr] Tensor device address is null
[ERROR] COMMON(690390,ffffa8af5020,python):2026-09-14-16:01:49.389.785 [mindspore/ccsrc/pybind_api/ir/tensor_py.cc:730] DataPtr] Tensor device address is null
[ERROR] COMMON(690390,ffffa8af5020,python):2026-09-14-16:01:49.390.453 [mindspore/ccsrc/pybind_api/ir/tensor_py.cc:730] DataPtr] Tensor device address is null
[ERROR] COMMON(690390,ffffa8af5020,python):2026-09-14-16:01:49.392.834 [mindspore/ccsrc/pybind_api/ir/tensor_py.cc:730] DataPtr] Tensor device address is null
[ERROR] COMMON(690390,ffffa8af5020,python):2026-09-14-16:01:49.393.515 [mindspore/ccsrc/pybind_api/ir/tensor_py.cc:730] DataPtr] Tensor device address is null
[ERROR] COMMON(690390,ffffa8af5020,python):2026-09-14-16:01:49.397.538 [mindspore/ccsrc/pybind_api/ir/tensor_py.cc:730] DataPtr] Tensor device address is null
[ERROR] COMMON(690390,ffffa8af5020,python):2026-09-14-16:01:49.398.236 [mindspore/ccsrc/pybind_api/ir/tensor_py.cc:730] DataPtr] Tensor device address is null
[ERROR] COMMON(690390,ffffa8af5020,python):2026-09-14-16:01:49.401.908 [mindspore/ccsrc/pybind_api/ir/tensor_py.cc:730] DataPtr] Tensor device address is null
[ERROR] COMMON(690390,ffffa8af5020,python):2026-09-14-16:01:49.402.638 [mindspore/ccsrc/pybind_api/ir/tensor_py.cc:730] DataPtr] Tensor device address is null
[ERROR] COMMON(690390,ffffa8af5020,python):2026-09-14-16:01:49.405.164 [mindspore/ccsrc/pybind_api/ir/tensor_py.cc:730] DataPtr] Tensor device address is null
[ERROR] COMMON(690390,ffffa8af5020,python):2026-09-14-16:01:49.405.854 [mindspore/ccsrc/pybind_api/ir/tensor_py.cc:730] DataPtr] Tensor device address is null
[ERROR] COMMON(690390,ffffa8af5020,python):2026-09-14-16:01:49.412.158 [mindspore/ccsrc/pybind_api/ir/tensor_py.cc:730] DataPtr] Tensor device address is null
[ERROR] COMMON(690390,ffffa8af5020,python):2026-09-14-16:01:49.412.909 [mindspore/ccsrc/pybind_api/ir/tensor_py.cc:730] DataPtr] Tensor device address is null
[ERROR] COMMON(690390,ffffa8af5020,python):2026-09-14-16:01:49.419.424 [mindspore/ccsrc/pybind_api/ir/tensor_py.cc:730] DataPtr] Tensor device address is null
[ERROR] COMMON(690390,ffffa8af5020,python):2026-09-14-16:01:49.420.133 [mindspore/ccsrc/pybind_api/ir/tensor_py.cc:730] DataPtr] Tensor device address is null
[ERROR] COMMON(690390,ffffa8af5020,python):2026-09-14-16:01:49.420.837 [mindspore/ccsrc/pybind_api/ir/tensor_py.cc:730] DataPtr] Tensor device address is null
[ERROR] COMMON(690390,ffffa8af5020,python):2026-09-14-16:01:49.421.521 [mindspore/ccsrc/pybind_api/ir/tensor_py.cc:730] DataPtr] Tensor device address is null
[ERROR] COMMON(690390,ffffa8af5020,python):2026-09-14-16:01:49.422.205 [mindspore/ccsrc/pybind_api/ir/tensor_py.cc:730] DataPtr] Tensor device address is null
[ERROR] COMMON(690390,ffffa8af5020,python):2026-09-14-16:01:49.422.890 [mindspore/ccsrc/pybind_api/ir/tensor_py.cc:730] DataPtr] Tensor device address is null
[ERROR] COMMON(690390,ffffa8af5020,python):2026-09-14-16:01:49.425.997 [mindspore/ccsrc/pybind_api/ir/tensor_py.cc:730] DataPtr] Tensor device address is null
[ERROR] COMMON(690390,ffffa8af5020,python):2026-09-14-16:01:49.426.676 [mindspore/ccsrc/pybind_api/ir/tensor_py.cc:730] DataPtr] Tensor device address is null
[ERROR] COMMON(690390,ffffa8af5020,python):2026-09-14-16:01:49.431.910 [mindspore/ccsrc/pybind_api/ir/tensor_py.cc:730] DataPtr] Tensor device address is null
[ERROR] COMMON(690390,ffffa8af5020,python):2026-09-14-16:01:49.432.614 [mindspore/ccsrc/pybind_api/ir/tensor_py.cc:730] DataPtr] Tensor device address is null
[ERROR] COMMON(690390,ffffa8af5020,python):2026-09-14-16:01:49.435.702 [mindspore/ccsrc/pybind_api/ir/tensor_py.cc:730] DataPtr] Tensor device address is null
[ERROR] COMMON(690390,ffffa8af5020,python):2026-09-14-16:01:49.436.410 [mindspore/ccsrc/pybind_api/ir/tensor_py.cc:730] DataPtr] Tensor device address is null
[ERROR] COMMON(690390,ffffa8af5020,python):2026-09-14-16:01:49.438.258 [mindspore/ccsrc/pybind_api/ir/tensor_py.cc:730] DataPtr] Tensor device address is null
[ERROR] COMMON(690390,ffffa8af5020,python):2026-09-14-16:01:49.438.946 [mindspore/ccsrc/pybind_api/ir/tensor_py.cc:730] DataPtr] Tensor device address is null
[ERROR] COMMON(690390,ffffa8af5020,python):2026-09-14-16:01:49.445.347 [mindspore/ccsrc/pybind_api/ir/tensor_py.cc:730] DataPtr] Tensor device address is null
[ERROR] COMMON(690390,ffffa8af5020,python):2026-09-14-16:01:49.446.065 [mindspore/ccsrc/pybind_api/ir/tensor_py.cc:730] DataPtr] Tensor device address is null
[ERROR] COMMON(690390,ffffa8af5020,python):2026-09-14-16:01:49.452.429 [mindspore/ccsrc/pybind_api/ir/tensor_py.cc:730] DataPtr] Tensor device address is null
[ERROR] COMMON(690390,ffffa8af5020,python):2026-09-14-16:01:49.453.156 [mindspore/ccsrc/pybind_api/ir/tensor_py.cc:730] DataPtr] Tensor device address is null
[ERROR] COMMON(690390,ffffa8af5020,python):2026-09-14-16:01:49.453.831 [mindspore/ccsrc/pybind_api/ir/tensor_py.cc:730] DataPtr] Tensor device address is null
[ERROR] COMMON(690390,ffffa8af5020,python):2026-09-14-16:01:49.454.523 [mindspore/ccsrc/pybind_api/ir/tensor_py.cc:730] DataPtr] Tensor device address is null
[ERROR] COMMON(690390,ffffa8af5020,python):2026-09-14-16:01:49.455.211 [mindspore/ccsrc/pybind_api/ir/tensor_py.cc:730] DataPtr] Tensor device address is null
[ERROR] COMMON(690390,ffffa8af5020,python):2026-09-14-16:01:49.455.894 [mindspore/ccsrc/pybind_api/ir/tensor_py.cc:730] DataPtr] Tensor device address is null
[ERROR] COMMON(690390,ffffa8af5020,python):2026-09-14-16:01:49.458.462 [mindspore/ccsrc/pybind_api/ir/tensor_py.cc:730] DataPtr] Tensor device address is null
[ERROR] COMMON(690390,ffffa8af5020,python):2026-09-14-16:01:49.459.156 [mindspore/ccsrc/pybind_api/ir/tensor_py.cc:730] DataPtr] Tensor device address is null
[ERROR] COMMON(690390,ffffa8af5020,python):2026-09-14-16:01:49.465.562 [mindspore/ccsrc/pybind_api/ir/tensor_py.cc:730] DataPtr] Tensor device address is null
[ERROR] COMMON(690390,ffffa8af5020,python):2026-09-14-16:01:49.466.251 [mindspore/ccsrc/pybind_api/ir/tensor_py.cc:730] DataPtr] Tensor device address is null
[ERROR] COMMON(690390,ffffa8af5020,python):2026-09-14-16:01:49.469.348 [mindspore/ccsrc/pybind_api/ir/tensor_py.cc:730] DataPtr] Tensor device address is null
[ERROR] COMMON(690390,ffffa8af5020,python):2026-09-14-16:01:49.470.049 [mindspore/ccsrc/pybind_api/ir/tensor_py.cc:730] DataPtr] Tensor device address is null
[ERROR] COMMON(690390,ffffa8af5020,python):2026-09-14-16:01:49.472.588 [mindspore/ccsrc/pybind_api/ir/tensor_py.cc:730] DataPtr] Tensor device address is null
[ERROR] COMMON(690390,ffffa8af5020,python):2026-09-14-16:01:49.473.274 [mindspore/ccsrc/pybind_api/ir/tensor_py.cc:730] DataPtr] Tensor device address is null
[ERROR] COMMON(690390,ffffa8af5020,python):2026-09-14-16:01:49.479.625 [mindspore/ccsrc/pybind_api/ir/tensor_py.cc:730] DataPtr] Tensor device address is null
[ERROR] COMMON(690390,ffffa8af5020,python):2026-09-14-16:01:49.480.337 [mindspore/ccsrc/pybind_api/ir/tensor_py.cc:730] DataPtr] Tensor device address is null
[ERROR] COMMON(690390,ffffa8af5020,python):2026-09-14-16:01:49.486.701 [mindspore/ccsrc/pybind_api/ir/tensor_py.cc:730] DataPtr] Tensor device address is null
[ERROR] COMMON(690390,ffffa8af5020,python):2026-09-14-16:01:49.487.398 [mindspore/ccsrc/pybind_api/ir/tensor_py.cc:730] DataPtr] Tensor device address is null
[ERROR] COMMON(690390,ffffa8af5020,python):2026-09-14-16:01:49.488.073 [mindspore/ccsrc/pybind_api/ir/tensor_py.cc:730] DataPtr] Tensor device address is null
[ERROR] COMMON(690390,ffffa8af5020,python):2026-09-14-16:01:49.488.772 [mindspore/ccsrc/pybind_api/ir/tensor_py.cc:730] DataPtr] Tensor device address is null
[ERROR] COMMON(690390,ffffa8af5020,python):2026-09-14-16:01:49.489.438 [mindspore/ccsrc/pybind_api/ir/tensor_py.cc:730] DataPtr] Tensor device address is null
[ERROR] COMMON(690390,ffffa8af5020,python):2026-09-14-16:01:49.490.118 [mindspore/ccsrc/pybind_api/ir/tensor_py.cc:730] DataPtr] Tensor device address is null
[ERROR] COMMON(690390,ffffa8af5020,python):2026-09-14-16:01:49.493.161 [mindspore/ccsrc/pybind_api/ir/tensor_py.cc:730] DataPtr] Tensor device address is null
[ERROR] COMMON(690390,ffffa8af5020,python):2026-09-14-16:01:49.493.846 [mindspore/ccsrc/pybind_api/ir/tensor_py.cc:730] DataPtr] Tensor device address is null
[ERROR] COMMON(690390,ffffa8af5020,python):2026-09-14-16:01:49.498.257 [mindspore/ccsrc/pybind_api/ir/tensor_py.cc:730] DataPtr] Tensor device address is null
[ERROR] COMMON(690390,ffffa8af5020,python):2026-09-14-16:01:49.499.009 [mindspore/ccsrc/pybind_api/ir/tensor_py.cc:730] DataPtr] Tensor device address is null
[ERROR] COMMON(690390,ffffa8af5020,python):2026-09-14-16:01:49.502.130 [mindspore/ccsrc/pybind_api/ir/tensor_py.cc:730] DataPtr] Tensor device address is null
[ERROR] COMMON(690390,ffffa8af5020,python):2026-09-14-16:01:49.502.820 [mindspore/ccsrc/pybind_api/ir/tensor_py.cc:730] DataPtr] Tensor device address is null
[ERROR] COMMON(690390,ffffa8af5020,python):2026-09-14-16:01:49.505.888 [mindspore/ccsrc/pybind_api/ir/tensor_py.cc:730] DataPtr] Tensor device address is null
[ERROR] COMMON(690390,ffffa8af5020,python):2026-09-14-16:01:49.506.595 [mindspore/ccsrc/pybind_api/ir/tensor_py.cc:730] DataPtr] Tensor device address is null
[ERROR] COMMON(690390,ffffa8af5020,python):2026-09-14-16:01:49.512.882 [mindspore/ccsrc/pybind_api/ir/tensor_py.cc:730] DataPtr] Tensor device address is null
[ERROR] COMMON(690390,ffffa8af5020,python):2026-09-14-16:01:49.513.623 [mindspore/ccsrc/pybind_api/ir/tensor_py.cc:730] DataPtr] Tensor device address is null
[ERROR] COMMON(690390,ffffa8af5020,python):2026-09-14-16:01:49.519.987 [mindspore/ccsrc/pybind_api/ir/tensor_py.cc:730] DataPtr] Tensor device address is null
[ERROR] COMMON(690390,ffffa8af5020,python):2026-09-14-16:01:49.520.702 [mindspore/ccsrc/pybind_api/ir/tensor_py.cc:730] DataPtr] Tensor device address is null
[ERROR] COMMON(690390,ffffa8af5020,python):2026-09-14-16:01:49.521.385 [mindspore/ccsrc/pybind_api/ir/tensor_py.cc:730] DataPtr] Tensor device address is null
[ERROR] COMMON(690390,ffffa8af5020,python):2026-09-14-16:01:49.522.067 [mindspore/ccsrc/pybind_api/ir/tensor_py.cc:730] DataPtr] Tensor device address is null
[ERROR] COMMON(690390,ffffa8af5020,python):2026-09-14-16:01:49.522.734 [mindspore/ccsrc/pybind_api/ir/tensor_py.cc:730] DataPtr] Tensor device address is null
[ERROR] COMMON(690390,ffffa8af5020,python):2026-09-14-16:01:49.523.413 [mindspore/ccsrc/pybind_api/ir/tensor_py.cc:730] DataPtr] Tensor device address is null
[ERROR] COMMON(690390,ffffa8af5020,python):2026-09-14-16:01:49.526.010 [mindspore/ccsrc/pybind_api/ir/tensor_py.cc:730] DataPtr] Tensor device address is null
[ERROR] COMMON(690390,ffffa8af5020,python):2026-09-14-16:01:49.526.699 [mindspore/ccsrc/pybind_api/ir/tensor_py.cc:730] DataPtr] Tensor device address is null
[ERROR] COMMON(690390,ffffa8af5020,python):2026-09-14-16:01:49.532.286 [mindspore/ccsrc/pybind_api/ir/tensor_py.cc:730] DataPtr] Tensor device address is null
[ERROR] COMMON(690390,ffffa8af5020,python):2026-09-14-16:01:49.532.993 [mindspore/ccsrc/pybind_api/ir/tensor_py.cc:730] DataPtr] Tensor device address is null
[ERROR] COMMON(690390,ffffa8af5020,python):2026-09-14-16:01:49.536.085 [mindspore/ccsrc/pybind_api/ir/tensor_py.cc:730] DataPtr] Tensor device address is null
[ERROR] COMMON(690390,ffffa8af5020,python):2026-09-14-16:01:49.536.811 [mindspore/ccsrc/pybind_api/ir/tensor_py.cc:730] DataPtr] Tensor device address is null
[ERROR] COMMON(690390,ffffa8af5020,python):2026-09-14-16:01:49.539.894 [mindspore/ccsrc/pybind_api/ir/tensor_py.cc:730] DataPtr] Tensor device address is null
[ERROR] COMMON(690390,ffffa8af5020,python):2026-09-14-16:01:49.540.588 [mindspore/ccsrc/pybind_api/ir/tensor_py.cc:730] DataPtr] Tensor device address is null
[ERROR] COMMON(690390,ffffa8af5020,python):2026-09-14-16:01:49.546.985 [mindspore/ccsrc/pybind_api/ir/tensor_py.cc:730] DataPtr] Tensor device address is null
[ERROR] COMMON(690390,ffffa8af5020,python):2026-09-14-16:01:49.547.716 [mindspore/ccsrc/pybind_api/ir/tensor_py.cc:730] DataPtr] Tensor device address is null
[ERROR] COMMON(690390,ffffa8af5020,python):2026-09-14-16:01:49.554.090 [mindspore/ccsrc/pybind_api/ir/tensor_py.cc:730] DataPtr] Tensor device address is null
[ERROR] COMMON(690390,ffffa8af5020,python):2026-09-14-16:01:49.554.819 [mindspore/ccsrc/pybind_api/ir/tensor_py.cc:730] DataPtr] Tensor device address is null
[ERROR] COMMON(690390,ffffa8af5020,python):2026-09-14-16:01:49.555.499 [mindspore/ccsrc/pybind_api/ir/tensor_py.cc:730] DataPtr] Tensor device address is null
[ERROR] COMMON(690390,ffffa8af5020,python):2026-09-14-16:01:49.556.173 [mindspore/ccsrc/pybind_api/ir/tensor_py.cc:730] DataPtr] Tensor device address is null
[ERROR] COMMON(690390,ffffa8af5020,python):2026-09-14-16:01:49.556.861 [mindspore/ccsrc/pybind_api/ir/tensor_py.cc:730] DataPtr] Tensor device address is null
[ERROR] COMMON(690390,ffffa8af5020,python):2026-09-14-16:01:49.557.533 [mindspore/ccsrc/pybind_api/ir/tensor_py.cc:730] DataPtr] Tensor device address is null
[ERROR] COMMON(690390,ffffa8af5020,python):2026-09-14-16:01:49.560.520 [mindspore/ccsrc/pybind_api/ir/tensor_py.cc:730] DataPtr] Tensor device address is null
[ERROR] COMMON(690390,ffffa8af5020,python):2026-09-14-16:01:49.561.231 [mindspore/ccsrc/pybind_api/ir/tensor_py.cc:730] DataPtr] Tensor device address is null
[ERROR] COMMON(690390,ffffa8af5020,python):2026-09-14-16:01:49.565.391 [mindspore/ccsrc/pybind_api/ir/tensor_py.cc:730] DataPtr] Tensor device address is null
[ERROR] COMMON(690390,ffffa8af5020,python):2026-09-14-16:01:49.566.101 [mindspore/ccsrc/pybind_api/ir/tensor_py.cc:730] DataPtr] Tensor device address is null
[ERROR] COMMON(690390,ffffa8af5020,python):2026-09-14-16:01:49.569.214 [mindspore/ccsrc/pybind_api/ir/tensor_py.cc:730] DataPtr] Tensor device address is null
[ERROR] COMMON(690390,ffffa8af5020,python):2026-09-14-16:01:49.569.906 [mindspore/ccsrc/pybind_api/ir/tensor_py.cc:730] DataPtr] Tensor device address is null
[ERROR] COMMON(690390,ffffa8af5020,python):2026-09-14-16:01:49.572.353 [mindspore/ccsrc/pybind_api/ir/tensor_py.cc:730] DataPtr] Tensor device address is null
[ERROR] COMMON(690390,ffffa8af5020,python):2026-09-14-16:01:49.573.098 [mindspore/ccsrc/pybind_api/ir/tensor_py.cc:730] DataPtr] Tensor device address is null
[ERROR] COMMON(690390,ffffa8af5020,python):2026-09-14-16:01:49.579.446 [mindspore/ccsrc/pybind_api/ir/tensor_py.cc:730] DataPtr] Tensor device address is null
[ERROR] COMMON(690390,ffffa8af5020,python):2026-09-14-16:01:49.580.175 [mindspore/ccsrc/pybind_api/ir/tensor_py.cc:730] DataPtr] Tensor device address is null
[ERROR] COMMON(690390,ffffa8af5020,python):2026-09-14-16:01:49.586.474 [mindspore/ccsrc/pybind_api/ir/tensor_py.cc:730] DataPtr] Tensor device address is null
[ERROR] COMMON(690390,ffffa8af5020,python):2026-09-14-16:01:49.587.166 [mindspore/ccsrc/pybind_api/ir/tensor_py.cc:730] DataPtr] Tensor device address is null
[ERROR] COMMON(690390,ffffa8af5020,python):2026-09-14-16:01:49.587.845 [mindspore/ccsrc/pybind_api/ir/tensor_py.cc:730] DataPtr] Tensor device address is null
[ERROR] COMMON(690390,ffffa8af5020,python):2026-09-14-16:01:49.588.550 [mindspore/ccsrc/pybind_api/ir/tensor_py.cc:730] DataPtr] Tensor device address is null
[ERROR] COMMON(690390,ffffa8af5020,python):2026-09-14-16:01:49.589.228 [mindspore/ccsrc/pybind_api/ir/tensor_py.cc:730] DataPtr] Tensor device address is null
[ERROR] COMMON(690390,ffffa8af5020,python):2026-09-14-16:01:49.589.899 [mindspore/ccsrc/pybind_api/ir/tensor_py.cc:730] DataPtr] Tensor device address is null
[ERROR] COMMON(690390,ffffa8af5020,python):2026-09-14-16:01:49.592.343 [mindspore/ccsrc/pybind_api/ir/tensor_py.cc:730] DataPtr] Tensor device address is null
[ERROR] COMMON(690390,ffffa8af5020,python):2026-09-14-16:01:49.593.031 [mindspore/ccsrc/pybind_api/ir/tensor_py.cc:730] DataPtr] Tensor device address is null
[ERROR] COMMON(690390,ffffa8af5020,python):2026-09-14-16:01:49.597.834 [mindspore/ccsrc/pybind_api/ir/tensor_py.cc:730] DataPtr] Tensor device address is null
[ERROR] COMMON(690390,ffffa8af5020,python):2026-09-14-16:01:49.598.536 [mindspore/ccsrc/pybind_api/ir/tensor_py.cc:730] DataPtr] Tensor device address is null
[ERROR] COMMON(690390,ffffa8af5020,python):2026-09-14-16:01:49.601.649 [mindspore/ccsrc/pybind_api/ir/tensor_py.cc:730] DataPtr] Tensor device address is null
[ERROR] COMMON(690390,ffffa8af5020,python):2026-09-14-16:01:49.602.355 [mindspore/ccsrc/pybind_api/ir/tensor_py.cc:730] DataPtr] Tensor device address is null
[ERROR] COMMON(690390,ffffa8af5020,python):2026-09-14-16:01:49.604.898 [mindspore/ccsrc/pybind_api/ir/tensor_py.cc:730] DataPtr] Tensor device address is null
[ERROR] COMMON(690390,ffffa8af5020,python):2026-09-14-16:01:49.605.601 [mindspore/ccsrc/pybind_api/ir/tensor_py.cc:730] DataPtr] Tensor device address is null
[ERROR] COMMON(690390,ffffa8af5020,python):2026-09-14-16:01:49.611.956 [mindspore/ccsrc/pybind_api/ir/tensor_py.cc:730] DataPtr] Tensor device address is null
[ERROR] COMMON(690390,ffffa8af5020,python):2026-09-14-16:01:49.612.684 [mindspore/ccsrc/pybind_api/ir/tensor_py.cc:730] DataPtr] Tensor device address is null
[ERROR] COMMON(690390,ffffa8af5020,python):2026-09-14-16:01:49.619.041 [mindspore/ccsrc/pybind_api/ir/tensor_py.cc:730] DataPtr] Tensor device address is null
[ERROR] COMMON(690390,ffffa8af5020,python):2026-09-14-16:01:49.619.745 [mindspore/ccsrc/pybind_api/ir/tensor_py.cc:730] DataPtr] Tensor device address is null
[ERROR] COMMON(690390,ffffa8af5020,python):2026-09-14-16:01:49.620.434 [mindspore/ccsrc/pybind_api/ir/tensor_py.cc:730] DataPtr] Tensor device address is null
[ERROR] COMMON(690390,ffffa8af5020,python):2026-09-14-16:01:49.621.184 [mindspore/ccsrc/pybind_api/ir/tensor_py.cc:730] DataPtr] Tensor device address is null
[ERROR] COMMON(690390,ffffa8af5020,python):2026-09-14-16:01:49.621.868 [mindspore/ccsrc/pybind_api/ir/tensor_py.cc:730] DataPtr] Tensor device address is null
[ERROR] COMMON(690390,ffffa8af5020,python):2026-09-14-16:01:49.622.562 [mindspore/ccsrc/pybind_api/ir/tensor_py.cc:730] DataPtr] Tensor device address is null
[ERROR] COMMON(690390,ffffa8af5020,python):2026-09-14-16:01:49.625.658 [mindspore/ccsrc/pybind_api/ir/tensor_py.cc:730] DataPtr] Tensor device address is null
[ERROR] COMMON(690390,ffffa8af5020,python):2026-09-14-16:01:49.626.353 [mindspore/ccsrc/pybind_api/ir/tensor_py.cc:730] DataPtr] Tensor device address is null
[ERROR] COMMON(690390,ffffa8af5020,python):2026-09-14-16:01:49.632.179 [mindspore/ccsrc/pybind_api/ir/tensor_py.cc:730] DataPtr] Tensor device address is null
[ERROR] COMMON(690390,ffffa8af5020,python):2026-09-14-16:01:49.632.880 [mindspore/ccsrc/pybind_api/ir/tensor_py.cc:730] DataPtr] Tensor device address is null
[ERROR] COMMON(690390,ffffa8af5020,python):2026-09-14-16:01:49.635.927 [mindspore/ccsrc/pybind_api/ir/tensor_py.cc:730] DataPtr] Tensor device address is null
[ERROR] COMMON(690390,ffffa8af5020,python):2026-09-14-16:01:49.636.634 [mindspore/ccsrc/pybind_api/ir/tensor_py.cc:730] DataPtr] Tensor device address is null
[ERROR] COMMON(690390,ffffa8af5020,python):2026-09-14-16:01:49.638.490 [mindspore/ccsrc/pybind_api/ir/tensor_py.cc:730] DataPtr] Tensor device address is null
[ERROR] COMMON(690390,ffffa8af5020,python):2026-09-14-16:01:49.639.172 [mindspore/ccsrc/pybind_api/ir/tensor_py.cc:730] DataPtr] Tensor device address is null
[ERROR] COMMON(690390,ffffa8af5020,python):2026-09-14-16:01:49.645.473 [mindspore/ccsrc/pybind_api/ir/tensor_py.cc:730] DataPtr] Tensor device address is null
[ERROR] COMMON(690390,ffffa8af5020,python):2026-09-14-16:01:49.646.185 [mindspore/ccsrc/pybind_api/ir/tensor_py.cc:730] DataPtr] Tensor device address is null
[ERROR] COMMON(690390,ffffa8af5020,python):2026-09-14-16:01:49.651.695 [mindspore/ccsrc/pybind_api/ir/tensor_py.cc:730] DataPtr] Tensor device address is null
[ERROR] COMMON(690390,ffffa8af5020,python):2026-09-14-16:01:49.652.398 [mindspore/ccsrc/pybind_api/ir/tensor_py.cc:730] DataPtr] Tensor device address is null
[ERROR] COMMON(690390,ffffa8af5020,python):2026-09-14-16:01:49.653.083 [mindspore/ccsrc/pybind_api/ir/tensor_py.cc:730] DataPtr] Tensor device address is null
[ERROR] COMMON(690390,ffffa8af5020,python):2026-09-14-16:01:49.653.753 [mindspore/ccsrc/pybind_api/ir/tensor_py.cc:730] DataPtr] Tensor device address is null
[ERROR] COMMON(690390,ffffa8af5020,python):2026-09-14-16:01:49.654.534 [mindspore/ccsrc/pybind_api/ir/tensor_py.cc:730] DataPtr] Tensor device address is null
[ERROR] COMMON(690390,ffffa8af5020,python):2026-09-14-16:01:49.655.216 [mindspore/ccsrc/pybind_api/ir/tensor_py.cc:730] DataPtr] Tensor device address is null
[ERROR] COMMON(690390,ffffa8af5020,python):2026-09-14-16:01:49.657.597 [mindspore/ccsrc/pybind_api/ir/tensor_py.cc:730] DataPtr] Tensor device address is null
[ERROR] COMMON(690390,ffffa8af5020,python):2026-09-14-16:01:49.658.301 [mindspore/ccsrc/pybind_api/ir/tensor_py.cc:730] DataPtr] Tensor device address is null
[ERROR] COMMON(690390,ffffa8af5020,python):2026-09-14-16:01:49.662.236 [mindspore/ccsrc/pybind_api/ir/tensor_py.cc:730] DataPtr] Tensor device address is null
[ERROR] COMMON(690390,ffffa8af5020,python):2026-09-14-16:01:49.662.991 [mindspore/ccsrc/pybind_api/ir/tensor_py.cc:730] DataPtr] Tensor device address is null
[ERROR] COMMON(690390,ffffa8af5020,python):2026-09-14-16:01:49.666.652 [mindspore/ccsrc/pybind_api/ir/tensor_py.cc:730] DataPtr] Tensor device address is null
[ERROR] COMMON(690390,ffffa8af5020,python):2026-09-14-16:01:49.667.355 [mindspore/ccsrc/pybind_api/ir/tensor_py.cc:730] DataPtr] Tensor device address is null
[ERROR] COMMON(690390,ffffa8af5020,python):2026-09-14-16:01:49.669.867 [mindspore/ccsrc/pybind_api/ir/tensor_py.cc:730] DataPtr] Tensor device address is null
[ERROR] COMMON(690390,ffffa8af5020,python):2026-09-14-16:01:49.670.558 [mindspore/ccsrc/pybind_api/ir/tensor_py.cc:730] DataPtr] Tensor device address is null
[ERROR] COMMON(690390,ffffa8af5020,python):2026-09-14-16:01:49.676.106 [mindspore/ccsrc/pybind_api/ir/tensor_py.cc:730] DataPtr] Tensor device address is null
[ERROR] COMMON(690390,ffffa8af5020,python):2026-09-14-16:01:49.676.828 [mindspore/ccsrc/pybind_api/ir/tensor_py.cc:730] DataPtr] Tensor device address is null
[ERROR] COMMON(690390,ffffa8af5020,python):2026-09-14-16:01:49.682.405 [mindspore/ccsrc/pybind_api/ir/tensor_py.cc:730] DataPtr] Tensor device address is null
[ERROR] COMMON(690390,ffffa8af5020,python):2026-09-14-16:01:49.683.123 [mindspore/ccsrc/pybind_api/ir/tensor_py.cc:730] DataPtr] Tensor device address is null
[ERROR] COMMON(690390,ffffa8af5020,python):2026-09-14-16:01:49.755.982 [mindspore/ccsrc/pybind_api/ir/tensor_py.cc:730] DataPtr] Tensor device address is null
[ERROR] COMMON(690390,ffffa8af5020,python):2026-09-14-16:01:49.757.130 [mindspore/ccsrc/pybind_api/ir/tensor_py.cc:730] DataPtr] Tensor device address is null
[ERROR] COMMON(690390,ffffa8af5020,python):2026-09-14-16:01:49.757.825 [mindspore/ccsrc/pybind_api/ir/tensor_py.cc:730] DataPtr] Tensor device address is null
[ERROR] COMMON(690390,ffffa8af5020,python):2026-09-14-16:01:49.758.491 [mindspore/ccsrc/pybind_api/ir/tensor_py.cc:730] DataPtr] Tensor device address is null
[ERROR] COMMON(690390,ffffa8af5020,python):2026-09-14-16:01:49.759.181 [mindspore/ccsrc/pybind_api/ir/tensor_py.cc:730] DataPtr] Tensor device address is null
[ERROR] COMMON(690390,ffffa8af5020,python):2026-09-14-16:01:49.759.851 [mindspore/ccsrc/pybind_api/ir/tensor_py.cc:730] DataPtr] Tensor device address is null
[ERROR] COMMON(690390,ffffa8af5020,python):2026-09-14-16:01:49.760.522 [mindspore/ccsrc/pybind_api/ir/tensor_py.cc:730] DataPtr] Tensor device address is null
[ERROR] COMMON(690390,ffffa8af5020,python):2026-09-14-16:01:49.761.209 [mindspore/ccsrc/pybind_api/ir/tensor_py.cc:730] DataPtr] Tensor device address is null
[ERROR] COMMON(690390,ffffa8af5020,python):2026-09-14-16:01:49.764.279 [mindspore/ccsrc/pybind_api/ir/tensor_py.cc:730] DataPtr] Tensor device address is null
[ERROR] COMMON(690390,ffffa8af5020,python):2026-09-14-16:01:49.764.971 [mindspore/ccsrc/pybind_api/ir/tensor_py.cc:730] DataPtr] Tensor device address is null
[ERROR] COMMON(690390,ffffa8af5020,python):2026-09-14-16:01:49.767.703 [mindspore/ccsrc/pybind_api/ir/tensor_py.cc:730] DataPtr] Tensor device address is null
[ERROR] COMMON(690390,ffffa8af5020,python):2026-09-14-16:01:49.768.399 [mindspore/ccsrc/pybind_api/ir/tensor_py.cc:730] DataPtr] Tensor device address is null
[ERROR] COMMON(690390,ffffa8af5020,python):2026-09-14-16:01:49.770.916 [mindspore/ccsrc/pybind_api/ir/tensor_py.cc:730] DataPtr] Tensor device address is null
[ERROR] COMMON(690390,ffffa8af5020,python):2026-09-14-16:01:49.771.614 [mindspore/ccsrc/pybind_api/ir/tensor_py.cc:730] DataPtr] Tensor device address is null
[ERROR] COMMON(690390,ffffa8af5020,python):2026-09-14-16:01:49.773.476 [mindspore/ccsrc/pybind_api/ir/tensor_py.cc:730] DataPtr] Tensor device address is null
[ERROR] COMMON(690390,ffffa8af5020,python):2026-09-14-16:01:49.774.165 [mindspore/ccsrc/pybind_api/ir/tensor_py.cc:730] DataPtr] Tensor device address is null
[ERROR] COMMON(690390,ffffa8af5020,python):2026-09-14-16:01:49.779.688 [mindspore/ccsrc/pybind_api/ir/tensor_py.cc:730] DataPtr] Tensor device address is null
[ERROR] COMMON(690390,ffffa8af5020,python):2026-09-14-16:01:49.780.413 [mindspore/ccsrc/pybind_api/ir/tensor_py.cc:730] DataPtr] Tensor device address is null
[ERROR] COMMON(690390,ffffa8af5020,python):2026-09-14-16:01:49.788.892 [mindspore/ccsrc/pybind_api/ir/tensor_py.cc:730] DataPtr] Tensor device address is null
[ERROR] COMMON(690390,ffffa8af5020,python):2026-09-14-16:01:49.789.644 [mindspore/ccsrc/pybind_api/ir/tensor_py.cc:730] DataPtr] Tensor device address is null
[ERROR] COMMON(690390,ffffa8af5020,python):2026-09-14-16:01:49.790.322 [mindspore/ccsrc/pybind_api/ir/tensor_py.cc:730] DataPtr] Tensor device address is null
[ERROR] COMMON(690390,ffffa8af5020,python):2026-09-14-16:01:49.790.995 [mindspore/ccsrc/pybind_api/ir/tensor_py.cc:730] DataPtr] Tensor device address is null
[ERROR] COMMON(690390,ffffa8af5020,python):2026-09-14-16:01:49.791.668 [mindspore/ccsrc/pybind_api/ir/tensor_py.cc:730] DataPtr] Tensor device address is null
[ERROR] COMMON(690390,ffffa8af5020,python):2026-09-14-16:01:49.792.339 [mindspore/ccsrc/pybind_api/ir/tensor_py.cc:730] DataPtr] Tensor device address is null
[ERROR] COMMON(690390,ffffa8af5020,python):2026-09-14-16:01:49.794.917 [mindspore/ccsrc/pybind_api/ir/tensor_py.cc:730] DataPtr] Tensor device address is null
[ERROR] COMMON(690390,ffffa8af5020,python):2026-09-14-16:01:49.795.623 [mindspore/ccsrc/pybind_api/ir/tensor_py.cc:730] DataPtr] Tensor device address is null
[ERROR] COMMON(690390,ffffa8af5020,python):2026-09-14-16:01:49.801.993 [mindspore/ccsrc/pybind_api/ir/tensor_py.cc:730] DataPtr] Tensor device address is null
[ERROR] COMMON(690390,ffffa8af5020,python):2026-09-14-16:01:49.802.701 [mindspore/ccsrc/pybind_api/ir/tensor_py.cc:730] DataPtr] Tensor device address is null
[ERROR] COMMON(690390,ffffa8af5020,python):2026-09-14-16:01:49.805.787 [mindspore/ccsrc/pybind_api/ir/tensor_py.cc:730] DataPtr] Tensor device address is null
[ERROR] COMMON(690390,ffffa8af5020,python):2026-09-14-16:01:49.806.478 [mindspore/ccsrc/pybind_api/ir/tensor_py.cc:730] DataPtr] Tensor device address is null
[ERROR] COMMON(690390,ffffa8af5020,python):2026-09-14-16:01:49.809.003 [mindspore/ccsrc/pybind_api/ir/tensor_py.cc:730] DataPtr] Tensor device address is null
[ERROR] COMMON(690390,ffffa8af5020,python):2026-09-14-16:01:49.809.694 [mindspore/ccsrc/pybind_api/ir/tensor_py.cc:730] DataPtr] Tensor device address is null
[ERROR] COMMON(690390,ffffa8af5020,python):2026-09-14-16:01:49.815.956 [mindspore/ccsrc/pybind_api/ir/tensor_py.cc:730] DataPtr] Tensor device address is null
[ERROR] COMMON(690390,ffffa8af5020,python):2026-09-14-16:01:49.816.704 [mindspore/ccsrc/pybind_api/ir/tensor_py.cc:730] DataPtr] Tensor device address is null
[ERROR] COMMON(690390,ffffa8af5020,python):2026-09-14-16:01:49.823.209 [mindspore/ccsrc/pybind_api/ir/tensor_py.cc:730] DataPtr] Tensor device address is null
[ERROR] COMMON(690390,ffffa8af5020,python):2026-09-14-16:01:49.823.922 [mindspore/ccsrc/pybind_api/ir/tensor_py.cc:730] DataPtr] Tensor device address is null
[ERROR] COMMON(690390,ffffa8af5020,python):2026-09-14-16:01:49.824.602 [mindspore/ccsrc/pybind_api/ir/tensor_py.cc:730] DataPtr] Tensor device address is null
[ERROR] COMMON(690390,ffffa8af5020,python):2026-09-14-16:01:49.825.285 [mindspore/ccsrc/pybind_api/ir/tensor_py.cc:730] DataPtr] Tensor device address is null
[ERROR] COMMON(690390,ffffa8af5020,python):2026-09-14-16:01:49.825.959 [mindspore/ccsrc/pybind_api/ir/tensor_py.cc:730] DataPtr] Tensor device address is null
[ERROR] COMMON(690390,ffffa8af5020,python):2026-09-14-16:01:49.826.631 [mindspore/ccsrc/pybind_api/ir/tensor_py.cc:730] DataPtr] Tensor device address is null
[ERROR] COMMON(690390,ffffa8af5020,python):2026-09-14-16:01:49.829.667 [mindspore/ccsrc/pybind_api/ir/tensor_py.cc:730] DataPtr] Tensor device address is null
[ERROR] COMMON(690390,ffffa8af5020,python):2026-09-14-16:01:49.830.350 [mindspore/ccsrc/pybind_api/ir/tensor_py.cc:730] DataPtr] Tensor device address is null
[ERROR] COMMON(690390,ffffa8af5020,python):2026-09-14-16:01:49.834.695 [mindspore/ccsrc/pybind_api/ir/tensor_py.cc:730] DataPtr] Tensor device address is null
[ERROR] COMMON(690390,ffffa8af5020,python):2026-09-14-16:01:49.835.381 [mindspore/ccsrc/pybind_api/ir/tensor_py.cc:730] DataPtr] Tensor device address is null
[ERROR] COMMON(690390,ffffa8af5020,python):2026-09-14-16:01:49.838.483 [mindspore/ccsrc/pybind_api/ir/tensor_py.cc:730] DataPtr] Tensor device address is null
[ERROR] COMMON(690390,ffffa8af5020,python):2026-09-14-16:01:49.839.173 [mindspore/ccsrc/pybind_api/ir/tensor_py.cc:730] DataPtr] Tensor device address is null
[ERROR] COMMON(690390,ffffa8af5020,python):2026-09-14-16:01:49.841.686 [mindspore/ccsrc/pybind_api/ir/tensor_py.cc:730] DataPtr] Tensor device address is null
[ERROR] COMMON(690390,ffffa8af5020,python):2026-09-14-16:01:49.842.390 [mindspore/ccsrc/pybind_api/ir/tensor_py.cc:730] DataPtr] Tensor device address is null
[ERROR] COMMON(690390,ffffa8af5020,python):2026-09-14-16:01:49.848.721 [mindspore/ccsrc/pybind_api/ir/tensor_py.cc:730] DataPtr] Tensor device address is null
[ERROR] COMMON(690390,ffffa8af5020,python):2026-09-14-16:01:49.849.447 [mindspore/ccsrc/pybind_api/ir/tensor_py.cc:730] DataPtr] Tensor device address is null
[ERROR] COMMON(690390,ffffa8af5020,python):2026-09-14-16:01:49.855.861 [mindspore/ccsrc/pybind_api/ir/tensor_py.cc:730] DataPtr] Tensor device address is null
[ERROR] COMMON(690390,ffffa8af5020,python):2026-09-14-16:01:49.856.583 [mindspore/ccsrc/pybind_api/ir/tensor_py.cc:730] DataPtr] Tensor device address is null
[ERROR] COMMON(690390,ffffa8af5020,python):2026-09-14-16:01:49.857.275 [mindspore/ccsrc/pybind_api/ir/tensor_py.cc:730] DataPtr] Tensor device address is null
[ERROR] COMMON(690390,ffffa8af5020,python):2026-09-14-16:01:49.857.950 [mindspore/ccsrc/pybind_api/ir/tensor_py.cc:730] DataPtr] Tensor device address is null
[ERROR] COMMON(690390,ffffa8af5020,python):2026-09-14-16:01:49.858.636 [mindspore/ccsrc/pybind_api/ir/tensor_py.cc:730] DataPtr] Tensor device address is null
[ERROR] COMMON(690390,ffffa8af5020,python):2026-09-14-16:01:49.859.313 [mindspore/ccsrc/pybind_api/ir/tensor_py.cc:730] DataPtr] Tensor device address is null
[ERROR] COMMON(690390,ffffa8af5020,python):2026-09-14-16:01:49.861.778 [mindspore/ccsrc/pybind_api/ir/tensor_py.cc:730] DataPtr] Tensor device address is null
[ERROR] COMMON(690390,ffffa8af5020,python):2026-09-14-16:01:49.862.469 [mindspore/ccsrc/pybind_api/ir/tensor_py.cc:730] DataPtr] Tensor device address is null
[ERROR] COMMON(690390,ffffa8af5020,python):2026-09-14-16:01:49.868.113 [mindspore/ccsrc/pybind_api/ir/tensor_py.cc:730] DataPtr] Tensor device address is null
[ERROR] COMMON(690390,ffffa8af5020,python):2026-09-14-16:01:49.868.834 [mindspore/ccsrc/pybind_api/ir/tensor_py.cc:730] DataPtr] Tensor device address is null
[ERROR] COMMON(690390,ffffa8af5020,python):2026-09-14-16:01:49.871.972 [mindspore/ccsrc/pybind_api/ir/tensor_py.cc:730] DataPtr] Tensor device address is null
[ERROR] COMMON(690390,ffffa8af5020,python):2026-09-14-16:01:49.872.682 [mindspore/ccsrc/pybind_api/ir/tensor_py.cc:730] DataPtr] Tensor device address is null
[ERROR] COMMON(690390,ffffa8af5020,python):2026-09-14-16:01:49.875.247 [mindspore/ccsrc/pybind_api/ir/tensor_py.cc:730] DataPtr] Tensor device address is null
[ERROR] COMMON(690390,ffffa8af5020,python):2026-09-14-16:01:49.875.948 [mindspore/ccsrc/pybind_api/ir/tensor_py.cc:730] DataPtr] Tensor device address is null
[ERROR] COMMON(690390,ffffa8af5020,python):2026-09-14-16:01:49.882.230 [mindspore/ccsrc/pybind_api/ir/tensor_py.cc:730] DataPtr] Tensor device address is null
[ERROR] COMMON(690390,ffffa8af5020,python):2026-09-14-16:01:49.882.961 [mindspore/ccsrc/pybind_api/ir/tensor_py.cc:730] DataPtr] Tensor device address is null
[ERROR] COMMON(690390,ffffa8af5020,python):2026-09-14-16:01:49.889.383 [mindspore/ccsrc/pybind_api/ir/tensor_py.cc:730] DataPtr] Tensor device address is null
[ERROR] COMMON(690390,ffffa8af5020,python):2026-09-14-16:01:49.890.104 [mindspore/ccsrc/pybind_api/ir/tensor_py.cc:730] DataPtr] Tensor device address is null
[ERROR] COMMON(690390,ffffa8af5020,python):2026-09-14-16:01:49.890.781 [mindspore/ccsrc/pybind_api/ir/tensor_py.cc:730] DataPtr] Tensor device address is null
[ERROR] COMMON(690390,ffffa8af5020,python):2026-09-14-16:01:49.891.465 [mindspore/ccsrc/pybind_api/ir/tensor_py.cc:730] DataPtr] Tensor device address is null
[ERROR] COMMON(690390,ffffa8af5020,python):2026-09-14-16:01:49.892.140 [mindspore/ccsrc/pybind_api/ir/tensor_py.cc:730] DataPtr] Tensor device address is null
[ERROR] COMMON(690390,ffffa8af5020,python):2026-09-14-16:01:49.892.822 [mindspore/ccsrc/pybind_api/ir/tensor_py.cc:730] DataPtr] Tensor device address is null
[ERROR] COMMON(690390,ffffa8af5020,python):2026-09-14-16:01:49.895.909 [mindspore/ccsrc/pybind_api/ir/tensor_py.cc:730] DataPtr] Tensor device address is null
[ERROR] COMMON(690390,ffffa8af5020,python):2026-09-14-16:01:49.896.607 [mindspore/ccsrc/pybind_api/ir/tensor_py.cc:730] DataPtr] Tensor device address is null
[ERROR] COMMON(690390,ffffa8af5020,python):2026-09-14-16:01:49.900.731 [mindspore/ccsrc/pybind_api/ir/tensor_py.cc:730] DataPtr] Tensor device address is null
[ERROR] COMMON(690390,ffffa8af5020,python):2026-09-14-16:01:49.901.422 [mindspore/ccsrc/pybind_api/ir/tensor_py.cc:730] DataPtr] Tensor device address is null
[ERROR] COMMON(690390,ffffa8af5020,python):2026-09-14-16:01:49.904.510 [mindspore/ccsrc/pybind_api/ir/tensor_py.cc:730] DataPtr] Tensor device address is null
[ERROR] COMMON(690390,ffffa8af5020,python):2026-09-14-16:01:49.905.218 [mindspore/ccsrc/pybind_api/ir/tensor_py.cc:730] DataPtr] Tensor device address is null
[ERROR] COMMON(690390,ffffa8af5020,python):2026-09-14-16:01:49.907.051 [mindspore/ccsrc/pybind_api/ir/tensor_py.cc:730] DataPtr] Tensor device address is null
[ERROR] COMMON(690390,ffffa8af5020,python):2026-09-14-16:01:49.907.732 [mindspore/ccsrc/pybind_api/ir/tensor_py.cc:730] DataPtr] Tensor device address is null
[ERROR] COMMON(690390,ffffa8af5020,python):2026-09-14-16:01:49.914.114 [mindspore/ccsrc/pybind_api/ir/tensor_py.cc:730] DataPtr] Tensor device address is null
[ERROR] COMMON(690390,ffffa8af5020,python):2026-09-14-16:01:49.914.833 [mindspore/ccsrc/pybind_api/ir/tensor_py.cc:730] DataPtr] Tensor device address is null
[ERROR] COMMON(690390,ffffa8af5020,python):2026-09-14-16:01:49.921.271 [mindspore/ccsrc/pybind_api/ir/tensor_py.cc:730] DataPtr] Tensor device address is null
[ERROR] COMMON(690390,ffffa8af5020,python):2026-09-14-16:01:49.921.982 [mindspore/ccsrc/pybind_api/ir/tensor_py.cc:730] DataPtr] Tensor device address is null
[ERROR] COMMON(690390,ffffa8af5020,python):2026-09-14-16:01:49.922.655 [mindspore/ccsrc/pybind_api/ir/tensor_py.cc:730] DataPtr] Tensor device address is null
[ERROR] COMMON(690390,ffffa8af5020,python):2026-09-14-16:01:49.923.324 [mindspore/ccsrc/pybind_api/ir/tensor_py.cc:730] DataPtr] Tensor device address is null
[ERROR] COMMON(690390,ffffa8af5020,python):2026-09-14-16:01:49.924.009 [mindspore/ccsrc/pybind_api/ir/tensor_py.cc:730] DataPtr] Tensor device address is null
[ERROR] COMMON(690390,ffffa8af5020,python):2026-09-14-16:01:49.924.700 [mindspore/ccsrc/pybind_api/ir/tensor_py.cc:730] DataPtr] Tensor device address is null
[ERROR] COMMON(690390,ffffa8af5020,python):2026-09-14-16:01:49.927.121 [mindspore/ccsrc/pybind_api/ir/tensor_py.cc:730] DataPtr] Tensor device address is null
[ERROR] COMMON(690390,ffffa8af5020,python):2026-09-14-16:01:49.927.816 [mindspore/ccsrc/pybind_api/ir/tensor_py.cc:730] DataPtr] Tensor device address is null
[ERROR] COMMON(690390,ffffa8af5020,python):2026-09-14-16:01:49.932.601 [mindspore/ccsrc/pybind_api/ir/tensor_py.cc:730] DataPtr] Tensor device address is null
[ERROR] COMMON(690390,ffffa8af5020,python):2026-09-14-16:01:49.933.299 [mindspore/ccsrc/pybind_api/ir/tensor_py.cc:730] DataPtr] Tensor device address is null
[ERROR] COMMON(690390,ffffa8af5020,python):2026-09-14-16:01:49.936.415 [mindspore/ccsrc/pybind_api/ir/tensor_py.cc:730] DataPtr] Tensor device address is null
[ERROR] COMMON(690390,ffffa8af5020,python):2026-09-14-16:01:49.937.119 [mindspore/ccsrc/pybind_api/ir/tensor_py.cc:730] DataPtr] Tensor device address is null
[ERROR] COMMON(690390,ffffa8af5020,python):2026-09-14-16:01:49.939.601 [mindspore/ccsrc/pybind_api/ir/tensor_py.cc:730] DataPtr] Tensor device address is null
[ERROR] COMMON(690390,ffffa8af5020,python):2026-09-14-16:01:49.940.310 [mindspore/ccsrc/pybind_api/ir/tensor_py.cc:730] DataPtr] Tensor device address is null
[ERROR] COMMON(690390,ffffa8af5020,python):2026-09-14-16:01:49.946.688 [mindspore/ccsrc/pybind_api/ir/tensor_py.cc:730] DataPtr] Tensor device address is null
[ERROR] COMMON(690390,ffffa8af5020,python):2026-09-14-16:01:49.947.430 [mindspore/ccsrc/pybind_api/ir/tensor_py.cc:730] DataPtr] Tensor device address is null
[ERROR] COMMON(690390,ffffa8af5020,python):2026-09-14-16:01:49.953.850 [mindspore/ccsrc/pybind_api/ir/tensor_py.cc:730] DataPtr] Tensor device address is null
[ERROR] COMMON(690390,ffffa8af5020,python):2026-09-14-16:01:49.954.571 [mindspore/ccsrc/pybind_api/ir/tensor_py.cc:730] DataPtr] Tensor device address is null
[ERROR] COMMON(690390,ffffa8af5020,python):2026-09-14-16:01:49.955.255 [mindspore/ccsrc/pybind_api/ir/tensor_py.cc:730] DataPtr] Tensor device address is null
[ERROR] COMMON(690390,ffffa8af5020,python):2026-09-14-16:01:49.955.940 [mindspore/ccsrc/pybind_api/ir/tensor_py.cc:730] DataPtr] Tensor device address is null
[ERROR] COMMON(690390,ffffa8af5020,python):2026-09-14-16:01:49.956.628 [mindspore/ccsrc/pybind_api/ir/tensor_py.cc:730] DataPtr] Tensor device address is null
[ERROR] COMMON(690390,ffffa8af5020,python):2026-09-14-16:01:49.957.328 [mindspore/ccsrc/pybind_api/ir/tensor_py.cc:730] DataPtr] Tensor device address is null
[ERROR] COMMON(690390,ffffa8af5020,python):2026-09-14-16:01:49.960.414 [mindspore/ccsrc/pybind_api/ir/tensor_py.cc:730] DataPtr] Tensor device address is null
[ERROR] COMMON(690390,ffffa8af5020,python):2026-09-14-16:01:49.961.122 [mindspore/ccsrc/pybind_api/ir/tensor_py.cc:730] DataPtr] Tensor device address is null
[ERROR] COMMON(690390,ffffa8af5020,python):2026-09-14-16:01:49.967.091 [mindspore/ccsrc/pybind_api/ir/tensor_py.cc:730] DataPtr] Tensor device address is null
[ERROR] COMMON(690390,ffffa8af5020,python):2026-09-14-16:01:49.967.799 [mindspore/ccsrc/pybind_api/ir/tensor_py.cc:730] DataPtr] Tensor device address is null
[ERROR] COMMON(690390,ffffa8af5020,python):2026-09-14-16:01:49.970.881 [mindspore/ccsrc/pybind_api/ir/tensor_py.cc:730] DataPtr] Tensor device address is null
[ERROR] COMMON(690390,ffffa8af5020,python):2026-09-14-16:01:49.971.586 [mindspore/ccsrc/pybind_api/ir/tensor_py.cc:730] DataPtr] Tensor device address is null
[ERROR] COMMON(690390,ffffa8af5020,python):2026-09-14-16:01:49.973.459 [mindspore/ccsrc/pybind_api/ir/tensor_py.cc:730] DataPtr] Tensor device address is null
[ERROR] COMMON(690390,ffffa8af5020,python):2026-09-14-16:01:49.974.151 [mindspore/ccsrc/pybind_api/ir/tensor_py.cc:730] DataPtr] Tensor device address is null
[ERROR] COMMON(690390,ffffa8af5020,python):2026-09-14-16:01:49.980.577 [mindspore/ccsrc/pybind_api/ir/tensor_py.cc:730] DataPtr] Tensor device address is null
[ERROR] COMMON(690390,ffffa8af5020,python):2026-09-14-16:01:49.981.303 [mindspore/ccsrc/pybind_api/ir/tensor_py.cc:730] DataPtr] Tensor device address is null
[ERROR] COMMON(690390,ffffa8af5020,python):2026-09-14-16:01:49.987.626 [mindspore/ccsrc/pybind_api/ir/tensor_py.cc:730] DataPtr] Tensor device address is null
[ERROR] COMMON(690390,ffffa8af5020,python):2026-09-14-16:01:49.988.348 [mindspore/ccsrc/pybind_api/ir/tensor_py.cc:730] DataPtr] Tensor device address is null
[ERROR] COMMON(690390,ffffa8af5020,python):2026-09-14-16:01:49.989.047 [mindspore/ccsrc/pybind_api/ir/tensor_py.cc:730] DataPtr] Tensor device address is null
[ERROR] COMMON(690390,ffffa8af5020,python):2026-09-14-16:01:49.989.728 [mindspore/ccsrc/pybind_api/ir/tensor_py.cc:730] DataPtr] Tensor device address is null
[ERROR] COMMON(690390,ffffa8af5020,python):2026-09-14-16:01:49.990.409 [mindspore/ccsrc/pybind_api/ir/tensor_py.cc:730] DataPtr] Tensor device address is null
[ERROR] COMMON(690390,ffffa8af5020,python):2026-09-14-16:01:49.991.099 [mindspore/ccsrc/pybind_api/ir/tensor_py.cc:730] DataPtr] Tensor device address is null
[ERROR] COMMON(690390,ffffa8af5020,python):2026-09-14-16:01:49.993.718 [mindspore/ccsrc/pybind_api/ir/tensor_py.cc:730] DataPtr] Tensor device address is null
[ERROR] COMMON(690390,ffffa8af5020,python):2026-09-14-16:01:49.994.417 [mindspore/ccsrc/pybind_api/ir/tensor_py.cc:730] DataPtr] Tensor device address is null
[ERROR] COMMON(690390,ffffa8af5020,python):2026-09-14-16:01:49.998.389 [mindspore/ccsrc/pybind_api/ir/tensor_py.cc:730] DataPtr] Tensor device address is null
[ERROR] COMMON(690390,ffffa8af5020,python):2026-09-14-16:01:49.999.093 [mindspore/ccsrc/pybind_api/ir/tensor_py.cc:730] DataPtr] Tensor device address is null
[ERROR] COMMON(690390,ffffa8af5020,python):2026-09-14-16:01:50.002.797 [mindspore/ccsrc/pybind_api/ir/tensor_py.cc:730] DataPtr] Tensor device address is null
[ERROR] COMMON(690390,ffffa8af5020,python):2026-09-14-16:01:50.003.503 [mindspore/ccsrc/pybind_api/ir/tensor_py.cc:730] DataPtr] Tensor device address is null
[ERROR] COMMON(690390,ffffa8af5020,python):2026-09-14-16:01:50.006.046 [mindspore/ccsrc/pybind_api/ir/tensor_py.cc:730] DataPtr] Tensor device address is null
[ERROR] COMMON(690390,ffffa8af5020,python):2026-09-14-16:01:50.006.762 [mindspore/ccsrc/pybind_api/ir/tensor_py.cc:730] DataPtr] Tensor device address is null
[ERROR] COMMON(690390,ffffa8af5020,python):2026-09-14-16:01:50.013.175 [mindspore/ccsrc/pybind_api/ir/tensor_py.cc:730] DataPtr] Tensor device address is null
[ERROR] COMMON(690390,ffffa8af5020,python):2026-09-14-16:01:50.013.917 [mindspore/ccsrc/pybind_api/ir/tensor_py.cc:730] DataPtr] Tensor device address is null
[ERROR] COMMON(690390,ffffa8af5020,python):2026-09-14-16:01:50.019.500 [mindspore/ccsrc/pybind_api/ir/tensor_py.cc:730] DataPtr] Tensor device address is null
[ERROR] COMMON(690390,ffffa8af5020,python):2026-09-14-16:01:50.020.233 [mindspore/ccsrc/pybind_api/ir/tensor_py.cc:730] DataPtr] Tensor device address is null
[ERROR] COMMON(690390,ffffa8af5020,python):2026-09-14-16:01:50.020.929 [mindspore/ccsrc/pybind_api/ir/tensor_py.cc:730] DataPtr] Tensor device address is null
[ERROR] COMMON(690390,ffffa8af5020,python):2026-09-14-16:01:50.021.622 [mindspore/ccsrc/pybind_api/ir/tensor_py.cc:730] DataPtr] Tensor device address is null
[ERROR] COMMON(690390,ffffa8af5020,python):2026-09-14-16:01:50.022.303 [mindspore/ccsrc/pybind_api/ir/tensor_py.cc:730] DataPtr] Tensor device address is null
[ERROR] COMMON(690390,ffffa8af5020,python):2026-09-14-16:01:50.022.992 [mindspore/ccsrc/pybind_api/ir/tensor_py.cc:730] DataPtr] Tensor device address is null
[ERROR] COMMON(690390,ffffa8af5020,python):2026-09-14-16:01:50.026.062 [mindspore/ccsrc/pybind_api/ir/tensor_py.cc:730] DataPtr] Tensor device address is null
[ERROR] COMMON(690390,ffffa8af5020,python):2026-09-14-16:01:50.026.752 [mindspore/ccsrc/pybind_api/ir/tensor_py.cc:730] DataPtr] Tensor device address is null
[ERROR] COMMON(690390,ffffa8af5020,python):2026-09-14-16:01:50.029.396 [mindspore/ccsrc/pybind_api/ir/tensor_py.cc:730] DataPtr] Tensor device address is null
[ERROR] COMMON(690390,ffffa8af5020,python):2026-09-14-16:01:50.030.099 [mindspore/ccsrc/pybind_api/ir/tensor_py.cc:730] DataPtr] Tensor device address is null
[ERROR] COMMON(690390,ffffa8af5020,python):2026-09-14-16:01:50.032.604 [mindspore/ccsrc/pybind_api/ir/tensor_py.cc:730] DataPtr] Tensor device address is null
[ERROR] COMMON(690390,ffffa8af5020,python):2026-09-14-16:01:50.033.300 [mindspore/ccsrc/pybind_api/ir/tensor_py.cc:730] DataPtr] Tensor device address is null
[ERROR] COMMON(690390,ffffa8af5020,python):2026-09-14-16:01:50.035.212 [mindspore/ccsrc/pybind_api/ir/tensor_py.cc:730] DataPtr] Tensor device address is null
[ERROR] COMMON(690390,ffffa8af5020,python):2026-09-14-16:01:50.035.910 [mindspore/ccsrc/pybind_api/ir/tensor_py.cc:730] DataPtr] Tensor device address is null
[ERROR] COMMON(690390,ffffa8af5020,python):2026-09-14-16:01:50.041.359 [mindspore/ccsrc/pybind_api/ir/tensor_py.cc:730] DataPtr] Tensor device address is null
[ERROR] COMMON(690390,ffffa8af5020,python):2026-09-14-16:01:50.042.093 [mindspore/ccsrc/pybind_api/ir/tensor_py.cc:730] DataPtr] Tensor device address is null
[ERROR] COMMON(690390,ffffa8af5020,python):2026-09-14-16:01:50.047.584 [mindspore/ccsrc/pybind_api/ir/tensor_py.cc:730] DataPtr] Tensor device address is null
[ERROR] COMMON(690390,ffffa8af5020,python):2026-09-14-16:01:50.048.296 [mindspore/ccsrc/pybind_api/ir/tensor_py.cc:730] DataPtr] Tensor device address is null
[ERROR] COMMON(690390,ffffa8af5020,python):2026-09-14-16:01:50.048.988 [mindspore/ccsrc/pybind_api/ir/tensor_py.cc:730] DataPtr] Tensor device address is null
[ERROR] COMMON(690390,ffffa8af5020,python):2026-09-14-16:01:50.049.675 [mindspore/ccsrc/pybind_api/ir/tensor_py.cc:730] DataPtr] Tensor device address is null
[ERROR] COMMON(690390,ffffa8af5020,python):2026-09-14-16:01:50.050.383 [mindspore/ccsrc/pybind_api/ir/tensor_py.cc:730] DataPtr] Tensor device address is null
[ERROR] COMMON(690390,ffffa8af5020,python):2026-09-14-16:01:50.051.057 [mindspore/ccsrc/pybind_api/ir/tensor_py.cc:730] DataPtr] Tensor device address is null
[ERROR] COMMON(690390,ffffa8af5020,python):2026-09-14-16:01:50.053.566 [mindspore/ccsrc/pybind_api/ir/tensor_py.cc:730] DataPtr] Tensor device address is null
[ERROR] COMMON(690390,ffffa8af5020,python):2026-09-14-16:01:50.054.263 [mindspore/ccsrc/pybind_api/ir/tensor_py.cc:730] DataPtr] Tensor device address is null
[ERROR] COMMON(690390,ffffa8af5020,python):2026-09-14-16:01:50.056.947 [mindspore/ccsrc/pybind_api/ir/tensor_py.cc:730] DataPtr] Tensor device address is null
[ERROR] COMMON(690390,ffffa8af5020,python):2026-09-14-16:01:50.057.658 [mindspore/ccsrc/pybind_api/ir/tensor_py.cc:730] DataPtr] Tensor device address is null
[ERROR] COMMON(690390,ffffa8af5020,python):2026-09-14-16:01:50.060.102 [mindspore/ccsrc/pybind_api/ir/tensor_py.cc:730] DataPtr] Tensor device address is null
[ERROR] COMMON(690390,ffffa8af5020,python):2026-09-14-16:01:50.060.806 [mindspore/ccsrc/pybind_api/ir/tensor_py.cc:730] DataPtr] Tensor device address is null
[ERROR] COMMON(690390,ffffa8af5020,python):2026-09-14-16:01:50.063.250 [mindspore/ccsrc/pybind_api/ir/tensor_py.cc:730] DataPtr] Tensor device address is null
[ERROR] COMMON(690390,ffffa8af5020,python):2026-09-14-16:01:50.063.944 [mindspore/ccsrc/pybind_api/ir/tensor_py.cc:730] DataPtr] Tensor device address is null
[ERROR] COMMON(690390,ffffa8af5020,python):2026-09-14-16:01:50.069.504 [mindspore/ccsrc/pybind_api/ir/tensor_py.cc:730] DataPtr] Tensor device address is null
[ERROR] COMMON(690390,ffffa8af5020,python):2026-09-14-16:01:50.070.245 [mindspore/ccsrc/pybind_api/ir/tensor_py.cc:730] DataPtr] Tensor device address is null
[ERROR] COMMON(690390,ffffa8af5020,python):2026-09-14-16:01:50.075.813 [mindspore/ccsrc/pybind_api/ir/tensor_py.cc:730] DataPtr] Tensor device address is null
[ERROR] COMMON(690390,ffffa8af5020,python):2026-09-14-16:01:50.076.522 [mindspore/ccsrc/pybind_api/ir/tensor_py.cc:730] DataPtr] Tensor device address is null
[ERROR] COMMON(690390,ffffa8af5020,python):2026-09-14-16:01:50.077.221 [mindspore/ccsrc/pybind_api/ir/tensor_py.cc:730] DataPtr] Tensor device address is null
[ERROR] COMMON(690390,ffffa8af5020,python):2026-09-14-16:01:50.077.911 [mindspore/ccsrc/pybind_api/ir/tensor_py.cc:730] DataPtr] Tensor device address is null
[ERROR] COMMON(690390,ffffa8af5020,python):2026-09-14-16:01:50.078.595 [mindspore/ccsrc/pybind_api/ir/tensor_py.cc:730] DataPtr] Tensor device address is null
[ERROR] COMMON(690390,ffffa8af5020,python):2026-09-14-16:01:50.079.276 [mindspore/ccsrc/pybind_api/ir/tensor_py.cc:730] DataPtr] Tensor device address is null
[ERROR] COMMON(690390,ffffa8af5020,python):2026-09-14-16:01:50.081.825 [mindspore/ccsrc/pybind_api/ir/tensor_py.cc:730] DataPtr] Tensor device address is null
[ERROR] COMMON(690390,ffffa8af5020,python):2026-09-14-16:01:50.082.509 [mindspore/ccsrc/pybind_api/ir/tensor_py.cc:730] DataPtr] Tensor device address is null
[ERROR] COMMON(690390,ffffa8af5020,python):2026-09-14-16:01:50.085.078 [mindspore/ccsrc/pybind_api/ir/tensor_py.cc:730] DataPtr] Tensor device address is null
[ERROR] COMMON(690390,ffffa8af5020,python):2026-09-14-16:01:50.085.770 [mindspore/ccsrc/pybind_api/ir/tensor_py.cc:730] DataPtr] Tensor device address is null
[ERROR] COMMON(690390,ffffa8af5020,python):2026-09-14-16:01:50.088.262 [mindspore/ccsrc/pybind_api/ir/tensor_py.cc:730] DataPtr] Tensor device address is null
[ERROR] COMMON(690390,ffffa8af5020,python):2026-09-14-16:01:50.088.972 [mindspore/ccsrc/pybind_api/ir/tensor_py.cc:730] DataPtr] Tensor device address is null
[ERROR] COMMON(690390,ffffa8af5020,python):2026-09-14-16:01:50.090.871 [mindspore/ccsrc/pybind_api/ir/tensor_py.cc:730] DataPtr] Tensor device address is null
[ERROR] COMMON(690390,ffffa8af5020,python):2026-09-14-16:01:50.091.557 [mindspore/ccsrc/pybind_api/ir/tensor_py.cc:730] DataPtr] Tensor device address is null
[ERROR] COMMON(690390,ffffa8af5020,python):2026-09-14-16:01:50.097.050 [mindspore/ccsrc/pybind_api/ir/tensor_py.cc:730] DataPtr] Tensor device address is null
[ERROR] COMMON(690390,ffffa8af5020,python):2026-09-14-16:01:50.097.777 [mindspore/ccsrc/pybind_api/ir/tensor_py.cc:730] DataPtr] Tensor device address is null
[ERROR] COMMON(690390,ffffa8af5020,python):2026-09-14-16:01:50.103.338 [mindspore/ccsrc/pybind_api/ir/tensor_py.cc:730] DataPtr] Tensor device address is null
[ERROR] COMMON(690390,ffffa8af5020,python):2026-09-14-16:01:50.104.050 [mindspore/ccsrc/pybind_api/ir/tensor_py.cc:730] DataPtr] Tensor device address is null
[ERROR] COMMON(690390,ffffa8af5020,python):2026-09-14-16:01:50.104.755 [mindspore/ccsrc/pybind_api/ir/tensor_py.cc:730] DataPtr] Tensor device address is null
[ERROR] COMMON(690390,ffffa8af5020,python):2026-09-14-16:01:50.105.443 [mindspore/ccsrc/pybind_api/ir/tensor_py.cc:730] DataPtr] Tensor device address is null
[ERROR] COMMON(690390,ffffa8af5020,python):2026-09-14-16:01:50.106.134 [mindspore/ccsrc/pybind_api/ir/tensor_py.cc:730] DataPtr] Tensor device address is null
[ERROR] COMMON(690390,ffffa8af5020,python):2026-09-14-16:01:50.106.821 [mindspore/ccsrc/pybind_api/ir/tensor_py.cc:730] DataPtr] Tensor device address is null
[ERROR] COMMON(690390,ffffa8af5020,python):2026-09-14-16:01:50.108.887 [mindspore/ccsrc/pybind_api/ir/tensor_py.cc:730] DataPtr] Tensor device address is null
[ERROR] COMMON(690390,ffffa8af5020,python):2026-09-14-16:01:50.109.581 [mindspore/ccsrc/pybind_api/ir/tensor_py.cc:730] DataPtr] Tensor device address is null
[ERROR] COMMON(690390,ffffa8af5020,python):2026-09-14-16:01:50.112.233 [mindspore/ccsrc/pybind_api/ir/tensor_py.cc:730] DataPtr] Tensor device address is null
[ERROR] COMMON(690390,ffffa8af5020,python):2026-09-14-16:01:50.112.965 [mindspore/ccsrc/pybind_api/ir/tensor_py.cc:730] DataPtr] Tensor device address is null
[ERROR] COMMON(690390,ffffa8af5020,python):2026-09-14-16:01:50.115.468 [mindspore/ccsrc/pybind_api/ir/tensor_py.cc:730] DataPtr] Tensor device address is null
[ERROR] COMMON(690390,ffffa8af5020,python):2026-09-14-16:01:50.116.159 [mindspore/ccsrc/pybind_api/ir/tensor_py.cc:730] DataPtr] Tensor device address is null
[ERROR] COMMON(690390,ffffa8af5020,python):2026-09-14-16:01:50.118.661 [mindspore/ccsrc/pybind_api/ir/tensor_py.cc:730] DataPtr] Tensor device address is null
[ERROR] COMMON(690390,ffffa8af5020,python):2026-09-14-16:01:50.119.363 [mindspore/ccsrc/pybind_api/ir/tensor_py.cc:730] DataPtr] Tensor device address is null
[ERROR] COMMON(690390,ffffa8af5020,python):2026-09-14-16:01:50.124.930 [mindspore/ccsrc/pybind_api/ir/tensor_py.cc:730] DataPtr] Tensor device address is null
[ERROR] COMMON(690390,ffffa8af5020,python):2026-09-14-16:01:50.125.660 [mindspore/ccsrc/pybind_api/ir/tensor_py.cc:730] DataPtr] Tensor device address is null
[ERROR] COMMON(690390,ffffa8af5020,python):2026-09-14-16:01:50.131.237 [mindspore/ccsrc/pybind_api/ir/tensor_py.cc:730] DataPtr] Tensor device address is null
